#
# There is insufficient memory for the Java Runtime Environment to continue.
# Native memory allocation (malloc) failed to allocate 1713904 bytes. Error detail: Chunk::new
# Possible reasons:
#   The system is out of physical RAM or swap space
#   This process is running with CompressedOops enabled, and the Java Heap may be blocking the growth of the native heap
# Possible solutions:
#   Reduce memory load on the system
#   Increase physical memory or swap space
#   Check if swap backing store is full
#   Decrease Java heap size (-Xmx/-Xms)
#   Decrease number of Java threads
#   Decrease Java thread stack sizes (-Xss)
#   Set larger code cache with -XX:ReservedCodeCacheSize=
#   JVM is running with Unscaled Compressed Oops mode in which the Java heap is
#     placed in the first 4GB address space. The Java Heap base address is the
#     maximum limit for the native heap growth. Please use -XX:HeapBaseMinAddress
#     to set the Java Heap base and to place the Java Heap above 4GB virtual address.
# This output file may be truncated or incomplete.
#
#  Out of Memory Error (arena.cpp:168), pid=12188, tid=24876
#
# JRE version: OpenJDK Runtime Environment Temurin-21.0.10+7 (21.0.10+7) (build 21.0.10+7-LTS)
# Java VM: OpenJDK 64-Bit Server VM Temurin-21.0.10+7 (21.0.10+7-LTS, mixed mode, sharing, tiered, compressed oops, compressed class ptrs, parallel gc, windows-amd64)
# No core dump will be written. Minidumps are not enabled by default on client versions of Windows
#

---------------  S U M M A R Y ------------

Command Line: --add-modules=ALL-SYSTEM --add-opens=java.base/java.util=ALL-UNNAMED --add-opens=java.base/java.lang=ALL-UNNAMED --add-opens=java.base/sun.nio.fs=ALL-UNNAMED -Declipse.application=org.eclipse.jdt.ls.core.id1 -Dosgi.bundles.defaultStartLevel=4 -Declipse.product=org.eclipse.jdt.ls.core.product -Djava.import.generatesMetadataFilesAtProjectRoot=false -DDetectVMInstallationsJob.disabled=true -Dfile.encoding=utf8 -XX:+UseParallelGC -XX:GCTimeRatio=4 -XX:AdaptiveSizePolicyWeight=90 -Dsun.zip.disableMemoryMapping=true -Xmx2G -Xms100m -Xlog:disable -javaagent:c:\Users\DELL\.antigravity\extensions\redhat.java-1.54.0-win32-x64\lombok\lombok-1.18.39-4050.jar -XX:+HeapDumpOnOutOfMemoryError -XX:HeapDumpPath=c:\Users\DELL\AppData\Roaming\Antigravity\User\workspaceStorage\ef3b6c5f962f6b7ba8e6f6356c8f0770\redhat.java -Daether.dependencyCollector.impl=bf c:\Users\DELL\.antigravity\extensions\redhat.java-1.54.0-win32-x64\server\plugins\org.eclipse.equinox.launcher_1.7.100.v20251111-0406.jar -configuration c:\Users\DELL\AppData\Roaming\Antigravity\User\globalStorage\redhat.java\1.54.0\config_win -data c:\Users\DELL\AppData\Roaming\Antigravity\User\workspaceStorage\ef3b6c5f962f6b7ba8e6f6356c8f0770\redhat.java\jdt_ws --pipe=\\.\pipe\lsp-111c30e61238d401851302fd32fb52ad-sock

Host: 11th Gen Intel(R) Core(TM) i5-11320H @ 3.20GHz, 8 cores, 15G,  Windows 11 , 64 bit Build 22000 (10.0.22000.2538)
Time: Mon May  4 22:22:53 2026 India Standard Time elapsed time: 32.303361 seconds (0d 0h 0m 32s)

---------------  T H R E A D  ---------------

Current thread (0x000001d2fb9f7e90):  JavaThread "C2 CompilerThread1" daemon [_thread_in_native, id=24876, stack(0x0000000852600000,0x0000000852700000) (1024K)]


Current CompileTask:
C2:32303 8403       4       java.lang.reflect.Field::get (39 bytes)

Stack: [0x0000000852600000,0x0000000852700000]
Native frames: (J=compiled Java code, j=interpreted, Vv=VM code, C=native code)
V  [jvm.dll+0x6d7a39]
V  [jvm.dll+0x8b4b26]
V  [jvm.dll+0x8b70de]
V  [jvm.dll+0x8b77c3]
V  [jvm.dll+0x284346]
V  [jvm.dll+0xc66ed]
V  [jvm.dll+0xc6c31]
V  [jvm.dll+0x3bec3b]
V  [jvm.dll+0x38b162]
V  [jvm.dll+0x38a5aa]
V  [jvm.dll+0x24c560]
V  [jvm.dll+0x24bb40]
V  [jvm.dll+0x1cb34e]
V  [jvm.dll+0x25b85d]
V  [jvm.dll+0x259dea]
V  [jvm.dll+0x3f857e]
V  [jvm.dll+0x85f59d]
V  [jvm.dll+0x6d626d]
C  [ucrtbase.dll+0x26c0c]
C  [KERNEL32.DLL+0x153e0]
C  [ntdll.dll+0x485b]


---------------  P R O C E S S  ---------------

Threads class SMR info:
_java_thread_list=0x000001d2fe3eb5e0, length=47, elements={
0x000001d2dc64c030, 0x000001d2dc5bb5e0, 0x000001d2dc5bcd50, 0x000001d2dc5c0bf0,
0x000001d2dc5c1b90, 0x000001d2dc5c41e0, 0x000001d2dc5c5c50, 0x000001d2dc5c7510,
0x000001d2dc5e5c90, 0x000001d2f4a7e480, 0x000001d2f4b8f940, 0x000001d2f97e1400,
0x000001d2f93cf260, 0x000001d2f9979960, 0x000001d2f997a3a0, 0x000001d2f9b04b10,
0x000001d2f92f38b0, 0x000001d2fa00b6c0, 0x000001d2f4974070, 0x000001d2f4974d90,
0x000001d2f4972630, 0x000001d2f4974700, 0x000001d2f4973350, 0x000001d2f4975420,
0x000001d2f4972cc0, 0x000001d2f4975ab0, 0x000001d2f49739e0, 0x000001d2fb487700,
0x000001d2fb48ab80, 0x000001d2fb488420, 0x000001d2fb48b210, 0x000001d2fb487070,
0x000001d2fb489140, 0x000001d2fb4897d0, 0x000001d2fb487d90, 0x000001d2fb48b8a0,
0x000001d2fb48d970, 0x000001d2fb9f7e90, 0x000001d2fb48bf30, 0x000001d2fb48a4f0,
0x000001d2fb48c5c0, 0x000001d2fb48cc50, 0x000001d2fb48d2e0, 0x000001d2fb4869e0,
0x000001d2fb48e000, 0x000001d2fa030cc0, 0x000001d2fd892b50
}

Java Threads: ( => current thread )
  0x000001d2dc64c030 JavaThread "main"                              [_thread_blocked, id=28356, stack(0x0000000850400000,0x0000000850500000) (1024K)]
  0x000001d2dc5bb5e0 JavaThread "Reference Handler"          daemon [_thread_blocked, id=28140, stack(0x0000000850800000,0x0000000850900000) (1024K)]
  0x000001d2dc5bcd50 JavaThread "Finalizer"                  daemon [_thread_blocked, id=14872, stack(0x0000000850900000,0x0000000850a00000) (1024K)]
  0x000001d2dc5c0bf0 JavaThread "Signal Dispatcher"          daemon [_thread_blocked, id=28648, stack(0x0000000850a00000,0x0000000850b00000) (1024K)]
  0x000001d2dc5c1b90 JavaThread "Attach Listener"            daemon [_thread_blocked, id=11960, stack(0x0000000850b00000,0x0000000850c00000) (1024K)]
  0x000001d2dc5c41e0 JavaThread "Service Thread"             daemon [_thread_blocked, id=9428, stack(0x0000000850c00000,0x0000000850d00000) (1024K)]
  0x000001d2dc5c5c50 JavaThread "Monitor Deflation Thread"   daemon [_thread_blocked, id=27056, stack(0x0000000850d00000,0x0000000850e00000) (1024K)]
  0x000001d2dc5c7510 JavaThread "C2 CompilerThread0"         daemon [_thread_in_native, id=18328, stack(0x0000000850e00000,0x0000000850f00000) (1024K)]
  0x000001d2dc5e5c90 JavaThread "C1 CompilerThread0"         daemon [_thread_blocked, id=25364, stack(0x0000000850f00000,0x0000000851000000) (1024K)]
  0x000001d2f4a7e480 JavaThread "Common-Cleaner"             daemon [_thread_blocked, id=26568, stack(0x0000000851100000,0x0000000851200000) (1024K)]
  0x000001d2f4b8f940 JavaThread "Notification Thread"        daemon [_thread_blocked, id=2924, stack(0x0000000851200000,0x0000000851300000) (1024K)]
  0x000001d2f97e1400 JavaThread "Active Thread: Equinox Container: bd566dd7-9adc-4877-99f4-c6544fc0002b"        [_thread_in_Java, id=25792, stack(0x0000000851a00000,0x0000000851b00000) (1024K)]
  0x000001d2f93cf260 JavaThread "Refresh Thread: Equinox Container: bd566dd7-9adc-4877-99f4-c6544fc0002b" daemon [_thread_blocked, id=13248, stack(0x0000000851b00000,0x0000000851c00000) (1024K)]
  0x000001d2f9979960 JavaThread "Framework Event Dispatcher: Equinox Container: bd566dd7-9adc-4877-99f4-c6544fc0002b" daemon [_thread_blocked, id=28144, stack(0x0000000851c00000,0x0000000851d00000) (1024K)]
  0x000001d2f997a3a0 JavaThread "Start Level: Equinox Container: bd566dd7-9adc-4877-99f4-c6544fc0002b" daemon [_thread_blocked, id=19800, stack(0x0000000851d00000,0x0000000851e00000) (1024K)]
  0x000001d2f9b04b10 JavaThread "Bundle File Closer"         daemon [_thread_blocked, id=26944, stack(0x0000000851e00000,0x0000000851f00000) (1024K)]
  0x000001d2f92f38b0 JavaThread "SCR Component Actor"        daemon [_thread_blocked, id=17916, stack(0x0000000851300000,0x0000000851400000) (1024K)]
  0x000001d2fa00b6c0 JavaThread "Worker-JM"                         [_thread_blocked, id=18176, stack(0x0000000852100000,0x0000000852200000) (1024K)]
  0x000001d2f4974070 JavaThread "JNA Cleaner"                daemon [_thread_blocked, id=21760, stack(0x0000000851f00000,0x0000000852000000) (1024K)]
  0x000001d2f4974d90 JavaThread "Worker-0: Java indexing... "        [_thread_blocked, id=13904, stack(0x0000000852000000,0x0000000852100000) (1024K)]
  0x000001d2f4972630 JavaThread "Worker-1"                          [_thread_blocked, id=5488, stack(0x0000000852200000,0x0000000852300000) (1024K)]
  0x000001d2f4974700 JavaThread "Java indexing"              daemon [_thread_in_Java, id=20640, stack(0x0000000852400000,0x0000000852500000) (1024K)]
  0x000001d2f4973350 JavaThread "Worker-2: Refreshing workspace"        [_thread_blocked, id=20360, stack(0x0000000852500000,0x0000000852600000) (1024K)]
  0x000001d2f4975420 JavaThread "Worker-3: Initialize workspace"        [_thread_blocked, id=28664, stack(0x0000000852700000,0x0000000852800000) (1024K)]
  0x000001d2f4972cc0 JavaThread "Worker-4: Building"                [_thread_in_vm, id=31836, stack(0x0000000852800000,0x0000000852900000) (1024K)]
  0x000001d2f4975ab0 JavaThread "Thread-1"                   daemon [_thread_in_native, id=1888, stack(0x0000000852900000,0x0000000852a00000) (1024K)]
  0x000001d2f49739e0 JavaThread "Thread-2"                   daemon [_thread_in_native, id=5312, stack(0x0000000852a00000,0x0000000852b00000) (1024K)]
  0x000001d2fb487700 JavaThread "Thread-3"                   daemon [_thread_in_native, id=2076, stack(0x0000000852b00000,0x0000000852c00000) (1024K)]
  0x000001d2fb48ab80 JavaThread "Thread-4"                   daemon [_thread_in_native, id=5812, stack(0x0000000852c00000,0x0000000852d00000) (1024K)]
  0x000001d2fb488420 JavaThread "Thread-5"                   daemon [_thread_in_native, id=2388, stack(0x0000000852300000,0x0000000852400000) (1024K)]
  0x000001d2fb48b210 JavaThread "Thread-6"                   daemon [_thread_in_native, id=18048, stack(0x0000000852d00000,0x0000000852e00000) (1024K)]
  0x000001d2fb487070 JavaThread "Thread-7"                   daemon [_thread_in_native, id=9212, stack(0x0000000852e00000,0x0000000852f00000) (1024K)]
  0x000001d2fb489140 JavaThread "Thread-8"                   daemon [_thread_in_native, id=29048, stack(0x0000000852f00000,0x0000000853000000) (1024K)]
  0x000001d2fb4897d0 JavaThread "Thread-9"                   daemon [_thread_in_native, id=14692, stack(0x0000000853000000,0x0000000853100000) (1024K)]
  0x000001d2fb487d90 JavaThread "pool-2-thread-1"                   [_thread_blocked, id=25508, stack(0x0000000853100000,0x0000000853200000) (1024K)]
  0x000001d2fb48b8a0 JavaThread "WorkspaceEventsHandler"            [_thread_blocked, id=30196, stack(0x0000000853300000,0x0000000853400000) (1024K)]
  0x000001d2fb48d970 JavaThread "pool-1-thread-1"                   [_thread_blocked, id=28388, stack(0x0000000853400000,0x0000000853500000) (1024K)]
=>0x000001d2fb9f7e90 JavaThread "C2 CompilerThread1"         daemon [_thread_in_native, id=24876, stack(0x0000000852600000,0x0000000852700000) (1024K)]
  0x000001d2fb48bf30 JavaThread "ForkJoinPool.commonPool-worker-1" daemon [_thread_blocked, id=17384, stack(0x0000000853500000,0x0000000853600000) (1024K)]
  0x000001d2fb48a4f0 JavaThread "ForkJoinPool.commonPool-worker-2" daemon [_thread_blocked, id=11992, stack(0x0000000853600000,0x0000000853700000) (1024K)]
  0x000001d2fb48c5c0 JavaThread "ForkJoinPool.commonPool-worker-3" daemon [_thread_blocked, id=25612, stack(0x0000000853700000,0x0000000853800000) (1024K)]
  0x000001d2fb48cc50 JavaThread "ForkJoinPool.commonPool-worker-4" daemon [_thread_blocked, id=29144, stack(0x0000000853800000,0x0000000853900000) (1024K)]
  0x000001d2fb48d2e0 JavaThread "ForkJoinPool.commonPool-worker-5" daemon [_thread_in_native, id=30504, stack(0x0000000853900000,0x0000000853a00000) (1024K)]
  0x000001d2fb4869e0 JavaThread "ForkJoinPool.commonPool-worker-6" daemon [_thread_blocked, id=23012, stack(0x0000000853a00000,0x0000000853b00000) (1024K)]
  0x000001d2fb48e000 JavaThread "ForkJoinPool.commonPool-worker-7" daemon [_thread_blocked, id=18740, stack(0x0000000853b00000,0x0000000853c00000) (1024K)]
  0x000001d2fa030cc0 JavaThread "Worker-5"                          [_thread_blocked, id=15544, stack(0x0000000853200000,0x0000000853300000) (1024K)]
  0x000001d2fd892b50 JavaThread "C2 CompilerThread2"         daemon [_thread_in_native, id=18896, stack(0x0000000853c00000,0x0000000853d00000) (1024K)]
Total: 47

Other Threads:
  0x000001d2dc59e910 VMThread "VM Thread"                           [id=3580, stack(0x0000000850700000,0x0000000850800000) (1024K)]
  0x000001d2dc712cd0 WatcherThread "VM Periodic Task Thread"        [id=22560, stack(0x0000000850600000,0x0000000850700000) (1024K)]
  0x000001d2dc66a580 WorkerThread "GC Thread#0"                     [id=24600, stack(0x0000000850500000,0x0000000850600000) (1024K)]
  0x000001d2f9484950 WorkerThread "GC Thread#1"                     [id=32648, stack(0x0000000851400000,0x0000000851500000) (1024K)]
  0x000001d2f9483a90 WorkerThread "GC Thread#2"                     [id=5656, stack(0x0000000851500000,0x0000000851600000) (1024K)]
  0x000001d2f94841f0 WorkerThread "GC Thread#3"                     [id=25972, stack(0x0000000851600000,0x0000000851700000) (1024K)]
  0x000001d2f9483e40 WorkerThread "GC Thread#4"                     [id=27148, stack(0x0000000851700000,0x0000000851800000) (1024K)]
  0x000001d2f94845a0 WorkerThread "GC Thread#5"                     [id=5676, stack(0x0000000851800000,0x0000000851900000) (1024K)]
  0x000001d2f9484d00 WorkerThread "GC Thread#6"                     [id=22488, stack(0x0000000851900000,0x0000000851a00000) (1024K)]
  0x000001d2f94836e0 WorkerThread "GC Thread#7"                     [id=28540, stack(0x0000000851000000,0x0000000851100000) (1024K)]
Total: 10

Threads with active compile tasks:
C2 CompilerThread0  32336 8397       4       java.lang.invoke.DirectMethodHandle::make (275 bytes)
C1 CompilerThread0  32336 8477       3       org.eclipse.osgi.framework.util.FilePath::initialize (222 bytes)
C2 CompilerThread1  32336 8403       4       java.lang.reflect.Field::get (39 bytes)
C2 CompilerThread2  32336 8474       4       java.util.ArrayList::toArray (57 bytes)
Total: 4

VM state: not at safepoint (normal execution)

VM Mutex/Monitor currently owned by a thread: None

Heap address: 0x0000000080000000, size: 2048 MB, Compressed Oops mode: 32-bit

CDS archive(s) mapped at: [0x000001d280000000-0x000001d280ba0000-0x000001d280ba0000), size 12189696, SharedBaseAddress: 0x000001d280000000, ArchiveRelocationMode: 1.
Compressed class space mapped at: 0x000001d281000000-0x000001d2c1000000, reserved size: 1073741824
Narrow klass base: 0x000001d280000000, Narrow klass shift: 0, Narrow klass range: 0x100000000

GC Precious Log:
 CardTable entry size: 512
 CPUs: 8 total, 8 available
 Memory: 16122M
 Large Page Support: Disabled
 NUMA Support: Disabled
 Compressed Oops: Enabled (32-bit)
 Alignments: Space 512K, Generation 512K, Heap 2M
 Heap Min Capacity: 100M
 Heap Initial Capacity: 100M
 Heap Max Capacity: 2G
 Pre-touch: Disabled
 Parallel Workers: 8

Heap:
 PSYoungGen      total 24576K, used 12610K [0x00000000d5580000, 0x00000000d7500000, 0x0000000100000000)
  eden space 22016K, 47% used [0x00000000d5580000,0x00000000d5fa66d0,0x00000000d6b00000)
  from space 2560K, 86% used [0x00000000d7280000,0x00000000d74aa510,0x00000000d7500000)
  to   space 4096K, 0% used [0x00000000d6d00000,0x00000000d6d00000,0x00000000d7100000)
 ParOldGen       total 68608K, used 48068K [0x0000000080000000, 0x0000000084300000, 0x00000000d5580000)
  object space 68608K, 70% used [0x0000000080000000,0x0000000082ef13d0,0x0000000084300000)
 Metaspace       used 58371K, committed 59712K, reserved 1114112K
  class space    used 6263K, committed 6848K, reserved 1048576K

Card table byte_map: [0x000001d2dc000000,0x000001d2dc410000] _byte_map_base: 0x000001d2dbc00000

Marking Bits: (ParMarkBitMap*) 0x00007ffd77df3450
 Begin Bits: [0x000001d2eeb10000, 0x000001d2f0b10000)
 End Bits:   [0x000001d2f0b10000, 0x000001d2f2b10000)

Polling page: 0x000001d2da4b0000

Metaspace:

Usage:
  Non-class:     50.89 MB used.
      Class:      6.12 MB used.
       Both:     57.00 MB used.

Virtual space:
  Non-class space:       64.00 MB reserved,      51.62 MB ( 81%) committed,  1 nodes.
      Class space:        1.00 GB reserved,       6.69 MB ( <1%) committed,  1 nodes.
             Both:        1.06 GB reserved,      58.31 MB (  5%) committed. 

Chunk freelists:
   Non-Class:  12.25 MB
       Class:  9.25 MB
        Both:  21.50 MB

MaxMetaspaceSize: unlimited
CompressedClassSpaceSize: 1.00 GB
Initial GC threshold: 21.00 MB
Current GC threshold: 58.38 MB
CDS: on
 - commit_granule_bytes: 65536.
 - commit_granule_words: 8192.
 - virtual_space_node_default_size: 8388608.
 - enlarge_chunks_in_place: 1.
 - use_allocation_guard: 0.


Internal statistics:

num_allocs_failed_limit: 6.
num_arena_births: 1110.
num_arena_deaths: 14.
num_vsnodes_births: 2.
num_vsnodes_deaths: 0.
num_space_committed: 933.
num_space_uncommitted: 0.
num_chunks_returned_to_freelist: 20.
num_chunks_taken_from_freelist: 3816.
num_chunk_merges: 12.
num_chunk_splits: 2360.
num_chunks_enlarged: 1348.
num_inconsistent_stats: 0.

CodeHeap 'non-profiled nmethods': size=120000Kb used=5621Kb max_used=5621Kb free=114378Kb
 bounds [0x000001d2e7330000, 0x000001d2e78b0000, 0x000001d2ee860000]
CodeHeap 'profiled nmethods': size=120000Kb used=17522Kb max_used=17522Kb free=102477Kb
 bounds [0x000001d2df860000, 0x000001d2e0980000, 0x000001d2e6d90000]
CodeHeap 'non-nmethods': size=5760Kb used=1433Kb max_used=1490Kb free=4326Kb
 bounds [0x000001d2e6d90000, 0x000001d2e7000000, 0x000001d2e7330000]
CodeCache: size=245760Kb, used=24576Kb, max_used=24633Kb, free=221181Kb
 total_blobs=8629, nmethods=7892, adapters=643, full_count=0
Compilation: enabled, stopped_count=0, restarted_count=0

Compilation events (20 events):
Event: 32.196 Thread 0x000001d2dc5e5c90 8456       3       org.eclipse.jdt.internal.compiler.impl.CompilerOptions::versionFromJdkLevel (204 bytes)
Event: 32.196 Thread 0x000001d2dc5e5c90 nmethod 8456 0x000001d2e0967090 code [0x000001d2e0967300, 0x000001d2e0967c90]
Event: 32.196 Thread 0x000001d2dc5e5c90 8458   !   3       org.eclipse.jdt.internal.core.util.Util::getEntryName (77 bytes)
Event: 32.197 Thread 0x000001d2dc5e5c90 nmethod 8458 0x000001d2e0967e10 code [0x000001d2e09680e0, 0x000001d2e0969048]
Event: 32.205 Thread 0x000001d2dc5e5c90 8461       3       org.eclipse.jdt.internal.core.JavaProject$ModuleLookup::getRoot (22 bytes)
Event: 32.205 Thread 0x000001d2dc5e5c90 nmethod 8461 0x000001d2e0969690 code [0x000001d2e0969880, 0x000001d2e0969d18]
Event: 32.206 Thread 0x000001d2dc5e5c90 8462       3       org.eclipse.jdt.internal.core.JavaProject::computePackageFragmentRoots (683 bytes)
Event: 32.213 Thread 0x000001d2dc5e5c90 nmethod 8462 0x000001d2e0969e90 code [0x000001d2e096a760, 0x000001d2e096fce8]
Event: 32.218 Thread 0x000001d2dc5e5c90 8463       3       java.text.MessageFormat::applyPattern (422 bytes)
Event: 32.219 Thread 0x000001d2fd892b50 nmethod 8448 0x000001d2e78a2a90 code [0x000001d2e78a2ce0, 0x000001d2e78a3758]
Event: 32.219 Thread 0x000001d2fd892b50 8460       4       sun.nio.fs.WindowsPathParser::normalize (233 bytes)
Event: 32.222 Thread 0x000001d2dc5e5c90 nmethod 8463 0x000001d2e0971a10 code [0x000001d2e0971ea0, 0x000001d2e09748f8]
Event: 32.245 Thread 0x000001d2dc5e5c90 8466       3       java.util.Hashtable::getIterator (22 bytes)
Event: 32.245 Thread 0x000001d2dc5e5c90 nmethod 8466 0x000001d2e0975810 code [0x000001d2e09759e0, 0x000001d2e0975c60]
Event: 32.248 Thread 0x000001d2dc5e5c90 8467       1       java.text.FieldPosition::getFieldAttribute (5 bytes)
Event: 32.248 Thread 0x000001d2dc5e5c90 nmethod 8467 0x000001d2e78a3f10 code [0x000001d2e78a40a0, 0x000001d2e78a4168]
Event: 32.269 Thread 0x000001d2fd892b50 nmethod 8460 0x000001d2e78a4210 code [0x000001d2e78a4580, 0x000001d2e78a6068]
Event: 32.269 Thread 0x000001d2fd892b50 8452       4       sun.nio.fs.WindowsPathParser::isSlash (18 bytes)
Event: 32.270 Thread 0x000001d2fd892b50 nmethod 8452 0x000001d2e78a7590 code [0x000001d2e78a7700, 0x000001d2e78a7778]
Event: 32.270 Thread 0x000001d2fd892b50 8457       4       java.lang.AbstractStringBuilder::append (67 bytes)

GC Heap History (20 events):
Event: 27.788 GC heap before
{Heap before GC invocations=25 (full 2):
 PSYoungGen      total 24576K, used 24290K [0x00000000d5580000, 0x00000000d7000000, 0x0000000100000000)
  eden space 22016K, 100% used [0x00000000d5580000,0x00000000d6b00000,0x00000000d6b00000)
  from space 2560K, 88% used [0x00000000d6d80000,0x00000000d6fb8820,0x00000000d7000000)
  to   space 2560K, 0% used [0x00000000d6b00000,0x00000000d6b00000,0x00000000d6d80000)
 ParOldGen       total 68608K, used 30367K [0x0000000080000000, 0x0000000084300000, 0x00000000d5580000)
  object space 68608K, 44% used [0x0000000080000000,0x0000000081da7c70,0x0000000084300000)
 Metaspace       used 50907K, committed 52288K, reserved 1114112K
  class space    used 5558K, committed 6144K, reserved 1048576K
}
Event: 27.793 GC heap after
{Heap after GC invocations=25 (full 2):
 PSYoungGen      total 24576K, used 2189K [0x00000000d5580000, 0x00000000d7000000, 0x0000000100000000)
  eden space 22016K, 0% used [0x00000000d5580000,0x00000000d5580000,0x00000000d6b00000)
  from space 2560K, 85% used [0x00000000d6b00000,0x00000000d6d23780,0x00000000d6d80000)
  to   space 2560K, 0% used [0x00000000d6d80000,0x00000000d6d80000,0x00000000d7000000)
 ParOldGen       total 68608K, used 32525K [0x0000000080000000, 0x0000000084300000, 0x00000000d5580000)
  object space 68608K, 47% used [0x0000000080000000,0x0000000081fc35a0,0x0000000084300000)
 Metaspace       used 50907K, committed 52288K, reserved 1114112K
  class space    used 5558K, committed 6144K, reserved 1048576K
}
Event: 27.953 GC heap before
{Heap before GC invocations=26 (full 2):
 PSYoungGen      total 24576K, used 24193K [0x00000000d5580000, 0x00000000d7000000, 0x0000000100000000)
  eden space 22016K, 99% used [0x00000000d5580000,0x00000000d6afcee8,0x00000000d6b00000)
  from space 2560K, 85% used [0x00000000d6b00000,0x00000000d6d23780,0x00000000d6d80000)
  to   space 2560K, 0% used [0x00000000d6d80000,0x00000000d6d80000,0x00000000d7000000)
 ParOldGen       total 68608K, used 32525K [0x0000000080000000, 0x0000000084300000, 0x00000000d5580000)
  object space 68608K, 47% used [0x0000000080000000,0x0000000081fc35a0,0x0000000084300000)
 Metaspace       used 50984K, committed 52416K, reserved 1114112K
  class space    used 5565K, committed 6208K, reserved 1048576K
}
Event: 27.958 GC heap after
{Heap after GC invocations=26 (full 2):
 PSYoungGen      total 24576K, used 2052K [0x00000000d5580000, 0x00000000d7000000, 0x0000000100000000)
  eden space 22016K, 0% used [0x00000000d5580000,0x00000000d5580000,0x00000000d6b00000)
  from space 2560K, 80% used [0x00000000d6d80000,0x00000000d6f81000,0x00000000d7000000)
  to   space 2560K, 0% used [0x00000000d6b00000,0x00000000d6b00000,0x00000000d6d80000)
 ParOldGen       total 68608K, used 34485K [0x0000000080000000, 0x0000000084300000, 0x00000000d5580000)
  object space 68608K, 50% used [0x0000000080000000,0x00000000821ad5a0,0x0000000084300000)
 Metaspace       used 50984K, committed 52416K, reserved 1114112K
  class space    used 5565K, committed 6208K, reserved 1048576K
}
Event: 28.096 GC heap before
{Heap before GC invocations=27 (full 2):
 PSYoungGen      total 24576K, used 24068K [0x00000000d5580000, 0x00000000d7000000, 0x0000000100000000)
  eden space 22016K, 100% used [0x00000000d5580000,0x00000000d6b00000,0x00000000d6b00000)
  from space 2560K, 80% used [0x00000000d6d80000,0x00000000d6f81000,0x00000000d7000000)
  to   space 2560K, 0% used [0x00000000d6b00000,0x00000000d6b00000,0x00000000d6d80000)
 ParOldGen       total 68608K, used 34485K [0x0000000080000000, 0x0000000084300000, 0x00000000d5580000)
  object space 68608K, 50% used [0x0000000080000000,0x00000000821ad5a0,0x0000000084300000)
 Metaspace       used 51041K, committed 52416K, reserved 1114112K
  class space    used 5567K, committed 6208K, reserved 1048576K
}
Event: 28.101 GC heap after
{Heap after GC invocations=27 (full 2):
 PSYoungGen      total 24576K, used 2543K [0x00000000d5580000, 0x00000000d7500000, 0x0000000100000000)
  eden space 22016K, 0% used [0x00000000d5580000,0x00000000d5580000,0x00000000d6b00000)
  from space 2560K, 99% used [0x00000000d6b00000,0x00000000d6d7bc08,0x00000000d6d80000)
  to   space 5120K, 0% used [0x00000000d7000000,0x00000000d7000000,0x00000000d7500000)
 ParOldGen       total 68608K, used 36426K [0x0000000080000000, 0x0000000084300000, 0x00000000d5580000)
  object space 68608K, 53% used [0x0000000080000000,0x0000000082392bc8,0x0000000084300000)
 Metaspace       used 51041K, committed 52416K, reserved 1114112K
  class space    used 5567K, committed 6208K, reserved 1048576K
}
Event: 28.262 GC heap before
{Heap before GC invocations=28 (full 2):
 PSYoungGen      total 24576K, used 24559K [0x00000000d5580000, 0x00000000d7500000, 0x0000000100000000)
  eden space 22016K, 100% used [0x00000000d5580000,0x00000000d6b00000,0x00000000d6b00000)
  from space 2560K, 99% used [0x00000000d6b00000,0x00000000d6d7bc08,0x00000000d6d80000)
  to   space 5120K, 0% used [0x00000000d7000000,0x00000000d7000000,0x00000000d7500000)
 ParOldGen       total 68608K, used 36426K [0x0000000080000000, 0x0000000084300000, 0x00000000d5580000)
  object space 68608K, 53% used [0x0000000080000000,0x0000000082392bc8,0x0000000084300000)
 Metaspace       used 51072K, committed 52480K, reserved 1114112K
  class space    used 5567K, committed 6208K, reserved 1048576K
}
Event: 28.268 GC heap after
{Heap after GC invocations=28 (full 2):
 PSYoungGen      total 24576K, used 2184K [0x00000000d5580000, 0x00000000d7280000, 0x0000000100000000)
  eden space 22016K, 0% used [0x00000000d5580000,0x00000000d5580000,0x00000000d6b00000)
  from space 2560K, 85% used [0x00000000d7000000,0x00000000d7222340,0x00000000d7280000)
  to   space 3072K, 0% used [0x00000000d6c80000,0x00000000d6c80000,0x00000000d6f80000)
 ParOldGen       total 68608K, used 38703K [0x0000000080000000, 0x0000000084300000, 0x00000000d5580000)
  object space 68608K, 56% used [0x0000000080000000,0x00000000825cbd50,0x0000000084300000)
 Metaspace       used 51072K, committed 52480K, reserved 1114112K
  class space    used 5567K, committed 6208K, reserved 1048576K
}
Event: 28.642 GC heap before
{Heap before GC invocations=29 (full 2):
 PSYoungGen      total 24576K, used 24200K [0x00000000d5580000, 0x00000000d7280000, 0x0000000100000000)
  eden space 22016K, 100% used [0x00000000d5580000,0x00000000d6b00000,0x00000000d6b00000)
  from space 2560K, 85% used [0x00000000d7000000,0x00000000d7222340,0x00000000d7280000)
  to   space 3072K, 0% used [0x00000000d6c80000,0x00000000d6c80000,0x00000000d6f80000)
 ParOldGen       total 68608K, used 38703K [0x0000000080000000, 0x0000000084300000, 0x00000000d5580000)
  object space 68608K, 56% used [0x0000000080000000,0x00000000825cbd50,0x0000000084300000)
 Metaspace       used 51307K, committed 52672K, reserved 1114112K
  class space    used 5597K, committed 6208K, reserved 1048576K
}
Event: 28.647 GC heap after
{Heap after GC invocations=29 (full 2):
 PSYoungGen      total 24576K, used 2081K [0x00000000d5580000, 0x00000000d7080000, 0x0000000100000000)
  eden space 22016K, 0% used [0x00000000d5580000,0x00000000d5580000,0x00000000d6b00000)
  from space 2560K, 81% used [0x00000000d6c80000,0x00000000d6e885c8,0x00000000d6f00000)
  to   space 1536K, 0% used [0x00000000d6f00000,0x00000000d6f00000,0x00000000d7080000)
 ParOldGen       total 68608K, used 39895K [0x0000000080000000, 0x0000000084300000, 0x00000000d5580000)
  object space 68608K, 58% used [0x0000000080000000,0x00000000826f5d50,0x0000000084300000)
 Metaspace       used 51307K, committed 52672K, reserved 1114112K
  class space    used 5597K, committed 6208K, reserved 1048576K
}
Event: 29.814 GC heap before
{Heap before GC invocations=30 (full 2):
 PSYoungGen      total 24576K, used 24097K [0x00000000d5580000, 0x00000000d7080000, 0x0000000100000000)
  eden space 22016K, 100% used [0x00000000d5580000,0x00000000d6b00000,0x00000000d6b00000)
  from space 2560K, 81% used [0x00000000d6c80000,0x00000000d6e885c8,0x00000000d6f00000)
  to   space 1536K, 0% used [0x00000000d6f00000,0x00000000d6f00000,0x00000000d7080000)
 ParOldGen       total 68608K, used 39895K [0x0000000080000000, 0x0000000084300000, 0x00000000d5580000)
  object space 68608K, 58% used [0x0000000080000000,0x00000000826f5d50,0x0000000084300000)
 Metaspace       used 51494K, committed 52864K, reserved 1114112K
  class space    used 5602K, committed 6208K, reserved 1048576K
}
Event: 29.819 GC heap after
{Heap after GC invocations=30 (full 2):
 PSYoungGen      total 22528K, used 96K [0x00000000d5580000, 0x00000000d6f80000, 0x0000000100000000)
  eden space 22016K, 0% used [0x00000000d5580000,0x00000000d5580000,0x00000000d6b00000)
  from space 512K, 18% used [0x00000000d6f00000,0x00000000d6f18000,0x00000000d6f80000)
  to   space 1024K, 0% used [0x00000000d6d80000,0x00000000d6d80000,0x00000000d6e80000)
 ParOldGen       total 68608K, used 41364K [0x0000000080000000, 0x0000000084300000, 0x00000000d5580000)
  object space 68608K, 60% used [0x0000000080000000,0x00000000828652a8,0x0000000084300000)
 Metaspace       used 51494K, committed 52864K, reserved 1114112K
  class space    used 5602K, committed 6208K, reserved 1048576K
}
Event: 30.466 GC heap before
{Heap before GC invocations=31 (full 2):
 PSYoungGen      total 22528K, used 22112K [0x00000000d5580000, 0x00000000d6f80000, 0x0000000100000000)
  eden space 22016K, 100% used [0x00000000d5580000,0x00000000d6b00000,0x00000000d6b00000)
  from space 512K, 18% used [0x00000000d6f00000,0x00000000d6f18000,0x00000000d6f80000)
  to   space 1024K, 0% used [0x00000000d6d80000,0x00000000d6d80000,0x00000000d6e80000)
 ParOldGen       total 68608K, used 41364K [0x0000000080000000, 0x0000000084300000, 0x00000000d5580000)
  object space 68608K, 60% used [0x0000000080000000,0x00000000828652a8,0x0000000084300000)
 Metaspace       used 53125K, committed 54528K, reserved 1114112K
  class space    used 5789K, committed 6400K, reserved 1048576K
}
Event: 30.467 GC heap after
{Heap after GC invocations=31 (full 2):
 PSYoungGen      total 23040K, used 480K [0x00000000d5580000, 0x00000000d6f80000, 0x0000000100000000)
  eden space 22016K, 0% used [0x00000000d5580000,0x00000000d5580000,0x00000000d6b00000)
  from space 1024K, 46% used [0x00000000d6d80000,0x00000000d6df8010,0x00000000d6e80000)
  to   space 1024K, 0% used [0x00000000d6e80000,0x00000000d6e80000,0x00000000d6f80000)
 ParOldGen       total 68608K, used 41404K [0x0000000080000000, 0x0000000084300000, 0x00000000d5580000)
  object space 68608K, 60% used [0x0000000080000000,0x000000008286f2a8,0x0000000084300000)
 Metaspace       used 53125K, committed 54528K, reserved 1114112K
  class space    used 5789K, committed 6400K, reserved 1048576K
}
Event: 30.997 GC heap before
{Heap before GC invocations=32 (full 2):
 PSYoungGen      total 23040K, used 22496K [0x00000000d5580000, 0x00000000d6f80000, 0x0000000100000000)
  eden space 22016K, 100% used [0x00000000d5580000,0x00000000d6b00000,0x00000000d6b00000)
  from space 1024K, 46% used [0x00000000d6d80000,0x00000000d6df8010,0x00000000d6e80000)
  to   space 1024K, 0% used [0x00000000d6e80000,0x00000000d6e80000,0x00000000d6f80000)
 ParOldGen       total 68608K, used 41404K [0x0000000080000000, 0x0000000084300000, 0x00000000d5580000)
  object space 68608K, 60% used [0x0000000080000000,0x000000008286f2a8,0x0000000084300000)
 Metaspace       used 55231K, committed 56640K, reserved 1114112K
  class space    used 5993K, committed 6592K, reserved 1048576K
}
Event: 30.999 GC heap after
{Heap after GC invocations=32 (full 2):
 PSYoungGen      total 23040K, used 768K [0x00000000d5580000, 0x00000000d6f80000, 0x0000000100000000)
  eden space 22016K, 0% used [0x00000000d5580000,0x00000000d5580000,0x00000000d6b00000)
  from space 1024K, 75% used [0x00000000d6e80000,0x00000000d6f40000,0x00000000d6f80000)
  to   space 1024K, 0% used [0x00000000d6d80000,0x00000000d6d80000,0x00000000d6e80000)
 ParOldGen       total 68608K, used 41724K [0x0000000080000000, 0x0000000084300000, 0x00000000d5580000)
  object space 68608K, 60% used [0x0000000080000000,0x00000000828bf2b8,0x0000000084300000)
 Metaspace       used 55231K, committed 56640K, reserved 1114112K
  class space    used 5993K, committed 6592K, reserved 1048576K
}
Event: 31.599 GC heap before
{Heap before GC invocations=33 (full 2):
 PSYoungGen      total 23040K, used 22784K [0x00000000d5580000, 0x00000000d6f80000, 0x0000000100000000)
  eden space 22016K, 100% used [0x00000000d5580000,0x00000000d6b00000,0x00000000d6b00000)
  from space 1024K, 75% used [0x00000000d6e80000,0x00000000d6f40000,0x00000000d6f80000)
  to   space 1024K, 0% used [0x00000000d6d80000,0x00000000d6d80000,0x00000000d6e80000)
 ParOldGen       total 68608K, used 41724K [0x0000000080000000, 0x0000000084300000, 0x00000000d5580000)
  object space 68608K, 60% used [0x0000000080000000,0x00000000828bf2b8,0x0000000084300000)
 Metaspace       used 56146K, committed 57472K, reserved 1114112K
  class space    used 6069K, committed 6656K, reserved 1048576K
}
Event: 31.604 GC heap after
{Heap after GC invocations=33 (full 2):
 PSYoungGen      total 23040K, used 1008K [0x00000000d5580000, 0x00000000d7a00000, 0x0000000100000000)
  eden space 22016K, 0% used [0x00000000d5580000,0x00000000d5580000,0x00000000d6b00000)
  from space 1024K, 98% used [0x00000000d6d80000,0x00000000d6e7c278,0x00000000d6e80000)
  to   space 7680K, 0% used [0x00000000d7280000,0x00000000d7280000,0x00000000d7a00000)
 ParOldGen       total 68608K, used 47140K [0x0000000080000000, 0x0000000084300000, 0x00000000d5580000)
  object space 68608K, 68% used [0x0000000080000000,0x0000000082e093a0,0x0000000084300000)
 Metaspace       used 56146K, committed 57472K, reserved 1114112K
  class space    used 6069K, committed 6656K, reserved 1048576K
}
Event: 32.178 GC heap before
{Heap before GC invocations=34 (full 2):
 PSYoungGen      total 23040K, used 23024K [0x00000000d5580000, 0x00000000d7a00000, 0x0000000100000000)
  eden space 22016K, 100% used [0x00000000d5580000,0x00000000d6b00000,0x00000000d6b00000)
  from space 1024K, 98% used [0x00000000d6d80000,0x00000000d6e7c278,0x00000000d6e80000)
  to   space 7680K, 0% used [0x00000000d7280000,0x00000000d7280000,0x00000000d7a00000)
 ParOldGen       total 68608K, used 47140K [0x0000000080000000, 0x0000000084300000, 0x00000000d5580000)
  object space 68608K, 68% used [0x0000000080000000,0x0000000082e093a0,0x0000000084300000)
 Metaspace       used 58330K, committed 59648K, reserved 1114112K
  class space    used 6261K, committed 6848K, reserved 1048576K
}
Event: 32.183 GC heap after
{Heap after GC invocations=34 (full 2):
 PSYoungGen      total 24576K, used 2217K [0x00000000d5580000, 0x00000000d7500000, 0x0000000100000000)
  eden space 22016K, 0% used [0x00000000d5580000,0x00000000d5580000,0x00000000d6b00000)
  from space 2560K, 86% used [0x00000000d7280000,0x00000000d74aa510,0x00000000d7500000)
  to   space 4096K, 0% used [0x00000000d6d00000,0x00000000d6d00000,0x00000000d7100000)
 ParOldGen       total 68608K, used 48068K [0x0000000080000000, 0x0000000084300000, 0x00000000d5580000)
  object space 68608K, 70% used [0x0000000080000000,0x0000000082ef13d0,0x0000000084300000)
 Metaspace       used 58330K, committed 59648K, reserved 1114112K
  class space    used 6261K, committed 6848K, reserved 1048576K
}

Dll operation events (10 events):
Event: 0.012 Loaded shared library c:\Users\DELL\.antigravity\extensions\redhat.java-1.54.0-win32-x64\jre\21.0.10-win32-x86_64\bin\java.dll
Event: 0.180 Loaded shared library c:\Users\DELL\.antigravity\extensions\redhat.java-1.54.0-win32-x64\jre\21.0.10-win32-x86_64\bin\zip.dll
Event: 0.228 Loaded shared library C:\Users\DELL\.antigravity\extensions\redhat.java-1.54.0-win32-x64\jre\21.0.10-win32-x86_64\bin\instrument.dll
Event: 0.236 Loaded shared library C:\Users\DELL\.antigravity\extensions\redhat.java-1.54.0-win32-x64\jre\21.0.10-win32-x86_64\bin\net.dll
Event: 0.239 Loaded shared library C:\Users\DELL\.antigravity\extensions\redhat.java-1.54.0-win32-x64\jre\21.0.10-win32-x86_64\bin\nio.dll
Event: 0.244 Loaded shared library C:\Users\DELL\.antigravity\extensions\redhat.java-1.54.0-win32-x64\jre\21.0.10-win32-x86_64\bin\zip.dll
Event: 0.274 Loaded shared library C:\Users\DELL\.antigravity\extensions\redhat.java-1.54.0-win32-x64\jre\21.0.10-win32-x86_64\bin\jimage.dll
Event: 0.443 Loaded shared library c:\Users\DELL\.antigravity\extensions\redhat.java-1.54.0-win32-x64\jre\21.0.10-win32-x86_64\bin\verify.dll
Event: 3.760 Loaded shared library C:\Users\DELL\AppData\Roaming\Antigravity\User\globalStorage\redhat.java\1.54.0\config_win\org.eclipse.equinox.launcher\org.eclipse.equinox.launcher.win32.win32.x86_64_1.3.0.v20260203-2149\eclipse_11919.dll
Event: 17.714 Loaded shared library C:\Users\DELL\AppData\Local\Temp\jna-2094529\jna10459015854505756717.dll

Deoptimization events (20 events):
Event: 32.237 Thread 0x000001d2fb48d2e0 DEOPT PACKING pc=0x000001d2e09268ce sp=0x00000008539fda60
Event: 32.237 Thread 0x000001d2fb48d2e0 DEOPT UNPACKING pc=0x000001d2e6de78e2 sp=0x00000008539fcfe0 mode 0
Event: 32.244 Thread 0x000001d2fb48d2e0 DEOPT PACKING pc=0x000001d2e09268ce sp=0x00000008539fda60
Event: 32.244 Thread 0x000001d2fb48d2e0 DEOPT UNPACKING pc=0x000001d2e6de78e2 sp=0x00000008539fcfe0 mode 0
Event: 32.247 Thread 0x000001d2fb48d2e0 Uncommon trap: trap_request=0xffffff45 fr.pc=0x000001d2e74cfa94 relative=0x0000000000000c34
Event: 32.247 Thread 0x000001d2fb48d2e0 Uncommon trap: reason=unstable_if action=reinterpret pc=0x000001d2e74cfa94 method=java.util.Arrays.mismatch([BII[BII)I @ 58 c2
Event: 32.247 Thread 0x000001d2fb48d2e0 DEOPT PACKING pc=0x000001d2e74cfa94 sp=0x00000008539fde80
Event: 32.247 Thread 0x000001d2fb48d2e0 DEOPT UNPACKING pc=0x000001d2e6de6da2 sp=0x00000008539fdc78 mode 2
Event: 32.249 Thread 0x000001d2fb48d2e0 DEOPT PACKING pc=0x000001d2e09268ce sp=0x00000008539fda60
Event: 32.249 Thread 0x000001d2fb48d2e0 DEOPT UNPACKING pc=0x000001d2e6de78e2 sp=0x00000008539fcfe0 mode 0
Event: 32.250 Thread 0x000001d2fb48d2e0 DEOPT PACKING pc=0x000001d2e09268ce sp=0x00000008539fda60
Event: 32.250 Thread 0x000001d2fb48d2e0 DEOPT UNPACKING pc=0x000001d2e6de78e2 sp=0x00000008539fcfe0 mode 0
Event: 32.251 Thread 0x000001d2fb48d2e0 DEOPT PACKING pc=0x000001d2e09268ce sp=0x00000008539fda60
Event: 32.251 Thread 0x000001d2fb48d2e0 DEOPT UNPACKING pc=0x000001d2e6de78e2 sp=0x00000008539fcfe0 mode 0
Event: 32.252 Thread 0x000001d2fb48d2e0 DEOPT PACKING pc=0x000001d2e09268ce sp=0x00000008539fda60
Event: 32.252 Thread 0x000001d2fb48d2e0 DEOPT UNPACKING pc=0x000001d2e6de78e2 sp=0x00000008539fcfe0 mode 0
Event: 32.254 Thread 0x000001d2fb48d2e0 DEOPT PACKING pc=0x000001d2e09268ce sp=0x00000008539fda60
Event: 32.254 Thread 0x000001d2fb48d2e0 DEOPT UNPACKING pc=0x000001d2e6de78e2 sp=0x00000008539fcfe0 mode 0
Event: 32.255 Thread 0x000001d2fb48d2e0 DEOPT PACKING pc=0x000001d2e09268ce sp=0x00000008539fda60
Event: 32.255 Thread 0x000001d2fb48d2e0 DEOPT UNPACKING pc=0x000001d2e6de78e2 sp=0x00000008539fcfe0 mode 0

Classes loaded (20 events):
Event: 31.009 Loading class java/nio/file/attribute/PosixFileAttributes
Event: 31.009 Loading class java/nio/file/attribute/PosixFileAttributes done
Event: 31.025 Loading class java/util/WeakHashMap$KeyIterator
Event: 31.025 Loading class java/util/WeakHashMap$KeyIterator done
Event: 31.164 Loading class java/nio/file/attribute/PosixFileAttributeView
Event: 31.164 Loading class java/nio/file/attribute/PosixFileAttributeView done
Event: 31.634 Loading class java/util/concurrent/CompletableFuture$UniApply
Event: 31.634 Loading class java/util/concurrent/CompletableFuture$UniCompletion
Event: 31.634 Loading class java/util/concurrent/CompletableFuture$UniCompletion done
Event: 31.634 Loading class java/util/concurrent/CompletableFuture$UniApply done
Event: 31.638 Loading class java/util/concurrent/CompletableFuture$UniAccept
Event: 31.638 Loading class java/util/concurrent/CompletableFuture$UniAccept done
Event: 31.638 Loading class java/util/concurrent/CompletableFuture$UniExceptionally
Event: 31.639 Loading class java/util/concurrent/CompletableFuture$UniExceptionally done
Event: 31.640 Loading class java/nio/file/DirectoryIteratorException
Event: 31.641 Loading class java/nio/file/DirectoryIteratorException done
Event: 31.757 Loading class java/util/ImmutableCollections$SubList
Event: 31.757 Loading class java/util/ImmutableCollections$SubList done
Event: 32.098 Loading class java/lang/UnsupportedClassVersionError
Event: 32.098 Loading class java/lang/UnsupportedClassVersionError done

Classes unloaded (7 events):
Event: 18.547 Thread 0x000001d2dc59e910 Unloading class 0x000001d2811ab400 'java/lang/invoke/LambdaForm$MH+0x000001d2811ab400'
Event: 18.547 Thread 0x000001d2dc59e910 Unloading class 0x000001d2811ab000 'java/lang/invoke/LambdaForm$MH+0x000001d2811ab000'
Event: 18.547 Thread 0x000001d2dc59e910 Unloading class 0x000001d2811aac00 'java/lang/invoke/LambdaForm$MH+0x000001d2811aac00'
Event: 18.547 Thread 0x000001d2dc59e910 Unloading class 0x000001d2811aa800 'java/lang/invoke/LambdaForm$MH+0x000001d2811aa800'
Event: 18.547 Thread 0x000001d2dc59e910 Unloading class 0x000001d2811aa400 'java/lang/invoke/LambdaForm$BMH+0x000001d2811aa400'
Event: 18.547 Thread 0x000001d2dc59e910 Unloading class 0x000001d2811aa000 'java/lang/invoke/LambdaForm$DMH+0x000001d2811aa000'
Event: 18.547 Thread 0x000001d2dc59e910 Unloading class 0x000001d2811a8c00 'java/lang/invoke/LambdaForm$DMH+0x000001d2811a8c00'

Classes redefined (0 events):
No events

Internal exceptions (20 events):
Event: 31.007 Thread 0x000001d2fb48d970 Exception <a 'java/io/FileNotFoundException'{0x00000000d560df78}> (0x00000000d560df78) 
thrown [s\src\hotspot\share\prims\jni.cpp, line 520]
Event: 31.351 Thread 0x000001d2fb48d970 Implicit null exception at 0x000001d2e7829a23 to 0x000001d2e7829d88
Event: 31.394 Thread 0x000001d2f4972cc0 Exception <a 'sun/nio/fs/WindowsException'{0x00000000d61e1440}> (0x00000000d61e1440) 
thrown [s\src\hotspot\share\prims\jni.cpp, line 520]
Event: 31.394 Thread 0x000001d2f4972cc0 Exception <a 'sun/nio/fs/WindowsException'{0x00000000d61e1cd0}> (0x00000000d61e1cd0) 
thrown [s\src\hotspot\share\prims\jni.cpp, line 520]
Event: 31.400 Thread 0x000001d2f4972cc0 Exception <a 'java/io/FileNotFoundException'{0x00000000d62626f8}> (0x00000000d62626f8) 
thrown [s\src\hotspot\share\prims\jni.cpp, line 520]
Event: 31.401 Thread 0x000001d2f4972cc0 Exception <a 'java/io/FileNotFoundException'{0x00000000d6263730}> (0x00000000d6263730) 
thrown [s\src\hotspot\share\prims\jni.cpp, line 520]
Event: 31.401 Thread 0x000001d2f4972cc0 Exception <a 'java/io/FileNotFoundException'{0x00000000d62644a8}> (0x00000000d62644a8) 
thrown [s\src\hotspot\share\prims\jni.cpp, line 520]
Event: 31.628 Thread 0x000001d2fb48d970 Exception <a 'sun/nio/fs/WindowsException'{0x00000000d5768a48}> (0x00000000d5768a48) 
thrown [s\src\hotspot\share\prims\jni.cpp, line 520]
Event: 31.628 Thread 0x000001d2fb48d970 Exception <a 'sun/nio/fs/WindowsException'{0x00000000d5769078}> (0x00000000d5769078) 
thrown [s\src\hotspot\share\prims\jni.cpp, line 520]
Event: 31.630 Thread 0x000001d2fb48d970 Exception <a 'sun/nio/fs/WindowsException'{0x00000000d576c0e0}> (0x00000000d576c0e0) 
thrown [s\src\hotspot\share\prims\jni.cpp, line 520]
Event: 31.630 Thread 0x000001d2fb48d970 Exception <a 'sun/nio/fs/WindowsException'{0x00000000d576c710}> (0x00000000d576c710) 
thrown [s\src\hotspot\share\prims\jni.cpp, line 520]
Event: 31.632 Thread 0x000001d2fb48d970 Exception <a 'java/lang/IncompatibleClassChangeError'{0x00000000d578a498}: Found class java.lang.Object, but interface was expected> (0x00000000d578a498) 
thrown [s\src\hotspot\share\interpreter\linkResolver.cpp, line 840]
Event: 31.648 Thread 0x000001d2fb48d970 Exception <a 'java/lang/IncompatibleClassChangeError'{0x00000000d588d6b0}: Found class java.lang.Object, but interface was expected> (0x00000000d588d6b0) 
thrown [s\src\hotspot\share\interpreter\linkResolver.cpp, line 840]
Event: 31.654 Thread 0x000001d2fb48d970 Exception <a 'java/lang/IncompatibleClassChangeError'{0x00000000d58ba8e8}: Found class java.lang.Object, but interface was expected> (0x00000000d58ba8e8) 
thrown [s\src\hotspot\share\interpreter\linkResolver.cpp, line 840]
Event: 31.658 Thread 0x000001d2fb48d970 Exception <a 'java/lang/IncompatibleClassChangeError'{0x00000000d58c47b8}: Found class java.lang.Object, but interface was expected> (0x00000000d58c47b8) 
thrown [s\src\hotspot\share\interpreter\linkResolver.cpp, line 840]
Event: 31.727 Thread 0x000001d2f4972cc0 Exception <a 'java/io/FileNotFoundException'{0x00000000d5acf300}> (0x00000000d5acf300) 
thrown [s\src\hotspot\share\prims\jni.cpp, line 520]
Event: 31.728 Thread 0x000001d2f4972cc0 Exception <a 'java/io/FileNotFoundException'{0x00000000d5ad06c0}> (0x00000000d5ad06c0) 
thrown [s\src\hotspot\share\prims\jni.cpp, line 520]
Event: 31.728 Thread 0x000001d2f4972cc0 Exception <a 'java/io/FileNotFoundException'{0x00000000d5ad16e8}> (0x00000000d5ad16e8) 
thrown [s\src\hotspot\share\prims\jni.cpp, line 520]
Event: 32.041 Thread 0x000001d2f4972630 Exception <a 'java/lang/NoSuchMethodError'{0x00000000d61bc1d8}: 'java.lang.Object java.lang.invoke.DirectMethodHandle$Holder.invokeSpecial(java.lang.Object, java.lang.Object, int, long)'> (0x00000000d61bc1d8) 
thrown [s\src\hotspot\share\interpreter\linkResolver.cpp, line 773]
Event: 32.113 Thread 0x000001d2fb48d2e0 Exception <a 'java/lang/NoSuchMethodError'{0x00000000d6714518}: 'int java.lang.invoke.Invokers$Holder.invokeExact_MT(java.lang.Object, java.lang.Object)'> (0x00000000d6714518) 
thrown [s\src\hotspot\share\interpreter\linkResolver.cpp, line 773]

ZGC Phase Switch (0 events):
No events

VM Operations (20 events):
Event: 31.163 Executing non-safepoint VM operation: HandshakeAllThreads (Deoptimize)
Event: 31.163 Executing non-safepoint VM operation: HandshakeAllThreads (Deoptimize) done
Event: 31.284 Executing non-safepoint VM operation: HandshakeAllThreads (Deoptimize)
Event: 31.284 Executing non-safepoint VM operation: HandshakeAllThreads (Deoptimize) done
Event: 31.383 Executing safepoint VM operation: ICBufferFull
Event: 31.386 Executing safepoint VM operation: ICBufferFull done
Event: 31.599 Executing safepoint VM operation: ParallelGCFailedAllocation (Allocation Failure)
Event: 31.604 Executing safepoint VM operation: ParallelGCFailedAllocation (Allocation Failure) done
Event: 31.629 Executing non-safepoint VM operation: HandshakeAllThreads (Deoptimize)
Event: 31.629 Executing non-safepoint VM operation: HandshakeAllThreads (Deoptimize) done
Event: 31.631 Executing non-safepoint VM operation: HandshakeAllThreads (Deoptimize)
Event: 31.631 Executing non-safepoint VM operation: HandshakeAllThreads (Deoptimize) done
Event: 31.986 Executing non-safepoint VM operation: HandshakeAllThreads (Deoptimize)
Event: 31.986 Executing non-safepoint VM operation: HandshakeAllThreads (Deoptimize) done
Event: 31.989 Executing non-safepoint VM operation: HandshakeAllThreads (Deoptimize)
Event: 31.990 Executing non-safepoint VM operation: HandshakeAllThreads (Deoptimize) done
Event: 32.109 Executing non-safepoint VM operation: HandshakeAllThreads (Deoptimize)
Event: 32.109 Executing non-safepoint VM operation: HandshakeAllThreads (Deoptimize) done
Event: 32.178 Executing safepoint VM operation: ParallelGCFailedAllocation (Allocation Failure)
Event: 32.183 Executing safepoint VM operation: ParallelGCFailedAllocation (Allocation Failure) done

Memory protections (0 events):
No events

Nmethod flushes (20 events):
Event: 22.426 Thread 0x000001d2dc59e910 flushing  nmethod 0x000001d2dfea9990
Event: 22.426 Thread 0x000001d2dc59e910 flushing  nmethod 0x000001d2dfeaa690
Event: 22.426 Thread 0x000001d2dc59e910 flushing  nmethod 0x000001d2dfeaab90
Event: 22.426 Thread 0x000001d2dc59e910 flushing  nmethod 0x000001d2dfeac110
Event: 22.426 Thread 0x000001d2dc59e910 flushing  nmethod 0x000001d2dfeade90
Event: 22.426 Thread 0x000001d2dc59e910 flushing  nmethod 0x000001d2dfeb7390
Event: 22.426 Thread 0x000001d2dc59e910 flushing  nmethod 0x000001d2dfeb7690
Event: 22.426 Thread 0x000001d2dc59e910 flushing  nmethod 0x000001d2dfeca790
Event: 22.426 Thread 0x000001d2dc59e910 flushing  nmethod 0x000001d2dfee6710
Event: 22.426 Thread 0x000001d2dc59e910 flushing  nmethod 0x000001d2dfee8d90
Event: 22.426 Thread 0x000001d2dc59e910 flushing  nmethod 0x000001d2dfeefa90
Event: 22.426 Thread 0x000001d2dc59e910 flushing  nmethod 0x000001d2dfefa510
Event: 22.426 Thread 0x000001d2dc59e910 flushing  nmethod 0x000001d2dff47790
Event: 22.426 Thread 0x000001d2dc59e910 flushing  nmethod 0x000001d2dff66810
Event: 22.426 Thread 0x000001d2dc59e910 flushing  nmethod 0x000001d2dff68710
Event: 22.426 Thread 0x000001d2dc59e910 flushing  nmethod 0x000001d2dff79490
Event: 22.426 Thread 0x000001d2dc59e910 flushing  nmethod 0x000001d2dffbaa10
Event: 22.426 Thread 0x000001d2dc59e910 flushing  nmethod 0x000001d2dffbae90
Event: 22.426 Thread 0x000001d2dc59e910 flushing  nmethod 0x000001d2dffbf110
Event: 22.426 Thread 0x000001d2dc59e910 flushing  nmethod 0x000001d2dffd6990

Events (20 events):
Event: 26.239 Thread 0x000001d2dc5e5c90 Thread added: 0x000001d2fbee5610
Event: 26.497 Thread 0x000001d2fb489e60 Thread exited: 0x000001d2fb489e60
Event: 26.883 Thread 0x000001d2fbee5610 Thread exited: 0x000001d2fbee5610
Event: 27.196 Thread 0x000001d2fb9f7e90 Thread added: 0x000001d2fa18eb30
Event: 28.870 Thread 0x000001d2fa18eb30 Thread exited: 0x000001d2fa18eb30
Event: 29.003 Thread 0x000001d2dc5c7510 Thread added: 0x000001d2fa18eb30
Event: 29.562 Thread 0x000001d2fa18eb30 Thread exited: 0x000001d2fa18eb30
Event: 30.266 Thread 0x000001d2fb9f7e90 Thread exited: 0x000001d2fb9f7e90
Event: 31.018 Thread 0x000001d2dc5e5c90 Thread added: 0x000001d2fb9f7e90
Event: 31.114 Thread 0x000001d2dc5e5c90 Thread added: 0x000001d2fa18eb30
Event: 31.638 Thread 0x000001d2fb48d970 Thread added: 0x000001d2fb48bf30
Event: 31.647 Thread 0x000001d2fb48bf30 Thread added: 0x000001d2fb48a4f0
Event: 31.650 Thread 0x000001d2fb48a4f0 Thread added: 0x000001d2fb48c5c0
Event: 31.652 Thread 0x000001d2fb48c5c0 Thread added: 0x000001d2fb48cc50
Event: 31.661 Thread 0x000001d2fb48cc50 Thread added: 0x000001d2fb48d2e0
Event: 31.689 Thread 0x000001d2fb48d2e0 Thread added: 0x000001d2fb4869e0
Event: 31.708 Thread 0x000001d2fb4869e0 Thread added: 0x000001d2fb48e000
Event: 31.858 Thread 0x000001d2fa18eb30 Thread exited: 0x000001d2fa18eb30
Event: 32.022 Thread 0x000001d2f4972630 Thread added: 0x000001d2fa030cc0
Event: 32.187 Thread 0x000001d2dc5e5c90 Thread added: 0x000001d2fd892b50


Dynamic libraries:
0x00007ff7d8470000 - 0x00007ff7d847e000 	c:\Users\DELL\.antigravity\extensions\redhat.java-1.54.0-win32-x64\jre\21.0.10-win32-x86_64\bin\java.exe
0x00007ffdef2e0000 - 0x00007ffdef4e9000 	C:\Windows\SYSTEM32\ntdll.dll
0x00007ffdedcc0000 - 0x00007ffdedd7d000 	C:\Windows\System32\KERNEL32.DLL
0x00007ffdec7e0000 - 0x00007ffdecb64000 	C:\Windows\System32\KERNELBASE.dll
0x00007ffdecbf0000 - 0x00007ffdecd01000 	C:\Windows\System32\ucrtbase.dll
0x00007ffdd91e0000 - 0x00007ffdd91f8000 	c:\Users\DELL\.antigravity\extensions\redhat.java-1.54.0-win32-x64\jre\21.0.10-win32-x86_64\bin\jli.dll
0x00007ffdd9900000 - 0x00007ffdd991e000 	c:\Users\DELL\.antigravity\extensions\redhat.java-1.54.0-win32-x64\jre\21.0.10-win32-x86_64\bin\VCRUNTIME140.dll
0x00007ffdeeab0000 - 0x00007ffdeec5d000 	C:\Windows\System32\USER32.dll
0x00007ffdecdb0000 - 0x00007ffdecdd6000 	C:\Windows\System32\win32u.dll
0x00007ffded1b0000 - 0x00007ffded1da000 	C:\Windows\System32\GDI32.dll
0x00007ffdcc3e0000 - 0x00007ffdcc685000 	C:\Windows\WinSxS\amd64_microsoft.windows.common-controls_6595b64144ccf1df_6.0.22000.120_none_9d947278b86cc467\COMCTL32.dll
0x00007ffdecde0000 - 0x00007ffdecefe000 	C:\Windows\System32\gdi32full.dll
0x00007ffdeed90000 - 0x00007ffdeee33000 	C:\Windows\System32\msvcrt.dll
0x00007ffdecd10000 - 0x00007ffdecdad000 	C:\Windows\System32\msvcp_win.dll
0x00007ffdeea70000 - 0x00007ffdeeaa1000 	C:\Windows\System32\IMM32.DLL
0x00007ffde7610000 - 0x00007ffde761c000 	c:\Users\DELL\.antigravity\extensions\redhat.java-1.54.0-win32-x64\jre\21.0.10-win32-x86_64\bin\vcruntime140_1.dll
0x00007ffdb3120000 - 0x00007ffdb31ad000 	c:\Users\DELL\.antigravity\extensions\redhat.java-1.54.0-win32-x64\jre\21.0.10-win32-x86_64\bin\msvcp140.dll
0x00007ffd77130000 - 0x00007ffd77ed1000 	c:\Users\DELL\.antigravity\extensions\redhat.java-1.54.0-win32-x64\jre\21.0.10-win32-x86_64\bin\server\jvm.dll
0x00007ffdeee40000 - 0x00007ffdeeeee000 	C:\Windows\System32\ADVAPI32.dll
0x00007ffdedc10000 - 0x00007ffdedcae000 	C:\Windows\System32\sechost.dll
0x00007ffdedae0000 - 0x00007ffdedc01000 	C:\Windows\System32\RPCRT4.dll
0x00007ffded130000 - 0x00007ffded19f000 	C:\Windows\System32\WS2_32.dll
0x00007ffdeb060000 - 0x00007ffdeb0ad000 	C:\Windows\SYSTEM32\POWRPROF.dll
0x00007ffdea420000 - 0x00007ffdea453000 	C:\Windows\SYSTEM32\WINMM.dll
0x00007ffde68d0000 - 0x00007ffde68da000 	C:\Windows\SYSTEM32\VERSION.dll
0x00007ffdeb190000 - 0x00007ffdeb1a3000 	C:\Windows\SYSTEM32\UMPDC.dll
0x00007ffdeb8d0000 - 0x00007ffdeb8e8000 	C:\Windows\SYSTEM32\kernel.appcore.dll
0x00007ffde6900000 - 0x00007ffde690a000 	c:\Users\DELL\.antigravity\extensions\redhat.java-1.54.0-win32-x64\jre\21.0.10-win32-x86_64\bin\jimage.dll
0x00007ffdea160000 - 0x00007ffdea381000 	C:\Windows\SYSTEM32\DBGHELP.DLL
0x00007ffdea3e0000 - 0x00007ffdea411000 	C:\Windows\SYSTEM32\dbgcore.DLL
0x00007ffdecb70000 - 0x00007ffdecbef000 	C:\Windows\System32\bcryptPrimitives.dll
0x00007ffde6150000 - 0x00007ffde615f000 	c:\Users\DELL\.antigravity\extensions\redhat.java-1.54.0-win32-x64\jre\21.0.10-win32-x86_64\bin\instrument.dll
0x00007ffdd9060000 - 0x00007ffdd9080000 	c:\Users\DELL\.antigravity\extensions\redhat.java-1.54.0-win32-x64\jre\21.0.10-win32-x86_64\bin\java.dll
0x00007ffdedd80000 - 0x00007ffdee545000 	C:\Windows\System32\SHELL32.dll
0x00007ffdea7e0000 - 0x00007ffdeb042000 	C:\Windows\SYSTEM32\windows.storage.dll
0x00007ffded2e0000 - 0x00007ffded656000 	C:\Windows\System32\combase.dll
0x00007ffdea670000 - 0x00007ffdea7d7000 	C:\Windows\SYSTEM32\wintypes.dll
0x00007ffdee660000 - 0x00007ffdee74a000 	C:\Windows\System32\SHCORE.dll
0x00007ffdef240000 - 0x00007ffdef29d000 	C:\Windows\System32\shlwapi.dll
0x00007ffdec6a0000 - 0x00007ffdec6c5000 	C:\Windows\SYSTEM32\profapi.dll
0x00007ffdd5670000 - 0x00007ffdd5688000 	c:\Users\DELL\.antigravity\extensions\redhat.java-1.54.0-win32-x64\jre\21.0.10-win32-x86_64\bin\zip.dll
0x00007ffde5f30000 - 0x00007ffde5f40000 	C:\Users\DELL\.antigravity\extensions\redhat.java-1.54.0-win32-x64\jre\21.0.10-win32-x86_64\bin\net.dll
0x00007ffde7460000 - 0x00007ffde7574000 	C:\Windows\SYSTEM32\WINHTTP.dll
0x00007ffdebd80000 - 0x00007ffdebde7000 	C:\Windows\system32\mswsock.dll
0x00007ffdd4e30000 - 0x00007ffdd4e46000 	C:\Users\DELL\.antigravity\extensions\redhat.java-1.54.0-win32-x64\jre\21.0.10-win32-x86_64\bin\nio.dll
0x00007ffde4d90000 - 0x00007ffde4da0000 	c:\Users\DELL\.antigravity\extensions\redhat.java-1.54.0-win32-x64\jre\21.0.10-win32-x86_64\bin\verify.dll
0x00007ffdcfd30000 - 0x00007ffdcfd75000 	C:\Users\DELL\AppData\Roaming\Antigravity\User\globalStorage\redhat.java\1.54.0\config_win\org.eclipse.equinox.launcher\org.eclipse.equinox.launcher.win32.win32.x86_64_1.3.0.v20260203-2149\eclipse_11919.dll
0x00007ffdee8d0000 - 0x00007ffdeea6a000 	C:\Windows\System32\ole32.dll
0x00007ffdebfc0000 - 0x00007ffdebfd8000 	C:\Windows\SYSTEM32\CRYPTSP.dll
0x00007ffdeb830000 - 0x00007ffdeb865000 	C:\Windows\system32\rsaenh.dll
0x00007ffdebe70000 - 0x00007ffdebe9c000 	C:\Windows\SYSTEM32\USERENV.dll
0x00007ffdec140000 - 0x00007ffdec167000 	C:\Windows\SYSTEM32\bcrypt.dll
0x00007ffdebfe0000 - 0x00007ffdebfec000 	C:\Windows\SYSTEM32\CRYPTBASE.dll
0x00007ffdeb300000 - 0x00007ffdeb32d000 	C:\Windows\SYSTEM32\IPHLPAPI.DLL
0x00007ffdedcb0000 - 0x00007ffdedcb9000 	C:\Windows\System32\NSI.dll
0x00007ffdb8fb0000 - 0x00007ffdb8ff9000 	C:\Users\DELL\AppData\Local\Temp\jna-2094529\jna10459015854505756717.dll
0x00007ffdeed80000 - 0x00007ffdeed88000 	C:\Windows\System32\PSAPI.DLL
0x00007ffde7410000 - 0x00007ffde7429000 	C:\Windows\SYSTEM32\dhcpcsvc6.DLL
0x00007ffde7dd0000 - 0x00007ffde7dee000 	C:\Windows\SYSTEM32\dhcpcsvc.DLL

JVMTI agents:
c:\Users\DELL\.antigravity\extensions\redhat.java-1.54.0-win32-x64\lombok\lombok-1.18.39-4050.jar path:c:\Users\DELL\.antigravity\extensions\redhat.java-1.54.0-win32-x64\jre\21.0.10-win32-x86_64\bin\instrument.dll, loaded, initialized, instrumentlib options:none

dbghelp: loaded successfully - version: 4.0.5 - missing functions: none
symbol engine: initialized successfully - sym options: 0x614 - pdb path: .;c:\Users\DELL\.antigravity\extensions\redhat.java-1.54.0-win32-x64\jre\21.0.10-win32-x86_64\bin;C:\Windows\SYSTEM32;C:\Windows\WinSxS\amd64_microsoft.windows.common-controls_6595b64144ccf1df_6.0.22000.120_none_9d947278b86cc467;c:\Users\DELL\.antigravity\extensions\redhat.java-1.54.0-win32-x64\jre\21.0.10-win32-x86_64\bin\server;C:\Users\DELL\AppData\Roaming\Antigravity\User\globalStorage\redhat.java\1.54.0\config_win\org.eclipse.equinox.launcher\org.eclipse.equinox.launcher.win32.win32.x86_64_1.3.0.v20260203-2149;C:\Users\DELL\AppData\Local\Temp\jna-2094529

VM Arguments:
jvm_args: --add-modules=ALL-SYSTEM --add-opens=java.base/java.util=ALL-UNNAMED --add-opens=java.base/java.lang=ALL-UNNAMED --add-opens=java.base/sun.nio.fs=ALL-UNNAMED -Declipse.application=org.eclipse.jdt.ls.core.id1 -Dosgi.bundles.defaultStartLevel=4 -Declipse.product=org.eclipse.jdt.ls.core.product -Djava.import.generatesMetadataFilesAtProjectRoot=false -DDetectVMInstallationsJob.disabled=true -Dfile.encoding=utf8 -XX:+UseParallelGC -XX:GCTimeRatio=4 -XX:AdaptiveSizePolicyWeight=90 -Dsun.zip.disableMemoryMapping=true -Xmx2G -Xms100m -Xlog:disable -javaagent:c:\Users\DELL\.antigravity\extensions\redhat.java-1.54.0-win32-x64\lombok\lombok-1.18.39-4050.jar -XX:+HeapDumpOnOutOfMemoryError -XX:HeapDumpPath=c:\Users\DELL\AppData\Roaming\Antigravity\User\workspaceStorage\ef3b6c5f962f6b7ba8e6f6356c8f0770\redhat.java -Daether.dependencyCollector.impl=bf 
java_command: c:\Users\DELL\.antigravity\extensions\redhat.java-1.54.0-win32-x64\server\plugins\org.eclipse.equinox.launcher_1.7.100.v20251111-0406.jar -configuration c:\Users\DELL\AppData\Roaming\Antigravity\User\globalStorage\redhat.java\1.54.0\config_win -data c:\Users\DELL\AppData\Roaming\Antigravity\User\workspaceStorage\ef3b6c5f962f6b7ba8e6f6356c8f0770\redhat.java\jdt_ws --pipe=\\.\pipe\lsp-111c30e61238d401851302fd32fb52ad-sock
java_class_path (initial): c:\Users\DELL\.antigravity\extensions\redhat.java-1.54.0-win32-x64\server\plugins\org.eclipse.equinox.launcher_1.7.100.v20251111-0406.jar
Launcher Type: SUN_STANDARD

[Global flags]
    uintx AdaptiveSizePolicyWeight                 = 90                                        {product} {command line}
     intx CICompilerCount                          = 4                                         {product} {ergonomic}
    uintx GCTimeRatio                              = 4                                         {product} {command line}
     bool HeapDumpOnOutOfMemoryError               = true                                   {manageable} {command line}
    ccstr HeapDumpPath                             = c:\Users\DELL\AppData\Roaming\Antigravity\User\workspaceStorage\ef3b6c5f962f6b7ba8e6f6356c8f0770\redhat.java         {manageable} {command line}
   size_t InitialHeapSize                          = 104857600                                 {product} {command line}
   size_t MaxHeapSize                              = 2147483648                                {product} {command line}
   size_t MaxNewSize                               = 715653120                                 {product} {ergonomic}
   size_t MinHeapDeltaBytes                        = 524288                                    {product} {ergonomic}
   size_t MinHeapSize                              = 104857600                                 {product} {command line}
   size_t NewSize                                  = 34603008                                  {product} {ergonomic}
    uintx NonNMethodCodeHeapSize                   = 5839372                                {pd product} {ergonomic}
    uintx NonProfiledCodeHeapSize                  = 122909434                              {pd product} {ergonomic}
   size_t OldSize                                  = 70254592                                  {product} {ergonomic}
    uintx ProfiledCodeHeapSize                     = 122909434                              {pd product} {ergonomic}
    uintx ReservedCodeCacheSize                    = 251658240                              {pd product} {ergonomic}
     bool SegmentedCodeCache                       = true                                      {product} {ergonomic}
   size_t SoftMaxHeapSize                          = 2147483648                             {manageable} {ergonomic}
     bool UseCompressedOops                        = true                           {product lp64_product} {ergonomic}
     bool UseLargePagesIndividualAllocation        = false                                  {pd product} {ergonomic}
     bool UseParallelGC                            = true                                      {product} {command line}

Logging:
Log output configuration:
 #0: stdout all=off uptime,level,tags foldmultilines=false
 #1: stderr all=off uptime,level,tags foldmultilines=false

Release file:
JAVA_VERSION="21.0.10" 
MODULES="java.base java.compiler java.datatransfer java.xml java.prefs java.desktop java.instrument java.logging java.management java.security.sasl java.naming java.rmi java.management.rmi java.net.http java.scripting java.security.jgss java.transaction.xa java.sql java.sql.rowset java.xml.crypto java.se java.smartcardio jdk.accessibility jdk.internal.jvmstat jdk.attach jdk.charsets jdk.internal.opt jdk.zipfs jdk.compiler jdk.crypto.ec jdk.crypto.cryptoki jdk.crypto.mscapi jdk.dynalink jdk.internal.ed jdk.editpad jdk.hotspot.agent jdk.httpserver jdk.internal.le jdk.internal.vm.ci jdk.internal.vm.compiler jdk.internal.vm.compiler.management jdk.jartool jdk.javadoc jdk.jcmd jdk.management jdk.management.agent jdk.jconsole jdk.jdeps jdk.jdwp.agent jdk.jdi jdk.jfr jdk.jshell jdk.jsobject jdk.jstatd jdk.localedata jdk.management.jfr jdk.naming.dns jdk.naming.rmi jdk.net jdk.nio.mapmode jdk.random jdk.sctp jdk.security.auth jdk.security.jgss jdk.unsupported jdk.unsupported.desktop jdk.xml.dom" 

Environment Variables:
PATH=C:\Program Files\Common Files\Oracle\Java\javapath;C:\Windows\system32;C:\Windows;C:\Windows\System32\Wbem;C:\Windows\System32\WindowsPowerShell\v1.0\;C:\Windows\System32\OpenSSH\;C:\Program Files\NVIDIA Corporation\NVIDIA NvDLISR;C:\Program Files\dotnet\;C:\Program Files\MySQL\MySQL Server 8.0\bin;C:\Program Files (x86)\Microsoft SQL Server\170\Tools\Binn\;C:\Program Files\Microsoft SQL Server\170\Tools\Binn\;C:\Program Files\Microsoft SQL Server\Client SDK\ODBC\180\Tools\Binn\;C:\Program Files\Microsoft SQL Server\170\DTS\Binn\;D:\Dont Delete This File\Git\cmd;D:\node.js\;C:\Program Files\MySQL\MySQL Shell 8.0\bin\;C:\Users\DELL\AppData\Local\Microsoft\WindowsApps;;C:\Users\DELL\AppData\Local\Programs\Microsoft VS Code\bin;C:\Program Files\Azure Data Studio\bin;C:\Users\DELL\AppData\Roaming\npm;E:\anti_projects\Antigravity\bin
USERNAME=DELL
OS=Windows_NT
PROCESSOR_IDENTIFIER=Intel64 Family 6 Model 140 Stepping 2, GenuineIntel
TMP=C:\Users\DELL\AppData\Local\Temp
TEMP=C:\Users\DELL\AppData\Local\Temp




Periodic native trim disabled

---------------  S Y S T E M  ---------------

OS:
 Windows 11 , 64 bit Build 22000 (10.0.22000.2538)
OS uptime: 35 days 12:47 hours
Hyper-V role detected

CPU: total 8 (initial active 8) (4 cores per cpu, 2 threads per core) family 6 model 140 stepping 2 microcode 0x16, cx8, cmov, fxsr, ht, mmx, 3dnowpref, sse, sse2, sse3, ssse3, sse4.1, sse4.2, popcnt, lzcnt, tsc, tscinvbit, avx, avx2, aes, erms, clmul, bmi1, bmi2, adx, avx512f, avx512dq, avx512cd, avx512bw, avx512vl, sha, fma, vzeroupper, avx512_vpopcntdq, avx512_vpclmulqdq, avx512_vaes, avx512_vnni, clflush, clflushopt, clwb, avx512_vbmi2, avx512_vbmi, hv, rdtscp, rdpid, fsrm, gfni, avx512_bitalg, f16c, cet_ibt, cet_ss, avx512_ifma
Processor Information for the first 8 processors :
  Max Mhz: 2496, Current Mhz: 2496, Mhz Limit: 2496

Memory: 4k page, system-wide physical 16122M (2955M free)
TotalPageFile size 33272M (AvailPageFile size 9M)
current process WorkingSet (physical memory assigned to process): 280M, peak: 280M
current process commit charge ("private bytes"): 378M, peak: 379M

vm_info: OpenJDK 64-Bit Server VM (21.0.10+7-LTS) for windows-amd64 JRE (21.0.10+7-LTS), built on 2026-01-20T00:00:00Z by "admin" with MS VC++ 17.12 (VS2022)

END.
