#
# There is insufficient memory for the Java Runtime Environment to continue.
# Native memory allocation (malloc) failed to allocate 457616 bytes. Error detail: Chunk::new
# Possible reasons:
#   The system is out of physical RAM or swap space
#   This process is running with CompressedOops enabled, and the Java Heap may be blocking the growth of the native heap
# Possible solutions:
#   Reduce memory load on the system
#   Increase physical memory or swap space
#   Check if swap backing store is full
#   Decrease Java heap size (-Xmx/-Xms)
#   Decrease number of Java threads
#   Decrease Java thread stack sizes (-Xss)
#   Set larger code cache with -XX:ReservedCodeCacheSize=
#   JVM is running with Unscaled Compressed Oops mode in which the Java heap is
#     placed in the first 4GB address space. The Java Heap base address is the
#     maximum limit for the native heap growth. Please use -XX:HeapBaseMinAddress
#     to set the Java Heap base and to place the Java Heap above 4GB virtual address.
# This output file may be truncated or incomplete.
#
#  Out of Memory Error (arena.cpp:168), pid=29028, tid=20460
#
# JRE version: OpenJDK Runtime Environment Temurin-21.0.10+7 (21.0.10+7) (build 21.0.10+7-LTS)
# Java VM: OpenJDK 64-Bit Server VM Temurin-21.0.10+7 (21.0.10+7-LTS, mixed mode, sharing, tiered, compressed oops, compressed class ptrs, parallel gc, windows-amd64)
# No core dump will be written. Minidumps are not enabled by default on client versions of Windows
#

---------------  S U M M A R Y ------------

Command Line: --add-modules=ALL-SYSTEM --add-opens=java.base/java.util=ALL-UNNAMED --add-opens=java.base/java.lang=ALL-UNNAMED --add-opens=java.base/sun.nio.fs=ALL-UNNAMED -Declipse.application=org.eclipse.jdt.ls.core.id1 -Dosgi.bundles.defaultStartLevel=4 -Declipse.product=org.eclipse.jdt.ls.core.product -Djava.import.generatesMetadataFilesAtProjectRoot=false -DDetectVMInstallationsJob.disabled=true -Dfile.encoding=utf8 -XX:+UseParallelGC -XX:GCTimeRatio=4 -XX:AdaptiveSizePolicyWeight=90 -Dsun.zip.disableMemoryMapping=true -Xmx2G -Xms100m -Xlog:disable -javaagent:c:\Users\DELL\.antigravity\extensions\redhat.java-1.54.0-win32-x64\lombok\lombok-1.18.39-4050.jar c:\Users\DELL\.antigravity\extensions\redhat.java-1.54.0-win32-x64\server\plugins\org.eclipse.equinox.launcher_1.7.100.v20251111-0406.jar -configuration c:\Users\DELL\AppData\Roaming\Antigravity\User\globalStorage\redhat.java\1.54.0\config_ss_win -data c:\Users\DELL\AppData\Roaming\Antigravity\User\workspaceStorage\ef3b6c5f962f6b7ba8e6f6356c8f0770\redhat.java\ss_ws --pipe=\\.\pipe\lsp-bed4f8041f6d0300e8818b726db60a8b-sock

Host: 11th Gen Intel(R) Core(TM) i5-11320H @ 3.20GHz, 8 cores, 15G,  Windows 11 , 64 bit Build 22000 (10.0.22000.2538)
Time: Mon May  4 17:38:22 2026 India Standard Time elapsed time: 9.061396 seconds (0d 0h 0m 9s)

---------------  T H R E A D  ---------------

Current thread (0x0000022974743840):  JavaThread "C2 CompilerThread1" daemon [_thread_in_native, id=20460, stack(0x0000005e78200000,0x0000005e78300000) (1024K)]


Current CompileTask:
C2:9061 4373   !   4       org.eclipse.jdt.internal.core.util.DeduplicationUtil::intern (149 bytes)

Stack: [0x0000005e78200000,0x0000005e78300000]
Native frames: (J=compiled Java code, j=interpreted, Vv=VM code, C=native code)
V  [jvm.dll+0x6d7a39]
V  [jvm.dll+0x8b4b26]
V  [jvm.dll+0x8b70de]
V  [jvm.dll+0x8b77c3]
V  [jvm.dll+0x284346]
V  [jvm.dll+0xc66ed]
V  [jvm.dll+0xc6c31]
V  [jvm.dll+0x2fb29e]
V  [jvm.dll+0x5fe884]
V  [jvm.dll+0x255b17]
V  [jvm.dll+0x255edd]
V  [jvm.dll+0x24e500]
V  [jvm.dll+0x24ba42]
V  [jvm.dll+0x1cb34e]
V  [jvm.dll+0x25b85d]
V  [jvm.dll+0x259dea]
V  [jvm.dll+0x3f857e]
V  [jvm.dll+0x85f59d]
V  [jvm.dll+0x6d626d]
C  [ucrtbase.dll+0x26c0c]
C  [KERNEL32.DLL+0x153e0]
C  [ntdll.dll+0x485b]


---------------  P R O C E S S  ---------------

Threads class SMR info:
_java_thread_list=0x000002297418e370, length=36, elements={
0x00000229125b3330, 0x000002292b32b800, 0x000002292b32edd0, 0x000002292b333660,
0x000002292b334380, 0x000002292b33a490, 0x000002292b33f530, 0x000002292b340370,
0x000002292b341120, 0x0000022972254570, 0x0000022972305110, 0x00000229728852d0,
0x0000022972ed5ed0, 0x0000022972924520, 0x000002297293deb0, 0x0000022972f73a90,
0x00000229730adf40, 0x00000229730ce520, 0x00000229731d2c60, 0x00000229731d0500,
0x00000229731d1f40, 0x00000229731d25d0, 0x00000229731cfe70, 0x00000229731d32f0,
0x00000229731d0b90, 0x00000229731d1220, 0x00000229731d18b0, 0x000002297331d0a0,
0x000002297331ca10, 0x000002297331f800, 0x000002297331eae0, 0x00000229733218d0,
0x0000022973323310, 0x000002297331f170, 0x0000022974743840, 0x0000022973894b00
}

Java Threads: ( => current thread )
  0x00000229125b3330 JavaThread "main"                              [_thread_blocked, id=5232, stack(0x0000005e75600000,0x0000005e75700000) (1024K)]
  0x000002292b32b800 JavaThread "Reference Handler"          daemon [_thread_blocked, id=25264, stack(0x0000005e75a00000,0x0000005e75b00000) (1024K)]
  0x000002292b32edd0 JavaThread "Finalizer"                  daemon [_thread_blocked, id=26888, stack(0x0000005e75b00000,0x0000005e75c00000) (1024K)]
  0x000002292b333660 JavaThread "Signal Dispatcher"          daemon [_thread_blocked, id=22716, stack(0x0000005e75c00000,0x0000005e75d00000) (1024K)]
  0x000002292b334380 JavaThread "Attach Listener"            daemon [_thread_blocked, id=16436, stack(0x0000005e75d00000,0x0000005e75e00000) (1024K)]
  0x000002292b33a490 JavaThread "Service Thread"             daemon [_thread_blocked, id=16068, stack(0x0000005e75e00000,0x0000005e75f00000) (1024K)]
  0x000002292b33f530 JavaThread "Monitor Deflation Thread"   daemon [_thread_blocked, id=14404, stack(0x0000005e75f00000,0x0000005e76000000) (1024K)]
  0x000002292b340370 JavaThread "C2 CompilerThread0"         daemon [_thread_in_native, id=18244, stack(0x0000005e76000000,0x0000005e76100000) (1024K)]
  0x000002292b341120 JavaThread "C1 CompilerThread0"         daemon [_thread_in_native, id=24528, stack(0x0000005e76100000,0x0000005e76200000) (1024K)]
  0x0000022972254570 JavaThread "Common-Cleaner"             daemon [_thread_blocked, id=28564, stack(0x0000005e76300000,0x0000005e76400000) (1024K)]
  0x0000022972305110 JavaThread "Notification Thread"        daemon [_thread_blocked, id=32556, stack(0x0000005e76400000,0x0000005e76500000) (1024K)]
  0x00000229728852d0 JavaThread "Active Thread: Equinox Container: 2e98a20b-b00d-427a-88ca-ddb6c18cc4d4"        [_thread_blocked, id=1884, stack(0x0000005e76500000,0x0000005e76600000) (1024K)]
  0x0000022972ed5ed0 JavaThread "Framework Event Dispatcher: Equinox Container: 2e98a20b-b00d-427a-88ca-ddb6c18cc4d4" daemon [_thread_blocked, id=3432, stack(0x0000005e76c00000,0x0000005e76d00000) (1024K)]
  0x0000022972924520 JavaThread "Start Level: Equinox Container: 2e98a20b-b00d-427a-88ca-ddb6c18cc4d4" daemon [_thread_blocked, id=11472, stack(0x0000005e76d00000,0x0000005e76e00000) (1024K)]
  0x000002297293deb0 JavaThread "SCR Component Actor"        daemon [_thread_blocked, id=18128, stack(0x0000005e76200000,0x0000005e76300000) (1024K)]
  0x0000022972f73a90 JavaThread "Worker-JM"                         [_thread_blocked, id=21596, stack(0x0000005e77000000,0x0000005e77100000) (1024K)]
  0x00000229730adf40 JavaThread "JNA Cleaner"                daemon [_thread_blocked, id=15568, stack(0x0000005e76f00000,0x0000005e77000000) (1024K)]
  0x00000229730ce520 JavaThread "Worker-0"                          [_thread_blocked, id=13620, stack(0x0000005e77100000,0x0000005e77200000) (1024K)]
  0x00000229731d2c60 JavaThread "Worker-1"                          [_thread_blocked, id=3344, stack(0x0000005e77200000,0x0000005e77300000) (1024K)]
  0x00000229731d0500 JavaThread "Thread-1"                   daemon [_thread_in_native, id=25364, stack(0x0000005e77400000,0x0000005e77500000) (1024K)]
  0x00000229731d1f40 JavaThread "Thread-2"                   daemon [_thread_in_native, id=15696, stack(0x0000005e77500000,0x0000005e77600000) (1024K)]
  0x00000229731d25d0 JavaThread "Thread-3"                   daemon [_thread_in_native, id=25388, stack(0x0000005e77600000,0x0000005e77700000) (1024K)]
  0x00000229731cfe70 JavaThread "Thread-4"                   daemon [_thread_in_native, id=28280, stack(0x0000005e77700000,0x0000005e77800000) (1024K)]
  0x00000229731d32f0 JavaThread "Thread-5"                   daemon [_thread_in_native, id=13700, stack(0x0000005e77800000,0x0000005e77900000) (1024K)]
  0x00000229731d0b90 JavaThread "Thread-6"                   daemon [_thread_in_native, id=19260, stack(0x0000005e77900000,0x0000005e77a00000) (1024K)]
  0x00000229731d1220 JavaThread "Thread-7"                   daemon [_thread_in_native, id=29088, stack(0x0000005e77a00000,0x0000005e77b00000) (1024K)]
  0x00000229731d18b0 JavaThread "Thread-8"                   daemon [_thread_in_native, id=7132, stack(0x0000005e77b00000,0x0000005e77c00000) (1024K)]
  0x000002297331d0a0 JavaThread "Thread-9"                   daemon [_thread_in_native, id=13612, stack(0x0000005e77c00000,0x0000005e77d00000) (1024K)]
  0x000002297331ca10 JavaThread "pool-2-thread-1"                   [_thread_blocked, id=1376, stack(0x0000005e77d00000,0x0000005e77e00000) (1024K)]
  0x000002297331f800 JavaThread "Worker-2"                          [_thread_blocked, id=30744, stack(0x0000005e77e00000,0x0000005e77f00000) (1024K)]
  0x000002297331eae0 JavaThread "WorkspaceEventsHandler"            [_thread_blocked, id=7500, stack(0x0000005e77f00000,0x0000005e78000000) (1024K)]
  0x00000229733218d0 JavaThread "pool-1-thread-1"                   [_thread_in_Java, id=31152, stack(0x0000005e78000000,0x0000005e78100000) (1024K)]
  0x0000022973323310 JavaThread "ForkJoinPool.commonPool-worker-1" daemon [_thread_blocked, id=22056, stack(0x0000005e77300000,0x0000005e77400000) (1024K)]
  0x000002297331f170 JavaThread "ForkJoinPool.commonPool-worker-2" daemon [_thread_blocked, id=30468, stack(0x0000005e78100000,0x0000005e78200000) (1024K)]
=>0x0000022974743840 JavaThread "C2 CompilerThread1"         daemon [_thread_in_native, id=20460, stack(0x0000005e78200000,0x0000005e78300000) (1024K)]
  0x0000022973894b00 JavaThread "C2 CompilerThread2"         daemon [_thread_in_native, id=19744, stack(0x0000005e78300000,0x0000005e78400000) (1024K)]
Total: 36

Other Threads:
  0x000002291498e900 VMThread "VM Thread"                           [id=16664, stack(0x0000005e75900000,0x0000005e75a00000) (1024K)]
  0x000002292b201920 WatcherThread "VM Periodic Task Thread"        [id=30352, stack(0x0000005e75800000,0x0000005e75900000) (1024K)]
  0x00000229148d7680 WorkerThread "GC Thread#0"                     [id=21848, stack(0x0000005e75700000,0x0000005e75800000) (1024K)]
  0x00000229727a3a50 WorkerThread "GC Thread#1"                     [id=7312, stack(0x0000005e76600000,0x0000005e76700000) (1024K)]
  0x000002297289eb70 WorkerThread "GC Thread#2"                     [id=3940, stack(0x0000005e76700000,0x0000005e76800000) (1024K)]
  0x00000229728aed40 WorkerThread "GC Thread#3"                     [id=22492, stack(0x0000005e76800000,0x0000005e76900000) (1024K)]
  0x00000229728af0f0 WorkerThread "GC Thread#4"                     [id=6172, stack(0x0000005e76900000,0x0000005e76a00000) (1024K)]
  0x00000229728af4a0 WorkerThread "GC Thread#5"                     [id=11064, stack(0x0000005e76a00000,0x0000005e76b00000) (1024K)]
  0x00000229727c6210 WorkerThread "GC Thread#6"                     [id=3800, stack(0x0000005e76b00000,0x0000005e76c00000) (1024K)]
  0x0000022972c966c0 WorkerThread "GC Thread#7"                     [id=22220, stack(0x0000005e76e00000,0x0000005e76f00000) (1024K)]
Total: 10

Threads with active compile tasks:
C2 CompilerThread0  9093 4131       4       org.eclipse.osgi.internal.loader.BundleLoader::addExportedProvidersFor (167 bytes)
C2 CompilerThread1  9093 4373   !   4       org.eclipse.jdt.internal.core.util.DeduplicationUtil::intern (149 bytes)
C2 CompilerThread2  9093 4337       4       jdk.internal.jimage.ImageReader$SharedImageReader::visitLocation (73 bytes)
Total: 3

VM state: not at safepoint (normal execution)

VM Mutex/Monitor currently owned by a thread: None

Heap address: 0x0000000080000000, size: 2048 MB, Compressed Oops mode: 32-bit

CDS archive(s) mapped at: [0x000002292c000000-0x000002292cba0000-0x000002292cba0000), size 12189696, SharedBaseAddress: 0x000002292c000000, ArchiveRelocationMode: 1.
Compressed class space mapped at: 0x000002292d000000-0x000002296d000000, reserved size: 1073741824
Narrow klass base: 0x000002292c000000, Narrow klass shift: 0, Narrow klass range: 0x100000000

GC Precious Log:
 CardTable entry size: 512
 CPUs: 8 total, 8 available
 Memory: 16122M
 Large Page Support: Disabled
 NUMA Support: Disabled
 Compressed Oops: Enabled (32-bit)
 Alignments: Space 512K, Generation 512K, Heap 2M
 Heap Min Capacity: 100M
 Heap Initial Capacity: 100M
 Heap Max Capacity: 2G
 Pre-touch: Disabled
 Parallel Workers: 8

Heap:
 PSYoungGen      total 23552K, used 20416K [0x00000000d5580000, 0x00000000d6f00000, 0x0000000100000000)
  eden space 20992K, 87% used [0x00000000d5580000,0x00000000d67580b8,0x00000000d6a00000)
  from space 2560K, 83% used [0x00000000d6a00000,0x00000000d6c18010,0x00000000d6c80000)
  to   space 2560K, 0% used [0x00000000d6c80000,0x00000000d6c80000,0x00000000d6f00000)
 ParOldGen       total 68608K, used 24509K [0x0000000080000000, 0x0000000084300000, 0x00000000d5580000)
  object space 68608K, 35% used [0x0000000080000000,0x00000000817ef718,0x0000000084300000)
 Metaspace       used 32443K, committed 33408K, reserved 1114112K
  class space    used 3285K, committed 3712K, reserved 1048576K

Card table byte_map: [0x00000229142a0000,0x00000229146b0000] _byte_map_base: 0x0000022913ea0000

Marking Bits: (ParMarkBitMap*) 0x00007ffd5c2a3450
 Begin Bits: [0x0000022926d80000, 0x0000022928d80000)
 End Bits:   [0x0000022928d80000, 0x000002292ad80000)

Polling page: 0x0000022914090000

Metaspace:

Usage:
  Non-class:     28.47 MB used.
      Class:      3.21 MB used.
       Both:     31.68 MB used.

Virtual space:
  Non-class space:       64.00 MB reserved,      29.00 MB ( 45%) committed,  1 nodes.
      Class space:        1.00 GB reserved,       3.62 MB ( <1%) committed,  1 nodes.
             Both:        1.06 GB reserved,      32.62 MB (  3%) committed. 

Chunk freelists:
   Non-Class:  3.02 MB
       Class:  12.33 MB
        Both:  15.34 MB

MaxMetaspaceSize: unlimited
CompressedClassSpaceSize: 1.00 GB
Initial GC threshold: 21.00 MB
Current GC threshold: 35.00 MB
CDS: on
 - commit_granule_bytes: 65536.
 - commit_granule_words: 8192.
 - virtual_space_node_default_size: 8388608.
 - enlarge_chunks_in_place: 1.
 - use_allocation_guard: 0.


Internal statistics:

num_allocs_failed_limit: 3.
num_arena_births: 716.
num_arena_deaths: 14.
num_vsnodes_births: 2.
num_vsnodes_deaths: 0.
num_space_committed: 522.
num_space_uncommitted: 0.
num_chunks_returned_to_freelist: 17.
num_chunks_taken_from_freelist: 2015.
num_chunk_merges: 9.
num_chunk_splits: 1299.
num_chunks_enlarged: 821.
num_inconsistent_stats: 0.

CodeHeap 'non-profiled nmethods': size=120000Kb used=2363Kb max_used=2363Kb free=117636Kb
 bounds [0x000002291f5a0000, 0x000002291f810000, 0x0000022926ad0000]
CodeHeap 'profiled nmethods': size=120000Kb used=8576Kb max_used=8576Kb free=111423Kb
 bounds [0x0000022917ad0000, 0x0000022918340000, 0x000002291f000000]
CodeHeap 'non-nmethods': size=5760Kb used=1364Kb max_used=1405Kb free=4395Kb
 bounds [0x000002291f000000, 0x000002291f270000, 0x000002291f5a0000]
CodeCache: size=245760Kb, used=12303Kb, max_used=12344Kb, free=233454Kb
 total_blobs=5031, nmethods=4381, adapters=556, full_count=0
Compilation: enabled, stopped_count=0, restarted_count=0

Compilation events (20 events):
Event: 8.973 Thread 0x0000022974743840 nmethod 4371 0x000002291f7ee290 code [0x000002291f7ee440, 0x000002291f7ee678]
Event: 8.975 Thread 0x0000022974743840 4372       4       java.util.ArrayList::spliterator (12 bytes)
Event: 8.976 Thread 0x000002292b341120 4375       3       org.eclipse.jdt.internal.core.AbstractClassFile::<init> (11 bytes)
Event: 8.977 Thread 0x0000022974743840 nmethod 4372 0x000002291f7ee890 code [0x000002291f7eea20, 0x000002291f7eeb20]
Event: 8.977 Thread 0x0000022974743840 4373   !   4       org.eclipse.jdt.internal.core.util.DeduplicationUtil::intern (149 bytes)
Event: 8.977 Thread 0x000002292b341120 nmethod 4375 0x000002291830f990 code [0x000002291830fb60, 0x000002291830ff20]
Event: 8.977 Thread 0x000002292b341120 4376       3       org.eclipse.jdt.internal.core.JavaElement::getHandleMemento (27 bytes)
Event: 8.977 Thread 0x000002292b341120 nmethod 4376 0x0000022918310090 code [0x00000229183102a0, 0x0000022918310820]
Event: 8.977 Thread 0x000002292b341120 4377   !   3       org.eclipse.jdt.internal.core.JarPackageFragmentRoot::getClassFilePath (48 bytes)
Event: 8.978 Thread 0x000002292b341120 nmethod 4377 0x0000022918310a10 code [0x0000022918310c40, 0x0000022918311398]
Event: 8.991 Thread 0x000002292b341120 4378       3       org.eclipse.jdt.internal.core.ModularClassFile::<init> (8 bytes)
Event: 8.992 Thread 0x000002292b341120 nmethod 4378 0x0000022918311690 code [0x0000022918311860, 0x0000022918311c98]
Event: 8.992 Thread 0x000002292b341120 4380   !   3       org.eclipse.jdt.internal.core.PackageFragmentRoot::getHandleMemento (219 bytes)
Event: 8.995 Thread 0x000002292b341120 nmethod 4380 0x0000022918311e90 code [0x0000022918312360, 0x0000022918314d20]
Event: 8.995 Thread 0x000002292b341120 4381   !   3       org.eclipse.jdt.internal.compiler.classfmt.ClassFileReader::<init> (1968 bytes)
Event: 9.008 Thread 0x000002292b341120 nmethod 4381 0x0000022918315c10 code [0x0000022918316640, 0x000002291831e568]
Event: 9.008 Thread 0x000002292b341120 4379       1       org.eclipse.jdt.internal.core.OpenableElementInfo::setNonJavaResources (6 bytes)
Event: 9.009 Thread 0x000002292b341120 nmethod 4379 0x000002291f7eec10 code [0x000002291f7eeda0, 0x000002291f7eee80]
Event: 9.017 Thread 0x000002292b341120 4383       3       java.util.Arrays$ArrayItr::<init> (10 bytes)
Event: 9.017 Thread 0x000002292b341120 nmethod 4383 0x0000022918324090 code [0x0000022918324240, 0x00000229183243c8]

GC Heap History (20 events):
Event: 4.689 GC heap before
{Heap before GC invocations=7 (full 1):
 PSYoungGen      total 29696K, used 4503K [0x00000000d5580000, 0x00000000d7780000, 0x0000000100000000)
  eden space 25088K, 0% used [0x00000000d5580000,0x00000000d5580000,0x00000000d6e00000)
  from space 4608K, 97% used [0x00000000d7300000,0x00000000d7765e80,0x00000000d7780000)
  to   space 4608K, 0% used [0x00000000d6e80000,0x00000000d6e80000,0x00000000d7300000)
 ParOldGen       total 68608K, used 4883K [0x0000000080000000, 0x0000000084300000, 0x00000000d5580000)
  object space 68608K, 7% used [0x0000000080000000,0x00000000804c4e90,0x0000000084300000)
 Metaspace       used 20890K, committed 21504K, reserved 1114112K
  class space    used 2059K, committed 2368K, reserved 1048576K
}
Event: 4.723 GC heap after
{Heap after GC invocations=7 (full 1):
 PSYoungGen      total 29696K, used 0K [0x00000000d5580000, 0x00000000d7780000, 0x0000000100000000)
  eden space 25088K, 0% used [0x00000000d5580000,0x00000000d5580000,0x00000000d6e00000)
  from space 4608K, 0% used [0x00000000d7300000,0x00000000d7300000,0x00000000d7780000)
  to   space 4608K, 0% used [0x00000000d6e80000,0x00000000d6e80000,0x00000000d7300000)
 ParOldGen       total 68608K, used 8901K [0x0000000080000000, 0x0000000084300000, 0x00000000d5580000)
  object space 68608K, 12% used [0x0000000080000000,0x00000000808b1608,0x0000000084300000)
 Metaspace       used 20877K, committed 21504K, reserved 1114112K
  class space    used 2055K, committed 2368K, reserved 1048576K
}
Event: 5.226 GC heap before
{Heap before GC invocations=8 (full 1):
 PSYoungGen      total 29696K, used 25088K [0x00000000d5580000, 0x00000000d7780000, 0x0000000100000000)
  eden space 25088K, 100% used [0x00000000d5580000,0x00000000d6e00000,0x00000000d6e00000)
  from space 4608K, 0% used [0x00000000d7300000,0x00000000d7300000,0x00000000d7780000)
  to   space 4608K, 0% used [0x00000000d6e80000,0x00000000d6e80000,0x00000000d7300000)
 ParOldGen       total 68608K, used 8901K [0x0000000080000000, 0x0000000084300000, 0x00000000d5580000)
  object space 68608K, 12% used [0x0000000080000000,0x00000000808b1608,0x0000000084300000)
 Metaspace       used 23070K, committed 23744K, reserved 1114112K
  class space    used 2242K, committed 2560K, reserved 1048576K
}
Event: 5.228 GC heap after
{Heap after GC invocations=8 (full 1):
 PSYoungGen      total 27136K, used 2323K [0x00000000d5580000, 0x00000000d7480000, 0x0000000100000000)
  eden space 24576K, 0% used [0x00000000d5580000,0x00000000d5580000,0x00000000d6d80000)
  from space 2560K, 90% used [0x00000000d6e80000,0x00000000d70c4cf0,0x00000000d7100000)
  to   space 3584K, 0% used [0x00000000d7100000,0x00000000d7100000,0x00000000d7480000)
 ParOldGen       total 68608K, used 8909K [0x0000000080000000, 0x0000000084300000, 0x00000000d5580000)
  object space 68608K, 12% used [0x0000000080000000,0x00000000808b3608,0x0000000084300000)
 Metaspace       used 23070K, committed 23744K, reserved 1114112K
  class space    used 2242K, committed 2560K, reserved 1048576K
}
Event: 6.100 GC heap before
{Heap before GC invocations=9 (full 1):
 PSYoungGen      total 27136K, used 26899K [0x00000000d5580000, 0x00000000d7480000, 0x0000000100000000)
  eden space 24576K, 100% used [0x00000000d5580000,0x00000000d6d80000,0x00000000d6d80000)
  from space 2560K, 90% used [0x00000000d6e80000,0x00000000d70c4cf0,0x00000000d7100000)
  to   space 3584K, 0% used [0x00000000d7100000,0x00000000d7100000,0x00000000d7480000)
 ParOldGen       total 68608K, used 8909K [0x0000000080000000, 0x0000000084300000, 0x00000000d5580000)
  object space 68608K, 12% used [0x0000000080000000,0x00000000808b3608,0x0000000084300000)
 Metaspace       used 26728K, committed 27520K, reserved 1114112K
  class space    used 2654K, committed 3008K, reserved 1048576K
}
Event: 6.104 GC heap after
{Heap after GC invocations=9 (full 1):
 PSYoungGen      total 26624K, used 3557K [0x00000000d5580000, 0x00000000d7700000, 0x0000000100000000)
  eden space 23040K, 0% used [0x00000000d5580000,0x00000000d5580000,0x00000000d6c00000)
  from space 3584K, 99% used [0x00000000d7100000,0x00000000d74797e0,0x00000000d7480000)
  to   space 5120K, 0% used [0x00000000d6c00000,0x00000000d6c00000,0x00000000d7100000)
 ParOldGen       total 68608K, used 9762K [0x0000000080000000, 0x0000000084300000, 0x00000000d5580000)
  object space 68608K, 14% used [0x0000000080000000,0x0000000080988b28,0x0000000084300000)
 Metaspace       used 26728K, committed 27520K, reserved 1114112K
  class space    used 2654K, committed 3008K, reserved 1048576K
}
Event: 6.825 GC heap before
{Heap before GC invocations=10 (full 1):
 PSYoungGen      total 26624K, used 26584K [0x00000000d5580000, 0x00000000d7700000, 0x0000000100000000)
  eden space 23040K, 99% used [0x00000000d5580000,0x00000000d6bfc970,0x00000000d6c00000)
  from space 3584K, 99% used [0x00000000d7100000,0x00000000d74797e0,0x00000000d7480000)
  to   space 5120K, 0% used [0x00000000d6c00000,0x00000000d6c00000,0x00000000d7100000)
 ParOldGen       total 68608K, used 9762K [0x0000000080000000, 0x0000000084300000, 0x00000000d5580000)
  object space 68608K, 14% used [0x0000000080000000,0x0000000080988b28,0x0000000084300000)
 Metaspace       used 29634K, committed 30528K, reserved 1114112K
  class space    used 2985K, committed 3328K, reserved 1048576K
}
Event: 6.829 GC heap after
{Heap after GC invocations=10 (full 1):
 PSYoungGen      total 27648K, used 4980K [0x00000000d5580000, 0x00000000d7680000, 0x0000000100000000)
  eden space 22528K, 0% used [0x00000000d5580000,0x00000000d5580000,0x00000000d6b80000)
  from space 5120K, 97% used [0x00000000d6c00000,0x00000000d70dd008,0x00000000d7100000)
  to   space 5632K, 0% used [0x00000000d7100000,0x00000000d7100000,0x00000000d7680000)
 ParOldGen       total 68608K, used 9770K [0x0000000080000000, 0x0000000084300000, 0x00000000d5580000)
  object space 68608K, 14% used [0x0000000080000000,0x000000008098ab28,0x0000000084300000)
 Metaspace       used 29634K, committed 30528K, reserved 1114112K
  class space    used 2985K, committed 3328K, reserved 1048576K
}
Event: 8.051 GC heap before
{Heap before GC invocations=11 (full 1):
 PSYoungGen      total 27648K, used 27508K [0x00000000d5580000, 0x00000000d7680000, 0x0000000100000000)
  eden space 22528K, 100% used [0x00000000d5580000,0x00000000d6b80000,0x00000000d6b80000)
  from space 5120K, 97% used [0x00000000d6c00000,0x00000000d70dd008,0x00000000d7100000)
  to   space 5632K, 0% used [0x00000000d7100000,0x00000000d7100000,0x00000000d7680000)
 ParOldGen       total 68608K, used 9770K [0x0000000080000000, 0x0000000084300000, 0x00000000d5580000)
  object space 68608K, 14% used [0x0000000080000000,0x000000008098ab28,0x0000000084300000)
 Metaspace       used 31775K, committed 32768K, reserved 1114112K
  class space    used 3211K, committed 3648K, reserved 1048576K
}
Event: 8.057 GC heap after
{Heap after GC invocations=11 (full 1):
 PSYoungGen      total 25600K, used 3150K [0x00000000d5580000, 0x00000000d7480000, 0x0000000100000000)
  eden space 22016K, 0% used [0x00000000d5580000,0x00000000d5580000,0x00000000d6b00000)
  from space 3584K, 87% used [0x00000000d7100000,0x00000000d7413858,0x00000000d7480000)
  to   space 4096K, 0% used [0x00000000d6c80000,0x00000000d6c80000,0x00000000d7080000)
 ParOldGen       total 68608K, used 13224K [0x0000000080000000, 0x0000000084300000, 0x00000000d5580000)
  object space 68608K, 19% used [0x0000000080000000,0x0000000080cea370,0x0000000084300000)
 Metaspace       used 31775K, committed 32768K, reserved 1114112K
  class space    used 3211K, committed 3648K, reserved 1048576K
}
Event: 8.232 GC heap before
{Heap before GC invocations=12 (full 1):
 PSYoungGen      total 25600K, used 25166K [0x00000000d5580000, 0x00000000d7480000, 0x0000000100000000)
  eden space 22016K, 100% used [0x00000000d5580000,0x00000000d6b00000,0x00000000d6b00000)
  from space 3584K, 87% used [0x00000000d7100000,0x00000000d7413858,0x00000000d7480000)
  to   space 4096K, 0% used [0x00000000d6c80000,0x00000000d6c80000,0x00000000d7080000)
 ParOldGen       total 68608K, used 13224K [0x0000000080000000, 0x0000000084300000, 0x00000000d5580000)
  object space 68608K, 19% used [0x0000000080000000,0x0000000080cea370,0x0000000084300000)
 Metaspace       used 31777K, committed 32768K, reserved 1114112K
  class space    used 3211K, committed 3648K, reserved 1048576K
}
Event: 8.238 GC heap after
{Heap after GC invocations=12 (full 1):
 PSYoungGen      total 24064K, used 2016K [0x00000000d5580000, 0x00000000d7180000, 0x0000000100000000)
  eden space 22016K, 0% used [0x00000000d5580000,0x00000000d5580000,0x00000000d6b00000)
  from space 2048K, 98% used [0x00000000d6c80000,0x00000000d6e78010,0x00000000d6e80000)
  to   space 2560K, 0% used [0x00000000d6f00000,0x00000000d6f00000,0x00000000d7180000)
 ParOldGen       total 68608K, used 16217K [0x0000000080000000, 0x0000000084300000, 0x00000000d5580000)
  object space 68608K, 23% used [0x0000000080000000,0x0000000080fd6590,0x0000000084300000)
 Metaspace       used 31777K, committed 32768K, reserved 1114112K
  class space    used 3211K, committed 3648K, reserved 1048576K
}
Event: 8.441 GC heap before
{Heap before GC invocations=13 (full 1):
 PSYoungGen      total 24064K, used 24032K [0x00000000d5580000, 0x00000000d7180000, 0x0000000100000000)
  eden space 22016K, 100% used [0x00000000d5580000,0x00000000d6b00000,0x00000000d6b00000)
  from space 2048K, 98% used [0x00000000d6c80000,0x00000000d6e78010,0x00000000d6e80000)
  to   space 2560K, 0% used [0x00000000d6f00000,0x00000000d6f00000,0x00000000d7180000)
 ParOldGen       total 68608K, used 16217K [0x0000000080000000, 0x0000000084300000, 0x00000000d5580000)
  object space 68608K, 23% used [0x0000000080000000,0x0000000080fd6590,0x0000000084300000)
 Metaspace       used 32213K, committed 33216K, reserved 1114112K
  class space    used 3280K, committed 3712K, reserved 1048576K
}
Event: 8.448 GC heap after
{Heap after GC invocations=13 (full 1):
 PSYoungGen      total 23552K, used 2530K [0x00000000d5580000, 0x00000000d7500000, 0x0000000100000000)
  eden space 20992K, 0% used [0x00000000d5580000,0x00000000d5580000,0x00000000d6a00000)
  from space 2560K, 98% used [0x00000000d6f00000,0x00000000d7178860,0x00000000d7180000)
  to   space 5120K, 0% used [0x00000000d6a00000,0x00000000d6a00000,0x00000000d6f00000)
 ParOldGen       total 68608K, used 18153K [0x0000000080000000, 0x0000000084300000, 0x00000000d5580000)
  object space 68608K, 26% used [0x0000000080000000,0x00000000811ba590,0x0000000084300000)
 Metaspace       used 32213K, committed 33216K, reserved 1114112K
  class space    used 3280K, committed 3712K, reserved 1048576K
}
Event: 8.575 GC heap before
{Heap before GC invocations=14 (full 1):
 PSYoungGen      total 23552K, used 23522K [0x00000000d5580000, 0x00000000d7500000, 0x0000000100000000)
  eden space 20992K, 100% used [0x00000000d5580000,0x00000000d6a00000,0x00000000d6a00000)
  from space 2560K, 98% used [0x00000000d6f00000,0x00000000d7178860,0x00000000d7180000)
  to   space 5120K, 0% used [0x00000000d6a00000,0x00000000d6a00000,0x00000000d6f00000)
 ParOldGen       total 68608K, used 18153K [0x0000000080000000, 0x0000000084300000, 0x00000000d5580000)
  object space 68608K, 26% used [0x0000000080000000,0x00000000811ba590,0x0000000084300000)
 Metaspace       used 32230K, committed 33216K, reserved 1114112K
  class space    used 3281K, committed 3712K, reserved 1048576K
}
Event: 8.584 GC heap after
{Heap after GC invocations=14 (full 1):
 PSYoungGen      total 23552K, used 2080K [0x00000000d5580000, 0x00000000d7000000, 0x0000000100000000)
  eden space 20992K, 0% used [0x00000000d5580000,0x00000000d5580000,0x00000000d6a00000)
  from space 2560K, 81% used [0x00000000d6a00000,0x00000000d6c08000,0x00000000d6c80000)
  to   space 3072K, 0% used [0x00000000d6d00000,0x00000000d6d00000,0x00000000d7000000)
 ParOldGen       total 68608K, used 20587K [0x0000000080000000, 0x0000000084300000, 0x00000000d5580000)
  object space 68608K, 30% used [0x0000000080000000,0x000000008141ae20,0x0000000084300000)
 Metaspace       used 32230K, committed 33216K, reserved 1114112K
  class space    used 3281K, committed 3712K, reserved 1048576K
}
Event: 8.788 GC heap before
{Heap before GC invocations=15 (full 1):
 PSYoungGen      total 23552K, used 23072K [0x00000000d5580000, 0x00000000d7000000, 0x0000000100000000)
  eden space 20992K, 100% used [0x00000000d5580000,0x00000000d6a00000,0x00000000d6a00000)
  from space 2560K, 81% used [0x00000000d6a00000,0x00000000d6c08000,0x00000000d6c80000)
  to   space 3072K, 0% used [0x00000000d6d00000,0x00000000d6d00000,0x00000000d7000000)
 ParOldGen       total 68608K, used 20587K [0x0000000080000000, 0x0000000084300000, 0x00000000d5580000)
  object space 68608K, 30% used [0x0000000080000000,0x000000008141ae20,0x0000000084300000)
 Metaspace       used 32241K, committed 33216K, reserved 1114112K
  class space    used 3281K, committed 3712K, reserved 1048576K
}
Event: 8.793 GC heap after
{Heap after GC invocations=15 (full 1):
 PSYoungGen      total 23552K, used 2084K [0x00000000d5580000, 0x00000000d6f80000, 0x0000000100000000)
  eden space 20992K, 0% used [0x00000000d5580000,0x00000000d5580000,0x00000000d6a00000)
  from space 2560K, 81% used [0x00000000d6d00000,0x00000000d6f09000,0x00000000d6f80000)
  to   space 2560K, 0% used [0x00000000d6a00000,0x00000000d6a00000,0x00000000d6c80000)
 ParOldGen       total 68608K, used 22521K [0x0000000080000000, 0x0000000084300000, 0x00000000d5580000)
  object space 68608K, 32% used [0x0000000080000000,0x00000000815fe7e8,0x0000000084300000)
 Metaspace       used 32241K, committed 33216K, reserved 1114112K
  class space    used 3281K, committed 3712K, reserved 1048576K
}
Event: 8.932 GC heap before
{Heap before GC invocations=16 (full 1):
 PSYoungGen      total 23552K, used 23076K [0x00000000d5580000, 0x00000000d6f80000, 0x0000000100000000)
  eden space 20992K, 100% used [0x00000000d5580000,0x00000000d6a00000,0x00000000d6a00000)
  from space 2560K, 81% used [0x00000000d6d00000,0x00000000d6f09000,0x00000000d6f80000)
  to   space 2560K, 0% used [0x00000000d6a00000,0x00000000d6a00000,0x00000000d6c80000)
 ParOldGen       total 68608K, used 22521K [0x0000000080000000, 0x0000000084300000, 0x00000000d5580000)
  object space 68608K, 32% used [0x0000000080000000,0x00000000815fe7e8,0x0000000084300000)
 Metaspace       used 32320K, committed 33344K, reserved 1114112K
  class space    used 3284K, committed 3712K, reserved 1048576K
}
Event: 8.936 GC heap after
{Heap after GC invocations=16 (full 1):
 PSYoungGen      total 23552K, used 2144K [0x00000000d5580000, 0x00000000d6f00000, 0x0000000100000000)
  eden space 20992K, 0% used [0x00000000d5580000,0x00000000d5580000,0x00000000d6a00000)
  from space 2560K, 83% used [0x00000000d6a00000,0x00000000d6c18010,0x00000000d6c80000)
  to   space 2560K, 0% used [0x00000000d6c80000,0x00000000d6c80000,0x00000000d6f00000)
 ParOldGen       total 68608K, used 24509K [0x0000000080000000, 0x0000000084300000, 0x00000000d5580000)
  object space 68608K, 35% used [0x0000000080000000,0x00000000817ef718,0x0000000084300000)
 Metaspace       used 32320K, committed 33344K, reserved 1114112K
  class space    used 3284K, committed 3712K, reserved 1048576K
}

Dll operation events (10 events):
Event: 0.010 Loaded shared library c:\Users\DELL\.antigravity\extensions\redhat.java-1.54.0-win32-x64\jre\21.0.10-win32-x86_64\bin\java.dll
Event: 0.073 Loaded shared library c:\Users\DELL\.antigravity\extensions\redhat.java-1.54.0-win32-x64\jre\21.0.10-win32-x86_64\bin\zip.dll
Event: 0.097 Loaded shared library C:\Users\DELL\.antigravity\extensions\redhat.java-1.54.0-win32-x64\jre\21.0.10-win32-x86_64\bin\instrument.dll
Event: 0.102 Loaded shared library C:\Users\DELL\.antigravity\extensions\redhat.java-1.54.0-win32-x64\jre\21.0.10-win32-x86_64\bin\net.dll
Event: 0.105 Loaded shared library C:\Users\DELL\.antigravity\extensions\redhat.java-1.54.0-win32-x64\jre\21.0.10-win32-x86_64\bin\nio.dll
Event: 0.109 Loaded shared library C:\Users\DELL\.antigravity\extensions\redhat.java-1.54.0-win32-x64\jre\21.0.10-win32-x86_64\bin\zip.dll
Event: 0.136 Loaded shared library C:\Users\DELL\.antigravity\extensions\redhat.java-1.54.0-win32-x64\jre\21.0.10-win32-x86_64\bin\jimage.dll
Event: 0.219 Loaded shared library c:\Users\DELL\.antigravity\extensions\redhat.java-1.54.0-win32-x64\jre\21.0.10-win32-x86_64\bin\verify.dll
Event: 2.249 Loaded shared library C:\Users\DELL\AppData\Roaming\Antigravity\User\globalStorage\redhat.java\1.54.0\config_ss_win\org.eclipse.equinox.launcher\org.eclipse.equinox.launcher.win32.win32.x86_64_1.3.0.v20260203-2149\eclipse_11919.dll
Event: 3.930 Loaded shared library C:\Users\DELL\AppData\Local\Temp\jna-2094529\jna5465437233152492060.dll

Deoptimization events (20 events):
Event: 8.298 Thread 0x0000022973323310 Uncommon trap: trap_request=0xffffffec fr.pc=0x000002291f724e8c relative=0x00000000000001cc
Event: 8.298 Thread 0x0000022973323310 Uncommon trap: reason=null_assert_or_unreached0 action=make_not_entrant pc=0x000002291f724e8c method=java.util.concurrent.locks.ReentrantReadWriteLock$Sync.tryAcquireShared(I)I @ 101 c2
Event: 8.298 Thread 0x0000022973323310 DEOPT PACKING pc=0x000002291f724e8c sp=0x0000005e773fcba0
Event: 8.298 Thread 0x0000022973323310 DEOPT UNPACKING pc=0x000002291f056da2 sp=0x0000005e773fcb30 mode 2
Event: 8.302 Thread 0x00000229733218d0 Uncommon trap: trap_request=0xffffff45 fr.pc=0x000002291f653688 relative=0x0000000000000148
Event: 8.302 Thread 0x00000229733218d0 Uncommon trap: reason=unstable_if action=reinterpret pc=0x000002291f653688 method=java.util.concurrent.ConcurrentHashMap.addCount(JI)V @ 7 c2
Event: 8.302 Thread 0x00000229733218d0 DEOPT PACKING pc=0x000002291f653688 sp=0x0000005e780fbb90
Event: 8.302 Thread 0x00000229733218d0 DEOPT UNPACKING pc=0x000002291f056da2 sp=0x0000005e780fbaf0 mode 2
Event: 8.303 Thread 0x0000022973323310 Uncommon trap: trap_request=0xffffff45 fr.pc=0x000002291f69bc70 relative=0x00000000000001f0
Event: 8.303 Thread 0x0000022973323310 Uncommon trap: reason=unstable_if action=reinterpret pc=0x000002291f69bc70 method=java.util.concurrent.locks.ReentrantLock$NonfairSync.initialTryLock()Z @ 25 c2
Event: 8.303 Thread 0x0000022973323310 DEOPT PACKING pc=0x000002291f69bc70 sp=0x0000005e773fc480
Event: 8.303 Thread 0x000002297331f170 Uncommon trap: trap_request=0xffffff45 fr.pc=0x000002291f69970c relative=0x00000000000000ec
Event: 8.303 Thread 0x0000022973323310 DEOPT UNPACKING pc=0x000002291f056da2 sp=0x0000005e773fc2e0 mode 2
Event: 8.303 Thread 0x000002297331f170 Uncommon trap: reason=unstable_if action=reinterpret pc=0x000002291f69970c method=java.util.concurrent.locks.ReentrantLock$NonfairSync.initialTryLock()Z @ 25 c2
Event: 8.303 Thread 0x0000022973323310 Uncommon trap: trap_request=0xffffff45 fr.pc=0x000002291f699b84 relative=0x00000000000000e4
Event: 8.303 Thread 0x000002297331f170 DEOPT PACKING pc=0x000002291f69970c sp=0x0000005e781fc0e0
Event: 8.303 Thread 0x0000022973323310 Uncommon trap: reason=unstable_if action=reinterpret pc=0x000002291f699b84 method=java.util.concurrent.locks.ReentrantLock$NonfairSync.initialTryLock()Z @ 25 c2
Event: 8.303 Thread 0x0000022973323310 DEOPT PACKING pc=0x000002291f699b84 sp=0x0000005e773fc3b0
Event: 8.303 Thread 0x000002297331f170 DEOPT UNPACKING pc=0x000002291f056da2 sp=0x0000005e781fbfa8 mode 2
Event: 8.303 Thread 0x0000022973323310 DEOPT UNPACKING pc=0x000002291f056da2 sp=0x0000005e773fc2d8 mode 2

Classes loaded (20 events):
Event: 7.979 Loading class java/lang/invoke/MethodHandleImpl$Makers$1
Event: 7.979 Loading class java/lang/invoke/MethodHandleImpl$Makers$1 done
Event: 7.979 Loading class java/lang/invoke/MethodHandleImpl$Makers$2
Event: 7.979 Loading class java/lang/invoke/MethodHandleImpl$Makers$2 done
Event: 7.979 Loading class java/lang/invoke/MethodHandleImpl$Makers$3
Event: 7.979 Loading class java/lang/invoke/MethodHandleImpl$Makers$3 done
Event: 7.985 Loading class java/lang/runtime/ObjectMethods$1
Event: 7.985 Loading class java/lang/runtime/ObjectMethods$1 done
Event: 8.276 Loading class java/lang/invoke/MethodHandleImpl$CountingWrapper
Event: 8.281 Loading class java/lang/invoke/MethodHandleImpl$CountingWrapper done
Event: 8.293 Loading class java/util/AbstractList$ListItr
Event: 8.293 Loading class java/util/AbstractList$ListItr done
Event: 8.298 Loading class java/util/concurrent/locks/ReentrantReadWriteLock$Sync$HoldCounter
Event: 8.298 Loading class java/util/concurrent/locks/ReentrantReadWriteLock$Sync$HoldCounter done
Event: 8.305 Loading class java/nio/channels/Channels$ReadableByteChannelImpl
Event: 8.305 Loading class java/nio/channels/Channels$ReadableByteChannelImpl done
Event: 8.306 Loading class java/nio/channels/NonWritableChannelException
Event: 8.306 Loading class java/nio/channels/NonWritableChannelException done
Event: 8.823 Loading class java/lang/invoke/MethodHandleImpl$CountingWrapper$1
Event: 8.823 Loading class java/lang/invoke/MethodHandleImpl$CountingWrapper$1 done

Classes unloaded (7 events):
Event: 4.695 Thread 0x000002291498e900 Unloading class 0x000002292d190c00 'java/lang/invoke/LambdaForm$MH+0x000002292d190c00'
Event: 4.695 Thread 0x000002291498e900 Unloading class 0x000002292d190800 'java/lang/invoke/LambdaForm$MH+0x000002292d190800'
Event: 4.695 Thread 0x000002291498e900 Unloading class 0x000002292d190400 'java/lang/invoke/LambdaForm$MH+0x000002292d190400'
Event: 4.695 Thread 0x000002291498e900 Unloading class 0x000002292d190000 'java/lang/invoke/LambdaForm$MH+0x000002292d190000'
Event: 4.695 Thread 0x000002291498e900 Unloading class 0x000002292d18fc00 'java/lang/invoke/LambdaForm$BMH+0x000002292d18fc00'
Event: 4.695 Thread 0x000002291498e900 Unloading class 0x000002292d18f800 'java/lang/invoke/LambdaForm$DMH+0x000002292d18f800'
Event: 4.695 Thread 0x000002291498e900 Unloading class 0x000002292d18e400 'java/lang/invoke/LambdaForm$DMH+0x000002292d18e400'

Classes redefined (0 events):
No events

Internal exceptions (20 events):
Event: 7.737 Thread 0x0000022973323310 Exception <a 'java/lang/NoSuchMethodError'{0x00000000d5efe398}: 'java.lang.Object java.lang.invoke.DelegatingMethodHandle$Holder.reinvoke_L(java.lang.Object, int, long, java.lang.Object, java.lang.Object, int, java.lang.Object)'> (0x00000000d5efe398) 
thrown [s\src\hotspot\share\interpreter\linkResolver.cpp, line 773]
Event: 7.976 Thread 0x0000022973323310 Exception <a 'java/lang/NoSuchMethodError'{0x00000000d64e0ec0}: 'java.lang.Object java.lang.invoke.DirectMethodHandle$Holder.invokeStaticInit(java.lang.Object, java.lang.Object, java.lang.Object, java.lang.Object, java.lang.Object, java.lang.Object, java.lang.Object)'> (0x00000000d64e0ec0) 
thrown [s\src\hotspot\share\interpreter\linkResolver.cpp, line 773]
Event: 7.976 Thread 0x000002297331f170 Exception <a 'java/lang/NoSuchMethodError'{0x00000000d64d1998}: 'java.lang.Object java.lang.invoke.DirectMethodHandle$Holder.invokeStaticInit(java.lang.Object, java.lang.Object, java.lang.Object, java.lang.Object, java.lang.Object, java.lang.Object, java.lang.Object)'> (0x00000000d64d1998) 
thrown [s\src\hotspot\share\interpreter\linkResolver.cpp, line 773]
Event: 7.977 Thread 0x000002297331f170 Exception <a 'java/lang/NoSuchMethodError'{0x00000000d64eef30}: 'java.lang.Object java.lang.invoke.Invokers$Holder.invoke_MT(java.lang.Object, java.lang.Object, java.lang.Object, java.lang.Object, java.lang.Object, java.lang.Object, java.lang.Object, java.lang.Object, java.lang.Object, java.lang.Object)'> (0x00000000d64eef30) 
thrown [s\src\hotspot\share\interpreter\linkResolver.cpp, line 773]
Event: 7.981 Thread 0x0000022973323310 Exception <a 'java/lang/NoSuchMethodError'{0x00000000d64e5478}: 'java.lang.Object java.lang.invoke.Invokers$Holder.invoke_MT(java.lang.Object, java.lang.Object, java.lang.Object, java.lang.Object, java.lang.Object, java.lang.Object, java.lang.Object, java.lang.Object, java.lang.Object, java.lang.Object)'> (0x00000000d64e5478) 
thrown [s\src\hotspot\share\interpreter\linkResolver.cpp, line 773]
Event: 7.986 Thread 0x00000229733218d0 Exception <a 'java/lang/NoSuchMethodError'{0x00000000d652c140}: 'int java.lang.invoke.DirectMethodHandle$Holder.invokeVirtual(java.lang.Object, java.lang.Object, java.lang.Object)'> (0x00000000d652c140) 
thrown [s\src\hotspot\share\interpreter\linkResolver.cpp, line 773]
Event: 7.986 Thread 0x00000229733218d0 Exception <a 'java/lang/NoSuchMethodError'{0x00000000d6563ac8}: 'int java.lang.invoke.DirectMethodHandle$Holder.invokeStaticInit(java.lang.Object, int, int)'> (0x00000000d6563ac8) 
thrown [s\src\hotspot\share\interpreter\linkResolver.cpp, line 773]
Event: 7.987 Thread 0x00000229733218d0 Exception <a 'java/lang/NoSuchMethodError'{0x00000000d656b270}: 'int java.lang.invoke.DirectMethodHandle$Holder.invokeStaticInit(java.lang.Object, long, long)'> (0x00000000d656b270) 
thrown [s\src\hotspot\share\interpreter\linkResolver.cpp, line 773]
Event: 7.988 Thread 0x00000229733218d0 Exception <a 'java/lang/NoSuchMethodError'{0x00000000d6571fb8}: 'int java.lang.invoke.DirectMethodHandle$Holder.invokeStaticInit(java.lang.Object, float, float)'> (0x00000000d6571fb8) 
thrown [s\src\hotspot\share\interpreter\linkResolver.cpp, line 773]
Event: 7.989 Thread 0x00000229733218d0 Exception <a 'java/lang/NoSuchMethodError'{0x00000000d6578cf8}: 'int java.lang.invoke.DirectMethodHandle$Holder.invokeStaticInit(java.lang.Object, double, double)'> (0x00000000d6578cf8) 
thrown [s\src\hotspot\share\interpreter\linkResolver.cpp, line 773]
Event: 7.989 Thread 0x00000229733218d0 Exception <a 'java/lang/NoSuchMethodError'{0x00000000d657d510}: 'int java.lang.invoke.DirectMethodHandle$Holder.invokeStatic(java.lang.Object, long)'> (0x00000000d657d510) 
thrown [s\src\hotspot\share\interpreter\linkResolver.cpp, line 773]
Event: 7.993 Thread 0x000002297331f170 Exception <a 'java/lang/NoSuchMethodError'{0x00000000d65a51b0}: 'int java.lang.invoke.Invokers$Holder.linkToTargetMethod(java.lang.Object, java.lang.Object)'> (0x00000000d65a51b0) 
thrown [s\src\hotspot\share\interpreter\linkResolver.cpp, line 773]
Event: 7.993 Thread 0x00000229733218d0 Exception <a 'java/lang/NoSuchMethodError'{0x00000000d659c480}: 'int java.lang.invoke.Invokers$Holder.linkToTargetMethod(java.lang.Object, java.lang.Object)'> (0x00000000d659c480) 
thrown [s\src\hotspot\share\interpreter\linkResolver.cpp, line 773]
Event: 8.274 Thread 0x0000022973323310 Exception <a 'java/lang/NoSuchMethodError'{0x00000000d5a1bc28}: 'int java.lang.invoke.DirectMethodHandle$Holder.invokeSpecial(java.lang.Object, java.lang.Object, java.lang.Object, java.lang.Object)'> (0x00000000d5a1bc28) 
thrown [s\src\hotspot\share\interpreter\linkResolver.cpp, line 773]
Event: 8.275 Thread 0x0000022973323310 Exception <a 'java/lang/NoSuchMethodError'{0x00000000d5a29588}: 'java.lang.Object java.lang.invoke.DirectMethodHandle$Holder.invokeStatic(java.lang.Object, int, java.lang.Object, java.lang.Object)'> (0x00000000d5a29588) 
thrown [s\src\hotspot\share\interpreter\linkResolver.cpp, line 773]
Event: 8.276 Thread 0x00000229733218d0 Exception <a 'java/lang/NoSuchMethodError'{0x00000000d5a34598}: 'java.lang.Object java.lang.invoke.DirectMethodHandle$Holder.invokeStatic(java.lang.Object, int, java.lang.Object, java.lang.Object)'> (0x00000000d5a34598) 
thrown [s\src\hotspot\share\interpreter\linkResolver.cpp, line 773]
Event: 8.276 Thread 0x0000022973323310 Exception <a 'java/lang/NoSuchMethodError'{0x00000000d5a2d038}: 'java.lang.Object java.lang.invoke.DelegatingMethodHandle$Holder.delegate(java.lang.Object, int, java.lang.Object, java.lang.Object)'> (0x00000000d5a2d038) 
thrown [s\src\hotspot\share\interpreter\linkResolver.cpp, line 773]
Event: 8.276 Thread 0x00000229733218d0 Exception <a 'java/lang/NoSuchMethodError'{0x00000000d5a37b90}: 'java.lang.Object java.lang.invoke.DelegatingMethodHandle$Holder.delegate(java.lang.Object, int, java.lang.Object, java.lang.Object)'> (0x00000000d5a37b90) 
thrown [s\src\hotspot\share\interpreter\linkResolver.cpp, line 773]
Event: 8.281 Thread 0x00000229733218d0 Implicit null exception at 0x000002291f760576 to 0x000002291f7608ac
Event: 8.284 Thread 0x0000022973323310 Exception <a 'java/lang/NoSuchMethodError'{0x00000000d5a88880}: 'int java.lang.invoke.Invokers$Holder.linkToTargetMethod(java.lang.Object, java.lang.Object, java.lang.Object)'> (0x00000000d5a88880) 
thrown [s\src\hotspot\share\interpreter\linkResolver.cpp, line 773]

ZGC Phase Switch (0 events):
No events

VM Operations (20 events):
Event: 7.651 Executing non-safepoint VM operation: HandshakeAllThreads (Deoptimize)
Event: 7.651 Executing non-safepoint VM operation: HandshakeAllThreads (Deoptimize) done
Event: 7.683 Executing non-safepoint VM operation: HandshakeAllThreads (Deoptimize)
Event: 7.683 Executing non-safepoint VM operation: HandshakeAllThreads (Deoptimize) done
Event: 7.779 Executing non-safepoint VM operation: HandshakeAllThreads (Deoptimize)
Event: 7.779 Executing non-safepoint VM operation: HandshakeAllThreads (Deoptimize) done
Event: 7.780 Executing non-safepoint VM operation: HandshakeAllThreads (Deoptimize)
Event: 7.780 Executing non-safepoint VM operation: HandshakeAllThreads (Deoptimize) done
Event: 8.051 Executing safepoint VM operation: ParallelGCFailedAllocation (Allocation Failure)
Event: 8.057 Executing safepoint VM operation: ParallelGCFailedAllocation (Allocation Failure) done
Event: 8.232 Executing safepoint VM operation: ParallelGCFailedAllocation (Allocation Failure)
Event: 8.238 Executing safepoint VM operation: ParallelGCFailedAllocation (Allocation Failure) done
Event: 8.441 Executing safepoint VM operation: ParallelGCFailedAllocation (Allocation Failure)
Event: 8.448 Executing safepoint VM operation: ParallelGCFailedAllocation (Allocation Failure) done
Event: 8.575 Executing safepoint VM operation: ParallelGCFailedAllocation (Allocation Failure)
Event: 8.584 Executing safepoint VM operation: ParallelGCFailedAllocation (Allocation Failure) done
Event: 8.788 Executing safepoint VM operation: ParallelGCFailedAllocation (Allocation Failure)
Event: 8.793 Executing safepoint VM operation: ParallelGCFailedAllocation (Allocation Failure) done
Event: 8.926 Executing safepoint VM operation: ParallelGCFailedAllocation (Allocation Failure)
Event: 8.936 Executing safepoint VM operation: ParallelGCFailedAllocation (Allocation Failure) done

Memory protections (0 events):
No events

Nmethod flushes (0 events):
No events

Events (20 events):
Event: 5.745 Thread 0x00000229739733e0 Thread exited: 0x00000229739733e0
Event: 5.861 Thread 0x000002292b340370 Thread added: 0x00000229739733e0
Event: 5.879 Thread 0x00000229125b3330 Thread added: 0x00000229731d0500
Event: 5.880 Thread 0x00000229125b3330 Thread added: 0x00000229731d1f40
Event: 5.880 Thread 0x00000229125b3330 Thread added: 0x00000229731d25d0
Event: 5.880 Thread 0x00000229125b3330 Thread added: 0x00000229731cfe70
Event: 5.881 Thread 0x00000229125b3330 Thread added: 0x00000229731d32f0
Event: 5.881 Thread 0x00000229125b3330 Thread added: 0x00000229731d0b90
Event: 5.881 Thread 0x00000229125b3330 Thread added: 0x00000229731d1220
Event: 5.882 Thread 0x00000229125b3330 Thread added: 0x00000229731d18b0
Event: 5.882 Thread 0x00000229125b3330 Thread added: 0x000002297331d0a0
Event: 5.954 Thread 0x00000229125b3330 Thread added: 0x000002297331ca10
Event: 6.355 Thread 0x00000229730ce520 Thread added: 0x000002297331f800
Event: 6.400 Thread 0x00000229125b3330 Thread added: 0x000002297331eae0
Event: 6.435 Thread 0x00000229125b3330 Thread added: 0x00000229733218d0
Event: 6.483 Thread 0x00000229739733e0 Thread exited: 0x00000229739733e0
Event: 7.432 Thread 0x00000229733218d0 Thread added: 0x0000022973323310
Event: 7.442 Thread 0x00000229733218d0 Thread added: 0x000002297331f170
Event: 8.043 Thread 0x000002292b340370 Thread added: 0x0000022974743840
Event: 8.201 Thread 0x000002292b341120 Thread added: 0x0000022973894b00


Dynamic libraries:
0x00007ff679870000 - 0x00007ff67987e000 	c:\Users\DELL\.antigravity\extensions\redhat.java-1.54.0-win32-x64\jre\21.0.10-win32-x86_64\bin\java.exe
0x00007ffdef2e0000 - 0x00007ffdef4e9000 	C:\Windows\SYSTEM32\ntdll.dll
0x00007ffdedcc0000 - 0x00007ffdedd7d000 	C:\Windows\System32\KERNEL32.DLL
0x00007ffdec7e0000 - 0x00007ffdecb64000 	C:\Windows\System32\KERNELBASE.dll
0x00007ffdecbf0000 - 0x00007ffdecd01000 	C:\Windows\System32\ucrtbase.dll
0x00007ffde80f0000 - 0x00007ffde8108000 	c:\Users\DELL\.antigravity\extensions\redhat.java-1.54.0-win32-x64\jre\21.0.10-win32-x86_64\bin\jli.dll
0x00007ffde5db0000 - 0x00007ffde5dce000 	c:\Users\DELL\.antigravity\extensions\redhat.java-1.54.0-win32-x64\jre\21.0.10-win32-x86_64\bin\VCRUNTIME140.dll
0x00007ffdeeab0000 - 0x00007ffdeec5d000 	C:\Windows\System32\USER32.dll
0x00007ffdecdb0000 - 0x00007ffdecdd6000 	C:\Windows\System32\win32u.dll
0x00007ffded1b0000 - 0x00007ffded1da000 	C:\Windows\System32\GDI32.dll
0x00007ffdcc3e0000 - 0x00007ffdcc685000 	C:\Windows\WinSxS\amd64_microsoft.windows.common-controls_6595b64144ccf1df_6.0.22000.120_none_9d947278b86cc467\COMCTL32.dll
0x00007ffdecde0000 - 0x00007ffdecefe000 	C:\Windows\System32\gdi32full.dll
0x00007ffdeed90000 - 0x00007ffdeee33000 	C:\Windows\System32\msvcrt.dll
0x00007ffdecd10000 - 0x00007ffdecdad000 	C:\Windows\System32\msvcp_win.dll
0x00007ffdeea70000 - 0x00007ffdeeaa1000 	C:\Windows\System32\IMM32.DLL
0x00007ffde9030000 - 0x00007ffde903c000 	c:\Users\DELL\.antigravity\extensions\redhat.java-1.54.0-win32-x64\jre\21.0.10-win32-x86_64\bin\vcruntime140_1.dll
0x00007ffdd56a0000 - 0x00007ffdd572d000 	c:\Users\DELL\.antigravity\extensions\redhat.java-1.54.0-win32-x64\jre\21.0.10-win32-x86_64\bin\msvcp140.dll
0x00007ffd5b5e0000 - 0x00007ffd5c381000 	c:\Users\DELL\.antigravity\extensions\redhat.java-1.54.0-win32-x64\jre\21.0.10-win32-x86_64\bin\server\jvm.dll
0x00007ffdeee40000 - 0x00007ffdeeeee000 	C:\Windows\System32\ADVAPI32.dll
0x00007ffdedc10000 - 0x00007ffdedcae000 	C:\Windows\System32\sechost.dll
0x00007ffdedae0000 - 0x00007ffdedc01000 	C:\Windows\System32\RPCRT4.dll
0x00007ffded130000 - 0x00007ffded19f000 	C:\Windows\System32\WS2_32.dll
0x00007ffdeb060000 - 0x00007ffdeb0ad000 	C:\Windows\SYSTEM32\POWRPROF.dll
0x00007ffdea420000 - 0x00007ffdea453000 	C:\Windows\SYSTEM32\WINMM.dll
0x00007ffde68d0000 - 0x00007ffde68da000 	C:\Windows\SYSTEM32\VERSION.dll
0x00007ffdeb190000 - 0x00007ffdeb1a3000 	C:\Windows\SYSTEM32\UMPDC.dll
0x00007ffdeb8d0000 - 0x00007ffdeb8e8000 	C:\Windows\SYSTEM32\kernel.appcore.dll
0x00007ffde8070000 - 0x00007ffde807a000 	c:\Users\DELL\.antigravity\extensions\redhat.java-1.54.0-win32-x64\jre\21.0.10-win32-x86_64\bin\jimage.dll
0x00007ffdea160000 - 0x00007ffdea381000 	C:\Windows\SYSTEM32\DBGHELP.DLL
0x00007ffdea3e0000 - 0x00007ffdea411000 	C:\Windows\SYSTEM32\dbgcore.DLL
0x00007ffdecb70000 - 0x00007ffdecbef000 	C:\Windows\System32\bcryptPrimitives.dll
0x00007ffde70a0000 - 0x00007ffde70af000 	c:\Users\DELL\.antigravity\extensions\redhat.java-1.54.0-win32-x64\jre\21.0.10-win32-x86_64\bin\instrument.dll
0x00007ffde2900000 - 0x00007ffde2920000 	c:\Users\DELL\.antigravity\extensions\redhat.java-1.54.0-win32-x64\jre\21.0.10-win32-x86_64\bin\java.dll
0x00007ffdedd80000 - 0x00007ffdee545000 	C:\Windows\System32\SHELL32.dll
0x00007ffdea7e0000 - 0x00007ffdeb042000 	C:\Windows\SYSTEM32\windows.storage.dll
0x00007ffded2e0000 - 0x00007ffded656000 	C:\Windows\System32\combase.dll
0x00007ffdea670000 - 0x00007ffdea7d7000 	C:\Windows\SYSTEM32\wintypes.dll
0x00007ffdee660000 - 0x00007ffdee74a000 	C:\Windows\System32\SHCORE.dll
0x00007ffdef240000 - 0x00007ffdef29d000 	C:\Windows\System32\shlwapi.dll
0x00007ffdec6a0000 - 0x00007ffdec6c5000 	C:\Windows\SYSTEM32\profapi.dll
0x00007ffde2740000 - 0x00007ffde2758000 	c:\Users\DELL\.antigravity\extensions\redhat.java-1.54.0-win32-x64\jre\21.0.10-win32-x86_64\bin\zip.dll
0x00007ffde67d0000 - 0x00007ffde67e0000 	C:\Users\DELL\.antigravity\extensions\redhat.java-1.54.0-win32-x64\jre\21.0.10-win32-x86_64\bin\net.dll
0x00007ffde7460000 - 0x00007ffde7574000 	C:\Windows\SYSTEM32\WINHTTP.dll
0x00007ffdebd80000 - 0x00007ffdebde7000 	C:\Windows\system32\mswsock.dll
0x00007ffddf720000 - 0x00007ffddf736000 	C:\Users\DELL\.antigravity\extensions\redhat.java-1.54.0-win32-x64\jre\21.0.10-win32-x86_64\bin\nio.dll
0x00007ffde60c0000 - 0x00007ffde60d0000 	c:\Users\DELL\.antigravity\extensions\redhat.java-1.54.0-win32-x64\jre\21.0.10-win32-x86_64\bin\verify.dll
0x00007ffdd5650000 - 0x00007ffdd5695000 	C:\Users\DELL\AppData\Roaming\Antigravity\User\globalStorage\redhat.java\1.54.0\config_ss_win\org.eclipse.equinox.launcher\org.eclipse.equinox.launcher.win32.win32.x86_64_1.3.0.v20260203-2149\eclipse_11919.dll
0x00007ffdee8d0000 - 0x00007ffdeea6a000 	C:\Windows\System32\ole32.dll
0x00007ffdebfc0000 - 0x00007ffdebfd8000 	C:\Windows\SYSTEM32\CRYPTSP.dll
0x00007ffdeb830000 - 0x00007ffdeb865000 	C:\Windows\system32\rsaenh.dll
0x00007ffdebe70000 - 0x00007ffdebe9c000 	C:\Windows\SYSTEM32\USERENV.dll
0x00007ffdec140000 - 0x00007ffdec167000 	C:\Windows\SYSTEM32\bcrypt.dll
0x00007ffdebfe0000 - 0x00007ffdebfec000 	C:\Windows\SYSTEM32\CRYPTBASE.dll
0x00007ffdeb300000 - 0x00007ffdeb32d000 	C:\Windows\SYSTEM32\IPHLPAPI.DLL
0x00007ffdedcb0000 - 0x00007ffdedcb9000 	C:\Windows\System32\NSI.dll
0x00007ffdd4760000 - 0x00007ffdd47a9000 	C:\Users\DELL\AppData\Local\Temp\jna-2094529\jna5465437233152492060.dll
0x00007ffdeed80000 - 0x00007ffdeed88000 	C:\Windows\System32\PSAPI.DLL
0x00007ffde7410000 - 0x00007ffde7429000 	C:\Windows\SYSTEM32\dhcpcsvc6.DLL
0x00007ffde7dd0000 - 0x00007ffde7dee000 	C:\Windows\SYSTEM32\dhcpcsvc.DLL

JVMTI agents:
c:\Users\DELL\.antigravity\extensions\redhat.java-1.54.0-win32-x64\lombok\lombok-1.18.39-4050.jar path:c:\Users\DELL\.antigravity\extensions\redhat.java-1.54.0-win32-x64\jre\21.0.10-win32-x86_64\bin\instrument.dll, loaded, initialized, instrumentlib options:none

dbghelp: loaded successfully - version: 4.0.5 - missing functions: none
symbol engine: initialized successfully - sym options: 0x614 - pdb path: .;c:\Users\DELL\.antigravity\extensions\redhat.java-1.54.0-win32-x64\jre\21.0.10-win32-x86_64\bin;C:\Windows\SYSTEM32;C:\Windows\WinSxS\amd64_microsoft.windows.common-controls_6595b64144ccf1df_6.0.22000.120_none_9d947278b86cc467;c:\Users\DELL\.antigravity\extensions\redhat.java-1.54.0-win32-x64\jre\21.0.10-win32-x86_64\bin\server;C:\Users\DELL\AppData\Roaming\Antigravity\User\globalStorage\redhat.java\1.54.0\config_ss_win\org.eclipse.equinox.launcher\org.eclipse.equinox.launcher.win32.win32.x86_64_1.3.0.v20260203-2149;C:\Users\DELL\AppData\Local\Temp\jna-2094529

VM Arguments:
jvm_args: --add-modules=ALL-SYSTEM --add-opens=java.base/java.util=ALL-UNNAMED --add-opens=java.base/java.lang=ALL-UNNAMED --add-opens=java.base/sun.nio.fs=ALL-UNNAMED -Declipse.application=org.eclipse.jdt.ls.core.id1 -Dosgi.bundles.defaultStartLevel=4 -Declipse.product=org.eclipse.jdt.ls.core.product -Djava.import.generatesMetadataFilesAtProjectRoot=false -DDetectVMInstallationsJob.disabled=true -Dfile.encoding=utf8 -XX:+UseParallelGC -XX:GCTimeRatio=4 -XX:AdaptiveSizePolicyWeight=90 -Dsun.zip.disableMemoryMapping=true -Xmx2G -Xms100m -Xlog:disable -javaagent:c:\Users\DELL\.antigravity\extensions\redhat.java-1.54.0-win32-x64\lombok\lombok-1.18.39-4050.jar 
java_command: c:\Users\DELL\.antigravity\extensions\redhat.java-1.54.0-win32-x64\server\plugins\org.eclipse.equinox.launcher_1.7.100.v20251111-0406.jar -configuration c:\Users\DELL\AppData\Roaming\Antigravity\User\globalStorage\redhat.java\1.54.0\config_ss_win -data c:\Users\DELL\AppData\Roaming\Antigravity\User\workspaceStorage\ef3b6c5f962f6b7ba8e6f6356c8f0770\redhat.java\ss_ws --pipe=\\.\pipe\lsp-bed4f8041f6d0300e8818b726db60a8b-sock
java_class_path (initial): c:\Users\DELL\.antigravity\extensions\redhat.java-1.54.0-win32-x64\server\plugins\org.eclipse.equinox.launcher_1.7.100.v20251111-0406.jar
Launcher Type: SUN_STANDARD

[Global flags]
    uintx AdaptiveSizePolicyWeight                 = 90                                        {product} {command line}
     intx CICompilerCount                          = 4                                         {product} {ergonomic}
    uintx GCTimeRatio                              = 4                                         {product} {command line}
   size_t InitialHeapSize                          = 104857600                                 {product} {command line}
   size_t MaxHeapSize                              = 2147483648                                {product} {command line}
   size_t MaxNewSize                               = 715653120                                 {product} {ergonomic}
   size_t MinHeapDeltaBytes                        = 524288                                    {product} {ergonomic}
   size_t MinHeapSize                              = 104857600                                 {product} {command line}
   size_t NewSize                                  = 34603008                                  {product} {ergonomic}
    uintx NonNMethodCodeHeapSize                   = 5839372                                {pd product} {ergonomic}
    uintx NonProfiledCodeHeapSize                  = 122909434                              {pd product} {ergonomic}
   size_t OldSize                                  = 70254592                                  {product} {ergonomic}
    uintx ProfiledCodeHeapSize                     = 122909434                              {pd product} {ergonomic}
    uintx ReservedCodeCacheSize                    = 251658240                              {pd product} {ergonomic}
     bool SegmentedCodeCache                       = true                                      {product} {ergonomic}
   size_t SoftMaxHeapSize                          = 2147483648                             {manageable} {ergonomic}
     bool UseCompressedOops                        = true                           {product lp64_product} {ergonomic}
     bool UseLargePagesIndividualAllocation        = false                                  {pd product} {ergonomic}
     bool UseParallelGC                            = true                                      {product} {command line}

Logging:
Log output configuration:
 #0: stdout all=off uptime,level,tags foldmultilines=false
 #1: stderr all=off uptime,level,tags foldmultilines=false

Release file:
JAVA_VERSION="21.0.10" 
MODULES="java.base java.compiler java.datatransfer java.xml java.prefs java.desktop java.instrument java.logging java.management java.security.sasl java.naming java.rmi java.management.rmi java.net.http java.scripting java.security.jgss java.transaction.xa java.sql java.sql.rowset java.xml.crypto java.se java.smartcardio jdk.accessibility jdk.internal.jvmstat jdk.attach jdk.charsets jdk.internal.opt jdk.zipfs jdk.compiler jdk.crypto.ec jdk.crypto.cryptoki jdk.crypto.mscapi jdk.dynalink jdk.internal.ed jdk.editpad jdk.hotspot.agent jdk.httpserver jdk.internal.le jdk.internal.vm.ci jdk.internal.vm.compiler jdk.internal.vm.compiler.management jdk.jartool jdk.javadoc jdk.jcmd jdk.management jdk.management.agent jdk.jconsole jdk.jdeps jdk.jdwp.agent jdk.jdi jdk.jfr jdk.jshell jdk.jsobject jdk.jstatd jdk.localedata jdk.management.jfr jdk.naming.dns jdk.naming.rmi jdk.net jdk.nio.mapmode jdk.random jdk.sctp jdk.security.auth jdk.security.jgss jdk.unsupported jdk.unsupported.desktop jdk.xml.dom" 

Environment Variables:
PATH=C:\Program Files\Common Files\Oracle\Java\javapath;C:\Windows\system32;C:\Windows;C:\Windows\System32\Wbem;C:\Windows\System32\WindowsPowerShell\v1.0\;C:\Windows\System32\OpenSSH\;C:\Program Files\NVIDIA Corporation\NVIDIA NvDLISR;C:\Program Files\dotnet\;C:\Program Files\MySQL\MySQL Server 8.0\bin;C:\Program Files (x86)\Microsoft SQL Server\170\Tools\Binn\;C:\Program Files\Microsoft SQL Server\170\Tools\Binn\;C:\Program Files\Microsoft SQL Server\Client SDK\ODBC\180\Tools\Binn\;C:\Program Files\Microsoft SQL Server\170\DTS\Binn\;D:\Dont Delete This File\Git\cmd;D:\node.js\;C:\Program Files\MySQL\MySQL Shell 8.0\bin\;C:\Users\DELL\AppData\Local\Microsoft\WindowsApps;;C:\Users\DELL\AppData\Local\Programs\Microsoft VS Code\bin;C:\Program Files\Azure Data Studio\bin;C:\Users\DELL\AppData\Roaming\npm;E:\anti_projects\Antigravity\bin
USERNAME=DELL
OS=Windows_NT
PROCESSOR_IDENTIFIER=Intel64 Family 6 Model 140 Stepping 2, GenuineIntel
TMP=C:\Users\DELL\AppData\Local\Temp
TEMP=C:\Users\DELL\AppData\Local\Temp




Periodic native trim disabled

---------------  S Y S T E M  ---------------

OS:
 Windows 11 , 64 bit Build 22000 (10.0.22000.2538)
OS uptime: 35 days 8:03 hours
Hyper-V role detected

CPU: total 8 (initial active 8) (4 cores per cpu, 2 threads per core) family 6 model 140 stepping 2 microcode 0x16, cx8, cmov, fxsr, ht, mmx, 3dnowpref, sse, sse2, sse3, ssse3, sse4.1, sse4.2, popcnt, lzcnt, tsc, tscinvbit, avx, avx2, aes, erms, clmul, bmi1, bmi2, adx, avx512f, avx512dq, avx512cd, avx512bw, avx512vl, sha, fma, vzeroupper, avx512_vpopcntdq, avx512_vpclmulqdq, avx512_vaes, avx512_vnni, clflush, clflushopt, clwb, avx512_vbmi2, avx512_vbmi, hv, rdtscp, rdpid, fsrm, gfni, avx512_bitalg, f16c, cet_ibt, cet_ss, avx512_ifma
Processor Information for the first 8 processors :
  Max Mhz: 2496, Current Mhz: 2496, Mhz Limit: 2496

Memory: 4k page, system-wide physical 16122M (2884M free)
TotalPageFile size 32953M (AvailPageFile size 6M)
current process WorkingSet (physical memory assigned to process): 193M, peak: 195M
current process commit charge ("private bytes"): 309M, peak: 311M

vm_info: OpenJDK 64-Bit Server VM (21.0.10+7-LTS) for windows-amd64 JRE (21.0.10+7-LTS), built on 2026-01-20T00:00:00Z by "admin" with MS VC++ 17.12 (VS2022)

END.
