#
# There is insufficient memory for the Java Runtime Environment to continue.
# Native memory allocation (malloc) failed to allocate 977696 bytes. Error detail: Chunk::new
# Possible reasons:
#   The system is out of physical RAM or swap space
#   This process is running with CompressedOops enabled, and the Java Heap may be blocking the growth of the native heap
# Possible solutions:
#   Reduce memory load on the system
#   Increase physical memory or swap space
#   Check if swap backing store is full
#   Decrease Java heap size (-Xmx/-Xms)
#   Decrease number of Java threads
#   Decrease Java thread stack sizes (-Xss)
#   Set larger code cache with -XX:ReservedCodeCacheSize=
#   JVM is running with Unscaled Compressed Oops mode in which the Java heap is
#     placed in the first 4GB address space. The Java Heap base address is the
#     maximum limit for the native heap growth. Please use -XX:HeapBaseMinAddress
#     to set the Java Heap base and to place the Java Heap above 4GB virtual address.
# This output file may be truncated or incomplete.
#
#  Out of Memory Error (arena.cpp:168), pid=2472, tid=11284
#
# JRE version: OpenJDK Runtime Environment Temurin-21.0.10+7 (21.0.10+7) (build 21.0.10+7-LTS)
# Java VM: OpenJDK 64-Bit Server VM Temurin-21.0.10+7 (21.0.10+7-LTS, mixed mode, sharing, tiered, compressed oops, compressed class ptrs, parallel gc, windows-amd64)
# No core dump will be written. Minidumps are not enabled by default on client versions of Windows
#

---------------  S U M M A R Y ------------

Command Line: --add-modules=ALL-SYSTEM --add-opens=java.base/java.util=ALL-UNNAMED --add-opens=java.base/java.lang=ALL-UNNAMED --add-opens=java.base/sun.nio.fs=ALL-UNNAMED -Declipse.application=org.eclipse.jdt.ls.core.id1 -Dosgi.bundles.defaultStartLevel=4 -Declipse.product=org.eclipse.jdt.ls.core.product -Djava.import.generatesMetadataFilesAtProjectRoot=false -DDetectVMInstallationsJob.disabled=true -Dfile.encoding=utf8 -XX:+UseParallelGC -XX:GCTimeRatio=4 -XX:AdaptiveSizePolicyWeight=90 -Dsun.zip.disableMemoryMapping=true -Xmx2G -Xms100m -Xlog:disable -javaagent:c:\Users\DELL\.antigravity\extensions\redhat.java-1.54.0-win32-x64\lombok\lombok-1.18.39-4050.jar -XX:+HeapDumpOnOutOfMemoryError -XX:HeapDumpPath=c:\Users\DELL\AppData\Roaming\Antigravity\User\workspaceStorage\ef3b6c5f962f6b7ba8e6f6356c8f0770\redhat.java -Daether.dependencyCollector.impl=bf c:\Users\DELL\.antigravity\extensions\redhat.java-1.54.0-win32-x64\server\plugins\org.eclipse.equinox.launcher_1.7.100.v20251111-0406.jar -configuration c:\Users\DELL\AppData\Roaming\Antigravity\User\globalStorage\redhat.java\1.54.0\config_win -data c:\Users\DELL\AppData\Roaming\Antigravity\User\workspaceStorage\ef3b6c5f962f6b7ba8e6f6356c8f0770\redhat.java\jdt_ws --pipe=\\.\pipe\lsp-da040c670262c7b95550a78386f96fd2-sock

Host: 11th Gen Intel(R) Core(TM) i5-11320H @ 3.20GHz, 8 cores, 15G,  Windows 11 , 64 bit Build 22000 (10.0.22000.2538)
Time: Mon May  4 17:40:15 2026 India Standard Time elapsed time: 34.227533 seconds (0d 0h 0m 34s)

---------------  T H R E A D  ---------------

Current thread (0x000001dd911c40d0):  JavaThread "C2 CompilerThread2" daemon [_thread_in_native, id=11284, stack(0x0000009b80900000,0x0000009b80a00000) (1024K)]


Current CompileTask:
C2:34227 11720       4       org.eclipse.jdt.internal.compiler.lookup.BinaryTypeBinding::createMethod (1666 bytes)

Stack: [0x0000009b80900000,0x0000009b80a00000]
Native frames: (J=compiled Java code, j=interpreted, Vv=VM code, C=native code)
V  [jvm.dll+0x6d7a39]
V  [jvm.dll+0x8b4b26]
V  [jvm.dll+0x8b70de]
V  [jvm.dll+0x8b77c3]
V  [jvm.dll+0x284346]
V  [jvm.dll+0xc66ed]
V  [jvm.dll+0xc6c31]
V  [jvm.dll+0x2fb29e]
V  [jvm.dll+0x5fe884]
V  [jvm.dll+0x255b17]
V  [jvm.dll+0x255edd]
V  [jvm.dll+0x24e500]
V  [jvm.dll+0x24ba42]
V  [jvm.dll+0x1cb34e]
V  [jvm.dll+0x25b85d]
V  [jvm.dll+0x259dea]
V  [jvm.dll+0x3f857e]
V  [jvm.dll+0x85f59d]
V  [jvm.dll+0x6d626d]
C  [ucrtbase.dll+0x26c0c]
C  [KERNEL32.DLL+0x153e0]
C  [ntdll.dll+0x485b]


---------------  P R O C E S S  ---------------

Threads class SMR info:
_java_thread_list=0x000001dd8e2bbc20, length=49, elements={
0x000001dd2dacb700, 0x000001dd4453cba0, 0x000001dd445401c0, 0x000001dd44542020,
0x000001dd44545200, 0x000001dd445469a0, 0x000001dd4454d7a0, 0x000001dd4454f9b0,
0x000001dd44561870, 0x000001dd8b1e3fe0, 0x000001dd8b2f0000, 0x000001dd8b9f8fe0,
0x000001dd8baae660, 0x000001dd8baed000, 0x000001dd8bd50fd0, 0x000001dd8c3a6fb0,
0x000001dd8c4f2d40, 0x000001dd8c1f05e0, 0x000001dd8c4323c0, 0x000001dd8c432a50,
0x000001dd8c4330e0, 0x000001dd8c433e00, 0x000001dd8c434b20, 0x000001dd8c4316a0,
0x000001dd8c431d30, 0x000001dd8ccf2080, 0x000001dd8ccf4e70, 0x000001dd8ccf2710,
0x000001dd8ccf5b90, 0x000001dd8ccf2da0, 0x000001dd8ccf0cd0, 0x000001dd8ccf0640,
0x000001dd8ccf47e0, 0x000001dd8ccf1360, 0x000001dd8ccf68b0, 0x000001dd8ccf4150,
0x000001dd8ccf5500, 0x000001dd8e850100, 0x000001dd8e850e20, 0x000001dd8e8514b0,
0x000001dd8e852ef0, 0x000001dd8e84fa70, 0x000001dd8e850790, 0x000001dd8e851b40,
0x000001dd8c50cd90, 0x000001dd8eb301f0, 0x000001dd911c40d0, 0x000001dd8c50e140,
0x000001dd8e8521d0
}

Java Threads: ( => current thread )
  0x000001dd2dacb700 JavaThread "main"                              [_thread_blocked, id=15392, stack(0x0000009bfe600000,0x0000009bfe700000) (1024K)]
  0x000001dd4453cba0 JavaThread "Reference Handler"          daemon [_thread_blocked, id=22140, stack(0x0000009bfea00000,0x0000009bfeb00000) (1024K)]
  0x000001dd445401c0 JavaThread "Finalizer"                  daemon [_thread_blocked, id=3676, stack(0x0000009bfeb00000,0x0000009bfec00000) (1024K)]
  0x000001dd44542020 JavaThread "Signal Dispatcher"          daemon [_thread_blocked, id=27916, stack(0x0000009bfec00000,0x0000009bfed00000) (1024K)]
  0x000001dd44545200 JavaThread "Attach Listener"            daemon [_thread_blocked, id=10876, stack(0x0000009bfed00000,0x0000009bfee00000) (1024K)]
  0x000001dd445469a0 JavaThread "Service Thread"             daemon [_thread_blocked, id=26212, stack(0x0000009bfee00000,0x0000009bfef00000) (1024K)]
  0x000001dd4454d7a0 JavaThread "Monitor Deflation Thread"   daemon [_thread_blocked, id=16240, stack(0x0000009bfef00000,0x0000009bff000000) (1024K)]
  0x000001dd4454f9b0 JavaThread "C2 CompilerThread0"         daemon [_thread_in_native, id=18600, stack(0x0000009bff000000,0x0000009bff100000) (1024K)]
  0x000001dd44561870 JavaThread "C1 CompilerThread0"         daemon [_thread_blocked, id=15120, stack(0x0000009bff100000,0x0000009bff200000) (1024K)]
  0x000001dd8b1e3fe0 JavaThread "Common-Cleaner"             daemon [_thread_blocked, id=4764, stack(0x0000009bff300000,0x0000009bff400000) (1024K)]
  0x000001dd8b2f0000 JavaThread "Notification Thread"        daemon [_thread_blocked, id=22072, stack(0x0000009bff200000,0x0000009bff300000) (1024K)]
  0x000001dd8b9f8fe0 JavaThread "Active Thread: Equinox Container: 88a7696e-06fa-453a-a086-a8c8b80f4402"        [_thread_blocked, id=11752, stack(0x0000009bffc00000,0x0000009bffd00000) (1024K)]
  0x000001dd8baae660 JavaThread "Refresh Thread: Equinox Container: 88a7696e-06fa-453a-a086-a8c8b80f4402" daemon [_thread_blocked, id=13844, stack(0x0000009bffd00000,0x0000009bffe00000) (1024K)]
  0x000001dd8baed000 JavaThread "Framework Event Dispatcher: Equinox Container: 88a7696e-06fa-453a-a086-a8c8b80f4402" daemon [_thread_blocked, id=28136, stack(0x0000009bffe00000,0x0000009bfff00000) (1024K)]
  0x000001dd8bd50fd0 JavaThread "Start Level: Equinox Container: 88a7696e-06fa-453a-a086-a8c8b80f4402" daemon [_thread_blocked, id=31156, stack(0x0000009bfff00000,0x0000009c00000000) (1024K)]
  0x000001dd8c3a6fb0 JavaThread "Bundle File Closer"         daemon [_thread_blocked, id=20752, stack(0x0000009b80100000,0x0000009b80200000) (1024K)]
  0x000001dd8c4f2d40 JavaThread "SCR Component Actor"        daemon [_thread_blocked, id=32204, stack(0x0000009b80000000,0x0000009b80100000) (1024K)]
  0x000001dd8c1f05e0 JavaThread "Worker-JM"                         [_thread_blocked, id=23760, stack(0x0000009b80400000,0x0000009b80500000) (1024K)]
  0x000001dd8c4323c0 JavaThread "JNA Cleaner"                daemon [_thread_blocked, id=23616, stack(0x0000009b80200000,0x0000009b80300000) (1024K)]
  0x000001dd8c432a50 JavaThread "Worker-0: Publish Diagnostics"        [_thread_in_native, id=960, stack(0x0000009b80300000,0x0000009b80400000) (1024K)]
  0x000001dd8c4330e0 JavaThread "Worker-1: Shutdown..."             [_thread_blocked, id=12192, stack(0x0000009b80500000,0x0000009b80600000) (1024K)]
  0x000001dd8c433e00 JavaThread "Worker-2: Initialize workspace"        [_thread_blocked, id=364, stack(0x0000009b80600000,0x0000009b80700000) (1024K)]
  0x000001dd8c434b20 JavaThread "Java indexing"              daemon [_thread_blocked, id=15140, stack(0x0000009b80700000,0x0000009b80800000) (1024K)]
  0x000001dd8c4316a0 JavaThread "Worker-3"                          [_thread_blocked, id=30640, stack(0x0000009b80a00000,0x0000009b80b00000) (1024K)]
  0x000001dd8c431d30 JavaThread "Worker-4"                          [_thread_blocked, id=13000, stack(0x0000009b80b00000,0x0000009b80c00000) (1024K)]
  0x000001dd8ccf2080 JavaThread "Thread-1"                   daemon [_thread_in_native, id=9008, stack(0x0000009b80c00000,0x0000009b80d00000) (1024K)]
  0x000001dd8ccf4e70 JavaThread "Thread-2"                   daemon [_thread_in_native, id=2924, stack(0x0000009b80d00000,0x0000009b80e00000) (1024K)]
  0x000001dd8ccf2710 JavaThread "Thread-3"                   daemon [_thread_in_native, id=32084, stack(0x0000009b80e00000,0x0000009b80f00000) (1024K)]
  0x000001dd8ccf5b90 JavaThread "Thread-4"                   daemon [_thread_in_native, id=29148, stack(0x0000009b80f00000,0x0000009b81000000) (1024K)]
  0x000001dd8ccf2da0 JavaThread "Thread-5"                   daemon [_thread_in_native, id=15504, stack(0x0000009b81000000,0x0000009b81100000) (1024K)]
  0x000001dd8ccf0cd0 JavaThread "Thread-6"                   daemon [_thread_in_native, id=15752, stack(0x0000009b81100000,0x0000009b81200000) (1024K)]
  0x000001dd8ccf0640 JavaThread "Thread-7"                   daemon [_thread_in_native, id=15408, stack(0x0000009b81200000,0x0000009b81300000) (1024K)]
  0x000001dd8ccf47e0 JavaThread "Thread-8"                   daemon [_thread_in_native, id=4240, stack(0x0000009b81300000,0x0000009b81400000) (1024K)]
  0x000001dd8ccf1360 JavaThread "Thread-9"                   daemon [_thread_in_native, id=1684, stack(0x0000009b81400000,0x0000009b81500000) (1024K)]
  0x000001dd8ccf68b0 JavaThread "pool-2-thread-1"                   [_thread_blocked, id=11728, stack(0x0000009b81500000,0x0000009b81600000) (1024K)]
  0x000001dd8ccf4150 JavaThread "WorkspaceEventsHandler"            [_thread_blocked, id=5040, stack(0x0000009b81600000,0x0000009b81700000) (1024K)]
  0x000001dd8ccf5500 JavaThread "pool-1-thread-1"                   [_thread_blocked, id=23480, stack(0x0000009b81800000,0x0000009b81900000) (1024K)]
  0x000001dd8e850100 JavaThread "ForkJoinPool.commonPool-worker-1" daemon [_thread_in_native, id=29436, stack(0x0000009b81a00000,0x0000009b81b00000) (1024K)]
  0x000001dd8e850e20 JavaThread "ForkJoinPool.commonPool-worker-2" daemon [_thread_blocked, id=26976, stack(0x0000009b81b00000,0x0000009b81c00000) (1024K)]
  0x000001dd8e8514b0 JavaThread "ForkJoinPool.commonPool-worker-3" daemon [_thread_blocked, id=20420, stack(0x0000009b81c00000,0x0000009b81d00000) (1024K)]
  0x000001dd8e852ef0 JavaThread "ForkJoinPool.commonPool-worker-4" daemon [_thread_blocked, id=23672, stack(0x0000009b81d00000,0x0000009b81e00000) (1024K)]
  0x000001dd8e84fa70 JavaThread "ForkJoinPool.commonPool-worker-5" daemon [_thread_blocked, id=19224, stack(0x0000009b81e00000,0x0000009b81f00000) (1024K)]
  0x000001dd8e850790 JavaThread "ForkJoinPool.commonPool-worker-6" daemon [_thread_blocked, id=6772, stack(0x0000009b81f00000,0x0000009b82000000) (1024K)]
  0x000001dd8e851b40 JavaThread "ForkJoinPool.commonPool-worker-7" daemon [_thread_blocked, id=24076, stack(0x0000009b82000000,0x0000009b82100000) (1024K)]
  0x000001dd8c50cd90 JavaThread "Compiler Source File Reader" daemon [_thread_blocked, id=32732, stack(0x0000009b81900000,0x0000009b81a00000) (1024K)]
  0x000001dd8eb301f0 JavaThread "C2 CompilerThread1"         daemon [_thread_in_native, id=12468, stack(0x0000009b80800000,0x0000009b80900000) (1024K)]
=>0x000001dd911c40d0 JavaThread "C2 CompilerThread2"         daemon [_thread_in_native, id=11284, stack(0x0000009b80900000,0x0000009b80a00000) (1024K)]
  0x000001dd8c50e140 JavaThread "Cleaner-0"                  daemon [_thread_blocked, id=1512, stack(0x0000009b82100000,0x0000009b82200000) (1024K)]
  0x000001dd8e8521d0 JavaThread "pool-3-thread-1"                   [_thread_blocked, id=11196, stack(0x0000009b82200000,0x0000009b82300000) (1024K)]
Total: 49

Other Threads:
  0x000001dd44520040 VMThread "VM Thread"                           [id=29912, stack(0x0000009bfe900000,0x0000009bfea00000) (1024K)]
  0x000001dd44411920 WatcherThread "VM Periodic Task Thread"        [id=7452, stack(0x0000009bfe800000,0x0000009bfe900000) (1024K)]
  0x000001dd2dae9de0 WorkerThread "GC Thread#0"                     [id=28324, stack(0x0000009bfe700000,0x0000009bfe800000) (1024K)]
  0x000001dd8b2d9170 WorkerThread "GC Thread#1"                     [id=12020, stack(0x0000009bff600000,0x0000009bff700000) (1024K)]
  0x000001dd8b2d8dc0 WorkerThread "GC Thread#2"                     [id=14176, stack(0x0000009bff700000,0x0000009bff800000) (1024K)]
  0x000001dd8b2d9520 WorkerThread "GC Thread#3"                     [id=3892, stack(0x0000009bff800000,0x0000009bff900000) (1024K)]
  0x000001dd8b2d98d0 WorkerThread "GC Thread#4"                     [id=25752, stack(0x0000009bff900000,0x0000009bffa00000) (1024K)]
  0x000001dd8b2d82b0 WorkerThread "GC Thread#5"                     [id=2512, stack(0x0000009bffa00000,0x0000009bffb00000) (1024K)]
  0x000001dd8b2d8660 WorkerThread "GC Thread#6"                     [id=6512, stack(0x0000009bffb00000,0x0000009bffc00000) (1024K)]
  0x000001dd8badc150 WorkerThread "GC Thread#7"                     [id=7392, stack(0x0000009bff500000,0x0000009bff600000) (1024K)]
Total: 10

Threads with active compile tasks:
C2 CompilerThread0  34254 11690       4       org.eclipse.jdt.internal.compiler.lookup.AnnotatableTypeSystem::getParameterizedType (123 bytes)
C2 CompilerThread1  34254 11691       4       org.eclipse.jdt.internal.compiler.lookup.LookupEnvironment::createParameterizedType (44 bytes)
C2 CompilerThread2  34255 11720       4       org.eclipse.jdt.internal.compiler.lookup.BinaryTypeBinding::createMethod (1666 bytes)
Total: 3

VM state: not at safepoint (normal execution)

VM Mutex/Monitor currently owned by a thread: None

Heap address: 0x0000000080000000, size: 2048 MB, Compressed Oops mode: 32-bit

CDS archive(s) mapped at: [0x000001dd45000000-0x000001dd45ba0000-0x000001dd45ba0000), size 12189696, SharedBaseAddress: 0x000001dd45000000, ArchiveRelocationMode: 1.
Compressed class space mapped at: 0x000001dd46000000-0x000001dd86000000, reserved size: 1073741824
Narrow klass base: 0x000001dd45000000, Narrow klass shift: 0, Narrow klass range: 0x100000000

GC Precious Log:
 CardTable entry size: 512
 CPUs: 8 total, 8 available
 Memory: 16122M
 Large Page Support: Disabled
 NUMA Support: Disabled
 Compressed Oops: Enabled (32-bit)
 Alignments: Space 512K, Generation 512K, Heap 2M
 Heap Min Capacity: 100M
 Heap Initial Capacity: 100M
 Heap Max Capacity: 2G
 Pre-touch: Disabled
 Parallel Workers: 8

Heap:
 PSYoungGen      total 11776K, used 7309K [0x00000000d5580000, 0x00000000d6500000, 0x0000000100000000)
  eden space 10752K, 58% used [0x00000000d5580000,0x00000000d5ba4708,0x00000000d6000000)
  from space 1024K, 99% used [0x00000000d6200000,0x00000000d62ff0b0,0x00000000d6300000)
  to   space 2048K, 0% used [0x00000000d6000000,0x00000000d6000000,0x00000000d6200000)
 ParOldGen       total 118784K, used 118575K [0x0000000080000000, 0x0000000087400000, 0x00000000d5580000)
  object space 118784K, 99% used [0x0000000080000000,0x00000000873cbc60,0x0000000087400000)
 Metaspace       used 72138K, committed 73600K, reserved 1179648K
  class space    used 7636K, committed 8256K, reserved 1048576K

Card table byte_map: [0x000001dd2d4b0000,0x000001dd2d8c0000] _byte_map_base: 0x000001dd2d0b0000

Marking Bits: (ParMarkBitMap*) 0x00007ffd64503450
 Begin Bits: [0x000001dd3ff90000, 0x000001dd41f90000)
 End Bits:   [0x000001dd41f90000, 0x000001dd43f90000)

Polling page: 0x000001dd2d2a0000

Metaspace:

Usage:
  Non-class:     62.99 MB used.
      Class:      7.46 MB used.
       Both:     70.45 MB used.

Virtual space:
  Non-class space:      128.00 MB reserved,      63.81 MB ( 50%) committed,  2 nodes.
      Class space:        1.00 GB reserved,       8.06 MB ( <1%) committed,  1 nodes.
             Both:        1.12 GB reserved,      71.88 MB (  6%) committed. 

Chunk freelists:
   Non-Class:  15.44 MB
       Class:  7.91 MB
        Both:  23.34 MB

MaxMetaspaceSize: unlimited
CompressedClassSpaceSize: 1.00 GB
Initial GC threshold: 21.00 MB
Current GC threshold: 97.31 MB
CDS: on
 - commit_granule_bytes: 65536.
 - commit_granule_words: 8192.
 - virtual_space_node_default_size: 8388608.
 - enlarge_chunks_in_place: 1.
 - use_allocation_guard: 0.


Internal statistics:

num_allocs_failed_limit: 9.
num_arena_births: 1242.
num_arena_deaths: 14.
num_vsnodes_births: 3.
num_vsnodes_deaths: 0.
num_space_committed: 1150.
num_space_uncommitted: 0.
num_chunks_returned_to_freelist: 23.
num_chunks_taken_from_freelist: 4449.
num_chunk_merges: 14.
num_chunk_splits: 2734.
num_chunks_enlarged: 1571.
num_inconsistent_stats: 0.

CodeHeap 'non-profiled nmethods': size=120000Kb used=8622Kb max_used=8622Kb free=111377Kb
 bounds [0x000001dd387b0000, 0x000001dd39020000, 0x000001dd3fce0000]
CodeHeap 'profiled nmethods': size=120000Kb used=25845Kb max_used=25845Kb free=94154Kb
 bounds [0x000001dd30ce0000, 0x000001dd32620000, 0x000001dd38210000]
CodeHeap 'non-nmethods': size=5760Kb used=1496Kb max_used=1589Kb free=4264Kb
 bounds [0x000001dd38210000, 0x000001dd38480000, 0x000001dd387b0000]
CodeCache: size=245760Kb, used=35963Kb, max_used=36056Kb, free=209795Kb
 total_blobs=11771, nmethods=10967, adapters=708, full_count=0
Compilation: enabled, stopped_count=0, restarted_count=0

Compilation events (20 events):
Event: 34.178 Thread 0x000001dd44561870 11788       3       org.eclipse.jdt.internal.compiler.util.HashtableOfObject::containsKey (51 bytes)
Event: 34.179 Thread 0x000001dd44561870 nmethod 11788 0x000001dd3260a210 code [0x000001dd3260a400, 0x000001dd3260a800]
Event: 34.183 Thread 0x000001dd44561870 11791       2       org.eclipse.jdt.internal.compiler.parser.Parser::consumeExpressionStatement (53 bytes)
Event: 34.183 Thread 0x000001dd44561870 nmethod 11791 0x000001dd3260aa10 code [0x000001dd3260abc0, 0x000001dd3260ad50]
Event: 34.184 Thread 0x000001dd44561870 11792       2       org.eclipse.jdt.internal.compiler.parser.TerminalToken::getRestrictedKeyword (85 bytes)
Event: 34.184 Thread 0x000001dd44561870 nmethod 11792 0x000001dd3260ae90 code [0x000001dd3260b060, 0x000001dd3260b330]
Event: 34.188 Thread 0x000001dd44561870 11793       2       org.eclipse.jdt.internal.core.SourceType::isAnonymous (14 bytes)
Event: 34.188 Thread 0x000001dd44561870 nmethod 11793 0x000001dd3260b490 code [0x000001dd3260b640, 0x000001dd3260b7a0]
Event: 34.189 Thread 0x000001dd44561870 11794       2       lombok.eclipse.agent.PatchDelegate::hasDelegateMarkedFieldsOrMethods (181 bytes)
Event: 34.190 Thread 0x000001dd44561870 nmethod 11794 0x000001dd3260b890 code [0x000001dd3260bae0, 0x000001dd3260c2e0]
Event: 34.191 Thread 0x000001dd44561870 11795       2       org.eclipse.jdt.internal.core.SourceField::equals (15 bytes)
Event: 34.191 Thread 0x000001dd44561870 nmethod 11795 0x000001dd3260c910 code [0x000001dd3260cac0, 0x000001dd3260cc60]
Event: 34.191 Thread 0x000001dd44561870 11796       2       org.eclipse.jdt.internal.core.Member::getClassFile (34 bytes)
Event: 34.191 Thread 0x000001dd44561870 nmethod 11796 0x000001dd3260cd10 code [0x000001dd3260cec0, 0x000001dd3260d170]
Event: 34.207 Thread 0x000001dd44561870 11797       2       sun.nio.fs.WindowsChannelFactory::newFileChannel (130 bytes)
Event: 34.208 Thread 0x000001dd44561870 nmethod 11797 0x000001dd3260d290 code [0x000001dd3260d480, 0x000001dd3260d7e8]
Event: 34.208 Thread 0x000001dd44561870 11798       2       java.io.FileDescriptor$1::setHandle (6 bytes)
Event: 34.208 Thread 0x000001dd44561870 nmethod 11798 0x000001dd3260d990 code [0x000001dd3260db40, 0x000001dd3260dcd0]
Event: 34.208 Thread 0x000001dd44561870 11799       2       java.io.FileDescriptor::setHandle (33 bytes)
Event: 34.208 Thread 0x000001dd44561870 nmethod 11799 0x000001dd3260dd90 code [0x000001dd3260df40, 0x000001dd3260e0c8]

GC Heap History (20 events):
Event: 32.419 GC heap before
{Heap before GC invocations=212 (full 3):
 PSYoungGen      total 13312K, used 12960K [0x00000000d5580000, 0x00000000d6480000, 0x0000000100000000)
  eden space 11776K, 100% used [0x00000000d5580000,0x00000000d6100000,0x00000000d6100000)
  from space 1536K, 77% used [0x00000000d6300000,0x00000000d6428378,0x00000000d6480000)
  to   space 1536K, 0% used [0x00000000d6100000,0x00000000d6100000,0x00000000d6280000)
 ParOldGen       total 115712K, used 115704K [0x0000000080000000, 0x0000000087100000, 0x00000000d5580000)
  object space 115712K, 99% used [0x0000000080000000,0x00000000870fe0e0,0x0000000087100000)
 Metaspace       used 71093K, committed 72576K, reserved 1114112K
  class space    used 7614K, committed 8256K, reserved 1048576K
}
Event: 32.422 GC heap after
{Heap after GC invocations=212 (full 3):
 PSYoungGen      total 13312K, used 1168K [0x00000000d5580000, 0x00000000d6400000, 0x0000000100000000)
  eden space 11776K, 0% used [0x00000000d5580000,0x00000000d5580000,0x00000000d6100000)
  from space 1536K, 76% used [0x00000000d6100000,0x00000000d62243e8,0x00000000d6280000)
  to   space 1536K, 0% used [0x00000000d6280000,0x00000000d6280000,0x00000000d6400000)
 ParOldGen       total 116224K, used 115848K [0x0000000080000000, 0x0000000087180000, 0x00000000d5580000)
  object space 116224K, 99% used [0x0000000080000000,0x00000000871220e0,0x0000000087180000)
 Metaspace       used 71093K, committed 72576K, reserved 1114112K
  class space    used 7614K, committed 8256K, reserved 1048576K
}
Event: 32.552 GC heap before
{Heap before GC invocations=213 (full 3):
 PSYoungGen      total 13312K, used 12944K [0x00000000d5580000, 0x00000000d6400000, 0x0000000100000000)
  eden space 11776K, 100% used [0x00000000d5580000,0x00000000d6100000,0x00000000d6100000)
  from space 1536K, 76% used [0x00000000d6100000,0x00000000d62243e8,0x00000000d6280000)
  to   space 1536K, 0% used [0x00000000d6280000,0x00000000d6280000,0x00000000d6400000)
 ParOldGen       total 116224K, used 115848K [0x0000000080000000, 0x0000000087180000, 0x00000000d5580000)
  object space 116224K, 99% used [0x0000000080000000,0x00000000871220e0,0x0000000087180000)
 Metaspace       used 71155K, committed 72704K, reserved 1114112K
  class space    used 7615K, committed 8256K, reserved 1048576K
}
Event: 32.556 GC heap after
{Heap after GC invocations=213 (full 3):
 PSYoungGen      total 13312K, used 954K [0x00000000d5580000, 0x00000000d6400000, 0x0000000100000000)
  eden space 11776K, 0% used [0x00000000d5580000,0x00000000d5580000,0x00000000d6100000)
  from space 1536K, 62% used [0x00000000d6280000,0x00000000d636e8c0,0x00000000d6400000)
  to   space 1536K, 0% used [0x00000000d6100000,0x00000000d6100000,0x00000000d6280000)
 ParOldGen       total 116736K, used 116268K [0x0000000080000000, 0x0000000087200000, 0x00000000d5580000)
  object space 116736K, 99% used [0x0000000080000000,0x000000008718b100,0x0000000087200000)
 Metaspace       used 71155K, committed 72704K, reserved 1114112K
  class space    used 7615K, committed 8256K, reserved 1048576K
}
Event: 32.697 GC heap before
{Heap before GC invocations=214 (full 3):
 PSYoungGen      total 13312K, used 12730K [0x00000000d5580000, 0x00000000d6400000, 0x0000000100000000)
  eden space 11776K, 100% used [0x00000000d5580000,0x00000000d6100000,0x00000000d6100000)
  from space 1536K, 62% used [0x00000000d6280000,0x00000000d636e8c0,0x00000000d6400000)
  to   space 1536K, 0% used [0x00000000d6100000,0x00000000d6100000,0x00000000d6280000)
 ParOldGen       total 116736K, used 116268K [0x0000000080000000, 0x0000000087200000, 0x00000000d5580000)
  object space 116736K, 99% used [0x0000000080000000,0x000000008718b100,0x0000000087200000)
 Metaspace       used 71386K, committed 72832K, reserved 1114112K
  class space    used 7625K, committed 8256K, reserved 1048576K
}
Event: 32.700 GC heap after
{Heap after GC invocations=214 (full 3):
 PSYoungGen      total 12800K, used 820K [0x00000000d5580000, 0x00000000d6300000, 0x0000000100000000)
  eden space 11776K, 0% used [0x00000000d5580000,0x00000000d5580000,0x00000000d6100000)
  from space 1024K, 80% used [0x00000000d6100000,0x00000000d61cd200,0x00000000d6200000)
  to   space 1024K, 0% used [0x00000000d6200000,0x00000000d6200000,0x00000000d6300000)
 ParOldGen       total 116736K, used 116436K [0x0000000080000000, 0x0000000087200000, 0x00000000d5580000)
  object space 116736K, 99% used [0x0000000080000000,0x00000000871b5100,0x0000000087200000)
 Metaspace       used 71386K, committed 72832K, reserved 1114112K
  class space    used 7625K, committed 8256K, reserved 1048576K
}
Event: 32.855 GC heap before
{Heap before GC invocations=215 (full 3):
 PSYoungGen      total 12800K, used 12596K [0x00000000d5580000, 0x00000000d6300000, 0x0000000100000000)
  eden space 11776K, 100% used [0x00000000d5580000,0x00000000d6100000,0x00000000d6100000)
  from space 1024K, 80% used [0x00000000d6100000,0x00000000d61cd200,0x00000000d6200000)
  to   space 1024K, 0% used [0x00000000d6200000,0x00000000d6200000,0x00000000d6300000)
 ParOldGen       total 116736K, used 116436K [0x0000000080000000, 0x0000000087200000, 0x00000000d5580000)
  object space 116736K, 99% used [0x0000000080000000,0x00000000871b5100,0x0000000087200000)
 Metaspace       used 71506K, committed 72960K, reserved 1114112K
  class space    used 7626K, committed 8256K, reserved 1048576K
}
Event: 32.857 GC heap after
{Heap after GC invocations=215 (full 3):
 PSYoungGen      total 12800K, used 884K [0x00000000d5580000, 0x00000000d6300000, 0x0000000100000000)
  eden space 11776K, 0% used [0x00000000d5580000,0x00000000d5580000,0x00000000d6100000)
  from space 1024K, 86% used [0x00000000d6200000,0x00000000d62dd220,0x00000000d6300000)
  to   space 1024K, 0% used [0x00000000d6100000,0x00000000d6100000,0x00000000d6200000)
 ParOldGen       total 117248K, used 116801K [0x0000000080000000, 0x0000000087280000, 0x00000000d5580000)
  object space 117248K, 99% used [0x0000000080000000,0x00000000872106c8,0x0000000087280000)
 Metaspace       used 71506K, committed 72960K, reserved 1114112K
  class space    used 7626K, committed 8256K, reserved 1048576K
}
Event: 33.143 GC heap before
{Heap before GC invocations=216 (full 3):
 PSYoungGen      total 12800K, used 12660K [0x00000000d5580000, 0x00000000d6300000, 0x0000000100000000)
  eden space 11776K, 100% used [0x00000000d5580000,0x00000000d6100000,0x00000000d6100000)
  from space 1024K, 86% used [0x00000000d6200000,0x00000000d62dd220,0x00000000d6300000)
  to   space 1024K, 0% used [0x00000000d6100000,0x00000000d6100000,0x00000000d6200000)
 ParOldGen       total 117248K, used 116801K [0x0000000080000000, 0x0000000087280000, 0x00000000d5580000)
  object space 117248K, 99% used [0x0000000080000000,0x00000000872106c8,0x0000000087280000)
 Metaspace       used 71662K, committed 73152K, reserved 1179648K
  class space    used 7626K, committed 8256K, reserved 1048576K
}
Event: 33.145 GC heap after
{Heap after GC invocations=216 (full 3):
 PSYoungGen      total 12800K, used 1004K [0x00000000d5580000, 0x00000000d6400000, 0x0000000100000000)
  eden space 11776K, 0% used [0x00000000d5580000,0x00000000d5580000,0x00000000d6100000)
  from space 1024K, 98% used [0x00000000d6100000,0x00000000d61fb310,0x00000000d6200000)
  to   space 1536K, 0% used [0x00000000d6280000,0x00000000d6280000,0x00000000d6400000)
 ParOldGen       total 117248K, used 117092K [0x0000000080000000, 0x0000000087280000, 0x00000000d5580000)
  object space 117248K, 99% used [0x0000000080000000,0x0000000087259350,0x0000000087280000)
 Metaspace       used 71662K, committed 73152K, reserved 1179648K
  class space    used 7626K, committed 8256K, reserved 1048576K
}
Event: 33.237 GC heap before
{Heap before GC invocations=217 (full 3):
 PSYoungGen      total 12800K, used 12780K [0x00000000d5580000, 0x00000000d6400000, 0x0000000100000000)
  eden space 11776K, 100% used [0x00000000d5580000,0x00000000d6100000,0x00000000d6100000)
  from space 1024K, 98% used [0x00000000d6100000,0x00000000d61fb310,0x00000000d6200000)
  to   space 1536K, 0% used [0x00000000d6280000,0x00000000d6280000,0x00000000d6400000)
 ParOldGen       total 117248K, used 117092K [0x0000000080000000, 0x0000000087280000, 0x00000000d5580000)
  object space 117248K, 99% used [0x0000000080000000,0x0000000087259350,0x0000000087280000)
 Metaspace       used 71719K, committed 73216K, reserved 1179648K
  class space    used 7626K, committed 8256K, reserved 1048576K
}
Event: 33.239 GC heap after
{Heap after GC invocations=217 (full 3):
 PSYoungGen      total 13312K, used 977K [0x00000000d5580000, 0x00000000d6400000, 0x0000000100000000)
  eden space 11776K, 0% used [0x00000000d5580000,0x00000000d5580000,0x00000000d6100000)
  from space 1536K, 63% used [0x00000000d6280000,0x00000000d63746f0,0x00000000d6400000)
  to   space 1536K, 0% used [0x00000000d6100000,0x00000000d6100000,0x00000000d6280000)
 ParOldGen       total 117760K, used 117422K [0x0000000080000000, 0x0000000087300000, 0x00000000d5580000)
  object space 117760K, 99% used [0x0000000080000000,0x00000000872abb68,0x0000000087300000)
 Metaspace       used 71719K, committed 73216K, reserved 1179648K
  class space    used 7626K, committed 8256K, reserved 1048576K
}
Event: 33.481 GC heap before
{Heap before GC invocations=218 (full 3):
 PSYoungGen      total 13312K, used 12753K [0x00000000d5580000, 0x00000000d6400000, 0x0000000100000000)
  eden space 11776K, 100% used [0x00000000d5580000,0x00000000d6100000,0x00000000d6100000)
  from space 1536K, 63% used [0x00000000d6280000,0x00000000d63746f0,0x00000000d6400000)
  to   space 1536K, 0% used [0x00000000d6100000,0x00000000d6100000,0x00000000d6280000)
 ParOldGen       total 117760K, used 117422K [0x0000000080000000, 0x0000000087300000, 0x00000000d5580000)
  object space 117760K, 99% used [0x0000000080000000,0x00000000872abb68,0x0000000087300000)
 Metaspace       used 71805K, committed 73280K, reserved 1179648K
  class space    used 7626K, committed 8256K, reserved 1048576K
}
Event: 33.484 GC heap after
{Heap after GC invocations=218 (full 3):
 PSYoungGen      total 12800K, used 1003K [0x00000000d5580000, 0x00000000d6300000, 0x0000000100000000)
  eden space 11776K, 0% used [0x00000000d5580000,0x00000000d5580000,0x00000000d6100000)
  from space 1024K, 97% used [0x00000000d6100000,0x00000000d61facc8,0x00000000d6200000)
  to   space 1024K, 0% used [0x00000000d6200000,0x00000000d6200000,0x00000000d6300000)
 ParOldGen       total 117760K, used 117542K [0x0000000080000000, 0x0000000087300000, 0x00000000d5580000)
  object space 117760K, 99% used [0x0000000080000000,0x00000000872c9b68,0x0000000087300000)
 Metaspace       used 71805K, committed 73280K, reserved 1179648K
  class space    used 7626K, committed 8256K, reserved 1048576K
}
Event: 33.635 GC heap before
{Heap before GC invocations=219 (full 3):
 PSYoungGen      total 12800K, used 12779K [0x00000000d5580000, 0x00000000d6300000, 0x0000000100000000)
  eden space 11776K, 100% used [0x00000000d5580000,0x00000000d6100000,0x00000000d6100000)
  from space 1024K, 97% used [0x00000000d6100000,0x00000000d61facc8,0x00000000d6200000)
  to   space 1024K, 0% used [0x00000000d6200000,0x00000000d6200000,0x00000000d6300000)
 ParOldGen       total 117760K, used 117542K [0x0000000080000000, 0x0000000087300000, 0x00000000d5580000)
  object space 117760K, 99% used [0x0000000080000000,0x00000000872c9b68,0x0000000087300000)
 Metaspace       used 71896K, committed 73408K, reserved 1179648K
  class space    used 7626K, committed 8256K, reserved 1048576K
}
Event: 33.637 GC heap after
{Heap after GC invocations=219 (full 3):
 PSYoungGen      total 12800K, used 612K [0x00000000d5580000, 0x00000000d6300000, 0x0000000100000000)
  eden space 11776K, 0% used [0x00000000d5580000,0x00000000d5580000,0x00000000d6100000)
  from space 1024K, 59% used [0x00000000d6200000,0x00000000d6299210,0x00000000d6300000)
  to   space 1024K, 0% used [0x00000000d6100000,0x00000000d6100000,0x00000000d6200000)
 ParOldGen       total 117760K, used 117654K [0x0000000080000000, 0x0000000087300000, 0x00000000d5580000)
  object space 117760K, 99% used [0x0000000080000000,0x00000000872e5b68,0x0000000087300000)
 Metaspace       used 71896K, committed 73408K, reserved 1179648K
  class space    used 7626K, committed 8256K, reserved 1048576K
}
Event: 33.968 GC heap before
{Heap before GC invocations=220 (full 3):
 PSYoungGen      total 12800K, used 12388K [0x00000000d5580000, 0x00000000d6300000, 0x0000000100000000)
  eden space 11776K, 100% used [0x00000000d5580000,0x00000000d6100000,0x00000000d6100000)
  from space 1024K, 59% used [0x00000000d6200000,0x00000000d6299210,0x00000000d6300000)
  to   space 1024K, 0% used [0x00000000d6100000,0x00000000d6100000,0x00000000d6200000)
 ParOldGen       total 117760K, used 117654K [0x0000000080000000, 0x0000000087300000, 0x00000000d5580000)
  object space 117760K, 99% used [0x0000000080000000,0x00000000872e5b68,0x0000000087300000)
 Metaspace       used 72026K, committed 73536K, reserved 1179648K
  class space    used 7635K, committed 8256K, reserved 1048576K
}
Event: 33.970 GC heap after
{Heap after GC invocations=220 (full 3):
 PSYoungGen      total 12800K, used 995K [0x00000000d5580000, 0x00000000d6300000, 0x0000000100000000)
  eden space 11776K, 0% used [0x00000000d5580000,0x00000000d5580000,0x00000000d6100000)
  from space 1024K, 97% used [0x00000000d6100000,0x00000000d61f8e70,0x00000000d6200000)
  to   space 1024K, 0% used [0x00000000d6200000,0x00000000d6200000,0x00000000d6300000)
 ParOldGen       total 118272K, used 117868K [0x0000000080000000, 0x0000000087380000, 0x00000000d5580000)
  object space 118272K, 99% used [0x0000000080000000,0x000000008731b360,0x0000000087380000)
 Metaspace       used 72026K, committed 73536K, reserved 1179648K
  class space    used 7635K, committed 8256K, reserved 1048576K
}
Event: 34.157 GC heap before
{Heap before GC invocations=221 (full 3):
 PSYoungGen      total 12800K, used 12771K [0x00000000d5580000, 0x00000000d6300000, 0x0000000100000000)
  eden space 11776K, 100% used [0x00000000d5580000,0x00000000d6100000,0x00000000d6100000)
  from space 1024K, 97% used [0x00000000d6100000,0x00000000d61f8e70,0x00000000d6200000)
  to   space 1024K, 0% used [0x00000000d6200000,0x00000000d6200000,0x00000000d6300000)
 ParOldGen       total 118272K, used 117868K [0x0000000080000000, 0x0000000087380000, 0x00000000d5580000)
  object space 118272K, 99% used [0x0000000080000000,0x000000008731b360,0x0000000087380000)
 Metaspace       used 72079K, committed 73600K, reserved 1179648K
  class space    used 7635K, committed 8256K, reserved 1048576K
}
Event: 34.160 GC heap after
{Heap after GC invocations=221 (full 3):
 PSYoungGen      total 11776K, used 1020K [0x00000000d5580000, 0x00000000d6500000, 0x0000000100000000)
  eden space 10752K, 0% used [0x00000000d5580000,0x00000000d5580000,0x00000000d6000000)
  from space 1024K, 99% used [0x00000000d6200000,0x00000000d62ff0b0,0x00000000d6300000)
  to   space 2048K, 0% used [0x00000000d6000000,0x00000000d6000000,0x00000000d6200000)
 ParOldGen       total 118784K, used 118575K [0x0000000080000000, 0x0000000087400000, 0x00000000d5580000)
  object space 118784K, 99% used [0x0000000080000000,0x00000000873cbc60,0x0000000087400000)
 Metaspace       used 72079K, committed 73600K, reserved 1179648K
  class space    used 7635K, committed 8256K, reserved 1048576K
}

Dll operation events (12 events):
Event: 0.013 Loaded shared library c:\Users\DELL\.antigravity\extensions\redhat.java-1.54.0-win32-x64\jre\21.0.10-win32-x86_64\bin\java.dll
Event: 0.132 Loaded shared library c:\Users\DELL\.antigravity\extensions\redhat.java-1.54.0-win32-x64\jre\21.0.10-win32-x86_64\bin\zip.dll
Event: 0.192 Loaded shared library C:\Users\DELL\.antigravity\extensions\redhat.java-1.54.0-win32-x64\jre\21.0.10-win32-x86_64\bin\instrument.dll
Event: 0.204 Loaded shared library C:\Users\DELL\.antigravity\extensions\redhat.java-1.54.0-win32-x64\jre\21.0.10-win32-x86_64\bin\net.dll
Event: 0.207 Loaded shared library C:\Users\DELL\.antigravity\extensions\redhat.java-1.54.0-win32-x64\jre\21.0.10-win32-x86_64\bin\nio.dll
Event: 0.212 Loaded shared library C:\Users\DELL\.antigravity\extensions\redhat.java-1.54.0-win32-x64\jre\21.0.10-win32-x86_64\bin\zip.dll
Event: 0.237 Loaded shared library C:\Users\DELL\.antigravity\extensions\redhat.java-1.54.0-win32-x64\jre\21.0.10-win32-x86_64\bin\jimage.dll
Event: 0.366 Loaded shared library c:\Users\DELL\.antigravity\extensions\redhat.java-1.54.0-win32-x64\jre\21.0.10-win32-x86_64\bin\verify.dll
Event: 2.736 Loaded shared library C:\Users\DELL\AppData\Roaming\Antigravity\User\globalStorage\redhat.java\1.54.0\config_win\org.eclipse.equinox.launcher\org.eclipse.equinox.launcher.win32.win32.x86_64_1.3.0.v20260203-2149\eclipse_11919.dll
Event: 7.009 Loaded shared library C:\Users\DELL\AppData\Local\Temp\jna-2094529\jna560823239274949281.dll
Event: 11.321 Loaded shared library C:\Users\DELL\.antigravity\extensions\redhat.java-1.54.0-win32-x64\jre\21.0.10-win32-x86_64\bin\sunmscapi.dll
Event: 12.396 Loaded shared library C:\Users\DELL\.antigravity\extensions\redhat.java-1.54.0-win32-x64\jre\21.0.10-win32-x86_64\bin\extnet.dll

Deoptimization events (20 events):
Event: 33.861 Thread 0x000001dd8c432a50 DEOPT PACKING pc=0x000001dd38f3009c sp=0x0000009b803fbd50
Event: 33.861 Thread 0x000001dd8c432a50 DEOPT UNPACKING pc=0x000001dd38266da2 sp=0x0000009b803fbc78 mode 2
Event: 33.862 Thread 0x000001dd8c432a50 Uncommon trap: trap_request=0xffffff45 fr.pc=0x000001dd38f45b78 relative=0x00000000000002f8
Event: 33.862 Thread 0x000001dd8c432a50 Uncommon trap: reason=unstable_if action=reinterpret pc=0x000001dd38f45b78 method=org.eclipse.jdt.internal.compiler.lookup.LookupEnvironment.convertUnresolvedBinaryToRawType(Lorg/eclipse/jdt/internal/compiler/lookup/TypeBinding;)Lorg/eclipse/jdt/internal/
Event: 33.862 Thread 0x000001dd8c432a50 DEOPT PACKING pc=0x000001dd38f45b78 sp=0x0000009b803fc8b0
Event: 33.862 Thread 0x000001dd8c432a50 DEOPT UNPACKING pc=0x000001dd38266da2 sp=0x0000009b803fc840 mode 2
Event: 33.939 Thread 0x000001dd8c432a50 DEOPT PACKING pc=0x000001dd32044322 sp=0x0000009b803fc810
Event: 33.939 Thread 0x000001dd8c432a50 DEOPT UNPACKING pc=0x000001dd382678e2 sp=0x0000009b803fbda8 mode 0
Event: 33.961 Thread 0x000001dd8c432a50 Uncommon trap: trap_request=0xffffff45 fr.pc=0x000001dd389bbe68 relative=0x0000000000000148
Event: 33.961 Thread 0x000001dd8c432a50 Uncommon trap: reason=unstable_if action=reinterpret pc=0x000001dd389bbe68 method=java.util.HashMap.getNode(Ljava/lang/Object;)Ljava/util/HashMap$Node; @ 66 c2
Event: 33.961 Thread 0x000001dd8c432a50 DEOPT PACKING pc=0x000001dd389bbe68 sp=0x0000009b803fe1c0
Event: 33.961 Thread 0x000001dd8c432a50 DEOPT UNPACKING pc=0x000001dd38266da2 sp=0x0000009b803fe070 mode 2
Event: 33.962 Thread 0x000001dd8c432a50 Uncommon trap: trap_request=0xffffff45 fr.pc=0x000001dd388e6e90 relative=0x0000000000000130
Event: 33.962 Thread 0x000001dd8c432a50 Uncommon trap: reason=unstable_if action=reinterpret pc=0x000001dd388e6e90 method=java.util.HashMap.getNode(Ljava/lang/Object;)Ljava/util/HashMap$Node; @ 66 c2
Event: 33.962 Thread 0x000001dd8c432a50 DEOPT PACKING pc=0x000001dd388e6e90 sp=0x0000009b803fe270
Event: 33.962 Thread 0x000001dd8c432a50 DEOPT UNPACKING pc=0x000001dd38266da2 sp=0x0000009b803fe188 mode 2
Event: 34.134 Thread 0x000001dd8c432a50 Uncommon trap: trap_request=0xffffff6e fr.pc=0x000001dd38f1897c relative=0x000000000000015c
Event: 34.134 Thread 0x000001dd8c432a50 Uncommon trap: reason=loop_limit_check action=maybe_recompile pc=0x000001dd38f1897c method=org.eclipse.jdt.internal.compiler.lookup.ReferenceBinding.compare([C[CII)I @ 46 c2
Event: 34.134 Thread 0x000001dd8c432a50 DEOPT PACKING pc=0x000001dd38f1897c sp=0x0000009b803fe0e0
Event: 34.134 Thread 0x000001dd8c432a50 DEOPT UNPACKING pc=0x000001dd38266da2 sp=0x0000009b803fe050 mode 2

Classes loaded (20 events):
Event: 32.635 Loading class sun/util/resources/cldr/TimeZoneNames
Event: 32.635 Loading class sun/util/resources/TimeZoneNamesBundle
Event: 32.636 Loading class sun/util/resources/OpenListResourceBundle
Event: 32.636 Loading class sun/util/resources/OpenListResourceBundle done
Event: 32.636 Loading class sun/util/resources/TimeZoneNamesBundle done
Event: 32.636 Loading class sun/util/resources/cldr/TimeZoneNames done
Event: 32.636 Loading class sun/util/resources/cldr/TimeZoneNames_en
Event: 32.638 Loading class sun/util/resources/cldr/TimeZoneNames_en done
Event: 32.638 Loading class sun/util/resources/cldr/TimeZoneNames_en_US
Event: 32.638 Loading class sun/util/resources/cldr/TimeZoneNames_en_US done
Event: 32.640 Loading class sun/util/cldr/CLDRBaseLocaleDataMetaInfo$TZCanonicalIDMapHolder
Event: 32.645 Loading class sun/util/cldr/CLDRBaseLocaleDataMetaInfo$TZCanonicalIDMapHolder done
Event: 32.649 Loading class sun/util/resources/TimeZoneNames
Event: 32.651 Loading class sun/util/resources/TimeZoneNames done
Event: 32.652 Loading class sun/util/resources/TimeZoneNames_en
Event: 32.652 Loading class sun/util/resources/TimeZoneNames_en done
Event: 33.781 Loading class java/lang/Throwable$WrappedPrintWriter
Event: 33.781 Loading class java/lang/Throwable$PrintStreamOrWriter
Event: 33.781 Loading class java/lang/Throwable$PrintStreamOrWriter done
Event: 33.781 Loading class java/lang/Throwable$WrappedPrintWriter done

Classes unloaded (7 events):
Event: 8.590 Thread 0x000001dd44520040 Unloading class 0x000001dd461a4800 'java/lang/invoke/LambdaForm$MH+0x000001dd461a4800'
Event: 8.590 Thread 0x000001dd44520040 Unloading class 0x000001dd461a4400 'java/lang/invoke/LambdaForm$MH+0x000001dd461a4400'
Event: 8.590 Thread 0x000001dd44520040 Unloading class 0x000001dd461a4000 'java/lang/invoke/LambdaForm$MH+0x000001dd461a4000'
Event: 8.590 Thread 0x000001dd44520040 Unloading class 0x000001dd461a3c00 'java/lang/invoke/LambdaForm$MH+0x000001dd461a3c00'
Event: 8.590 Thread 0x000001dd44520040 Unloading class 0x000001dd461a3800 'java/lang/invoke/LambdaForm$BMH+0x000001dd461a3800'
Event: 8.590 Thread 0x000001dd44520040 Unloading class 0x000001dd461a3400 'java/lang/invoke/LambdaForm$DMH+0x000001dd461a3400'
Event: 8.590 Thread 0x000001dd44520040 Unloading class 0x000001dd461a2000 'java/lang/invoke/LambdaForm$DMH+0x000001dd461a2000'

Classes redefined (0 events):
No events

Internal exceptions (20 events):
Event: 30.357 Thread 0x000001dd8e850100 Exception <a 'java/lang/NoSuchMethodError'{0x00000000d5e803a8}: 'void java.lang.invoke.DirectMethodHandle$Holder.invokeVirtual(java.lang.Object, java.lang.Object, int)'> (0x00000000d5e803a8) 
thrown [s\src\hotspot\share\interpreter\linkResolver.cpp, line 773]
Event: 30.513 Thread 0x000001dd8e850e20 Exception <a 'java/lang/LinkageError'{0x00000000d58e1408}: loader lombok.launch.ShadowClassLoader @7fb77479 attempted duplicate class definition for lombok.launch.PatchFixesHider$ExtensionMethod. (lombok.launch.PatchFixesHider$ExtensionMethod is in unnamed module of loader lombok.launch.ShadowClassLoader @7fb77479, parent loader org.eclipse.osgi.internal.loader.EquinoxClassLoader @1b8825d5)> (0x00000000d58e1408) 
thrown [s\src\hotspot\share\classfile\systemDictionary.cpp, line 1672]
Event: 30.516 Thread 0x000001dd8e8514b0 Exception <a 'java/lang/LinkageError'{0x00000000d589a080}: loader lombok.launch.ShadowClassLoader @7fb77479 attempted duplicate class definition for lombok.launch.PatchFixesHider$ExtensionMethod. (lombok.launch.PatchFixesHider$ExtensionMethod is in unnamed module of loader lombok.launch.ShadowClassLoader @7fb77479, parent loader org.eclipse.osgi.internal.loader.EquinoxClassLoader @1b8825d5)> (0x00000000d589a080) 
thrown [s\src\hotspot\share\classfile\systemDictionary.cpp, line 1672]
Event: 30.516 Thread 0x000001dd8e84fa70 Exception <a 'java/lang/LinkageError'{0x00000000d587fd58}: loader lombok.launch.ShadowClassLoader @7fb77479 attempted duplicate class definition for lombok.launch.PatchFixesHider$ExtensionMethod. (lombok.launch.PatchFixesHider$ExtensionMethod is in unnamed module of loader lombok.launch.ShadowClassLoader @7fb77479, parent loader org.eclipse.osgi.internal.loader.EquinoxClassLoader @1b8825d5)> (0x00000000d587fd58) 
thrown [s\src\hotspot\share\classfile\systemDictionary.cpp, line 1672]
Event: 30.604 Thread 0x000001dd8e851b40 Exception <a 'java/lang/NoSuchMethodError'{0x00000000d5c344a0}: 'void java.lang.invoke.DirectMethodHandle$Holder.invokeStatic(java.lang.Object, int, java.lang.Object)'> (0x00000000d5c344a0) 
thrown [s\src\hotspot\share\interpreter\linkResolver.cpp, line 773]
Event: 30.604 Thread 0x000001dd8e852ef0 Exception <a 'java/lang/NoSuchMethodError'{0x00000000d5c55548}: 'void java.lang.invoke.DirectMethodHandle$Holder.invokeStatic(java.lang.Object, int, java.lang.Object)'> (0x00000000d5c55548) 
thrown [s\src\hotspot\share\interpreter\linkResolver.cpp, line 773]
Event: 30.652 Thread 0x000001dd8e852ef0 Exception <a 'java/lang/LinkageError'{0x00000000d5f5b0a0}: loader lombok.launch.ShadowClassLoader @1dbfb5c9 attempted duplicate class definition for lombok.eclipse.EcjAugments. (lombok.eclipse.EcjAugments is in unnamed module of loader lombok.launch.ShadowClassLoader @1dbfb5c9, parent loader org.eclipse.osgi.internal.loader.EquinoxClassLoader @7f6a93ac)> (0x00000000d5f5b0a0) 
thrown [s\src\hotspot\share\classfile\systemDictionary.cpp, line 1672]
Event: 30.654 Thread 0x000001dd8e851b40 Exception <a 'java/lang/LinkageError'{0x00000000d5f36a00}: loader lombok.launch.ShadowClassLoader @1dbfb5c9 attempted duplicate class definition for lombok.eclipse.EcjAugments. (lombok.eclipse.EcjAugments is in unnamed module of loader lombok.launch.ShadowClassLoader @1dbfb5c9, parent loader org.eclipse.osgi.internal.loader.EquinoxClassLoader @7f6a93ac)> (0x00000000d5f36a00) 
thrown [s\src\hotspot\share\classfile\systemDictionary.cpp, line 1672]
Event: 30.661 Thread 0x000001dd8e851b40 Exception <a 'java/lang/LinkageError'{0x00000000d5fc0860}: loader lombok.launch.ShadowClassLoader @1dbfb5c9 attempted duplicate class definition for lombok.eclipse.agent.PatchDiagnostics. (lombok.eclipse.agent.PatchDiagnostics is in unnamed module of loader lombok.launch.ShadowClassLoader @1dbfb5c9, parent loader org.eclipse.osgi.internal.loader.EquinoxClassLoader @7f6a93ac)> (0x00000000d5fc0860) 
thrown [s\src\hotspot\share\classfile\systemDictionary.cpp, line 1672]
Event: 30.662 Thread 0x000001dd8e84fa70 Exception <a 'java/lang/LinkageError'{0x00000000d5fe86e8}: loader lombok.launch.ShadowClassLoader @1dbfb5c9 attempted duplicate class definition for lombok.eclipse.agent.PatchDiagnostics. (lombok.eclipse.agent.PatchDiagnostics is in unnamed module of loader lombok.launch.ShadowClassLoader @1dbfb5c9, parent loader org.eclipse.osgi.internal.loader.EquinoxClassLoader @7f6a93ac)> (0x00000000d5fe86e8) 
thrown [s\src\hotspot\share\classfile\systemDictionary.cpp, line 1672]
Event: 30.663 Thread 0x000001dd8e852ef0 Exception <a 'java/lang/LinkageError'{0x00000000d602d4c0}: loader lombok.launch.ShadowClassLoader @1dbfb5c9 attempted duplicate class definition for lombok.eclipse.agent.PatchDiagnostics. (lombok.eclipse.agent.PatchDiagnostics is in unnamed module of loader lombok.launch.ShadowClassLoader @1dbfb5c9, parent loader org.eclipse.osgi.internal.loader.EquinoxClassLoader @7f6a93ac)> (0x00000000d602d4c0) 
thrown [s\src\hotspot\share\classfile\systemDictionary.cpp, line 1672]
Event: 30.686 Thread 0x000001dd8c432a50 Implicit null exception at 0x000001dd38ce724f to 0x000001dd38ce7424
Event: 30.726 Thread 0x000001dd8e851b40 Exception <a 'java/lang/LinkageError'{0x00000000d58b67f0}: loader lombok.launch.ShadowClassLoader @1dbfb5c9 attempted duplicate class definition for lombok.launch.PatchFixesHider$PatchFixes. (lombok.launch.PatchFixesHider$PatchFixes is in unnamed module of loader lombok.launch.ShadowClassLoader @1dbfb5c9, parent loader org.eclipse.osgi.internal.loader.EquinoxClassLoader @7f6a93ac)> (0x00000000d58b67f0) 
thrown [s\src\hotspot\share\classfile\systemDictionary.cpp, line 1672]
Event: 31.206 Thread 0x000001dd8c432a50 Exception <a 'java/lang/NoSuchMethodError'{0x00000000d56f6d78}: 'java.lang.Object java.lang.invoke.DirectMethodHandle$Holder.invokeStatic(java.lang.Object, java.lang.Object, int, java.lang.Object, java.lang.Object)'> (0x00000000d56f6d78) 
thrown [s\src\hotspot\share\interpreter\linkResolver.cpp, line 773]
Event: 33.753 Thread 0x000001dd8ccf5500 Exception <a 'java/lang/NoSuchMethodError'{0x00000000d5637340}: 'void java.lang.invoke.DirectMethodHandle$Holder.invokeInterface(java.lang.Object, java.lang.Object)'> (0x00000000d5637340) 
thrown [s\src\hotspot\share\interpreter\linkResolver.cpp, line 773]
Event: 33.780 Thread 0x000001dd8c432a50 Exception <a 'java/io/IOException'{0x00000000d56bedf8}> (0x00000000d56bedf8) 
thrown [s\src\hotspot\share\prims\jni.cpp, line 520]
Event: 33.850 Thread 0x000001dd8c432a50 Implicit null exception at 0x000001dd38fe5f69 to 0x000001dd38fe604c
Event: 33.965 Thread 0x000001dd8c432a50 Exception <a 'java/io/IOException'{0x00000000d60ab860}> (0x00000000d60ab860) 
thrown [s\src\hotspot\share\prims\jni.cpp, line 520]
Event: 34.053 Thread 0x000001dd8c432a50 Exception <a 'java/io/IOException'{0x00000000d5b495c8}> (0x00000000d5b495c8) 
thrown [s\src\hotspot\share\prims\jni.cpp, line 520]
Event: 34.169 Thread 0x000001dd8c432a50 Exception <a 'java/io/IOException'{0x00000000d5601f00}> (0x00000000d5601f00) 
thrown [s\src\hotspot\share\prims\jni.cpp, line 520]

ZGC Phase Switch (0 events):
No events

VM Operations (20 events):
Event: 32.552 Executing safepoint VM operation: ParallelGCFailedAllocation (Allocation Failure)
Event: 32.556 Executing safepoint VM operation: ParallelGCFailedAllocation (Allocation Failure) done
Event: 32.697 Executing safepoint VM operation: ParallelGCFailedAllocation (Allocation Failure)
Event: 32.700 Executing safepoint VM operation: ParallelGCFailedAllocation (Allocation Failure) done
Event: 32.854 Executing safepoint VM operation: ParallelGCFailedAllocation (Allocation Failure)
Event: 32.857 Executing safepoint VM operation: ParallelGCFailedAllocation (Allocation Failure) done
Event: 33.143 Executing safepoint VM operation: ParallelGCFailedAllocation (Allocation Failure)
Event: 33.145 Executing safepoint VM operation: ParallelGCFailedAllocation (Allocation Failure) done
Event: 33.236 Executing safepoint VM operation: ParallelGCFailedAllocation (Allocation Failure)
Event: 33.239 Executing safepoint VM operation: ParallelGCFailedAllocation (Allocation Failure) done
Event: 33.480 Executing safepoint VM operation: ParallelGCFailedAllocation (Allocation Failure)
Event: 33.484 Executing safepoint VM operation: ParallelGCFailedAllocation (Allocation Failure) done
Event: 33.635 Executing safepoint VM operation: ParallelGCFailedAllocation (Allocation Failure)
Event: 33.638 Executing safepoint VM operation: ParallelGCFailedAllocation (Allocation Failure) done
Event: 33.945 Executing non-safepoint VM operation: HandshakeAllThreads (Deoptimize)
Event: 33.945 Executing non-safepoint VM operation: HandshakeAllThreads (Deoptimize) done
Event: 33.968 Executing safepoint VM operation: ParallelGCFailedAllocation (Allocation Failure)
Event: 33.970 Executing safepoint VM operation: ParallelGCFailedAllocation (Allocation Failure) done
Event: 34.157 Executing safepoint VM operation: ParallelGCFailedAllocation (Allocation Failure)
Event: 34.160 Executing safepoint VM operation: ParallelGCFailedAllocation (Allocation Failure) done

Memory protections (0 events):
No events

Nmethod flushes (20 events):
Event: 21.704 Thread 0x000001dd44520040 flushing  nmethod 0x000001dd31603510
Event: 21.704 Thread 0x000001dd44520040 flushing  nmethod 0x000001dd31603910
Event: 21.704 Thread 0x000001dd44520040 flushing  nmethod 0x000001dd31604f10
Event: 21.704 Thread 0x000001dd44520040 flushing  nmethod 0x000001dd31605790
Event: 21.704 Thread 0x000001dd44520040 flushing  nmethod 0x000001dd31605d90
Event: 21.704 Thread 0x000001dd44520040 flushing  nmethod 0x000001dd31606190
Event: 21.704 Thread 0x000001dd44520040 flushing  nmethod 0x000001dd31606610
Event: 21.704 Thread 0x000001dd44520040 flushing  nmethod 0x000001dd3160cb10
Event: 21.704 Thread 0x000001dd44520040 flushing  nmethod 0x000001dd3160df90
Event: 21.704 Thread 0x000001dd44520040 flushing  nmethod 0x000001dd3160e590
Event: 21.704 Thread 0x000001dd44520040 flushing  nmethod 0x000001dd3160fb10
Event: 21.704 Thread 0x000001dd44520040 flushing  nmethod 0x000001dd3161f790
Event: 21.704 Thread 0x000001dd44520040 flushing  nmethod 0x000001dd31624190
Event: 21.704 Thread 0x000001dd44520040 flushing  nmethod 0x000001dd31628b10
Event: 21.704 Thread 0x000001dd44520040 flushing  nmethod 0x000001dd3162ae10
Event: 21.704 Thread 0x000001dd44520040 flushing  nmethod 0x000001dd31631310
Event: 21.704 Thread 0x000001dd44520040 flushing osr nmethod 0x000001dd3163f110
Event: 21.704 Thread 0x000001dd44520040 flushing  nmethod 0x000001dd31688110
Event: 21.704 Thread 0x000001dd44520040 flushing  nmethod 0x000001dd3168c590
Event: 21.704 Thread 0x000001dd44520040 flushing  nmethod 0x000001dd31692a90

Events (20 events):
Event: 21.809 Thread 0x000001dd44561870 Thread added: 0x000001dd8eb2dfe0
Event: 21.845 Thread 0x000001dd4454f9b0 Thread added: 0x000001dd8eb301f0
Event: 23.499 Thread 0x000001dd8ccf75d0 Thread exited: 0x000001dd8ccf75d0
Event: 23.823 Thread 0x000001dd8c431d30 Thread added: 0x000001dd8c50cd90
Event: 23.953 Thread 0x000001dd8eb301f0 Thread exited: 0x000001dd8eb301f0
Event: 24.078 Thread 0x000001dd8eb2dfe0 Thread exited: 0x000001dd8eb2dfe0
Event: 24.666 Thread 0x000001dd44561870 Thread added: 0x000001dd8eb301f0
Event: 24.956 Thread 0x000001dd8eb301f0 Thread exited: 0x000001dd8eb301f0
Event: 25.122 Thread 0x000001dd44561870 Thread added: 0x000001dd8eb301f0
Event: 25.690 Thread 0x000001dd8eb301f0 Thread exited: 0x000001dd8eb301f0
Event: 26.164 Thread 0x000001dd4454f9b0 Thread added: 0x000001dd8eb2dfe0
Event: 26.386 Thread 0x000001dd8eb2dfe0 Thread exited: 0x000001dd8eb2dfe0
Event: 27.283 Thread 0x000001dd44561870 Thread added: 0x000001dd8eb2dfe0
Event: 27.600 Thread 0x000001dd8eb2dfe0 Thread exited: 0x000001dd8eb2dfe0
Event: 27.727 Thread 0x000001dd44561870 Thread added: 0x000001dd8eb2dfe0
Event: 28.344 Thread 0x000001dd8eb2dfe0 Thread exited: 0x000001dd8eb2dfe0
Event: 29.237 Thread 0x000001dd44561870 Thread added: 0x000001dd8eb301f0
Event: 29.793 Thread 0x000001dd44561870 Thread added: 0x000001dd911c40d0
Event: 31.034 Thread 0x000001dd8e851b40 Thread added: 0x000001dd8c50e140
Event: 33.769 Thread 0x000001dd8ccf5500 Thread added: 0x000001dd8e8521d0


Dynamic libraries:
0x00007ff679870000 - 0x00007ff67987e000 	c:\Users\DELL\.antigravity\extensions\redhat.java-1.54.0-win32-x64\jre\21.0.10-win32-x86_64\bin\java.exe
0x00007ffdef2e0000 - 0x00007ffdef4e9000 	C:\Windows\SYSTEM32\ntdll.dll
0x00007ffdedcc0000 - 0x00007ffdedd7d000 	C:\Windows\System32\KERNEL32.DLL
0x00007ffdec7e0000 - 0x00007ffdecb64000 	C:\Windows\System32\KERNELBASE.dll
0x00007ffdecbf0000 - 0x00007ffdecd01000 	C:\Windows\System32\ucrtbase.dll
0x00007ffde2740000 - 0x00007ffde2758000 	c:\Users\DELL\.antigravity\extensions\redhat.java-1.54.0-win32-x64\jre\21.0.10-win32-x86_64\bin\jli.dll
0x00007ffdeeab0000 - 0x00007ffdeec5d000 	C:\Windows\System32\USER32.dll
0x00007ffdecdb0000 - 0x00007ffdecdd6000 	C:\Windows\System32\win32u.dll
0x00007ffded1b0000 - 0x00007ffded1da000 	C:\Windows\System32\GDI32.dll
0x00007ffddf720000 - 0x00007ffddf73e000 	c:\Users\DELL\.antigravity\extensions\redhat.java-1.54.0-win32-x64\jre\21.0.10-win32-x86_64\bin\VCRUNTIME140.dll
0x00007ffdecde0000 - 0x00007ffdecefe000 	C:\Windows\System32\gdi32full.dll
0x00007ffdecd10000 - 0x00007ffdecdad000 	C:\Windows\System32\msvcp_win.dll
0x00007ffdcc3e0000 - 0x00007ffdcc685000 	C:\Windows\WinSxS\amd64_microsoft.windows.common-controls_6595b64144ccf1df_6.0.22000.120_none_9d947278b86cc467\COMCTL32.dll
0x00007ffdeed90000 - 0x00007ffdeee33000 	C:\Windows\System32\msvcrt.dll
0x00007ffdeea70000 - 0x00007ffdeeaa1000 	C:\Windows\System32\IMM32.DLL
0x00007ffde70a0000 - 0x00007ffde70ac000 	c:\Users\DELL\.antigravity\extensions\redhat.java-1.54.0-win32-x64\jre\21.0.10-win32-x86_64\bin\vcruntime140_1.dll
0x00007ffdd24c0000 - 0x00007ffdd254d000 	c:\Users\DELL\.antigravity\extensions\redhat.java-1.54.0-win32-x64\jre\21.0.10-win32-x86_64\bin\msvcp140.dll
0x00007ffd63840000 - 0x00007ffd645e1000 	c:\Users\DELL\.antigravity\extensions\redhat.java-1.54.0-win32-x64\jre\21.0.10-win32-x86_64\bin\server\jvm.dll
0x00007ffdeee40000 - 0x00007ffdeeeee000 	C:\Windows\System32\ADVAPI32.dll
0x00007ffdedc10000 - 0x00007ffdedcae000 	C:\Windows\System32\sechost.dll
0x00007ffdedae0000 - 0x00007ffdedc01000 	C:\Windows\System32\RPCRT4.dll
0x00007ffded130000 - 0x00007ffded19f000 	C:\Windows\System32\WS2_32.dll
0x00007ffdeb060000 - 0x00007ffdeb0ad000 	C:\Windows\SYSTEM32\POWRPROF.dll
0x00007ffdea420000 - 0x00007ffdea453000 	C:\Windows\SYSTEM32\WINMM.dll
0x00007ffde68d0000 - 0x00007ffde68da000 	C:\Windows\SYSTEM32\VERSION.dll
0x00007ffdeb190000 - 0x00007ffdeb1a3000 	C:\Windows\SYSTEM32\UMPDC.dll
0x00007ffdeb8d0000 - 0x00007ffdeb8e8000 	C:\Windows\SYSTEM32\kernel.appcore.dll
0x00007ffde67d0000 - 0x00007ffde67da000 	c:\Users\DELL\.antigravity\extensions\redhat.java-1.54.0-win32-x64\jre\21.0.10-win32-x86_64\bin\jimage.dll
0x00007ffdea160000 - 0x00007ffdea381000 	C:\Windows\SYSTEM32\DBGHELP.DLL
0x00007ffdea3e0000 - 0x00007ffdea411000 	C:\Windows\SYSTEM32\dbgcore.DLL
0x00007ffdecb70000 - 0x00007ffdecbef000 	C:\Windows\System32\bcryptPrimitives.dll
0x00007ffde60c0000 - 0x00007ffde60cf000 	c:\Users\DELL\.antigravity\extensions\redhat.java-1.54.0-win32-x64\jre\21.0.10-win32-x86_64\bin\instrument.dll
0x00007ffdd8e50000 - 0x00007ffdd8e70000 	c:\Users\DELL\.antigravity\extensions\redhat.java-1.54.0-win32-x64\jre\21.0.10-win32-x86_64\bin\java.dll
0x00007ffdedd80000 - 0x00007ffdee545000 	C:\Windows\System32\SHELL32.dll
0x00007ffdea7e0000 - 0x00007ffdeb042000 	C:\Windows\SYSTEM32\windows.storage.dll
0x00007ffded2e0000 - 0x00007ffded656000 	C:\Windows\System32\combase.dll
0x00007ffdea670000 - 0x00007ffdea7d7000 	C:\Windows\SYSTEM32\wintypes.dll
0x00007ffdee660000 - 0x00007ffdee74a000 	C:\Windows\System32\SHCORE.dll
0x00007ffdef240000 - 0x00007ffdef29d000 	C:\Windows\System32\shlwapi.dll
0x00007ffdec6a0000 - 0x00007ffdec6c5000 	C:\Windows\SYSTEM32\profapi.dll
0x00007ffdd70c0000 - 0x00007ffdd70d8000 	c:\Users\DELL\.antigravity\extensions\redhat.java-1.54.0-win32-x64\jre\21.0.10-win32-x86_64\bin\zip.dll
0x00007ffde5f80000 - 0x00007ffde5f90000 	C:\Users\DELL\.antigravity\extensions\redhat.java-1.54.0-win32-x64\jre\21.0.10-win32-x86_64\bin\net.dll
0x00007ffde7460000 - 0x00007ffde7574000 	C:\Windows\SYSTEM32\WINHTTP.dll
0x00007ffdebd80000 - 0x00007ffdebde7000 	C:\Windows\system32\mswsock.dll
0x00007ffdd6c70000 - 0x00007ffdd6c86000 	C:\Users\DELL\.antigravity\extensions\redhat.java-1.54.0-win32-x64\jre\21.0.10-win32-x86_64\bin\nio.dll
0x00007ffde5ce0000 - 0x00007ffde5cf0000 	c:\Users\DELL\.antigravity\extensions\redhat.java-1.54.0-win32-x64\jre\21.0.10-win32-x86_64\bin\verify.dll
0x00007ffdd53e0000 - 0x00007ffdd5425000 	C:\Users\DELL\AppData\Roaming\Antigravity\User\globalStorage\redhat.java\1.54.0\config_win\org.eclipse.equinox.launcher\org.eclipse.equinox.launcher.win32.win32.x86_64_1.3.0.v20260203-2149\eclipse_11919.dll
0x00007ffdee8d0000 - 0x00007ffdeea6a000 	C:\Windows\System32\ole32.dll
0x00007ffdebfc0000 - 0x00007ffdebfd8000 	C:\Windows\SYSTEM32\CRYPTSP.dll
0x00007ffdeb830000 - 0x00007ffdeb865000 	C:\Windows\system32\rsaenh.dll
0x00007ffdebe70000 - 0x00007ffdebe9c000 	C:\Windows\SYSTEM32\USERENV.dll
0x00007ffdec140000 - 0x00007ffdec167000 	C:\Windows\SYSTEM32\bcrypt.dll
0x00007ffdebfe0000 - 0x00007ffdebfec000 	C:\Windows\SYSTEM32\CRYPTBASE.dll
0x00007ffdeb300000 - 0x00007ffdeb32d000 	C:\Windows\SYSTEM32\IPHLPAPI.DLL
0x00007ffdedcb0000 - 0x00007ffdedcb9000 	C:\Windows\System32\NSI.dll
0x00007ffdd6080000 - 0x00007ffdd60c9000 	C:\Users\DELL\AppData\Local\Temp\jna-2094529\jna560823239274949281.dll
0x00007ffdeed80000 - 0x00007ffdeed88000 	C:\Windows\System32\PSAPI.DLL
0x00007ffde7410000 - 0x00007ffde7429000 	C:\Windows\SYSTEM32\dhcpcsvc6.DLL
0x00007ffde7dd0000 - 0x00007ffde7dee000 	C:\Windows\SYSTEM32\dhcpcsvc.DLL
0x00007ffde5970000 - 0x00007ffde597e000 	C:\Users\DELL\.antigravity\extensions\redhat.java-1.54.0-win32-x64\jre\21.0.10-win32-x86_64\bin\sunmscapi.dll
0x00007ffdecfc0000 - 0x00007ffded122000 	C:\Windows\System32\CRYPT32.dll
0x00007ffdec110000 - 0x00007ffdec138000 	C:\Windows\SYSTEM32\ncrypt.dll
0x00007ffdec0d0000 - 0x00007ffdec107000 	C:\Windows\SYSTEM32\NTASN1.dll
0x00007ffdeb330000 - 0x00007ffdeb417000 	C:\Windows\SYSTEM32\DNSAPI.dll
0x00007ffde5190000 - 0x00007ffde519a000 	C:\Windows\System32\rasadhlp.dll
0x00007ffde4fe0000 - 0x00007ffde5061000 	C:\Windows\System32\fwpuclnt.dll
0x00007ffde4d80000 - 0x00007ffde4d89000 	C:\Users\DELL\.antigravity\extensions\redhat.java-1.54.0-win32-x64\jre\21.0.10-win32-x86_64\bin\extnet.dll

JVMTI agents:
c:\Users\DELL\.antigravity\extensions\redhat.java-1.54.0-win32-x64\lombok\lombok-1.18.39-4050.jar path:c:\Users\DELL\.antigravity\extensions\redhat.java-1.54.0-win32-x64\jre\21.0.10-win32-x86_64\bin\instrument.dll, loaded, initialized, instrumentlib options:none

dbghelp: loaded successfully - version: 4.0.5 - missing functions: none
symbol engine: initialized successfully - sym options: 0x614 - pdb path: .;c:\Users\DELL\.antigravity\extensions\redhat.java-1.54.0-win32-x64\jre\21.0.10-win32-x86_64\bin;C:\Windows\SYSTEM32;C:\Windows\WinSxS\amd64_microsoft.windows.common-controls_6595b64144ccf1df_6.0.22000.120_none_9d947278b86cc467;c:\Users\DELL\.antigravity\extensions\redhat.java-1.54.0-win32-x64\jre\21.0.10-win32-x86_64\bin\server;C:\Users\DELL\AppData\Roaming\Antigravity\User\globalStorage\redhat.java\1.54.0\config_win\org.eclipse.equinox.launcher\org.eclipse.equinox.launcher.win32.win32.x86_64_1.3.0.v20260203-2149;C:\Users\DELL\AppData\Local\Temp\jna-2094529

VM Arguments:
jvm_args: --add-modules=ALL-SYSTEM --add-opens=java.base/java.util=ALL-UNNAMED --add-opens=java.base/java.lang=ALL-UNNAMED --add-opens=java.base/sun.nio.fs=ALL-UNNAMED -Declipse.application=org.eclipse.jdt.ls.core.id1 -Dosgi.bundles.defaultStartLevel=4 -Declipse.product=org.eclipse.jdt.ls.core.product -Djava.import.generatesMetadataFilesAtProjectRoot=false -DDetectVMInstallationsJob.disabled=true -Dfile.encoding=utf8 -XX:+UseParallelGC -XX:GCTimeRatio=4 -XX:AdaptiveSizePolicyWeight=90 -Dsun.zip.disableMemoryMapping=true -Xmx2G -Xms100m -Xlog:disable -javaagent:c:\Users\DELL\.antigravity\extensions\redhat.java-1.54.0-win32-x64\lombok\lombok-1.18.39-4050.jar -XX:+HeapDumpOnOutOfMemoryError -XX:HeapDumpPath=c:\Users\DELL\AppData\Roaming\Antigravity\User\workspaceStorage\ef3b6c5f962f6b7ba8e6f6356c8f0770\redhat.java -Daether.dependencyCollector.impl=bf 
java_command: c:\Users\DELL\.antigravity\extensions\redhat.java-1.54.0-win32-x64\server\plugins\org.eclipse.equinox.launcher_1.7.100.v20251111-0406.jar -configuration c:\Users\DELL\AppData\Roaming\Antigravity\User\globalStorage\redhat.java\1.54.0\config_win -data c:\Users\DELL\AppData\Roaming\Antigravity\User\workspaceStorage\ef3b6c5f962f6b7ba8e6f6356c8f0770\redhat.java\jdt_ws --pipe=\\.\pipe\lsp-da040c670262c7b95550a78386f96fd2-sock
java_class_path (initial): c:\Users\DELL\.antigravity\extensions\redhat.java-1.54.0-win32-x64\server\plugins\org.eclipse.equinox.launcher_1.7.100.v20251111-0406.jar
Launcher Type: SUN_STANDARD

[Global flags]
    uintx AdaptiveSizePolicyWeight                 = 90                                        {product} {command line}
     intx CICompilerCount                          = 4                                         {product} {ergonomic}
    uintx GCTimeRatio                              = 4                                         {product} {command line}
     bool HeapDumpOnOutOfMemoryError               = true                                   {manageable} {command line}
    ccstr HeapDumpPath                             = c:\Users\DELL\AppData\Roaming\Antigravity\User\workspaceStorage\ef3b6c5f962f6b7ba8e6f6356c8f0770\redhat.java         {manageable} {command line}
   size_t InitialHeapSize                          = 104857600                                 {product} {command line}
   size_t MaxHeapSize                              = 2147483648                                {product} {command line}
   size_t MaxNewSize                               = 715653120                                 {product} {ergonomic}
   size_t MinHeapDeltaBytes                        = 524288                                    {product} {ergonomic}
   size_t MinHeapSize                              = 104857600                                 {product} {command line}
   size_t NewSize                                  = 34603008                                  {product} {ergonomic}
    uintx NonNMethodCodeHeapSize                   = 5839372                                {pd product} {ergonomic}
    uintx NonProfiledCodeHeapSize                  = 122909434                              {pd product} {ergonomic}
   size_t OldSize                                  = 70254592                                  {product} {ergonomic}
    uintx ProfiledCodeHeapSize                     = 122909434                              {pd product} {ergonomic}
    uintx ReservedCodeCacheSize                    = 251658240                              {pd product} {ergonomic}
     bool SegmentedCodeCache                       = true                                      {product} {ergonomic}
   size_t SoftMaxHeapSize                          = 2147483648                             {manageable} {ergonomic}
     bool UseCompressedOops                        = true                           {product lp64_product} {ergonomic}
     bool UseLargePagesIndividualAllocation        = false                                  {pd product} {ergonomic}
     bool UseParallelGC                            = true                                      {product} {command line}

Logging:
Log output configuration:
 #0: stdout all=off uptime,level,tags foldmultilines=false
 #1: stderr all=off uptime,level,tags foldmultilines=false

Release file:
JAVA_VERSION="21.0.10" 
MODULES="java.base java.compiler java.datatransfer java.xml java.prefs java.desktop java.instrument java.logging java.management java.security.sasl java.naming java.rmi java.management.rmi java.net.http java.scripting java.security.jgss java.transaction.xa java.sql java.sql.rowset java.xml.crypto java.se java.smartcardio jdk.accessibility jdk.internal.jvmstat jdk.attach jdk.charsets jdk.internal.opt jdk.zipfs jdk.compiler jdk.crypto.ec jdk.crypto.cryptoki jdk.crypto.mscapi jdk.dynalink jdk.internal.ed jdk.editpad jdk.hotspot.agent jdk.httpserver jdk.internal.le jdk.internal.vm.ci jdk.internal.vm.compiler jdk.internal.vm.compiler.management jdk.jartool jdk.javadoc jdk.jcmd jdk.management jdk.management.agent jdk.jconsole jdk.jdeps jdk.jdwp.agent jdk.jdi jdk.jfr jdk.jshell jdk.jsobject jdk.jstatd jdk.localedata jdk.management.jfr jdk.naming.dns jdk.naming.rmi jdk.net jdk.nio.mapmode jdk.random jdk.sctp jdk.security.auth jdk.security.jgss jdk.unsupported jdk.unsupported.desktop jdk.xml.dom" 

Environment Variables:
PATH=C:\Program Files\Common Files\Oracle\Java\javapath;C:\Windows\system32;C:\Windows;C:\Windows\System32\Wbem;C:\Windows\System32\WindowsPowerShell\v1.0\;C:\Windows\System32\OpenSSH\;C:\Program Files\NVIDIA Corporation\NVIDIA NvDLISR;C:\Program Files\dotnet\;C:\Program Files\MySQL\MySQL Server 8.0\bin;C:\Program Files (x86)\Microsoft SQL Server\170\Tools\Binn\;C:\Program Files\Microsoft SQL Server\170\Tools\Binn\;C:\Program Files\Microsoft SQL Server\Client SDK\ODBC\180\Tools\Binn\;C:\Program Files\Microsoft SQL Server\170\DTS\Binn\;D:\Dont Delete This File\Git\cmd;D:\node.js\;C:\Program Files\MySQL\MySQL Shell 8.0\bin\;C:\Users\DELL\AppData\Local\Microsoft\WindowsApps;;C:\Users\DELL\AppData\Local\Programs\Microsoft VS Code\bin;C:\Program Files\Azure Data Studio\bin;C:\Users\DELL\AppData\Roaming\npm;E:\anti_projects\Antigravity\bin
USERNAME=DELL
OS=Windows_NT
PROCESSOR_IDENTIFIER=Intel64 Family 6 Model 140 Stepping 2, GenuineIntel
TMP=C:\Users\DELL\AppData\Local\Temp
TEMP=C:\Users\DELL\AppData\Local\Temp




Periodic native trim disabled

---------------  S Y S T E M  ---------------

OS:
 Windows 11 , 64 bit Build 22000 (10.0.22000.2538)
OS uptime: 35 days 8:05 hours
Hyper-V role detected

CPU: total 8 (initial active 8) (4 cores per cpu, 2 threads per core) family 6 model 140 stepping 2 microcode 0x16, cx8, cmov, fxsr, ht, mmx, 3dnowpref, sse, sse2, sse3, ssse3, sse4.1, sse4.2, popcnt, lzcnt, tsc, tscinvbit, avx, avx2, aes, erms, clmul, bmi1, bmi2, adx, avx512f, avx512dq, avx512cd, avx512bw, avx512vl, sha, fma, vzeroupper, avx512_vpopcntdq, avx512_vpclmulqdq, avx512_vaes, avx512_vnni, clflush, clflushopt, clwb, avx512_vbmi2, avx512_vbmi, hv, rdtscp, rdpid, fsrm, gfni, avx512_bitalg, f16c, cet_ibt, cet_ss, avx512_ifma
Processor Information for the first 8 processors :
  Max Mhz: 2496, Current Mhz: 2496, Mhz Limit: 2496

Memory: 4k page, system-wide physical 16122M (2848M free)
TotalPageFile size 32953M (AvailPageFile size 174M)
current process WorkingSet (physical memory assigned to process): 408M, peak: 426M
current process commit charge ("private bytes"): 482M, peak: 497M

vm_info: OpenJDK 64-Bit Server VM (21.0.10+7-LTS) for windows-amd64 JRE (21.0.10+7-LTS), built on 2026-01-20T00:00:00Z by "admin" with MS VC++ 17.12 (VS2022)

END.
