#
# There is insufficient memory for the Java Runtime Environment to continue.
# Native memory allocation (malloc) failed to allocate 887696 bytes. Error detail: Chunk::new
# Possible reasons:
#   The system is out of physical RAM or swap space
#   This process is running with CompressedOops enabled, and the Java Heap may be blocking the growth of the native heap
# Possible solutions:
#   Reduce memory load on the system
#   Increase physical memory or swap space
#   Check if swap backing store is full
#   Decrease Java heap size (-Xmx/-Xms)
#   Decrease number of Java threads
#   Decrease Java thread stack sizes (-Xss)
#   Set larger code cache with -XX:ReservedCodeCacheSize=
#   JVM is running with Unscaled Compressed Oops mode in which the Java heap is
#     placed in the first 4GB address space. The Java Heap base address is the
#     maximum limit for the native heap growth. Please use -XX:HeapBaseMinAddress
#     to set the Java Heap base and to place the Java Heap above 4GB virtual address.
# This output file may be truncated or incomplete.
#
#  Out of Memory Error (arena.cpp:168), pid=22684, tid=29288
#
# JRE version: OpenJDK Runtime Environment Temurin-21.0.10+7 (21.0.10+7) (build 21.0.10+7-LTS)
# Java VM: OpenJDK 64-Bit Server VM Temurin-21.0.10+7 (21.0.10+7-LTS, mixed mode, sharing, tiered, compressed oops, compressed class ptrs, parallel gc, windows-amd64)
# No core dump will be written. Minidumps are not enabled by default on client versions of Windows
#

---------------  S U M M A R Y ------------

Command Line: --add-modules=ALL-SYSTEM --add-opens=java.base/java.util=ALL-UNNAMED --add-opens=java.base/java.lang=ALL-UNNAMED --add-opens=java.base/sun.nio.fs=ALL-UNNAMED -Declipse.application=org.eclipse.jdt.ls.core.id1 -Dosgi.bundles.defaultStartLevel=4 -Declipse.product=org.eclipse.jdt.ls.core.product -Djava.import.generatesMetadataFilesAtProjectRoot=false -DDetectVMInstallationsJob.disabled=true -Dfile.encoding=utf8 -XX:+UseParallelGC -XX:GCTimeRatio=4 -XX:AdaptiveSizePolicyWeight=90 -Dsun.zip.disableMemoryMapping=true -Xmx2G -Xms100m -Xlog:disable -javaagent:c:\Users\DELL\.antigravity\extensions\redhat.java-1.54.0-win32-x64\lombok\lombok-1.18.39-4050.jar -XX:+HeapDumpOnOutOfMemoryError -XX:HeapDumpPath=c:\Users\DELL\AppData\Roaming\Antigravity\User\workspaceStorage\ef3b6c5f962f6b7ba8e6f6356c8f0770\redhat.java -Daether.dependencyCollector.impl=bf c:\Users\DELL\.antigravity\extensions\redhat.java-1.54.0-win32-x64\server\plugins\org.eclipse.equinox.launcher_1.7.100.v20251111-0406.jar -configuration c:\Users\DELL\AppData\Roaming\Antigravity\User\globalStorage\redhat.java\1.54.0\config_win -data c:\Users\DELL\AppData\Roaming\Antigravity\User\workspaceStorage\ef3b6c5f962f6b7ba8e6f6356c8f0770\redhat.java\jdt_ws --pipe=\\.\pipe\lsp-a2d7fbf37a6f9003e94112b52d5b4bc1-sock

Host: 11th Gen Intel(R) Core(TM) i5-11320H @ 3.20GHz, 8 cores, 15G,  Windows 11 , 64 bit Build 22000 (10.0.22000.2538)
Time: Mon May  4 17:36:02 2026 India Standard Time elapsed time: 41.024785 seconds (0d 0h 0m 41s)

---------------  T H R E A D  ---------------

Current thread (0x000002132c28f750):  JavaThread "C2 CompilerThread0" daemon [_thread_in_native, id=29288, stack(0x000000d495100000,0x000000d495200000) (1024K)]


Current CompileTask:
C2:41024 3303       4       java.lang.invoke.MethodType::makeImpl (109 bytes)

Stack: [0x000000d495100000,0x000000d495200000]
Native frames: (J=compiled Java code, j=interpreted, Vv=VM code, C=native code)
V  [jvm.dll+0x6d7a39]
V  [jvm.dll+0x8b4b26]
V  [jvm.dll+0x8b70de]
V  [jvm.dll+0x8b77c3]
V  [jvm.dll+0x284346]
V  [jvm.dll+0xc66ed]
V  [jvm.dll+0xc6c31]
V  [jvm.dll+0x2fb29e]
V  [jvm.dll+0x5fe884]
V  [jvm.dll+0x255b17]
V  [jvm.dll+0x24e12a]
V  [jvm.dll+0x24ba42]
V  [jvm.dll+0x1cb34e]
V  [jvm.dll+0x25b85d]
V  [jvm.dll+0x259dea]
V  [jvm.dll+0x3f857e]
V  [jvm.dll+0x85f59d]
V  [jvm.dll+0x6d626d]
C  [ucrtbase.dll+0x26c0c]
C  [KERNEL32.DLL+0x153e0]
C  [ntdll.dll+0x485b]


---------------  P R O C E S S  ---------------

Threads class SMR info:
_java_thread_list=0x0000021373d5e230, length=21, elements={
0x000002131580b480, 0x000002132c27ee90, 0x000002132c281e70, 0x000002132c2832d0,
0x000002132c2878c0, 0x000002132c289640, 0x000002132c28e760, 0x000002132c28f750,
0x000002132c290600, 0x000002136edda300, 0x000002136eda8de0, 0x00000213737d65e0,
0x00000213733b3fd0, 0x000002136ed24910, 0x000002136ed21c60, 0x00000213734de920,
0x0000021373040a60, 0x000002136ebe1400, 0x0000021373a13a90, 0x0000021373a12d70,
0x0000021373a12050
}

Java Threads: ( => current thread )
  0x000002131580b480 JavaThread "main"                              [_thread_blocked, id=18108, stack(0x000000d494700000,0x000000d494800000) (1024K)]
  0x000002132c27ee90 JavaThread "Reference Handler"          daemon [_thread_blocked, id=29564, stack(0x000000d494b00000,0x000000d494c00000) (1024K)]
  0x000002132c281e70 JavaThread "Finalizer"                  daemon [_thread_blocked, id=1860, stack(0x000000d494c00000,0x000000d494d00000) (1024K)]
  0x000002132c2832d0 JavaThread "Signal Dispatcher"          daemon [_thread_blocked, id=15540, stack(0x000000d494d00000,0x000000d494e00000) (1024K)]
  0x000002132c2878c0 JavaThread "Attach Listener"            daemon [_thread_blocked, id=22976, stack(0x000000d494e00000,0x000000d494f00000) (1024K)]
  0x000002132c289640 JavaThread "Service Thread"             daemon [_thread_blocked, id=20904, stack(0x000000d494f00000,0x000000d495000000) (1024K)]
  0x000002132c28e760 JavaThread "Monitor Deflation Thread"   daemon [_thread_blocked, id=32348, stack(0x000000d495000000,0x000000d495100000) (1024K)]
=>0x000002132c28f750 JavaThread "C2 CompilerThread0"         daemon [_thread_in_native, id=29288, stack(0x000000d495100000,0x000000d495200000) (1024K)]
  0x000002132c290600 JavaThread "C1 CompilerThread0"         daemon [_thread_blocked, id=16128, stack(0x000000d495200000,0x000000d495300000) (1024K)]
  0x000002136edda300 JavaThread "Common-Cleaner"             daemon [_thread_blocked, id=9728, stack(0x000000d495300000,0x000000d495400000) (1024K)]
  0x000002136eda8de0 JavaThread "Notification Thread"        daemon [_thread_blocked, id=12824, stack(0x000000d495600000,0x000000d495700000) (1024K)]
  0x00000213737d65e0 JavaThread "Active Thread: Equinox Container: 07e0aa2e-552c-4488-8b6c-4006c8835669"        [_thread_blocked, id=7412, stack(0x000000d495e00000,0x000000d495f00000) (1024K)]
  0x00000213733b3fd0 JavaThread "Refresh Thread: Equinox Container: 07e0aa2e-552c-4488-8b6c-4006c8835669" daemon [_thread_blocked, id=24316, stack(0x000000d495d00000,0x000000d495e00000) (1024K)]
  0x000002136ed24910 JavaThread "Framework Event Dispatcher: Equinox Container: 07e0aa2e-552c-4488-8b6c-4006c8835669" daemon [_thread_blocked, id=9628, stack(0x000000d495f00000,0x000000d496000000) (1024K)]
  0x000002136ed21c60 JavaThread "Start Level: Equinox Container: 07e0aa2e-552c-4488-8b6c-4006c8835669" daemon [_thread_in_vm, id=31340, stack(0x000000d496000000,0x000000d496100000) (1024K)]
  0x00000213734de920 JavaThread "Bundle File Closer"         daemon [_thread_blocked, id=28780, stack(0x000000d496200000,0x000000d496300000) (1024K)]
  0x0000021373040a60 JavaThread "SCR Component Actor"        daemon [_thread_blocked, id=21976, stack(0x000000d496100000,0x000000d496200000) (1024K)]
  0x000002136ebe1400 JavaThread "Worker-JM"                         [_thread_blocked, id=19616, stack(0x000000d496500000,0x000000d496600000) (1024K)]
  0x0000021373a13a90 JavaThread "JNA Cleaner"                daemon [_thread_blocked, id=25132, stack(0x000000d496300000,0x000000d496400000) (1024K)]
  0x0000021373a12d70 JavaThread "Worker-0: Checking project encoding"        [_thread_blocked, id=15352, stack(0x000000d496400000,0x000000d496500000) (1024K)]
  0x0000021373a12050 JavaThread "Worker-1"                          [_thread_blocked, id=1512, stack(0x000000d496600000,0x000000d496700000) (1024K)]
Total: 21

Other Threads:
  0x000002132c261040 VMThread "VM Thread"                           [id=6044, stack(0x000000d494a00000,0x000000d494b00000) (1024K)]
  0x000002132c151920 WatcherThread "VM Periodic Task Thread"        [id=13568, stack(0x000000d494900000,0x000000d494a00000) (1024K)]
  0x0000021315829be0 WorkerThread "GC Thread#0"                     [id=13960, stack(0x000000d494800000,0x000000d494900000) (1024K)]
  0x0000021373273350 WorkerThread "GC Thread#1"                     [id=9028, stack(0x000000d495700000,0x000000d495800000) (1024K)]
  0x0000021373273700 WorkerThread "GC Thread#2"                     [id=32688, stack(0x000000d495800000,0x000000d495900000) (1024K)]
  0x0000021373477da0 WorkerThread "GC Thread#3"                     [id=26352, stack(0x000000d495900000,0x000000d495a00000) (1024K)]
  0x0000021373478150 WorkerThread "GC Thread#4"                     [id=26248, stack(0x000000d495a00000,0x000000d495b00000) (1024K)]
  0x000002137335d390 WorkerThread "GC Thread#5"                     [id=14132, stack(0x000000d495b00000,0x000000d495c00000) (1024K)]
  0x000002137335d740 WorkerThread "GC Thread#6"                     [id=27520, stack(0x000000d495c00000,0x000000d495d00000) (1024K)]
  0x00000213737decc0 WorkerThread "GC Thread#7"                     [id=15112, stack(0x000000d495500000,0x000000d495600000) (1024K)]
Total: 10

Threads with active compile tasks:
C2 CompilerThread0  41054 3303       4       java.lang.invoke.MethodType::makeImpl (109 bytes)
Total: 1

VM state: not at safepoint (normal execution)

VM Mutex/Monitor currently owned by a thread:  ([mutex/lock_event])
[0x00007ffd5c29c4e0] Metaspace_lock - owner thread: 0x000002136ed21c60

Heap address: 0x0000000080000000, size: 2048 MB, Compressed Oops mode: 32-bit

CDS archive(s) mapped at: [0x000002132d000000-0x000002132dba0000-0x000002132dba0000), size 12189696, SharedBaseAddress: 0x000002132d000000, ArchiveRelocationMode: 1.
Compressed class space mapped at: 0x000002132e000000-0x000002136e000000, reserved size: 1073741824
Narrow klass base: 0x000002132d000000, Narrow klass shift: 0, Narrow klass range: 0x100000000

GC Precious Log:
 CardTable entry size: 512
 CPUs: 8 total, 8 available
 Memory: 16122M
 Large Page Support: Disabled
 NUMA Support: Disabled
 Compressed Oops: Enabled (32-bit)
 Alignments: Space 512K, Generation 512K, Heap 2M
 Heap Min Capacity: 100M
 Heap Initial Capacity: 100M
 Heap Max Capacity: 2G
 Pre-touch: Disabled
 Parallel Workers: 8

Heap:
 PSYoungGen      total 29184K, used 20414K [0x00000000d5580000, 0x00000000d7900000, 0x0000000100000000)
  eden space 25088K, 65% used [0x00000000d5580000,0x00000000d65716d8,0x00000000d6e00000)
  from space 4096K, 99% used [0x00000000d6e80000,0x00000000d727e200,0x00000000d7280000)
  to   space 5632K, 0% used [0x00000000d7380000,0x00000000d7380000,0x00000000d7900000)
 ParOldGen       total 68608K, used 8240K [0x0000000080000000, 0x0000000084300000, 0x00000000d5580000)
  object space 68608K, 12% used [0x0000000080000000,0x000000008080c238,0x0000000084300000)
 Metaspace       used 17849K, committed 18496K, reserved 1114112K
  class space    used 1864K, committed 2112K, reserved 1048576K

Card table byte_map: [0x00000213151e0000,0x00000213155f0000] _byte_map_base: 0x0000021314de0000

Marking Bits: (ParMarkBitMap*) 0x00007ffd5c2a3450
 Begin Bits: [0x0000021327cd0000, 0x0000021329cd0000)
 End Bits:   [0x0000021329cd0000, 0x000002132bcd0000)

Polling page: 0x0000021313820000

Metaspace:

Usage:
  Non-class:     15.61 MB used.
      Class:      1.82 MB used.
       Both:     17.43 MB used.

Virtual space:
  Non-class space:       64.00 MB reserved,      16.00 MB ( 25%) committed,  1 nodes.
      Class space:        1.00 GB reserved,       2.06 MB ( <1%) committed,  1 nodes.
             Both:        1.06 GB reserved,      18.06 MB (  2%) committed. 

Chunk freelists:
   Non-Class:  15.72 MB
       Class:  13.74 MB
        Both:  29.46 MB

MaxMetaspaceSize: unlimited
CompressedClassSpaceSize: 1.00 GB
Initial GC threshold: 21.00 MB
Current GC threshold: 21.00 MB
CDS: on
 - commit_granule_bytes: 65536.
 - commit_granule_words: 8192.
 - virtual_space_node_default_size: 8388608.
 - enlarge_chunks_in_place: 1.
 - use_allocation_guard: 0.


Internal statistics:

num_allocs_failed_limit: 0.
num_arena_births: 550.
num_arena_deaths: 0.
num_vsnodes_births: 2.
num_vsnodes_deaths: 0.
num_space_committed: 289.
num_space_uncommitted: 0.
num_chunks_returned_to_freelist: 0.
num_chunks_taken_from_freelist: 1199.
num_chunk_merges: 0.
num_chunk_splits: 748.
num_chunks_enlarged: 472.
num_inconsistent_stats: 0.

CodeHeap 'non-profiled nmethods': size=120000Kb used=1590Kb max_used=1590Kb free=118409Kb
 bounds [0x00000213204f0000, 0x0000021320760000, 0x0000021327a20000]
CodeHeap 'profiled nmethods': size=120000Kb used=6837Kb max_used=6837Kb free=113162Kb
 bounds [0x0000021318a20000, 0x00000213190d0000, 0x000002131ff50000]
CodeHeap 'non-nmethods': size=5760Kb used=1285Kb max_used=1294Kb free=4474Kb
 bounds [0x000002131ff50000, 0x00000213201c0000, 0x00000213204f0000]
CodeCache: size=245760Kb, used=9712Kb, max_used=9721Kb, free=236045Kb
 total_blobs=3955, nmethods=3401, adapters=460, full_count=0
Compilation: enabled, stopped_count=0, restarted_count=0

Compilation events (20 events):
Event: 41.017 Thread 0x000002132c290600 3375       1       java.util.concurrent.atomic.AtomicInteger::set (6 bytes)
Event: 41.017 Thread 0x000002132c290600 nmethod 3375 0x000002132067ba10 code [0x000002132067bba0, 0x000002132067bc70]
Event: 41.017 Thread 0x000002132c290600 3376       3       java.lang.ref.SoftReference::get (29 bytes)
Event: 41.017 Thread 0x000002132c290600 nmethod 3376 0x00000213190c5b10 code [0x00000213190c5cc0, 0x00000213190c5e58]
Event: 41.018 Thread 0x000002132c290600 3377       1       org.apache.felix.scr.impl.inject.methods.BaseMethod::getMethodName (5 bytes)
Event: 41.018 Thread 0x000002132c290600 nmethod 3377 0x000002132067bd10 code [0x000002132067bea0, 0x000002132067bf68]
Event: 41.018 Thread 0x000002132c290600 3378       3       org.eclipse.osgi.storage.BundleInfo$Generation::getDomain (6 bytes)
Event: 41.018 Thread 0x000002132c290600 nmethod 3378 0x00000213190c5f10 code [0x00000213190c60c0, 0x00000213190c6200]
Event: 41.018 Thread 0x000002132c290600 3379   !   3       org.eclipse.osgi.storage.BundleInfo$Generation::getDomain (90 bytes)
Event: 41.018 Thread 0x000002132c290600 nmethod 3379 0x00000213190c6290 code [0x00000213190c6440, 0x00000213190c6690]
Event: 41.018 Thread 0x000002132c290600 3380       3       org.eclipse.osgi.internal.serviceregistry.ServiceRegistrationImpl::compareTo (9 bytes)
Event: 41.019 Thread 0x000002132c290600 nmethod 3380 0x00000213190c6790 code [0x00000213190c6960, 0x00000213190c6f70]
Event: 41.019 Thread 0x000002132c290600 3381       3       org.eclipse.osgi.internal.serviceregistry.ServiceRegistrationImpl::compareTo (13 bytes)
Event: 41.019 Thread 0x000002132c290600 nmethod 3381 0x00000213190c7110 code [0x00000213190c72c0, 0x00000213190c7700]
Event: 41.019 Thread 0x000002132c290600 3382       1       org.apache.felix.scr.impl.manager.DependencyManager::access$000 (5 bytes)
Event: 41.019 Thread 0x000002132c290600 nmethod 3382 0x000002132067c010 code [0x000002132067c1a0, 0x000002132067c250]
Event: 41.019 Thread 0x000002132c290600 3383       3       org.apache.felix.scr.impl.logger.ScrLogManager$ScrLoggerFacade::log (16 bytes)
Event: 41.020 Thread 0x000002132c290600 nmethod 3383 0x00000213190c7890 code [0x00000213190c7a60, 0x00000213190c7c60]
Event: 41.020 Thread 0x000002132c290600 3384       3       org.apache.felix.scr.impl.manager.DependencyManager::cardinalitySatisfied (14 bytes)
Event: 41.020 Thread 0x000002132c290600 nmethod 3384 0x00000213190c7d90 code [0x00000213190c7f20, 0x00000213190c8080]

GC Heap History (10 events):
Event: 1.516 GC heap before
{Heap before GC invocations=1 (full 0):
 PSYoungGen      total 29696K, used 25600K [0x00000000d5580000, 0x00000000d7680000, 0x0000000100000000)
  eden space 25600K, 100% used [0x00000000d5580000,0x00000000d6e80000,0x00000000d6e80000)
  from space 4096K, 0% used [0x00000000d7280000,0x00000000d7280000,0x00000000d7680000)
  to   space 4096K, 0% used [0x00000000d6e80000,0x00000000d6e80000,0x00000000d7280000)
 ParOldGen       total 68608K, used 0K [0x0000000080000000, 0x0000000084300000, 0x00000000d5580000)
  object space 68608K, 0% used [0x0000000080000000,0x0000000080000000,0x0000000084300000)
 Metaspace       used 4370K, committed 4608K, reserved 1114112K
  class space    used 474K, committed 576K, reserved 1048576K
}
Event: 1.530 GC heap after
{Heap after GC invocations=1 (full 0):
 PSYoungGen      total 29696K, used 3325K [0x00000000d5580000, 0x00000000d7680000, 0x0000000100000000)
  eden space 25600K, 0% used [0x00000000d5580000,0x00000000d5580000,0x00000000d6e80000)
  from space 4096K, 81% used [0x00000000d6e80000,0x00000000d71bf570,0x00000000d7280000)
  to   space 4096K, 0% used [0x00000000d7280000,0x00000000d7280000,0x00000000d7680000)
 ParOldGen       total 68608K, used 16K [0x0000000080000000, 0x0000000084300000, 0x00000000d5580000)
  object space 68608K, 0% used [0x0000000080000000,0x0000000080004000,0x0000000084300000)
 Metaspace       used 4370K, committed 4608K, reserved 1114112K
  class space    used 474K, committed 576K, reserved 1048576K
}
Event: 24.473 GC heap before
{Heap before GC invocations=2 (full 0):
 PSYoungGen      total 29696K, used 28925K [0x00000000d5580000, 0x00000000d7680000, 0x0000000100000000)
  eden space 25600K, 100% used [0x00000000d5580000,0x00000000d6e80000,0x00000000d6e80000)
  from space 4096K, 81% used [0x00000000d6e80000,0x00000000d71bf570,0x00000000d7280000)
  to   space 4096K, 0% used [0x00000000d7280000,0x00000000d7280000,0x00000000d7680000)
 ParOldGen       total 68608K, used 16K [0x0000000080000000, 0x0000000084300000, 0x00000000d5580000)
  object space 68608K, 0% used [0x0000000080000000,0x0000000080004000,0x0000000084300000)
 Metaspace       used 7994K, committed 8256K, reserved 1114112K
  class space    used 830K, committed 960K, reserved 1048576K
}
Event: 24.481 GC heap after
{Heap after GC invocations=2 (full 0):
 PSYoungGen      total 29696K, used 4086K [0x00000000d5580000, 0x00000000d7680000, 0x0000000100000000)
  eden space 25600K, 0% used [0x00000000d5580000,0x00000000d5580000,0x00000000d6e80000)
  from space 4096K, 99% used [0x00000000d7280000,0x00000000d767d810,0x00000000d7680000)
  to   space 4096K, 0% used [0x00000000d6e80000,0x00000000d6e80000,0x00000000d7280000)
 ParOldGen       total 68608K, used 2057K [0x0000000080000000, 0x0000000084300000, 0x00000000d5580000)
  object space 68608K, 2% used [0x0000000080000000,0x0000000080202648,0x0000000084300000)
 Metaspace       used 7994K, committed 8256K, reserved 1114112K
  class space    used 830K, committed 960K, reserved 1048576K
}
Event: 28.478 GC heap before
{Heap before GC invocations=3 (full 0):
 PSYoungGen      total 29696K, used 29679K [0x00000000d5580000, 0x00000000d7680000, 0x0000000100000000)
  eden space 25600K, 99% used [0x00000000d5580000,0x00000000d6e7e6e0,0x00000000d6e80000)
  from space 4096K, 99% used [0x00000000d7280000,0x00000000d767d810,0x00000000d7680000)
  to   space 4096K, 0% used [0x00000000d6e80000,0x00000000d6e80000,0x00000000d7280000)
 ParOldGen       total 68608K, used 2057K [0x0000000080000000, 0x0000000084300000, 0x00000000d5580000)
  object space 68608K, 2% used [0x0000000080000000,0x0000000080202648,0x0000000084300000)
 Metaspace       used 9450K, committed 9792K, reserved 1114112K
  class space    used 1009K, committed 1152K, reserved 1048576K
}
Event: 28.484 GC heap after
{Heap after GC invocations=3 (full 0):
 PSYoungGen      total 29696K, used 4093K [0x00000000d5580000, 0x00000000d7680000, 0x0000000100000000)
  eden space 25600K, 0% used [0x00000000d5580000,0x00000000d5580000,0x00000000d6e80000)
  from space 4096K, 99% used [0x00000000d6e80000,0x00000000d727f7e8,0x00000000d7280000)
  to   space 4096K, 0% used [0x00000000d7280000,0x00000000d7280000,0x00000000d7680000)
 ParOldGen       total 68608K, used 5137K [0x0000000080000000, 0x0000000084300000, 0x00000000d5580000)
  object space 68608K, 7% used [0x0000000080000000,0x00000000805046c8,0x0000000084300000)
 Metaspace       used 9450K, committed 9792K, reserved 1114112K
  class space    used 1009K, committed 1152K, reserved 1048576K
}
Event: 39.600 GC heap before
{Heap before GC invocations=4 (full 0):
 PSYoungGen      total 29696K, used 29693K [0x00000000d5580000, 0x00000000d7680000, 0x0000000100000000)
  eden space 25600K, 100% used [0x00000000d5580000,0x00000000d6e80000,0x00000000d6e80000)
  from space 4096K, 99% used [0x00000000d6e80000,0x00000000d727f7e8,0x00000000d7280000)
  to   space 4096K, 0% used [0x00000000d7280000,0x00000000d7280000,0x00000000d7680000)
 ParOldGen       total 68608K, used 5137K [0x0000000080000000, 0x0000000084300000, 0x00000000d5580000)
  object space 68608K, 7% used [0x0000000080000000,0x00000000805046c8,0x0000000084300000)
 Metaspace       used 11386K, committed 11712K, reserved 1114112K
  class space    used 1180K, committed 1344K, reserved 1048576K
}
Event: 39.609 GC heap after
{Heap after GC invocations=4 (full 0):
 PSYoungGen      total 29696K, used 4083K [0x00000000d5580000, 0x00000000d7680000, 0x0000000100000000)
  eden space 25600K, 0% used [0x00000000d5580000,0x00000000d5580000,0x00000000d6e80000)
  from space 4096K, 99% used [0x00000000d7280000,0x00000000d767cfa0,0x00000000d7680000)
  to   space 4096K, 0% used [0x00000000d6e80000,0x00000000d6e80000,0x00000000d7280000)
 ParOldGen       total 68608K, used 7156K [0x0000000080000000, 0x0000000084300000, 0x00000000d5580000)
  object space 68608K, 10% used [0x0000000080000000,0x00000000806fd208,0x0000000084300000)
 Metaspace       used 11386K, committed 11712K, reserved 1114112K
  class space    used 1180K, committed 1344K, reserved 1048576K
}
Event: 40.383 GC heap before
{Heap before GC invocations=5 (full 0):
 PSYoungGen      total 29696K, used 29683K [0x00000000d5580000, 0x00000000d7680000, 0x0000000100000000)
  eden space 25600K, 100% used [0x00000000d5580000,0x00000000d6e80000,0x00000000d6e80000)
  from space 4096K, 99% used [0x00000000d7280000,0x00000000d767cfa0,0x00000000d7680000)
  to   space 4096K, 0% used [0x00000000d6e80000,0x00000000d6e80000,0x00000000d7280000)
 ParOldGen       total 68608K, used 7156K [0x0000000080000000, 0x0000000084300000, 0x00000000d5580000)
  object space 68608K, 10% used [0x0000000080000000,0x00000000806fd208,0x0000000084300000)
 Metaspace       used 15267K, committed 15808K, reserved 1114112K
  class space    used 1568K, committed 1792K, reserved 1048576K
}
Event: 40.389 GC heap after
{Heap after GC invocations=5 (full 0):
 PSYoungGen      total 29184K, used 4088K [0x00000000d5580000, 0x00000000d7900000, 0x0000000100000000)
  eden space 25088K, 0% used [0x00000000d5580000,0x00000000d5580000,0x00000000d6e00000)
  from space 4096K, 99% used [0x00000000d6e80000,0x00000000d727e200,0x00000000d7280000)
  to   space 5632K, 0% used [0x00000000d7380000,0x00000000d7380000,0x00000000d7900000)
 ParOldGen       total 68608K, used 8240K [0x0000000080000000, 0x0000000084300000, 0x00000000d5580000)
  object space 68608K, 12% used [0x0000000080000000,0x000000008080c238,0x0000000084300000)
 Metaspace       used 15267K, committed 15808K, reserved 1114112K
  class space    used 1568K, committed 1792K, reserved 1048576K
}

Dll operation events (10 events):
Event: 0.011 Loaded shared library c:\Users\DELL\.antigravity\extensions\redhat.java-1.54.0-win32-x64\jre\21.0.10-win32-x86_64\bin\java.dll
Event: 0.118 Loaded shared library c:\Users\DELL\.antigravity\extensions\redhat.java-1.54.0-win32-x64\jre\21.0.10-win32-x86_64\bin\zip.dll
Event: 0.145 Loaded shared library C:\Users\DELL\.antigravity\extensions\redhat.java-1.54.0-win32-x64\jre\21.0.10-win32-x86_64\bin\instrument.dll
Event: 0.152 Loaded shared library C:\Users\DELL\.antigravity\extensions\redhat.java-1.54.0-win32-x64\jre\21.0.10-win32-x86_64\bin\net.dll
Event: 0.159 Loaded shared library C:\Users\DELL\.antigravity\extensions\redhat.java-1.54.0-win32-x64\jre\21.0.10-win32-x86_64\bin\nio.dll
Event: 0.164 Loaded shared library C:\Users\DELL\.antigravity\extensions\redhat.java-1.54.0-win32-x64\jre\21.0.10-win32-x86_64\bin\zip.dll
Event: 0.194 Loaded shared library C:\Users\DELL\.antigravity\extensions\redhat.java-1.54.0-win32-x64\jre\21.0.10-win32-x86_64\bin\jimage.dll
Event: 0.290 Loaded shared library c:\Users\DELL\.antigravity\extensions\redhat.java-1.54.0-win32-x64\jre\21.0.10-win32-x86_64\bin\verify.dll
Event: 24.550 Loaded shared library C:\Users\DELL\AppData\Roaming\Antigravity\User\globalStorage\redhat.java\1.54.0\config_win\org.eclipse.equinox.launcher\org.eclipse.equinox.launcher.win32.win32.x86_64_1.3.0.v20260203-2149\eclipse_11919.dll
Event: 40.878 Loaded shared library C:\Users\DELL\AppData\Local\Temp\jna-2094529\jna6739584883028477917.dll

Deoptimization events (20 events):
Event: 40.649 Thread 0x000002136ed21c60 Uncommon trap: trap_request=0xffffff45 fr.pc=0x0000021320578774 relative=0x0000000000000634
Event: 40.649 Thread 0x000002136ed21c60 Uncommon trap: reason=unstable_if action=reinterpret pc=0x0000021320578774 method=java.io.BufferedInputStream.implRead([BII)I @ 55 c2
Event: 40.649 Thread 0x000002136ed21c60 DEOPT PACKING pc=0x0000021320578774 sp=0x000000d4960f9390
Event: 40.649 Thread 0x000002136ed21c60 DEOPT UNPACKING pc=0x000002131ffa6da2 sp=0x000000d4960f9368 mode 2
Event: 40.674 Thread 0x000002136ed21c60 Uncommon trap: trap_request=0xffffff45 fr.pc=0x00000213205bec94 relative=0x0000000000000234
Event: 40.674 Thread 0x000002136ed21c60 Uncommon trap: reason=unstable_if action=reinterpret pc=0x00000213205bec94 method=java.io.WinNTFileSystem.normalize(Ljava/lang/String;)Ljava/lang/String; @ 128 c2
Event: 40.674 Thread 0x000002136ed21c60 DEOPT PACKING pc=0x00000213205bec94 sp=0x000000d4960f7b20
Event: 40.674 Thread 0x000002136ed21c60 DEOPT UNPACKING pc=0x000002131ffa6da2 sp=0x000000d4960f7a98 mode 2
Event: 40.681 Thread 0x000002136ed21c60 Uncommon trap: trap_request=0xffffff45 fr.pc=0x0000021320528d2c relative=0x000000000000068c
Event: 40.681 Thread 0x000002136ed21c60 Uncommon trap: reason=unstable_if action=reinterpret pc=0x0000021320528d2c method=java.lang.String.replace(Ljava/lang/CharSequence;Ljava/lang/CharSequence;)Ljava/lang/String; @ 42 c2
Event: 40.681 Thread 0x000002136ed21c60 DEOPT PACKING pc=0x0000021320528d2c sp=0x000000d4960f7c10
Event: 40.681 Thread 0x000002136ed21c60 DEOPT UNPACKING pc=0x000002131ffa6da2 sp=0x000000d4960f7b90 mode 2
Event: 40.970 Thread 0x000002136ed21c60 Uncommon trap: trap_request=0xffffff45 fr.pc=0x0000021320677324 relative=0x0000000000000084
Event: 40.970 Thread 0x000002136ed21c60 Uncommon trap: reason=unstable_if action=reinterpret pc=0x0000021320677324 method=java.lang.ref.SoftReference.get()Ljava/lang/Object; @ 6 c2
Event: 40.970 Thread 0x000002136ed21c60 DEOPT PACKING pc=0x0000021320677324 sp=0x000000d4960f9b10
Event: 40.970 Thread 0x000002136ed21c60 DEOPT UNPACKING pc=0x000002131ffa6da2 sp=0x000000d4960f9aa8 mode 2
Event: 40.995 Thread 0x0000021373a12d70 Uncommon trap: trap_request=0xffffff45 fr.pc=0x00000213205ee6e0 relative=0x00000000000000c0
Event: 40.995 Thread 0x0000021373a12d70 Uncommon trap: reason=unstable_if action=reinterpret pc=0x00000213205ee6e0 method=java.util.concurrent.locks.ReentrantLock$NonfairSync.initialTryLock()Z @ 25 c2
Event: 40.995 Thread 0x0000021373a12d70 DEOPT PACKING pc=0x00000213205ee6e0 sp=0x000000d4964fe1f0
Event: 40.995 Thread 0x0000021373a12d70 DEOPT UNPACKING pc=0x000002131ffa6da2 sp=0x000000d4964fe170 mode 2

Classes loaded (20 events):
Event: 40.905 Loading class java/lang/reflect/UndeclaredThrowableException
Event: 40.905 Loading class java/lang/reflect/UndeclaredThrowableException done
Event: 40.906 Loading class java/lang/Class$AnnotationData
Event: 40.906 Loading class java/lang/Class$AnnotationData done
Event: 40.907 Loading class jdk/internal/reflect/MethodHandleIntegerFieldAccessorImpl
Event: 40.907 Loading class jdk/internal/reflect/MethodHandleIntegerFieldAccessorImpl done
Event: 40.921 Loading class java/io/PrintWriter
Event: 40.921 Loading class java/io/PrintWriter done
Event: 40.930 Loading class jdk/internal/reflect/MethodHandleShortFieldAccessorImpl
Event: 40.930 Loading class jdk/internal/reflect/MethodHandleShortFieldAccessorImpl done
Event: 40.931 Loading class java/lang/Short$ShortCache
Event: 40.931 Loading class java/lang/Short$ShortCache done
Event: 40.962 Loading class java/util/function/LongUnaryOperator
Event: 40.962 Loading class java/util/function/LongUnaryOperator done
Event: 40.962 Loading class java/lang/ThreadDeath
Event: 40.963 Loading class java/lang/ThreadDeath done
Event: 40.975 Loading class java/util/stream/SortedOps$SizedRefSortingSink
Event: 40.975 Loading class java/util/stream/SortedOps$SizedRefSortingSink done
Event: 41.012 Loading class java/util/concurrent/atomic/Striped64$1
Event: 41.012 Loading class java/util/concurrent/atomic/Striped64$1 done

Classes unloaded (0 events):
No events

Classes redefined (0 events):
No events

Internal exceptions (20 events):
Event: 40.522 Thread 0x000002136ed21c60 Exception <a 'java/lang/NoSuchMethodError'{0x00000000d598ba68}: 'java.lang.Object java.lang.invoke.DirectMethodHandle$Holder.newInvokeSpecial(java.lang.Object, java.lang.Object, java.lang.Object, java.lang.Object, java.lang.Object)'> (0x00000000d598ba68) 
thrown [s\src\hotspot\share\interpreter\linkResolver.cpp, line 773]
Event: 40.614 Thread 0x000002136ed21c60 Exception <a 'java/lang/NoSuchMethodError'{0x00000000d5b5a9e0}: 'java.lang.Object java.lang.invoke.DirectMethodHandle$Holder.invokeStaticInit(java.lang.Object, int)'> (0x00000000d5b5a9e0) 
thrown [s\src\hotspot\share\interpreter\linkResolver.cpp, line 773]
Event: 40.688 Thread 0x000002136ed21c60 Exception <a 'java/lang/NoSuchMethodError'{0x00000000d5dd7688}: 'java.lang.Object java.lang.invoke.DirectMethodHandle$Holder.invokeStaticInit(java.lang.Object, int, int, int, int)'> (0x00000000d5dd7688) 
thrown [s\src\hotspot\share\interpreter\linkResolver.cpp, line 773]
Event: 40.752 Thread 0x000002136ed21c60 Exception <a 'java/lang/NoSuchMethodError'{0x00000000d5e90238}: 'java.lang.Object java.lang.invoke.DirectMethodHandle$Holder.invokeStaticInit(java.lang.Object, java.lang.Object, int, int, int, int)'> (0x00000000d5e90238) 
thrown [s\src\hotspot\share\interpreter\linkResolver.cpp, line 773]
Event: 40.908 Thread 0x000002136ed21c60 Exception <a 'java/lang/NoSuchMethodError'{0x00000000d5fa4050}: 'void java.lang.invoke.DirectMethodHandle$Holder.invokeSpecial(java.lang.Object, java.lang.Object, java.lang.Object, int)'> (0x00000000d5fa4050) 
thrown [s\src\hotspot\share\interpreter\linkResolver.cpp, line 773]
Event: 40.908 Thread 0x000002136ed21c60 Exception <a 'java/lang/NoSuchMethodError'{0x00000000d5fa79e0}: 'void java.lang.invoke.DelegatingMethodHandle$Holder.reinvoke_L(java.lang.Object, java.lang.Object, int)'> (0x00000000d5fa79e0) 
thrown [s\src\hotspot\share\interpreter\linkResolver.cpp, line 773]
Event: 40.908 Thread 0x000002136ed21c60 Exception <a 'java/lang/NoSuchMethodError'{0x00000000d5fae6c8}: 'int java.lang.invoke.Invokers$Holder.invokeExact_MT(java.lang.Object, java.lang.Object, java.lang.Object)'> (0x00000000d5fae6c8) 
thrown [s\src\hotspot\share\interpreter\linkResolver.cpp, line 773]
Event: 40.933 Thread 0x000002136ed21c60 Exception <a 'java/lang/NoSuchMethodError'{0x00000000d60cef08}: 'void java.lang.invoke.Invokers$Holder.invokeExact_MT(java.lang.Object, java.lang.Object, int, java.lang.Object)'> (0x00000000d60cef08) 
thrown [s\src\hotspot\share\interpreter\linkResolver.cpp, line 773]
Event: 40.960 Thread 0x000002136ed21c60 Exception <a 'java/lang/NoSuchMethodError'{0x00000000d61dc558}: 'java.lang.Object java.lang.invoke.DirectMethodHandle$Holder.invokeSpecial(java.lang.Object, java.lang.Object, java.lang.Object, long, java.lang.Object)'> (0x00000000d61dc558) 
thrown [s\src\hotspot\share\interpreter\linkResolver.cpp, line 773]
Event: 40.960 Thread 0x000002136ed21c60 Exception <a 'java/lang/NoSuchMethodError'{0x00000000d61e3da0}: 'java.lang.Object java.lang.invoke.DirectMethodHandle$Holder.newInvokeSpecial(java.lang.Object, java.lang.Object, java.lang.Object, long)'> (0x00000000d61e3da0) 
thrown [s\src\hotspot\share\interpreter\linkResolver.cpp, line 773]
Event: 40.961 Thread 0x000002136ed21c60 Exception <a 'java/lang/NoSuchMethodError'{0x00000000d61e8090}: 'java.lang.Object java.lang.invoke.DirectMethodHandle$Holder.invokeSpecial(java.lang.Object, java.lang.Object, java.lang.Object, java.lang.Object, long)'> (0x00000000d61e8090) 
thrown [s\src\hotspot\share\interpreter\linkResolver.cpp, line 773]
Event: 40.961 Thread 0x000002136ed21c60 Exception <a 'java/lang/NoSuchMethodError'{0x00000000d61ebcb0}: 'java.lang.Object java.lang.invoke.Invokers$Holder.linkToTargetMethod(java.lang.Object, java.lang.Object, long, java.lang.Object)'> (0x00000000d61ebcb0) 
thrown [s\src\hotspot\share\interpreter\linkResolver.cpp, line 773]
Event: 40.972 Thread 0x000002136ed21c60 Exception <a 'java/lang/NoSuchMethodError'{0x00000000d6261b18}: 'int java.lang.invoke.DirectMethodHandle$Holder.invokeStaticInit(java.lang.Object, java.lang.Object, java.lang.Object)'> (0x00000000d6261b18) 
thrown [s\src\hotspot\share\interpreter\linkResolver.cpp, line 773]
Event: 40.988 Thread 0x000002136ed21c60 Exception <a 'java/lang/IncompatibleClassChangeError'{0x00000000d630fb40}: Found class java.lang.Object, but interface was expected> (0x00000000d630fb40) 
thrown [s\src\hotspot\share\interpreter\linkResolver.cpp, line 840]
Event: 40.990 Thread 0x000002136ed21c60 Exception <a 'java/lang/NoSuchMethodError'{0x00000000d631f280}: 'java.lang.Object java.lang.invoke.DirectMethodHandle$Holder.invokeSpecial(java.lang.Object, java.lang.Object, java.lang.Object, int, java.lang.Object, java.lang.Object)'> (0x00000000d631f280) 
thrown [s\src\hotspot\share\interpreter\linkResolver.cpp, line 773]
Event: 40.991 Thread 0x000002136ed21c60 Exception <a 'java/lang/NoSuchMethodError'{0x00000000d6326c98}: 'java.lang.Object java.lang.invoke.DirectMethodHandle$Holder.newInvokeSpecial(java.lang.Object, java.lang.Object, java.lang.Object, int, java.lang.Object)'> (0x00000000d6326c98) 
thrown [s\src\hotspot\share\interpreter\linkResolver.cpp, line 773]
Event: 40.992 Thread 0x000002136ed21c60 Exception <a 'java/lang/NoSuchMethodError'{0x00000000d632ac18}: 'java.lang.Object java.lang.invoke.DirectMethodHandle$Holder.invokeSpecial(java.lang.Object, java.lang.Object, java.lang.Object, java.lang.Object, int, java.lang.Object)'> (0x00000000d632ac18) 
thrown [s\src\hotspot\share\interpreter\linkResolver.cpp, line 773]
Event: 40.992 Thread 0x000002136ed21c60 Exception <a 'java/lang/NoSuchMethodError'{0x00000000d632e758}: 'java.lang.Object java.lang.invoke.Invokers$Holder.linkToTargetMethod(java.lang.Object, java.lang.Object, int, java.lang.Object, java.lang.Object)'> (0x00000000d632e758) 
thrown [s\src\hotspot\share\interpreter\linkResolver.cpp, line 773]
Event: 40.994 Thread 0x0000021373a12d70 Exception <a 'java/lang/NoSuchMethodError'{0x00000000d6238fa8}: 'java.lang.Object java.lang.invoke.DirectMethodHandle$Holder.invokeSpecial(java.lang.Object, java.lang.Object, int, java.lang.Object, java.lang.Object)'> (0x00000000d6238fa8) 
thrown [s\src\hotspot\share\interpreter\linkResolver.cpp, line 773]
Event: 41.016 Thread 0x000002136ed21c60 Exception <a 'java/lang/NoSuchMethodError'{0x00000000d6432f90}: 'void java.lang.invoke.DirectMethodHandle$Holder.invokeSpecial(java.lang.Object, java.lang.Object, java.lang.Object, java.lang.Object, java.lang.Object)'> (0x00000000d6432f90) 
thrown [s\src\hotspot\share\interpreter\linkResolver.cpp, line 773]

ZGC Phase Switch (0 events):
No events

VM Operations (20 events):
Event: 35.467 Executing safepoint VM operation: Cleanup
Event: 35.467 Executing safepoint VM operation: Cleanup done
Event: 37.476 Executing safepoint VM operation: Cleanup
Event: 37.476 Executing safepoint VM operation: Cleanup done
Event: 38.479 Executing safepoint VM operation: Cleanup
Event: 38.479 Executing safepoint VM operation: Cleanup done
Event: 39.483 Executing safepoint VM operation: Cleanup
Event: 39.483 Executing safepoint VM operation: Cleanup done
Event: 39.600 Executing safepoint VM operation: ParallelGCFailedAllocation (Allocation Failure)
Event: 39.609 Executing safepoint VM operation: ParallelGCFailedAllocation (Allocation Failure) done
Event: 39.666 Executing non-safepoint VM operation: HandshakeAllThreads (Deoptimize)
Event: 39.666 Executing non-safepoint VM operation: HandshakeAllThreads (Deoptimize) done
Event: 40.383 Executing safepoint VM operation: ParallelGCFailedAllocation (Allocation Failure)
Event: 40.389 Executing safepoint VM operation: ParallelGCFailedAllocation (Allocation Failure) done
Event: 40.436 Executing non-safepoint VM operation: HandshakeAllThreads (Deoptimize)
Event: 40.436 Executing non-safepoint VM operation: HandshakeAllThreads (Deoptimize) done
Event: 40.746 Executing non-safepoint VM operation: HandshakeAllThreads (Deoptimize)
Event: 40.746 Executing non-safepoint VM operation: HandshakeAllThreads (Deoptimize) done
Event: 40.892 Executing non-safepoint VM operation: HandshakeAllThreads (Deoptimize)
Event: 40.893 Executing non-safepoint VM operation: HandshakeAllThreads (Deoptimize) done

Memory protections (0 events):
No events

Nmethod flushes (0 events):
No events

Events (20 events):
Event: 24.925 Thread 0x000002132c290600 Thread added: 0x0000021373193ff0
Event: 24.925 Thread 0x000002132c290600 Thread added: 0x00000213731946a0
Event: 25.757 Thread 0x00000213731946a0 Thread exited: 0x00000213731946a0
Event: 25.757 Thread 0x0000021373193ff0 Thread exited: 0x0000021373193ff0
Event: 28.406 Thread 0x000002132c290600 Thread added: 0x0000021373a4f570
Event: 28.584 Thread 0x000002136ed21c60 Thread added: 0x00000213734de920
Event: 29.077 Thread 0x0000021373a4f570 Thread exited: 0x0000021373a4f570
Event: 32.286 Thread 0x000002132c290600 Thread added: 0x0000021373af06b0
Event: 32.308 Thread 0x000002132c290600 Thread added: 0x0000021373a18ef0
Event: 32.688 Thread 0x0000021373a18ef0 Thread exited: 0x0000021373a18ef0
Event: 33.101 Thread 0x0000021373af06b0 Thread exited: 0x0000021373af06b0
Event: 39.651 Thread 0x000002136ed21c60 Thread added: 0x0000021373040a60
Event: 39.796 Thread 0x000002132c290600 Thread added: 0x000002136eca0ec0
Event: 39.796 Thread 0x000002132c290600 Thread added: 0x000002137333bf60
Event: 40.124 Thread 0x000002136ed21c60 Thread added: 0x000002136ebe1400
Event: 40.263 Thread 0x000002137333bf60 Thread exited: 0x000002137333bf60
Event: 40.317 Thread 0x000002136eca0ec0 Thread exited: 0x000002136eca0ec0
Event: 40.919 Thread 0x000002136ed21c60 Thread added: 0x0000021373a13a90
Event: 40.966 Thread 0x000002136ed21c60 Thread added: 0x0000021373a12d70
Event: 40.994 Thread 0x000002136ed21c60 Thread added: 0x0000021373a12050


Dynamic libraries:
0x00007ff679870000 - 0x00007ff67987e000 	c:\Users\DELL\.antigravity\extensions\redhat.java-1.54.0-win32-x64\jre\21.0.10-win32-x86_64\bin\java.exe
0x00007ffdef2e0000 - 0x00007ffdef4e9000 	C:\Windows\SYSTEM32\ntdll.dll
0x00007ffdedcc0000 - 0x00007ffdedd7d000 	C:\Windows\System32\KERNEL32.DLL
0x00007ffdec7e0000 - 0x00007ffdecb64000 	C:\Windows\System32\KERNELBASE.dll
0x00007ffdecbf0000 - 0x00007ffdecd01000 	C:\Windows\System32\ucrtbase.dll
0x00007ffde2900000 - 0x00007ffde2918000 	c:\Users\DELL\.antigravity\extensions\redhat.java-1.54.0-win32-x64\jre\21.0.10-win32-x86_64\bin\jli.dll
0x00007ffdeeab0000 - 0x00007ffdeec5d000 	C:\Windows\System32\USER32.dll
0x00007ffdecdb0000 - 0x00007ffdecdd6000 	C:\Windows\System32\win32u.dll
0x00007ffded1b0000 - 0x00007ffded1da000 	C:\Windows\System32\GDI32.dll
0x00007ffdecde0000 - 0x00007ffdecefe000 	C:\Windows\System32\gdi32full.dll
0x00007ffdecd10000 - 0x00007ffdecdad000 	C:\Windows\System32\msvcp_win.dll
0x00007ffde2740000 - 0x00007ffde275e000 	c:\Users\DELL\.antigravity\extensions\redhat.java-1.54.0-win32-x64\jre\21.0.10-win32-x86_64\bin\VCRUNTIME140.dll
0x00007ffdcc3e0000 - 0x00007ffdcc685000 	C:\Windows\WinSxS\amd64_microsoft.windows.common-controls_6595b64144ccf1df_6.0.22000.120_none_9d947278b86cc467\COMCTL32.dll
0x00007ffdeed90000 - 0x00007ffdeee33000 	C:\Windows\System32\msvcrt.dll
0x00007ffdeea70000 - 0x00007ffdeeaa1000 	C:\Windows\System32\IMM32.DLL
0x00007ffdea640000 - 0x00007ffdea64c000 	c:\Users\DELL\.antigravity\extensions\redhat.java-1.54.0-win32-x64\jre\21.0.10-win32-x86_64\bin\vcruntime140_1.dll
0x00007ffdd56a0000 - 0x00007ffdd572d000 	c:\Users\DELL\.antigravity\extensions\redhat.java-1.54.0-win32-x64\jre\21.0.10-win32-x86_64\bin\msvcp140.dll
0x00007ffd5b5e0000 - 0x00007ffd5c381000 	c:\Users\DELL\.antigravity\extensions\redhat.java-1.54.0-win32-x64\jre\21.0.10-win32-x86_64\bin\server\jvm.dll
0x00007ffdeee40000 - 0x00007ffdeeeee000 	C:\Windows\System32\ADVAPI32.dll
0x00007ffdedc10000 - 0x00007ffdedcae000 	C:\Windows\System32\sechost.dll
0x00007ffdedae0000 - 0x00007ffdedc01000 	C:\Windows\System32\RPCRT4.dll
0x00007ffded130000 - 0x00007ffded19f000 	C:\Windows\System32\WS2_32.dll
0x00007ffdeb060000 - 0x00007ffdeb0ad000 	C:\Windows\SYSTEM32\POWRPROF.dll
0x00007ffde68d0000 - 0x00007ffde68da000 	C:\Windows\SYSTEM32\VERSION.dll
0x00007ffdea420000 - 0x00007ffdea453000 	C:\Windows\SYSTEM32\WINMM.dll
0x00007ffdeb190000 - 0x00007ffdeb1a3000 	C:\Windows\SYSTEM32\UMPDC.dll
0x00007ffdeb8d0000 - 0x00007ffdeb8e8000 	C:\Windows\SYSTEM32\kernel.appcore.dll
0x00007ffde70a0000 - 0x00007ffde70aa000 	c:\Users\DELL\.antigravity\extensions\redhat.java-1.54.0-win32-x64\jre\21.0.10-win32-x86_64\bin\jimage.dll
0x00007ffdea160000 - 0x00007ffdea381000 	C:\Windows\SYSTEM32\DBGHELP.DLL
0x00007ffdea3e0000 - 0x00007ffdea411000 	C:\Windows\SYSTEM32\dbgcore.DLL
0x00007ffdecb70000 - 0x00007ffdecbef000 	C:\Windows\System32\bcryptPrimitives.dll
0x00007ffde67d0000 - 0x00007ffde67df000 	c:\Users\DELL\.antigravity\extensions\redhat.java-1.54.0-win32-x64\jre\21.0.10-win32-x86_64\bin\instrument.dll
0x00007ffddf720000 - 0x00007ffddf740000 	c:\Users\DELL\.antigravity\extensions\redhat.java-1.54.0-win32-x64\jre\21.0.10-win32-x86_64\bin\java.dll
0x00007ffdedd80000 - 0x00007ffdee545000 	C:\Windows\System32\SHELL32.dll
0x00007ffdea7e0000 - 0x00007ffdeb042000 	C:\Windows\SYSTEM32\windows.storage.dll
0x00007ffded2e0000 - 0x00007ffded656000 	C:\Windows\System32\combase.dll
0x00007ffdea670000 - 0x00007ffdea7d7000 	C:\Windows\SYSTEM32\wintypes.dll
0x00007ffdee660000 - 0x00007ffdee74a000 	C:\Windows\System32\SHCORE.dll
0x00007ffdef240000 - 0x00007ffdef29d000 	C:\Windows\System32\shlwapi.dll
0x00007ffdec6a0000 - 0x00007ffdec6c5000 	C:\Windows\SYSTEM32\profapi.dll
0x00007ffdd70c0000 - 0x00007ffdd70d8000 	c:\Users\DELL\.antigravity\extensions\redhat.java-1.54.0-win32-x64\jre\21.0.10-win32-x86_64\bin\zip.dll
0x00007ffde60c0000 - 0x00007ffde60d0000 	C:\Users\DELL\.antigravity\extensions\redhat.java-1.54.0-win32-x64\jre\21.0.10-win32-x86_64\bin\net.dll
0x00007ffde7460000 - 0x00007ffde7574000 	C:\Windows\SYSTEM32\WINHTTP.dll
0x00007ffdebd80000 - 0x00007ffdebde7000 	C:\Windows\system32\mswsock.dll
0x00007ffdd6d70000 - 0x00007ffdd6d86000 	C:\Users\DELL\.antigravity\extensions\redhat.java-1.54.0-win32-x64\jre\21.0.10-win32-x86_64\bin\nio.dll
0x00007ffde5f80000 - 0x00007ffde5f90000 	c:\Users\DELL\.antigravity\extensions\redhat.java-1.54.0-win32-x64\jre\21.0.10-win32-x86_64\bin\verify.dll
0x00007ffdd53e0000 - 0x00007ffdd5425000 	C:\Users\DELL\AppData\Roaming\Antigravity\User\globalStorage\redhat.java\1.54.0\config_win\org.eclipse.equinox.launcher\org.eclipse.equinox.launcher.win32.win32.x86_64_1.3.0.v20260203-2149\eclipse_11919.dll
0x00007ffdee8d0000 - 0x00007ffdeea6a000 	C:\Windows\System32\ole32.dll
0x00007ffdebfc0000 - 0x00007ffdebfd8000 	C:\Windows\SYSTEM32\CRYPTSP.dll
0x00007ffdeb830000 - 0x00007ffdeb865000 	C:\Windows\system32\rsaenh.dll
0x00007ffdebe70000 - 0x00007ffdebe9c000 	C:\Windows\SYSTEM32\USERENV.dll
0x00007ffdec140000 - 0x00007ffdec167000 	C:\Windows\SYSTEM32\bcrypt.dll
0x00007ffdebfe0000 - 0x00007ffdebfec000 	C:\Windows\SYSTEM32\CRYPTBASE.dll
0x00007ffdeb300000 - 0x00007ffdeb32d000 	C:\Windows\SYSTEM32\IPHLPAPI.DLL
0x00007ffdedcb0000 - 0x00007ffdedcb9000 	C:\Windows\System32\NSI.dll
0x00007ffde4db0000 - 0x00007ffde4df9000 	C:\Users\DELL\AppData\Local\Temp\jna-2094529\jna6739584883028477917.dll
0x00007ffdeed80000 - 0x00007ffdeed88000 	C:\Windows\System32\PSAPI.DLL

JVMTI agents:
c:\Users\DELL\.antigravity\extensions\redhat.java-1.54.0-win32-x64\lombok\lombok-1.18.39-4050.jar path:c:\Users\DELL\.antigravity\extensions\redhat.java-1.54.0-win32-x64\jre\21.0.10-win32-x86_64\bin\instrument.dll, loaded, initialized, instrumentlib options:none

dbghelp: loaded successfully - version: 4.0.5 - missing functions: none
symbol engine: initialized successfully - sym options: 0x614 - pdb path: .;c:\Users\DELL\.antigravity\extensions\redhat.java-1.54.0-win32-x64\jre\21.0.10-win32-x86_64\bin;C:\Windows\SYSTEM32;C:\Windows\WinSxS\amd64_microsoft.windows.common-controls_6595b64144ccf1df_6.0.22000.120_none_9d947278b86cc467;c:\Users\DELL\.antigravity\extensions\redhat.java-1.54.0-win32-x64\jre\21.0.10-win32-x86_64\bin\server;C:\Users\DELL\AppData\Roaming\Antigravity\User\globalStorage\redhat.java\1.54.0\config_win\org.eclipse.equinox.launcher\org.eclipse.equinox.launcher.win32.win32.x86_64_1.3.0.v20260203-2149;C:\Users\DELL\AppData\Local\Temp\jna-2094529

VM Arguments:
jvm_args: --add-modules=ALL-SYSTEM --add-opens=java.base/java.util=ALL-UNNAMED --add-opens=java.base/java.lang=ALL-UNNAMED --add-opens=java.base/sun.nio.fs=ALL-UNNAMED -Declipse.application=org.eclipse.jdt.ls.core.id1 -Dosgi.bundles.defaultStartLevel=4 -Declipse.product=org.eclipse.jdt.ls.core.product -Djava.import.generatesMetadataFilesAtProjectRoot=false -DDetectVMInstallationsJob.disabled=true -Dfile.encoding=utf8 -XX:+UseParallelGC -XX:GCTimeRatio=4 -XX:AdaptiveSizePolicyWeight=90 -Dsun.zip.disableMemoryMapping=true -Xmx2G -Xms100m -Xlog:disable -javaagent:c:\Users\DELL\.antigravity\extensions\redhat.java-1.54.0-win32-x64\lombok\lombok-1.18.39-4050.jar -XX:+HeapDumpOnOutOfMemoryError -XX:HeapDumpPath=c:\Users\DELL\AppData\Roaming\Antigravity\User\workspaceStorage\ef3b6c5f962f6b7ba8e6f6356c8f0770\redhat.java -Daether.dependencyCollector.impl=bf 
java_command: c:\Users\DELL\.antigravity\extensions\redhat.java-1.54.0-win32-x64\server\plugins\org.eclipse.equinox.launcher_1.7.100.v20251111-0406.jar -configuration c:\Users\DELL\AppData\Roaming\Antigravity\User\globalStorage\redhat.java\1.54.0\config_win -data c:\Users\DELL\AppData\Roaming\Antigravity\User\workspaceStorage\ef3b6c5f962f6b7ba8e6f6356c8f0770\redhat.java\jdt_ws --pipe=\\.\pipe\lsp-a2d7fbf37a6f9003e94112b52d5b4bc1-sock
java_class_path (initial): c:\Users\DELL\.antigravity\extensions\redhat.java-1.54.0-win32-x64\server\plugins\org.eclipse.equinox.launcher_1.7.100.v20251111-0406.jar
Launcher Type: SUN_STANDARD

[Global flags]
    uintx AdaptiveSizePolicyWeight                 = 90                                        {product} {command line}
     intx CICompilerCount                          = 4                                         {product} {ergonomic}
    uintx GCTimeRatio                              = 4                                         {product} {command line}
     bool HeapDumpOnOutOfMemoryError               = true                                   {manageable} {command line}
    ccstr HeapDumpPath                             = c:\Users\DELL\AppData\Roaming\Antigravity\User\workspaceStorage\ef3b6c5f962f6b7ba8e6f6356c8f0770\redhat.java         {manageable} {command line}
   size_t InitialHeapSize                          = 104857600                                 {product} {command line}
   size_t MaxHeapSize                              = 2147483648                                {product} {command line}
   size_t MaxNewSize                               = 715653120                                 {product} {ergonomic}
   size_t MinHeapDeltaBytes                        = 524288                                    {product} {ergonomic}
   size_t MinHeapSize                              = 104857600                                 {product} {command line}
   size_t NewSize                                  = 34603008                                  {product} {ergonomic}
    uintx NonNMethodCodeHeapSize                   = 5839372                                {pd product} {ergonomic}
    uintx NonProfiledCodeHeapSize                  = 122909434                              {pd product} {ergonomic}
   size_t OldSize                                  = 70254592                                  {product} {ergonomic}
    uintx ProfiledCodeHeapSize                     = 122909434                              {pd product} {ergonomic}
    uintx ReservedCodeCacheSize                    = 251658240                              {pd product} {ergonomic}
     bool SegmentedCodeCache                       = true                                      {product} {ergonomic}
   size_t SoftMaxHeapSize                          = 2147483648                             {manageable} {ergonomic}
     bool UseCompressedOops                        = true                           {product lp64_product} {ergonomic}
     bool UseLargePagesIndividualAllocation        = false                                  {pd product} {ergonomic}
     bool UseParallelGC                            = true                                      {product} {command line}

Logging:
Log output configuration:
 #0: stdout all=off uptime,level,tags foldmultilines=false
 #1: stderr all=off uptime,level,tags foldmultilines=false

Release file:
JAVA_VERSION="21.0.10" 
MODULES="java.base java.compiler java.datatransfer java.xml java.prefs java.desktop java.instrument java.logging java.management java.security.sasl java.naming java.rmi java.management.rmi java.net.http java.scripting java.security.jgss java.transaction.xa java.sql java.sql.rowset java.xml.crypto java.se java.smartcardio jdk.accessibility jdk.internal.jvmstat jdk.attach jdk.charsets jdk.internal.opt jdk.zipfs jdk.compiler jdk.crypto.ec jdk.crypto.cryptoki jdk.crypto.mscapi jdk.dynalink jdk.internal.ed jdk.editpad jdk.hotspot.agent jdk.httpserver jdk.internal.le jdk.internal.vm.ci jdk.internal.vm.compiler jdk.internal.vm.compiler.management jdk.jartool jdk.javadoc jdk.jcmd jdk.management jdk.management.agent jdk.jconsole jdk.jdeps jdk.jdwp.agent jdk.jdi jdk.jfr jdk.jshell jdk.jsobject jdk.jstatd jdk.localedata jdk.management.jfr jdk.naming.dns jdk.naming.rmi jdk.net jdk.nio.mapmode jdk.random jdk.sctp jdk.security.auth jdk.security.jgss jdk.unsupported jdk.unsupported.desktop jdk.xml.dom" 

Environment Variables:
PATH=C:\Program Files\Common Files\Oracle\Java\javapath;C:\Windows\system32;C:\Windows;C:\Windows\System32\Wbem;C:\Windows\System32\WindowsPowerShell\v1.0\;C:\Windows\System32\OpenSSH\;C:\Program Files\NVIDIA Corporation\NVIDIA NvDLISR;C:\Program Files\dotnet\;C:\Program Files\MySQL\MySQL Server 8.0\bin;C:\Program Files (x86)\Microsoft SQL Server\170\Tools\Binn\;C:\Program Files\Microsoft SQL Server\170\Tools\Binn\;C:\Program Files\Microsoft SQL Server\Client SDK\ODBC\180\Tools\Binn\;C:\Program Files\Microsoft SQL Server\170\DTS\Binn\;D:\Dont Delete This File\Git\cmd;D:\node.js\;C:\Program Files\MySQL\MySQL Shell 8.0\bin\;C:\Users\DELL\AppData\Local\Microsoft\WindowsApps;;C:\Users\DELL\AppData\Local\Programs\Microsoft VS Code\bin;C:\Program Files\Azure Data Studio\bin;C:\Users\DELL\AppData\Roaming\npm;E:\anti_projects\Antigravity\bin
USERNAME=DELL
OS=Windows_NT
PROCESSOR_IDENTIFIER=Intel64 Family 6 Model 140 Stepping 2, GenuineIntel
TMP=C:\Users\DELL\AppData\Local\Temp
TEMP=C:\Users\DELL\AppData\Local\Temp




Periodic native trim disabled

---------------  S Y S T E M  ---------------

OS:
 Windows 11 , 64 bit Build 22000 (10.0.22000.2538)
OS uptime: 35 days 8:00 hours
Hyper-V role detected

CPU: total 8 (initial active 8) (4 cores per cpu, 2 threads per core) family 6 model 140 stepping 2 microcode 0x16, cx8, cmov, fxsr, ht, mmx, 3dnowpref, sse, sse2, sse3, ssse3, sse4.1, sse4.2, popcnt, lzcnt, tsc, tscinvbit, avx, avx2, aes, erms, clmul, bmi1, bmi2, adx, avx512f, avx512dq, avx512cd, avx512bw, avx512vl, sha, fma, vzeroupper, avx512_vpopcntdq, avx512_vpclmulqdq, avx512_vaes, avx512_vnni, clflush, clflushopt, clwb, avx512_vbmi2, avx512_vbmi, hv, rdtscp, rdpid, fsrm, gfni, avx512_bitalg, f16c, cet_ibt, cet_ss, avx512_ifma
Processor Information for the first 8 processors :
  Max Mhz: 2496, Current Mhz: 2496, Mhz Limit: 2496

Memory: 4k page, system-wide physical 16122M (2944M free)
TotalPageFile size 32953M (AvailPageFile size 0M)
current process WorkingSet (physical memory assigned to process): 130M, peak: 130M
current process commit charge ("private bytes"): 269M, peak: 270M

vm_info: OpenJDK 64-Bit Server VM (21.0.10+7-LTS) for windows-amd64 JRE (21.0.10+7-LTS), built on 2026-01-20T00:00:00Z by "admin" with MS VC++ 17.12 (VS2022)

END.
