#
# There is insufficient memory for the Java Runtime Environment to continue.
# Native memory allocation (malloc) failed to allocate 1602416 bytes. Error detail: Chunk::new
# Possible reasons:
#   The system is out of physical RAM or swap space
#   This process is running with CompressedOops enabled, and the Java Heap may be blocking the growth of the native heap
# Possible solutions:
#   Reduce memory load on the system
#   Increase physical memory or swap space
#   Check if swap backing store is full
#   Decrease Java heap size (-Xmx/-Xms)
#   Decrease number of Java threads
#   Decrease Java thread stack sizes (-Xss)
#   Set larger code cache with -XX:ReservedCodeCacheSize=
#   JVM is running with Unscaled Compressed Oops mode in which the Java heap is
#     placed in the first 4GB address space. The Java Heap base address is the
#     maximum limit for the native heap growth. Please use -XX:HeapBaseMinAddress
#     to set the Java Heap base and to place the Java Heap above 4GB virtual address.
# This output file may be truncated or incomplete.
#
#  Out of Memory Error (arena.cpp:168), pid=32516, tid=23168
#
# JRE version: OpenJDK Runtime Environment Temurin-21.0.10+7 (21.0.10+7) (build 21.0.10+7-LTS)
# Java VM: OpenJDK 64-Bit Server VM Temurin-21.0.10+7 (21.0.10+7-LTS, mixed mode, sharing, tiered, compressed oops, compressed class ptrs, parallel gc, windows-amd64)
# No core dump will be written. Minidumps are not enabled by default on client versions of Windows
#

---------------  S U M M A R Y ------------

Command Line: --add-modules=ALL-SYSTEM --add-opens=java.base/java.util=ALL-UNNAMED --add-opens=java.base/java.lang=ALL-UNNAMED --add-opens=java.base/sun.nio.fs=ALL-UNNAMED -Declipse.application=org.eclipse.jdt.ls.core.id1 -Dosgi.bundles.defaultStartLevel=4 -Declipse.product=org.eclipse.jdt.ls.core.product -Djava.import.generatesMetadataFilesAtProjectRoot=false -DDetectVMInstallationsJob.disabled=true -Dfile.encoding=utf8 -XX:+UseParallelGC -XX:GCTimeRatio=4 -XX:AdaptiveSizePolicyWeight=90 -Dsun.zip.disableMemoryMapping=true -Xmx2G -Xms100m -Xlog:disable -javaagent:c:\Users\DELL\.vscode\extensions\redhat.java-1.54.0-win32-x64\lombok\lombok-1.18.39-4050.jar -XX:+HeapDumpOnOutOfMemoryError -XX:HeapDumpPath=c:\Users\DELL\AppData\Roaming\Code\User\workspaceStorage\ef3b6c5f962f6b7ba8e6f6356c8f0770\redhat.java -Daether.dependencyCollector.impl=bf c:\Users\DELL\.vscode\extensions\redhat.java-1.54.0-win32-x64\server\plugins\org.eclipse.equinox.launcher_1.7.100.v20251111-0406.jar -configuration c:\Users\DELL\AppData\Roaming\Code\User\globalStorage\redhat.java\1.54.0\config_win -data c:\Users\DELL\AppData\Roaming\Code\User\workspaceStorage\ef3b6c5f962f6b7ba8e6f6356c8f0770\redhat.java\jdt_ws --pipe=\\.\pipe\lsp-c43e7cd3582655b4e0e183a49c8de831-sock

Host: 11th Gen Intel(R) Core(TM) i5-11320H @ 3.20GHz, 8 cores, 15G,  Windows 11 , 64 bit Build 22000 (10.0.22000.2538)
Time: Mon Apr 27 21:11:20 2026 India Standard Time elapsed time: 3223.014312 seconds (0d 0h 53m 43s)

---------------  T H R E A D  ---------------

Current thread (0x0000021cd6247d80):  JavaThread "C2 CompilerThread0" daemon [_thread_in_native, id=23168, stack(0x000000bc18d00000,0x000000bc18e00000) (1024K)]


Current CompileTask:
C2:3223014 12110   !   4       org.eclipse.jdt.internal.compiler.classfmt.ClassFileReader::<init> (1968 bytes)

Stack: [0x000000bc18d00000,0x000000bc18e00000]
Native frames: (J=compiled Java code, j=interpreted, Vv=VM code, C=native code)
V  [jvm.dll+0x6d7a39]
V  [jvm.dll+0x8b4b26]
V  [jvm.dll+0x8b70de]
V  [jvm.dll+0x8b77c3]
V  [jvm.dll+0x284346]
V  [jvm.dll+0xc66ed]
V  [jvm.dll+0xc6c31]
V  [jvm.dll+0x3bec01]
V  [jvm.dll+0x38b162]
V  [jvm.dll+0x38a5aa]
V  [jvm.dll+0x24c560]
V  [jvm.dll+0x24bb40]
V  [jvm.dll+0x1cb34e]
V  [jvm.dll+0x25b85d]
V  [jvm.dll+0x259dea]
V  [jvm.dll+0x3f857e]
V  [jvm.dll+0x85f59d]
V  [jvm.dll+0x6d626d]
C  [ucrtbase.dll+0x26c0c]
C  [KERNEL32.DLL+0x153e0]
C  [ntdll.dll+0x485b]


---------------  P R O C E S S  ---------------

Threads class SMR info:
_java_thread_list=0x0000021d214f96e0, length=38, elements={
0x0000021cbf7cbab0, 0x0000021cd623bf70, 0x0000021cd623db70, 0x0000021cd623fae0,
0x0000021cd6240af0, 0x0000021cd62453a0, 0x0000021cd6246f00, 0x0000021cd6247d80,
0x0000021d18be0040, 0x0000021d18d396a0, 0x0000021d1d108c30, 0x0000021d1d69fea0,
0x0000021d1d2a9060, 0x0000021d1d6e0660, 0x0000021d1d3189f0, 0x0000021d1e252550,
0x0000021d1e0c8b40, 0x0000021d1dc6f590, 0x0000021d1dd2aae0, 0x0000021d1dd290a0,
0x0000021d1dd29730, 0x0000021d1dd29dc0, 0x0000021d1d8e1a70, 0x0000021d1d8e34b0,
0x0000021d1d8dec80, 0x0000021d1d8e4860, 0x0000021d1d8e06c0, 0x0000021d1d8e2e20,
0x0000021d1d8e5580, 0x0000021d1d8df310, 0x0000021d1d8e2100, 0x0000021d1d8df9a0,
0x0000021d1d8e41d0, 0x0000021d2019c140, 0x0000021d2019e8a0, 0x0000021d2019ef30,
0x0000021d20197fa0, 0x0000021d20ee4470
}

Java Threads: ( => current thread )
  0x0000021cbf7cbab0 JavaThread "main"                              [_thread_blocked, id=31216, stack(0x000000bc18200000,0x000000bc18300000) (1024K)]
  0x0000021cd623bf70 JavaThread "Reference Handler"          daemon [_thread_blocked, id=12420, stack(0x000000bc18700000,0x000000bc18800000) (1024K)]
  0x0000021cd623db70 JavaThread "Finalizer"                  daemon [_thread_blocked, id=15648, stack(0x000000bc18800000,0x000000bc18900000) (1024K)]
  0x0000021cd623fae0 JavaThread "Signal Dispatcher"          daemon [_thread_blocked, id=20148, stack(0x000000bc18900000,0x000000bc18a00000) (1024K)]
  0x0000021cd6240af0 JavaThread "Attach Listener"            daemon [_thread_blocked, id=30880, stack(0x000000bc18a00000,0x000000bc18b00000) (1024K)]
  0x0000021cd62453a0 JavaThread "Service Thread"             daemon [_thread_blocked, id=13568, stack(0x000000bc18b00000,0x000000bc18c00000) (1024K)]
  0x0000021cd6246f00 JavaThread "Monitor Deflation Thread"   daemon [_thread_blocked, id=10028, stack(0x000000bc18c00000,0x000000bc18d00000) (1024K)]
=>0x0000021cd6247d80 JavaThread "C2 CompilerThread0"         daemon [_thread_in_native, id=23168, stack(0x000000bc18d00000,0x000000bc18e00000) (1024K)]
  0x0000021d18be0040 JavaThread "C1 CompilerThread0"         daemon [_thread_blocked, id=31712, stack(0x000000bc18e00000,0x000000bc18f00000) (1024K)]
  0x0000021d18d396a0 JavaThread "Common-Cleaner"             daemon [_thread_blocked, id=18248, stack(0x000000bc18f00000,0x000000bc19000000) (1024K)]
  0x0000021d1d108c30 JavaThread "Notification Thread"        daemon [_thread_blocked, id=16924, stack(0x000000bc19100000,0x000000bc19200000) (1024K)]
  0x0000021d1d69fea0 JavaThread "Active Thread: Equinox Container: 3501de4a-1c1f-4d74-8c89-2ecbdd7cd74d"        [_thread_blocked, id=9188, stack(0x000000bc19900000,0x000000bc19a00000) (1024K)]
  0x0000021d1d2a9060 JavaThread "Refresh Thread: Equinox Container: 3501de4a-1c1f-4d74-8c89-2ecbdd7cd74d" daemon [_thread_blocked, id=17796, stack(0x000000bc19b00000,0x000000bc19c00000) (1024K)]
  0x0000021d1d6e0660 JavaThread "Framework Event Dispatcher: Equinox Container: 3501de4a-1c1f-4d74-8c89-2ecbdd7cd74d" daemon [_thread_blocked, id=22068, stack(0x000000bc19c00000,0x000000bc19d00000) (1024K)]
  0x0000021d1d3189f0 JavaThread "Start Level: Equinox Container: 3501de4a-1c1f-4d74-8c89-2ecbdd7cd74d" daemon [_thread_blocked, id=16828, stack(0x000000bc19d00000,0x000000bc19e00000) (1024K)]
  0x0000021d1e252550 JavaThread "Bundle File Closer"         daemon [_thread_blocked, id=28748, stack(0x000000bc19e00000,0x000000bc19f00000) (1024K)]
  0x0000021d1e0c8b40 JavaThread "SCR Component Actor"        daemon [_thread_blocked, id=13336, stack(0x000000bc19000000,0x000000bc19100000) (1024K)]
  0x0000021d1dc6f590 JavaThread "Worker-JM"                         [_thread_blocked, id=10920, stack(0x000000bc1a000000,0x000000bc1a100000) (1024K)]
  0x0000021d1dd2aae0 JavaThread "JNA Cleaner"                daemon [_thread_blocked, id=10748, stack(0x000000bc19f00000,0x000000bc1a000000) (1024K)]
  0x0000021d1dd290a0 JavaThread "Java indexing"              daemon [_thread_blocked, id=30688, stack(0x000000bc1a300000,0x000000bc1a400000) (1024K)]
  0x0000021d1dd29730 JavaThread "Worker-3"                          [_thread_blocked, id=21100, stack(0x000000bc1a600000,0x000000bc1a700000) (1024K)]
  0x0000021d1dd29dc0 JavaThread "Thread-1"                   daemon [_thread_in_native, id=26920, stack(0x000000bc1a500000,0x000000bc1a600000) (1024K)]
  0x0000021d1d8e1a70 JavaThread "Thread-2"                   daemon [_thread_in_native, id=32448, stack(0x000000bc1a700000,0x000000bc1a800000) (1024K)]
  0x0000021d1d8e34b0 JavaThread "Thread-3"                   daemon [_thread_in_native, id=32684, stack(0x000000bc1a800000,0x000000bc1a900000) (1024K)]
  0x0000021d1d8dec80 JavaThread "Thread-4"                   daemon [_thread_in_native, id=12224, stack(0x000000bc1a900000,0x000000bc1aa00000) (1024K)]
  0x0000021d1d8e4860 JavaThread "Thread-5"                   daemon [_thread_in_native, id=14508, stack(0x000000bc1aa00000,0x000000bc1ab00000) (1024K)]
  0x0000021d1d8e06c0 JavaThread "Thread-6"                   daemon [_thread_in_native, id=26512, stack(0x000000bc1ac00000,0x000000bc1ad00000) (1024K)]
  0x0000021d1d8e2e20 JavaThread "Thread-7"                   daemon [_thread_in_native, id=6124, stack(0x000000bc1ad00000,0x000000bc1ae00000) (1024K)]
  0x0000021d1d8e5580 JavaThread "Thread-8"                   daemon [_thread_in_native, id=19828, stack(0x000000bc1ae00000,0x000000bc1af00000) (1024K)]
  0x0000021d1d8df310 JavaThread "Thread-9"                   daemon [_thread_in_native, id=21244, stack(0x000000bc1af00000,0x000000bc1b000000) (1024K)]
  0x0000021d1d8e2100 JavaThread "pool-2-thread-1"                   [_thread_blocked, id=24540, stack(0x000000bc1b000000,0x000000bc1b100000) (1024K)]
  0x0000021d1d8df9a0 JavaThread "WorkspaceEventsHandler"            [_thread_blocked, id=30804, stack(0x000000bc1b100000,0x000000bc1b200000) (1024K)]
  0x0000021d1d8e41d0 JavaThread "pool-1-thread-1"                   [_thread_blocked, id=28952, stack(0x000000bc1b200000,0x000000bc1b300000) (1024K)]
  0x0000021d2019c140 JavaThread "Cleaner-0"                  daemon [_thread_blocked, id=13840, stack(0x000000bc1bb00000,0x000000bc1bc00000) (1024K)]
  0x0000021d2019e8a0 JavaThread "Compiler Source File Reader" daemon [_thread_blocked, id=5856, stack(0x000000bc18100000,0x000000bc18200000) (1024K)]
  0x0000021d2019ef30 JavaThread "Worker-6"                          [_thread_blocked, id=26900, stack(0x000000bc1a200000,0x000000bc1a300000) (1024K)]
  0x0000021d20197fa0 JavaThread "ForkJoinPool.commonPool-worker-9" daemon [_thread_blocked, id=1140, stack(0x000000bc18000000,0x000000bc18100000) (1024K)]
  0x0000021d20ee4470 JavaThread "C2 CompilerThread1"         daemon [_thread_blocked, id=23064, stack(0x000000bc18300000,0x000000bc18400000) (1024K)]
Total: 38

Other Threads:
  0x0000021cd621f6f0 VMThread "VM Thread"                           [id=1888, stack(0x000000bc18600000,0x000000bc18700000) (1024K)]
  0x0000021cbf8934c0 WatcherThread "VM Periodic Task Thread"        [id=13112, stack(0x000000bc18500000,0x000000bc18600000) (1024K)]
  0x0000021cbf7e9e30 WorkerThread "GC Thread#0"                     [id=7384, stack(0x000000bc18400000,0x000000bc18500000) (1024K)]
  0x0000021d1d84c4b0 WorkerThread "GC Thread#1"                     [id=17056, stack(0x000000bc19300000,0x000000bc19400000) (1024K)]
  0x0000021d1d84c860 WorkerThread "GC Thread#2"                     [id=25324, stack(0x000000bc19400000,0x000000bc19500000) (1024K)]
  0x0000021d18f87380 WorkerThread "GC Thread#3"                     [id=1492, stack(0x000000bc19500000,0x000000bc19600000) (1024K)]
  0x0000021d18f87730 WorkerThread "GC Thread#4"                     [id=10444, stack(0x000000bc19600000,0x000000bc19700000) (1024K)]
  0x0000021d18f87ae0 WorkerThread "GC Thread#5"                     [id=20296, stack(0x000000bc19700000,0x000000bc19800000) (1024K)]
  0x0000021d18f87e90 WorkerThread "GC Thread#6"                     [id=15676, stack(0x000000bc19800000,0x000000bc19900000) (1024K)]
  0x0000021d1d2a8070 WorkerThread "GC Thread#7"                     [id=15760, stack(0x000000bc19a00000,0x000000bc19b00000) (1024K)]
Total: 10

Threads with active compile tasks:
C2 CompilerThread0  3223057 12110   !   4       org.eclipse.jdt.internal.compiler.classfmt.ClassFileReader::<init> (1968 bytes)
Total: 1

VM state: not at safepoint (normal execution)

VM Mutex/Monitor currently owned by a thread: None

Heap address: 0x0000000080000000, size: 2048 MB, Compressed Oops mode: 32-bit

CDS archive(s) mapped at: [0x0000021cd7000000-0x0000021cd7ba0000-0x0000021cd7ba0000), size 12189696, SharedBaseAddress: 0x0000021cd7000000, ArchiveRelocationMode: 1.
Compressed class space mapped at: 0x0000021cd8000000-0x0000021d18000000, reserved size: 1073741824
Narrow klass base: 0x0000021cd7000000, Narrow klass shift: 0, Narrow klass range: 0x100000000

GC Precious Log:
 CardTable entry size: 512
 CPUs: 8 total, 8 available
 Memory: 16122M
 Large Page Support: Disabled
 NUMA Support: Disabled
 Compressed Oops: Enabled (32-bit)
 Alignments: Space 512K, Generation 512K, Heap 2M
 Heap Min Capacity: 100M
 Heap Initial Capacity: 100M
 Heap Max Capacity: 2G
 Pre-touch: Disabled
 Parallel Workers: 8

Heap:
 PSYoungGen      total 7680K, used 2118K [0x00000000d5580000, 0x00000000d6200000, 0x0000000100000000)
  eden space 7168K, 22% used [0x00000000d5580000,0x00000000d5714650,0x00000000d5c80000)
  from space 512K, 97% used [0x00000000d6100000,0x00000000d617d220,0x00000000d6180000)
  to   space 512K, 0% used [0x00000000d6180000,0x00000000d6180000,0x00000000d6200000)
 ParOldGen       total 160256K, used 159013K [0x0000000080000000, 0x0000000089c80000, 0x00000000d5580000)
  object space 160256K, 99% used [0x0000000080000000,0x0000000089b49510,0x0000000089c80000)
 Metaspace       used 69223K, committed 70784K, reserved 1114112K
  class space    used 7325K, committed 7936K, reserved 1048576K

Card table byte_map: [0x0000021cbf180000,0x0000021cbf590000] _byte_map_base: 0x0000021cbed80000

Marking Bits: (ParMarkBitMap*) 0x00007ffd64503450
 Begin Bits: [0x0000021cd1c90000, 0x0000021cd3c90000)
 End Bits:   [0x0000021cd3c90000, 0x0000021cd5c90000)

Polling page: 0x0000021cbd7c0000

Metaspace:

Usage:
  Non-class:     60.45 MB used.
      Class:      7.15 MB used.
       Both:     67.60 MB used.

Virtual space:
  Non-class space:       64.00 MB reserved,      61.38 MB ( 96%) committed,  1 nodes.
      Class space:        1.00 GB reserved,       7.75 MB ( <1%) committed,  1 nodes.
             Both:        1.06 GB reserved,      69.12 MB (  6%) committed. 

Chunk freelists:
   Non-Class:  2.56 MB
       Class:  8.13 MB
        Both:  10.69 MB

MaxMetaspaceSize: unlimited
CompressedClassSpaceSize: 1.00 GB
Initial GC threshold: 21.00 MB
Current GC threshold: 97.31 MB
CDS: on
 - commit_granule_bytes: 65536.
 - commit_granule_words: 8192.
 - virtual_space_node_default_size: 8388608.
 - enlarge_chunks_in_place: 1.
 - use_allocation_guard: 0.


Internal statistics:

num_allocs_failed_limit: 9.
num_arena_births: 1308.
num_arena_deaths: 26.
num_vsnodes_births: 2.
num_vsnodes_deaths: 0.
num_space_committed: 1106.
num_space_uncommitted: 0.
num_chunks_returned_to_freelist: 39.
num_chunks_taken_from_freelist: 4621.
num_chunk_merges: 17.
num_chunk_splits: 2822.
num_chunks_enlarged: 1589.
num_inconsistent_stats: 0.

CodeHeap 'non-profiled nmethods': size=120000Kb used=9081Kb max_used=9081Kb free=110918Kb
 bounds [0x0000021cca4b0000, 0x0000021ccad90000, 0x0000021cd19e0000]
CodeHeap 'profiled nmethods': size=120000Kb used=26320Kb max_used=26320Kb free=93679Kb
 bounds [0x0000021cc29e0000, 0x0000021cc43a0000, 0x0000021cc9f10000]
CodeHeap 'non-nmethods': size=5760Kb used=1472Kb max_used=1559Kb free=4287Kb
 bounds [0x0000021cc9f10000, 0x0000021cca180000, 0x0000021cca4b0000]
CodeCache: size=245760Kb, used=36873Kb, max_used=36960Kb, free=208884Kb
 total_blobs=12133, nmethods=11353, adapters=685, full_count=0
Compilation: enabled, stopped_count=0, restarted_count=0

Compilation events (20 events):
Event: 3222.704 Thread 0x0000021d18be0040 12133       3       org.eclipse.jdt.internal.compiler.classfmt.ClassFileReader::getMemberTypes (151 bytes)
Event: 3222.705 Thread 0x0000021d18be0040 nmethod 12133 0x0000021cc438f510 code [0x0000021cc438f720, 0x0000021cc438ffb0]
Event: 3222.705 Thread 0x0000021d18be0040 12139       3       org.eclipse.jdt.core.dom.AST::modifying (20 bytes)
Event: 3222.706 Thread 0x0000021d18be0040 nmethod 12139 0x0000021cc4390210 code [0x0000021cc43903c0, 0x0000021cc4390580]
Event: 3222.706 Thread 0x0000021d18be0040 12136       3       org.eclipse.jdt.internal.compiler.classfmt.ClassFileReader::getEnclosingMethod (117 bytes)
Event: 3222.708 Thread 0x0000021d18be0040 nmethod 12136 0x0000021cc4390690 code [0x0000021cc4390980, 0x0000021cc4391920]
Event: 3222.708 Thread 0x0000021d18be0040 12142   !   3       org.eclipse.jdt.core.dom.AST::disableEvents (24 bytes)
Event: 3222.709 Thread 0x0000021d18be0040 nmethod 12142 0x0000021cc4391f10 code [0x0000021cc43920c0, 0x0000021cc4392308]
Event: 3222.709 Thread 0x0000021d18be0040 12143   !   3       org.eclipse.jdt.core.dom.AST::reenableEvents (24 bytes)
Event: 3222.709 Thread 0x0000021d18be0040 nmethod 12143 0x0000021cc4392490 code [0x0000021cc4392640, 0x0000021cc4392888]
Event: 3222.709 Thread 0x0000021d18be0040 12135       3       org.eclipse.jdt.internal.compiler.lookup.UnresolvedReferenceBinding::resolve (281 bytes)
Event: 3222.712 Thread 0x0000021d18be0040 nmethod 12135 0x0000021cc4392a10 code [0x0000021cc4392d20, 0x0000021cc4393dd0]
Event: 3222.714 Thread 0x0000021d20ee4470 nmethod 12137 0x0000021ccad84410 code [0x0000021ccad845c0, 0x0000021ccad84aa0]
Event: 3222.714 Thread 0x0000021d20ee4470 12112       4       org.eclipse.core.runtime.Path::equals (127 bytes)
Event: 3222.725 Thread 0x0000021d20ee4470 nmethod 12112 0x0000021ccad84d90 code [0x0000021ccad84f40, 0x0000021ccad853b0]
Event: 3222.725 Thread 0x0000021d20ee4470 12140       4       java.util.concurrent.atomic.AtomicLong::incrementAndGet (14 bytes)
Event: 3222.726 Thread 0x0000021d20ee4470 nmethod 12140 0x0000021ccad85590 code [0x0000021ccad85720, 0x0000021ccad857b8]
Event: 3222.726 Thread 0x0000021d20ee4470 12122   !   4       org.eclipse.jdt.internal.compiler.lookup.TypeSystem::getUnannotatedType (267 bytes)
Event: 3222.742 Thread 0x0000021d20ee4470 nmethod 12122 0x0000021ccad85890 code [0x0000021ccad85aa0, 0x0000021ccad863a8]
Event: 3222.742 Thread 0x0000021d20ee4470 12118       4       org.eclipse.jdt.internal.compiler.lookup.ModuleBinding::getOrCreateDeclaredPackage (136 bytes)

GC Heap History (20 events):
Event: 117.717 GC heap before
{Heap before GC invocations=141 (full 3):
 PSYoungGen      total 7680K, used 7616K [0x00000000d5580000, 0x00000000d5e80000, 0x0000000100000000)
  eden space 7168K, 100% used [0x00000000d5580000,0x00000000d5c80000,0x00000000d5c80000)
  from space 512K, 87% used [0x00000000d5d80000,0x00000000d5df0000,0x00000000d5e00000)
  to   space 512K, 0% used [0x00000000d5e00000,0x00000000d5e00000,0x00000000d5e80000)
 ParOldGen       total 91136K, used 90768K [0x0000000080000000, 0x0000000085900000, 0x00000000d5580000)
  object space 91136K, 99% used [0x0000000080000000,0x00000000858a4018,0x0000000085900000)
 Metaspace       used 66365K, committed 67904K, reserved 1114112K
  class space    used 7034K, committed 7680K, reserved 1048576K
}
Event: 117.719 GC heap after
{Heap after GC invocations=141 (full 3):
 PSYoungGen      total 7680K, used 416K [0x00000000d5580000, 0x00000000d5e80000, 0x0000000100000000)
  eden space 7168K, 0% used [0x00000000d5580000,0x00000000d5580000,0x00000000d5c80000)
  from space 512K, 81% used [0x00000000d5e00000,0x00000000d5e68000,0x00000000d5e80000)
  to   space 512K, 0% used [0x00000000d5d80000,0x00000000d5d80000,0x00000000d5e00000)
 ParOldGen       total 91136K, used 91065K [0x0000000080000000, 0x0000000085900000, 0x00000000d5580000)
  object space 91136K, 99% used [0x0000000080000000,0x00000000858ee4f8,0x0000000085900000)
 Metaspace       used 66365K, committed 67904K, reserved 1114112K
  class space    used 7034K, committed 7680K, reserved 1048576K
}
Event: 119.532 GC heap before
{Heap before GC invocations=142 (full 3):
 PSYoungGen      total 7680K, used 7584K [0x00000000d5580000, 0x00000000d5e80000, 0x0000000100000000)
  eden space 7168K, 100% used [0x00000000d5580000,0x00000000d5c80000,0x00000000d5c80000)
  from space 512K, 81% used [0x00000000d5e00000,0x00000000d5e68000,0x00000000d5e80000)
  to   space 512K, 0% used [0x00000000d5d80000,0x00000000d5d80000,0x00000000d5e00000)
 ParOldGen       total 91136K, used 91065K [0x0000000080000000, 0x0000000085900000, 0x00000000d5580000)
  object space 91136K, 99% used [0x0000000080000000,0x00000000858ee4f8,0x0000000085900000)
 Metaspace       used 66467K, committed 68032K, reserved 1114112K
  class space    used 7035K, committed 7680K, reserved 1048576K
}
Event: 119.534 GC heap after
{Heap after GC invocations=142 (full 3):
 PSYoungGen      total 7680K, used 484K [0x00000000d5580000, 0x00000000d5e80000, 0x0000000100000000)
  eden space 7168K, 0% used [0x00000000d5580000,0x00000000d5580000,0x00000000d5c80000)
  from space 512K, 94% used [0x00000000d5d80000,0x00000000d5df9230,0x00000000d5e00000)
  to   space 512K, 0% used [0x00000000d5e00000,0x00000000d5e00000,0x00000000d5e80000)
 ParOldGen       total 91648K, used 91417K [0x0000000080000000, 0x0000000085980000, 0x00000000d5580000)
  object space 91648K, 99% used [0x0000000080000000,0x00000000859464f8,0x0000000085980000)
 Metaspace       used 66467K, committed 68032K, reserved 1114112K
  class space    used 7035K, committed 7680K, reserved 1048576K
}
Event: 3036.332 GC heap before
{Heap before GC invocations=143 (full 3):
 PSYoungGen      total 7680K, used 7652K [0x00000000d5580000, 0x00000000d5e80000, 0x0000000100000000)
  eden space 7168K, 100% used [0x00000000d5580000,0x00000000d5c80000,0x00000000d5c80000)
  from space 512K, 94% used [0x00000000d5d80000,0x00000000d5df9230,0x00000000d5e00000)
  to   space 512K, 0% used [0x00000000d5e00000,0x00000000d5e00000,0x00000000d5e80000)
 ParOldGen       total 91648K, used 91417K [0x0000000080000000, 0x0000000085980000, 0x00000000d5580000)
  object space 91648K, 99% used [0x0000000080000000,0x00000000859464f8,0x0000000085980000)
 Metaspace       used 67030K, committed 68480K, reserved 1114112K
  class space    used 7092K, committed 7680K, reserved 1048576K
}
Event: 3036.358 GC heap after
{Heap after GC invocations=143 (full 3):
 PSYoungGen      total 7680K, used 480K [0x00000000d5580000, 0x00000000d5f80000, 0x0000000100000000)
  eden space 7168K, 0% used [0x00000000d5580000,0x00000000d5580000,0x00000000d5c80000)
  from space 512K, 93% used [0x00000000d5e00000,0x00000000d5e78040,0x00000000d5e80000)
  to   space 1536K, 0% used [0x00000000d5c80000,0x00000000d5c80000,0x00000000d5e00000)
 ParOldGen       total 92160K, used 91957K [0x0000000080000000, 0x0000000085a00000, 0x00000000d5580000)
  object space 92160K, 99% used [0x0000000080000000,0x00000000859cd728,0x0000000085a00000)
 Metaspace       used 67030K, committed 68480K, reserved 1114112K
  class space    used 7092K, committed 7680K, reserved 1048576K
}
Event: 3036.792 GC heap before
{Heap before GC invocations=144 (full 3):
 PSYoungGen      total 7680K, used 7648K [0x00000000d5580000, 0x00000000d5f80000, 0x0000000100000000)
  eden space 7168K, 100% used [0x00000000d5580000,0x00000000d5c80000,0x00000000d5c80000)
  from space 512K, 93% used [0x00000000d5e00000,0x00000000d5e78040,0x00000000d5e80000)
  to   space 1536K, 0% used [0x00000000d5c80000,0x00000000d5c80000,0x00000000d5e00000)
 ParOldGen       total 92160K, used 91957K [0x0000000080000000, 0x0000000085a00000, 0x00000000d5580000)
  object space 92160K, 99% used [0x0000000080000000,0x00000000859cd728,0x0000000085a00000)
 Metaspace       used 67354K, committed 68800K, reserved 1114112K
  class space    used 7119K, committed 7680K, reserved 1048576K
}
Event: 3036.799 GC heap after
{Heap after GC invocations=144 (full 3):
 PSYoungGen      total 8704K, used 1534K [0x00000000d5580000, 0x00000000d6780000, 0x0000000100000000)
  eden space 7168K, 0% used [0x00000000d5580000,0x00000000d5580000,0x00000000d5c80000)
  from space 1536K, 99% used [0x00000000d5c80000,0x00000000d5dff968,0x00000000d5e00000)
  to   space 5632K, 0% used [0x00000000d6200000,0x00000000d6200000,0x00000000d6780000)
 ParOldGen       total 95232K, used 94948K [0x0000000080000000, 0x0000000085d00000, 0x00000000d5580000)
  object space 95232K, 99% used [0x0000000080000000,0x0000000085cb9320,0x0000000085d00000)
 Metaspace       used 67354K, committed 68800K, reserved 1114112K
  class space    used 7119K, committed 7680K, reserved 1048576K
}
Event: 3037.493 GC heap before
{Heap before GC invocations=145 (full 3):
 PSYoungGen      total 8704K, used 8702K [0x00000000d5580000, 0x00000000d6780000, 0x0000000100000000)
  eden space 7168K, 100% used [0x00000000d5580000,0x00000000d5c80000,0x00000000d5c80000)
  from space 1536K, 99% used [0x00000000d5c80000,0x00000000d5dff968,0x00000000d5e00000)
  to   space 5632K, 0% used [0x00000000d6200000,0x00000000d6200000,0x00000000d6780000)
 ParOldGen       total 95232K, used 94948K [0x0000000080000000, 0x0000000085d00000, 0x00000000d5580000)
  object space 95232K, 99% used [0x0000000080000000,0x0000000085cb9320,0x0000000085d00000)
 Metaspace       used 67783K, committed 69312K, reserved 1114112K
  class space    used 7171K, committed 7744K, reserved 1048576K
}
Event: 3037.498 GC heap after
{Heap after GC invocations=145 (full 3):
 PSYoungGen      total 8192K, used 768K [0x00000000d5580000, 0x00000000d6300000, 0x0000000100000000)
  eden space 7168K, 0% used [0x00000000d5580000,0x00000000d5580000,0x00000000d5c80000)
  from space 1024K, 75% used [0x00000000d6200000,0x00000000d62c0020,0x00000000d6300000)
  to   space 2560K, 0% used [0x00000000d5e00000,0x00000000d5e00000,0x00000000d6080000)
 ParOldGen       total 95232K, used 95052K [0x0000000080000000, 0x0000000085d00000, 0x00000000d5580000)
  object space 95232K, 99% used [0x0000000080000000,0x0000000085cd3320,0x0000000085d00000)
 Metaspace       used 67783K, committed 69312K, reserved 1114112K
  class space    used 7171K, committed 7744K, reserved 1048576K
}
Event: 3037.760 GC heap before
{Heap before GC invocations=146 (full 3):
 PSYoungGen      total 8192K, used 7936K [0x00000000d5580000, 0x00000000d6300000, 0x0000000100000000)
  eden space 7168K, 100% used [0x00000000d5580000,0x00000000d5c80000,0x00000000d5c80000)
  from space 1024K, 75% used [0x00000000d6200000,0x00000000d62c0020,0x00000000d6300000)
  to   space 2560K, 0% used [0x00000000d5e00000,0x00000000d5e00000,0x00000000d6080000)
 ParOldGen       total 95232K, used 95052K [0x0000000080000000, 0x0000000085d00000, 0x00000000d5580000)
  object space 95232K, 99% used [0x0000000080000000,0x0000000085cd3320,0x0000000085d00000)
 Metaspace       used 68091K, committed 69568K, reserved 1114112K
  class space    used 7223K, committed 7808K, reserved 1048576K
}
Event: 3037.764 GC heap after
{Heap after GC invocations=146 (full 3):
 PSYoungGen      total 9728K, used 800K [0x00000000d5580000, 0x00000000d6280000, 0x0000000100000000)
  eden space 7168K, 0% used [0x00000000d5580000,0x00000000d5580000,0x00000000d5c80000)
  from space 2560K, 31% used [0x00000000d5e00000,0x00000000d5ec8000,0x00000000d6080000)
  to   space 1024K, 0% used [0x00000000d6180000,0x00000000d6180000,0x00000000d6280000)
 ParOldGen       total 95744K, used 95707K [0x0000000080000000, 0x0000000085d80000, 0x00000000d5580000)
  object space 95744K, 99% used [0x0000000080000000,0x0000000085d76ce8,0x0000000085d80000)
 Metaspace       used 68091K, committed 69568K, reserved 1114112K
  class space    used 7223K, committed 7808K, reserved 1048576K
}
Event: 3038.058 GC heap before
{Heap before GC invocations=147 (full 3):
 PSYoungGen      total 9728K, used 7968K [0x00000000d5580000, 0x00000000d6280000, 0x0000000100000000)
  eden space 7168K, 100% used [0x00000000d5580000,0x00000000d5c80000,0x00000000d5c80000)
  from space 2560K, 31% used [0x00000000d5e00000,0x00000000d5ec8000,0x00000000d6080000)
  to   space 1024K, 0% used [0x00000000d6180000,0x00000000d6180000,0x00000000d6280000)
 ParOldGen       total 95744K, used 95707K [0x0000000080000000, 0x0000000085d80000, 0x00000000d5580000)
  object space 95744K, 99% used [0x0000000080000000,0x0000000085d76ce8,0x0000000085d80000)
 Metaspace       used 68148K, committed 69632K, reserved 1114112K
  class space    used 7230K, committed 7808K, reserved 1048576K
}
Event: 3038.062 GC heap after
{Heap after GC invocations=147 (full 3):
 PSYoungGen      total 8192K, used 608K [0x00000000d5580000, 0x00000000d6280000, 0x0000000100000000)
  eden space 7168K, 0% used [0x00000000d5580000,0x00000000d5580000,0x00000000d5c80000)
  from space 1024K, 59% used [0x00000000d6180000,0x00000000d6218000,0x00000000d6280000)
  to   space 1024K, 0% used [0x00000000d6080000,0x00000000d6080000,0x00000000d6180000)
 ParOldGen       total 96768K, used 96399K [0x0000000080000000, 0x0000000085e80000, 0x00000000d5580000)
  object space 96768K, 99% used [0x0000000080000000,0x0000000085e23cf8,0x0000000085e80000)
 Metaspace       used 68148K, committed 69632K, reserved 1114112K
  class space    used 7230K, committed 7808K, reserved 1048576K
}
Event: 3038.315 GC heap before
{Heap before GC invocations=148 (full 3):
 PSYoungGen      total 8192K, used 7776K [0x00000000d5580000, 0x00000000d6280000, 0x0000000100000000)
  eden space 7168K, 100% used [0x00000000d5580000,0x00000000d5c80000,0x00000000d5c80000)
  from space 1024K, 59% used [0x00000000d6180000,0x00000000d6218000,0x00000000d6280000)
  to   space 1024K, 0% used [0x00000000d6080000,0x00000000d6080000,0x00000000d6180000)
 ParOldGen       total 96768K, used 96399K [0x0000000080000000, 0x0000000085e80000, 0x00000000d5580000)
  object space 96768K, 99% used [0x0000000080000000,0x0000000085e23cf8,0x0000000085e80000)
 Metaspace       used 68705K, committed 70208K, reserved 1114112K
  class space    used 7290K, committed 7872K, reserved 1048576K
}
Event: 3038.318 GC heap after
{Heap after GC invocations=148 (full 3):
 PSYoungGen      total 8192K, used 650K [0x00000000d5580000, 0x00000000d6200000, 0x0000000100000000)
  eden space 7168K, 0% used [0x00000000d5580000,0x00000000d5580000,0x00000000d5c80000)
  from space 1024K, 63% used [0x00000000d6080000,0x00000000d61228d8,0x00000000d6180000)
  to   space 512K, 0% used [0x00000000d6180000,0x00000000d6180000,0x00000000d6200000)
 ParOldGen       total 96768K, used 96751K [0x0000000080000000, 0x0000000085e80000, 0x00000000d5580000)
  object space 96768K, 99% used [0x0000000080000000,0x0000000085e7bcf8,0x0000000085e80000)
 Metaspace       used 68705K, committed 70208K, reserved 1114112K
  class space    used 7290K, committed 7872K, reserved 1048576K
}
Event: 3049.072 GC heap before
{Heap before GC invocations=149 (full 3):
 PSYoungGen      total 8192K, used 7818K [0x00000000d5580000, 0x00000000d6200000, 0x0000000100000000)
  eden space 7168K, 100% used [0x00000000d5580000,0x00000000d5c80000,0x00000000d5c80000)
  from space 1024K, 63% used [0x00000000d6080000,0x00000000d61228d8,0x00000000d6180000)
  to   space 512K, 0% used [0x00000000d6180000,0x00000000d6180000,0x00000000d6200000)
 ParOldGen       total 128512K, used 127471K [0x0000000080000000, 0x0000000087d80000, 0x00000000d5580000)
  object space 128512K, 99% used [0x0000000080000000,0x0000000087c7bd28,0x0000000087d80000)
 Metaspace       used 69062K, committed 70656K, reserved 1114112K
  class space    used 7322K, committed 7936K, reserved 1048576K
}
Event: 3049.075 GC heap after
{Heap after GC invocations=149 (full 3):
 PSYoungGen      total 7680K, used 368K [0x00000000d5580000, 0x00000000d6200000, 0x0000000100000000)
  eden space 7168K, 0% used [0x00000000d5580000,0x00000000d5580000,0x00000000d5c80000)
  from space 512K, 71% used [0x00000000d6180000,0x00000000d61dc010,0x00000000d6200000)
  to   space 512K, 0% used [0x00000000d6100000,0x00000000d6100000,0x00000000d6180000)
 ParOldGen       total 128512K, used 127883K [0x0000000080000000, 0x0000000087d80000, 0x00000000d5580000)
  object space 128512K, 99% used [0x0000000080000000,0x0000000087ce2eb0,0x0000000087d80000)
 Metaspace       used 69062K, committed 70656K, reserved 1114112K
  class space    used 7322K, committed 7936K, reserved 1048576K
}
Event: 3222.657 GC heap before
{Heap before GC invocations=150 (full 3):
 PSYoungGen      total 7680K, used 7536K [0x00000000d5580000, 0x00000000d6200000, 0x0000000100000000)
  eden space 7168K, 100% used [0x00000000d5580000,0x00000000d5c80000,0x00000000d5c80000)
  from space 512K, 71% used [0x00000000d6180000,0x00000000d61dc010,0x00000000d6200000)
  to   space 512K, 0% used [0x00000000d6100000,0x00000000d6100000,0x00000000d6180000)
 ParOldGen       total 160256K, used 158603K [0x0000000080000000, 0x0000000089c80000, 0x00000000d5580000)
  object space 160256K, 98% used [0x0000000080000000,0x0000000089ae2ee0,0x0000000089c80000)
 Metaspace       used 69200K, committed 70720K, reserved 1114112K
  class space    used 7325K, committed 7936K, reserved 1048576K
}
Event: 3222.663 GC heap after
{Heap after GC invocations=150 (full 3):
 PSYoungGen      total 7680K, used 500K [0x00000000d5580000, 0x00000000d6200000, 0x0000000100000000)
  eden space 7168K, 0% used [0x00000000d5580000,0x00000000d5580000,0x00000000d5c80000)
  from space 512K, 97% used [0x00000000d6100000,0x00000000d617d220,0x00000000d6180000)
  to   space 512K, 0% used [0x00000000d6180000,0x00000000d6180000,0x00000000d6200000)
 ParOldGen       total 160256K, used 159013K [0x0000000080000000, 0x0000000089c80000, 0x00000000d5580000)
  object space 160256K, 99% used [0x0000000080000000,0x0000000089b49510,0x0000000089c80000)
 Metaspace       used 69200K, committed 70720K, reserved 1114112K
  class space    used 7325K, committed 7936K, reserved 1048576K
}

Dll operation events (10 events):
Event: 0.010 Loaded shared library c:\Users\DELL\.vscode\extensions\redhat.java-1.54.0-win32-x64\jre\21.0.10-win32-x86_64\bin\java.dll
Event: 0.116 Loaded shared library c:\Users\DELL\.vscode\extensions\redhat.java-1.54.0-win32-x64\jre\21.0.10-win32-x86_64\bin\zip.dll
Event: 0.150 Loaded shared library C:\Users\DELL\.vscode\extensions\redhat.java-1.54.0-win32-x64\jre\21.0.10-win32-x86_64\bin\instrument.dll
Event: 0.158 Loaded shared library C:\Users\DELL\.vscode\extensions\redhat.java-1.54.0-win32-x64\jre\21.0.10-win32-x86_64\bin\net.dll
Event: 0.161 Loaded shared library C:\Users\DELL\.vscode\extensions\redhat.java-1.54.0-win32-x64\jre\21.0.10-win32-x86_64\bin\nio.dll
Event: 0.165 Loaded shared library C:\Users\DELL\.vscode\extensions\redhat.java-1.54.0-win32-x64\jre\21.0.10-win32-x86_64\bin\zip.dll
Event: 0.197 Loaded shared library C:\Users\DELL\.vscode\extensions\redhat.java-1.54.0-win32-x64\jre\21.0.10-win32-x86_64\bin\jimage.dll
Event: 0.401 Loaded shared library c:\Users\DELL\.vscode\extensions\redhat.java-1.54.0-win32-x64\jre\21.0.10-win32-x86_64\bin\verify.dll
Event: 1.888 Loaded shared library C:\Users\DELL\AppData\Roaming\Code\User\globalStorage\redhat.java\1.54.0\config_win\org.eclipse.equinox.launcher\org.eclipse.equinox.launcher.win32.win32.x86_64_1.3.0.v20260203-2149\eclipse_11919.dll
Event: 5.081 Loaded shared library C:\Users\DELL\AppData\Local\Temp\jna-2094529\jna12482294210886334542.dll

Deoptimization events (20 events):
Event: 3049.119 Thread 0x0000021d20197fa0 Uncommon trap: trap_request=0xffffffbe fr.pc=0x0000021ccacb5e94 relative=0x00000000000009d4
Event: 3049.119 Thread 0x0000021d20197fa0 Uncommon trap: reason=profile_predicate action=maybe_recompile pc=0x0000021ccacb5e94 method=org.eclipse.jdt.internal.core.builder.ReferenceCollection.internSimpleNames([[CZZ)[[C @ 223 c2
Event: 3049.119 Thread 0x0000021d20197fa0 DEOPT PACKING pc=0x0000021ccacb5e94 sp=0x000000bc1bafe3e0
Event: 3049.119 Thread 0x0000021d20197fa0 DEOPT UNPACKING pc=0x0000021cc9f66da2 sp=0x000000bc1bafe358 mode 2
Event: 3049.131 Thread 0x0000021d20197fa0 Uncommon trap: trap_request=0xffffffde fr.pc=0x0000021ccaa6b218 relative=0x0000000000000078
Event: 3049.131 Thread 0x0000021d20197fa0 Uncommon trap: reason=class_check action=maybe_recompile pc=0x0000021ccaa6b218 method=java.util.Collections$UnmodifiableMap$UnmodifiableEntrySet$1.hasNext()Z @ 4 c2
Event: 3049.131 Thread 0x0000021d20197fa0 DEOPT PACKING pc=0x0000021ccaa6b218 sp=0x000000bc1bafe4c0
Event: 3049.131 Thread 0x0000021d20197fa0 DEOPT UNPACKING pc=0x0000021cc9f66da2 sp=0x000000bc1bafe448 mode 2
Event: 3049.171 Thread 0x0000021d20197fa0 Uncommon trap: trap_request=0xffffffde fr.pc=0x0000021ccaba5fc0 relative=0x0000000000000a80
Event: 3049.171 Thread 0x0000021d20197fa0 Uncommon trap: reason=class_check action=maybe_recompile pc=0x0000021ccaba5fc0 method=java.util.HashMap.computeIfAbsent(Ljava/lang/Object;Ljava/util/function/Function;)Ljava/lang/Object; @ 142 c2
Event: 3049.171 Thread 0x0000021d20197fa0 DEOPT PACKING pc=0x0000021ccaba5fc0 sp=0x000000bc1bafd540
Event: 3049.171 Thread 0x0000021d20197fa0 DEOPT UNPACKING pc=0x0000021cc9f66da2 sp=0x000000bc1bafd4e8 mode 2
Event: 3049.367 Thread 0x0000021d20197fa0 Uncommon trap: trap_request=0xffffff45 fr.pc=0x0000021cca4e6828 relative=0x00000000000003a8
Event: 3049.367 Thread 0x0000021d20197fa0 Uncommon trap: reason=unstable_if action=reinterpret pc=0x0000021cca4e6828 method=java.lang.ThreadLocal$ThreadLocalMap.set(Ljava/lang/ThreadLocal;Ljava/lang/Object;)V @ 116 c2
Event: 3049.367 Thread 0x0000021d20197fa0 DEOPT PACKING pc=0x0000021cca4e6828 sp=0x000000bc1bafe190
Event: 3049.367 Thread 0x0000021d20197fa0 DEOPT UNPACKING pc=0x0000021cc9f66da2 sp=0x000000bc1bafe058 mode 2
Event: 3222.603 Thread 0x0000021d20197fa0 DEOPT PACKING pc=0x0000021cc3d94da2 sp=0x000000bc180fd770
Event: 3222.603 Thread 0x0000021d20197fa0 DEOPT UNPACKING pc=0x0000021cc9f678e2 sp=0x000000bc180fcce8 mode 0
Event: 3222.605 Thread 0x0000021d20197fa0 DEOPT PACKING pc=0x0000021cc436c70b sp=0x000000bc180fd6f0
Event: 3222.605 Thread 0x0000021d20197fa0 DEOPT UNPACKING pc=0x0000021cc9f678e2 sp=0x000000bc180fcbd8 mode 0

Classes loaded (20 events):
Event: 3035.931 Loading class org/xml/sax/SAXNotSupportedException
Event: 3035.931 Loading class org/xml/sax/SAXNotSupportedException done
Event: 3035.945 Loading class com/sun/org/apache/xerces/internal/util/URI
Event: 3035.948 Loading class com/sun/org/apache/xerces/internal/util/URI done
Event: 3035.957 Loading class com/sun/org/apache/xerces/internal/xni/XNIException
Event: 3035.958 Loading class com/sun/org/apache/xerces/internal/xni/XNIException done
Event: 3035.958 Loading class com/sun/org/apache/xerces/internal/xni/parser/XMLParseException
Event: 3035.959 Loading class com/sun/org/apache/xerces/internal/xni/parser/XMLParseException done
Event: 3036.398 Loading class java/util/zip/CheckedInputStream
Event: 3036.404 Loading class java/util/zip/CheckedInputStream done
Event: 3036.878 Loading class java/util/concurrent/ArrayBlockingQueue
Event: 3036.879 Loading class java/util/concurrent/ArrayBlockingQueue done
Event: 3037.298 Loading class sun/nio/ch/ChannelOutputStream
Event: 3037.298 Loading class sun/nio/ch/ChannelOutputStream done
Event: 3038.381 Loading class java/nio/BufferMismatch
Event: 3038.382 Loading class java/nio/BufferMismatch done
Event: 3038.482 Loading class java/util/ImmutableCollections$SubList
Event: 3038.483 Loading class java/util/ImmutableCollections$SubList done
Event: 3048.953 Loading class sun/nio/fs/WindowsFileCopy
Event: 3048.954 Loading class sun/nio/fs/WindowsFileCopy done

Classes unloaded (13 events):
Event: 5.596 Thread 0x0000021cd621f6f0 Unloading class 0x0000021cd81a5000 'java/lang/invoke/LambdaForm$MH+0x0000021cd81a5000'
Event: 5.596 Thread 0x0000021cd621f6f0 Unloading class 0x0000021cd81a4c00 'java/lang/invoke/LambdaForm$MH+0x0000021cd81a4c00'
Event: 5.596 Thread 0x0000021cd621f6f0 Unloading class 0x0000021cd81a4800 'java/lang/invoke/LambdaForm$MH+0x0000021cd81a4800'
Event: 5.596 Thread 0x0000021cd621f6f0 Unloading class 0x0000021cd81a4400 'java/lang/invoke/LambdaForm$MH+0x0000021cd81a4400'
Event: 5.596 Thread 0x0000021cd621f6f0 Unloading class 0x0000021cd81a4000 'java/lang/invoke/LambdaForm$BMH+0x0000021cd81a4000'
Event: 5.596 Thread 0x0000021cd621f6f0 Unloading class 0x0000021cd81a3c00 'java/lang/invoke/LambdaForm$DMH+0x0000021cd81a3c00'
Event: 5.596 Thread 0x0000021cd621f6f0 Unloading class 0x0000021cd81a2800 'java/lang/invoke/LambdaForm$DMH+0x0000021cd81a2800'
Event: 17.016 Thread 0x0000021cd621f6f0 Unloading class 0x0000021cd8645c00 'java/lang/invoke/LambdaForm$MH+0x0000021cd8645c00'
Event: 17.016 Thread 0x0000021cd621f6f0 Unloading class 0x0000021cd8645800 'java/lang/invoke/LambdaForm$MH+0x0000021cd8645800'
Event: 17.016 Thread 0x0000021cd621f6f0 Unloading class 0x0000021cd8645000 'java/lang/invoke/LambdaForm$MH+0x0000021cd8645000'
Event: 17.016 Thread 0x0000021cd621f6f0 Unloading class 0x0000021cd8644c00 'java/lang/invoke/LambdaForm$MH+0x0000021cd8644c00'
Event: 17.016 Thread 0x0000021cd621f6f0 Unloading class 0x0000021cd8644800 'java/lang/invoke/LambdaForm$MH+0x0000021cd8644800'
Event: 17.016 Thread 0x0000021cd621f6f0 Unloading class 0x0000021cd8644000 'java/lang/invoke/LambdaForm$MH+0x0000021cd8644000'

Classes redefined (0 events):
No events

Internal exceptions (20 events):
Event: 24.667 Thread 0x0000021d20197fa0 Exception <a 'sun/nio/fs/WindowsException'{0x00000000d567bc18}> (0x00000000d567bc18) 
thrown [s\src\hotspot\share\prims\jni.cpp, line 520]
Event: 24.667 Thread 0x0000021d20197fa0 Exception <a 'sun/nio/fs/WindowsException'{0x00000000d567c6b0}> (0x00000000d567c6b0) 
thrown [s\src\hotspot\share\prims\jni.cpp, line 520]
Event: 28.148 Thread 0x0000021d1d8e41d0 Exception <a 'java/lang/IncompatibleClassChangeError'{0x00000000d57b0060}: Found class java.lang.Object, but interface was expected> (0x00000000d57b0060) 
thrown [s\src\hotspot\share\interpreter\linkResolver.cpp, line 840]
Event: 119.527 Thread 0x0000021d20197fa0 Implicit null exception at 0x0000021ccaafc4cf to 0x0000021ccaafc6a8
Event: 3035.566 Thread 0x0000021d1d8df9a0 Exception <a 'sun/nio/fs/WindowsException'{0x00000000d58f2740}> (0x00000000d58f2740) 
thrown [s\src\hotspot\share\prims\jni.cpp, line 520]
Event: 3035.568 Thread 0x0000021d1d8df9a0 Exception <a 'sun/nio/fs/WindowsException'{0x00000000d58f34d0}> (0x00000000d58f34d0) 
thrown [s\src\hotspot\share\prims\jni.cpp, line 520]
Event: 3035.766 Thread 0x0000021d1dd290a0 Implicit null exception at 0x0000021ccab811e2 to 0x0000021ccab81644
Event: 3036.319 Thread 0x0000021d20197fa0 Implicit null exception at 0x0000021ccab527d1 to 0x0000021ccab52d78
Event: 3036.917 Thread 0x0000021d2019ce60 Implicit null exception at 0x0000021ccab50bff to 0x0000021ccab50f38
Event: 3037.410 Thread 0x0000021d20197fa0 Exception <a 'java/lang/NoSuchMethodError'{0x00000000d5ba7410}: 'java.lang.Object java.lang.invoke.DirectMethodHandle$Holder.newInvokeSpecial(java.lang.Object, java.lang.Object, int, java.lang.Object, java.lang.Object)'> (0x00000000d5ba7410) 
thrown [s\src\hotspot\share\interpreter\linkResolver.cpp, line 773]
Event: 3037.410 Thread 0x0000021d20197fa0 Exception <a 'java/lang/NoSuchMethodError'{0x00000000d5bab170}: 'java.lang.Object java.lang.invoke.Invokers$Holder.linkToTargetMethod(java.lang.Object, int, java.lang.Object, java.lang.Object, java.lang.Object)'> (0x00000000d5bab170) 
thrown [s\src\hotspot\share\interpreter\linkResolver.cpp, line 773]
Event: 3037.418 Thread 0x0000021d20197fa0 Exception <a 'java/lang/NoSuchMethodError'{0x00000000d5bc0060}: 'java.lang.Object java.lang.invoke.DirectMethodHandle$Holder.invokeSpecial(java.lang.Object, java.lang.Object, java.lang.Object, int, java.lang.Object, java.lang.Object, java.lang.Object)'> (0x00000000d5bc0060) 
thrown [s\src\hotspot\share\interpreter\linkResolver.cpp, line 773]
Event: 3037.420 Thread 0x0000021d20197fa0 Exception <a 'java/lang/NoSuchMethodError'{0x00000000d5bc7f88}: 'java.lang.Object java.lang.invoke.DirectMethodHandle$Holder.invokeStatic(java.lang.Object, java.lang.Object, int, java.lang.Object, java.lang.Object)'> (0x00000000d5bc7f88) 
thrown [s\src\hotspot\share\interpreter\linkResolver.cpp, line 773]
Event: 3037.467 Thread 0x0000021d20197fa0 Exception <a 'java/lang/NoSuchMethodError'{0x00000000d5c47910}: 'void java.lang.invoke.DirectMethodHandle$Holder.invokeStatic(java.lang.Object, int)'> (0x00000000d5c47910) 
thrown [s\src\hotspot\share\interpreter\linkResolver.cpp, line 773]
Event: 3037.675 Thread 0x0000021d20197fa0 Exception <a 'java/io/FileNotFoundException'{0x00000000d5b45338}> (0x00000000d5b45338) 
thrown [s\src\hotspot\share\prims\jni.cpp, line 520]
Event: 3037.675 Thread 0x0000021d20197fa0 Exception <a 'java/io/FileNotFoundException'{0x00000000d5b465c8}> (0x00000000d5b465c8) 
thrown [s\src\hotspot\share\prims\jni.cpp, line 520]
Event: 3037.676 Thread 0x0000021d20197fa0 Exception <a 'java/io/FileNotFoundException'{0x00000000d5b475b0}> (0x00000000d5b475b0) 
thrown [s\src\hotspot\share\prims\jni.cpp, line 520]
Event: 3038.095 Thread 0x0000021d20197fa0 Implicit null exception at 0x0000021cca7d84d3 to 0x0000021cca7d90bc
Event: 3048.955 Thread 0x0000021d1dd290a0 Exception <a 'sun/nio/fs/WindowsException'{0x00000000d5b2edd8}> (0x00000000d5b2edd8) 
thrown [s\src\hotspot\share\prims\jni.cpp, line 520]
Event: 3049.003 Thread 0x0000021d1dd290a0 Exception <a 'sun/nio/fs/WindowsException'{0x00000000d5b3bff8}> (0x00000000d5b3bff8) 
thrown [s\src\hotspot\share\prims\jni.cpp, line 520]

ZGC Phase Switch (0 events):
No events

VM Operations (20 events):
Event: 3049.072 Executing safepoint VM operation: ParallelGCFailedAllocation (Allocation Failure)
Event: 3049.075 Executing safepoint VM operation: ParallelGCFailedAllocation (Allocation Failure) done
Event: 3050.088 Executing safepoint VM operation: Cleanup
Event: 3050.088 Executing safepoint VM operation: Cleanup done
Event: 3067.527 Executing non-safepoint VM operation: HandshakeAllThreads (HandshakeForDeflation)
Event: 3067.528 Executing non-safepoint VM operation: HandshakeAllThreads (HandshakeForDeflation) done
Event: 3067.528 Executing non-safepoint VM operation: RendezvousGCThreads
Event: 3067.528 Executing non-safepoint VM operation: RendezvousGCThreads done
Event: 3097.718 Executing safepoint VM operation: Cleanup
Event: 3097.718 Executing safepoint VM operation: Cleanup done
Event: 3127.688 Executing non-safepoint VM operation: HandshakeAllThreads (HandshakeForDeflation)
Event: 3127.688 Executing non-safepoint VM operation: HandshakeAllThreads (HandshakeForDeflation) done
Event: 3127.688 Executing non-safepoint VM operation: RendezvousGCThreads
Event: 3127.688 Executing non-safepoint VM operation: RendezvousGCThreads done
Event: 3187.838 Executing non-safepoint VM operation: HandshakeAllThreads (HandshakeForDeflation)
Event: 3187.839 Executing non-safepoint VM operation: HandshakeAllThreads (HandshakeForDeflation) done
Event: 3187.839 Executing non-safepoint VM operation: RendezvousGCThreads
Event: 3187.839 Executing non-safepoint VM operation: RendezvousGCThreads done
Event: 3222.657 Executing safepoint VM operation: ParallelGCFailedAllocation (Allocation Failure)
Event: 3222.663 Executing safepoint VM operation: ParallelGCFailedAllocation (Allocation Failure) done

Memory protections (0 events):
No events

Nmethod flushes (20 events):
Event: 17.037 Thread 0x0000021cd621f6f0 flushing  nmethod 0x0000021cc3282310
Event: 17.037 Thread 0x0000021cd621f6f0 flushing  nmethod 0x0000021cc32a2790
Event: 17.037 Thread 0x0000021cd621f6f0 flushing  nmethod 0x0000021cc32a2d90
Event: 17.037 Thread 0x0000021cd621f6f0 flushing  nmethod 0x0000021cc32a3c10
Event: 17.037 Thread 0x0000021cd621f6f0 flushing  nmethod 0x0000021cc32a5910
Event: 17.037 Thread 0x0000021cd621f6f0 flushing  nmethod 0x0000021cc32b1d90
Event: 17.037 Thread 0x0000021cd621f6f0 flushing  nmethod 0x0000021cc32b7610
Event: 17.037 Thread 0x0000021cd621f6f0 flushing  nmethod 0x0000021cc32ce490
Event: 17.037 Thread 0x0000021cd621f6f0 flushing  nmethod 0x0000021cc3338f10
Event: 17.037 Thread 0x0000021cd621f6f0 flushing  nmethod 0x0000021cc333a810
Event: 17.037 Thread 0x0000021cd621f6f0 flushing  nmethod 0x0000021cc333c310
Event: 17.037 Thread 0x0000021cd621f6f0 flushing  nmethod 0x0000021cc3341410
Event: 17.037 Thread 0x0000021cd621f6f0 flushing  nmethod 0x0000021cc3343f10
Event: 17.037 Thread 0x0000021cd621f6f0 flushing  nmethod 0x0000021cc3344910
Event: 17.037 Thread 0x0000021cd621f6f0 flushing  nmethod 0x0000021cc3344d90
Event: 17.037 Thread 0x0000021cd621f6f0 flushing  nmethod 0x0000021cc3345110
Event: 17.037 Thread 0x0000021cd621f6f0 flushing  nmethod 0x0000021cc3349f10
Event: 17.037 Thread 0x0000021cd621f6f0 flushing  nmethod 0x0000021cc3354a10
Event: 17.037 Thread 0x0000021cd621f6f0 flushing  nmethod 0x0000021cc3356010
Event: 17.037 Thread 0x0000021cd621f6f0 flushing  nmethod 0x0000021cc3357810

Events (20 events):
Event: 3038.069 Thread 0x0000021d2019ef30 Thread exited: 0x0000021d2019ef30
Event: 3038.071 Thread 0x0000021d201999e0 Thread exited: 0x0000021d201999e0
Event: 3038.072 Thread 0x0000021d2019db80 Thread exited: 0x0000021d2019db80
Event: 3038.072 Thread 0x0000021d20199350 Thread exited: 0x0000021d20199350
Event: 3038.412 Thread 0x0000021d207360b0 Thread exited: 0x0000021d207360b0
Event: 3038.412 Thread 0x0000021d207359e0 Thread exited: 0x0000021d207359e0
Event: 3038.497 Thread 0x0000021d18be0040 Thread added: 0x0000021d20735310
Event: 3038.552 Thread 0x0000021d18be0040 Thread added: 0x0000021d207360b0
Event: 3038.552 Thread 0x0000021d20197fa0 Thread added: 0x0000021d2019ef30
Event: 3043.754 Thread 0x0000021d207360b0 Thread exited: 0x0000021d207360b0
Event: 3048.669 Thread 0x0000021d20735310 Thread exited: 0x0000021d20735310
Event: 3048.861 Thread 0x0000021d18be0040 Thread added: 0x0000021d20736e50
Event: 3049.371 Thread 0x0000021d2019ef30 Thread added: 0x0000021d20199350
Event: 3054.374 Thread 0x0000021d20736e50 Thread exited: 0x0000021d20736e50
Event: 3097.130 Thread 0x0000021d2019ce60 Thread exited: 0x0000021d2019ce60
Event: 3109.384 Thread 0x0000021d20197fa0 Thread exited: 0x0000021d20197fa0
Event: 3109.384 Thread 0x0000021d20199350 Thread exited: 0x0000021d20199350
Event: 3169.397 Thread 0x0000021d2019c7d0 Thread exited: 0x0000021d2019c7d0
Event: 3222.396 Thread 0x0000021d1d8e41d0 Thread added: 0x0000021d20197fa0
Event: 3222.697 Thread 0x0000021d18be0040 Thread added: 0x0000021d20ee4470


Dynamic libraries:
0x00007ff743580000 - 0x00007ff74358e000 	c:\Users\DELL\.vscode\extensions\redhat.java-1.54.0-win32-x64\jre\21.0.10-win32-x86_64\bin\java.exe
0x00007ffdef2e0000 - 0x00007ffdef4e9000 	C:\Windows\SYSTEM32\ntdll.dll
0x00007ffdedcc0000 - 0x00007ffdedd7d000 	C:\Windows\System32\KERNEL32.DLL
0x00007ffdec7e0000 - 0x00007ffdecb64000 	C:\Windows\System32\KERNELBASE.dll
0x00007ffdecbf0000 - 0x00007ffdecd01000 	C:\Windows\System32\ucrtbase.dll
0x00007ffdd8e50000 - 0x00007ffdd8e68000 	c:\Users\DELL\.vscode\extensions\redhat.java-1.54.0-win32-x64\jre\21.0.10-win32-x86_64\bin\jli.dll
0x00007ffdeeab0000 - 0x00007ffdeec5d000 	C:\Windows\System32\USER32.dll
0x00007ffdecdb0000 - 0x00007ffdecdd6000 	C:\Windows\System32\win32u.dll
0x00007ffded1b0000 - 0x00007ffded1da000 	C:\Windows\System32\GDI32.dll
0x00007ffdecde0000 - 0x00007ffdecefe000 	C:\Windows\System32\gdi32full.dll
0x00007ffdecd10000 - 0x00007ffdecdad000 	C:\Windows\System32\msvcp_win.dll
0x00007ffdd6780000 - 0x00007ffdd679e000 	c:\Users\DELL\.vscode\extensions\redhat.java-1.54.0-win32-x64\jre\21.0.10-win32-x86_64\bin\VCRUNTIME140.dll
0x00007ffdcc3e0000 - 0x00007ffdcc685000 	C:\Windows\WinSxS\amd64_microsoft.windows.common-controls_6595b64144ccf1df_6.0.22000.120_none_9d947278b86cc467\COMCTL32.dll
0x00007ffdeed90000 - 0x00007ffdeee33000 	C:\Windows\System32\msvcrt.dll
0x00007ffdeea70000 - 0x00007ffdeeaa1000 	C:\Windows\System32\IMM32.DLL
0x00007ffde6960000 - 0x00007ffde696c000 	c:\Users\DELL\.vscode\extensions\redhat.java-1.54.0-win32-x64\jre\21.0.10-win32-x86_64\bin\vcruntime140_1.dll
0x00007ffdab700000 - 0x00007ffdab78d000 	c:\Users\DELL\.vscode\extensions\redhat.java-1.54.0-win32-x64\jre\21.0.10-win32-x86_64\bin\msvcp140.dll
0x00007ffd63840000 - 0x00007ffd645e1000 	c:\Users\DELL\.vscode\extensions\redhat.java-1.54.0-win32-x64\jre\21.0.10-win32-x86_64\bin\server\jvm.dll
0x00007ffdeee40000 - 0x00007ffdeeeee000 	C:\Windows\System32\ADVAPI32.dll
0x00007ffdedc10000 - 0x00007ffdedcae000 	C:\Windows\System32\sechost.dll
0x00007ffdedae0000 - 0x00007ffdedc01000 	C:\Windows\System32\RPCRT4.dll
0x00007ffded130000 - 0x00007ffded19f000 	C:\Windows\System32\WS2_32.dll
0x00007ffdeb060000 - 0x00007ffdeb0ad000 	C:\Windows\SYSTEM32\POWRPROF.dll
0x00007ffdea420000 - 0x00007ffdea453000 	C:\Windows\SYSTEM32\WINMM.dll
0x00007ffde68d0000 - 0x00007ffde68da000 	C:\Windows\SYSTEM32\VERSION.dll
0x00007ffdeb190000 - 0x00007ffdeb1a3000 	C:\Windows\SYSTEM32\UMPDC.dll
0x00007ffdeb8d0000 - 0x00007ffdeb8e8000 	C:\Windows\SYSTEM32\kernel.appcore.dll
0x00007ffde5ce0000 - 0x00007ffde5cea000 	c:\Users\DELL\.vscode\extensions\redhat.java-1.54.0-win32-x64\jre\21.0.10-win32-x86_64\bin\jimage.dll
0x00007ffdea160000 - 0x00007ffdea381000 	C:\Windows\SYSTEM32\DBGHELP.DLL
0x00007ffdea3e0000 - 0x00007ffdea411000 	C:\Windows\SYSTEM32\dbgcore.DLL
0x00007ffdecb70000 - 0x00007ffdecbef000 	C:\Windows\System32\bcryptPrimitives.dll
0x00007ffde4de0000 - 0x00007ffde4def000 	c:\Users\DELL\.vscode\extensions\redhat.java-1.54.0-win32-x64\jre\21.0.10-win32-x86_64\bin\instrument.dll
0x00007ffdd5ce0000 - 0x00007ffdd5d00000 	c:\Users\DELL\.vscode\extensions\redhat.java-1.54.0-win32-x64\jre\21.0.10-win32-x86_64\bin\java.dll
0x00007ffdedd80000 - 0x00007ffdee545000 	C:\Windows\System32\SHELL32.dll
0x00007ffdea7e0000 - 0x00007ffdeb042000 	C:\Windows\SYSTEM32\windows.storage.dll
0x00007ffded2e0000 - 0x00007ffded656000 	C:\Windows\System32\combase.dll
0x00007ffdea670000 - 0x00007ffdea7d7000 	C:\Windows\SYSTEM32\wintypes.dll
0x00007ffdee660000 - 0x00007ffdee74a000 	C:\Windows\System32\SHCORE.dll
0x00007ffdef240000 - 0x00007ffdef29d000 	C:\Windows\System32\shlwapi.dll
0x00007ffdec6a0000 - 0x00007ffdec6c5000 	C:\Windows\SYSTEM32\profapi.dll
0x00007ffdd5900000 - 0x00007ffdd5918000 	c:\Users\DELL\.vscode\extensions\redhat.java-1.54.0-win32-x64\jre\21.0.10-win32-x86_64\bin\zip.dll
0x00007ffdd8db0000 - 0x00007ffdd8dc0000 	C:\Users\DELL\.vscode\extensions\redhat.java-1.54.0-win32-x64\jre\21.0.10-win32-x86_64\bin\net.dll
0x00007ffde7460000 - 0x00007ffde7574000 	C:\Windows\SYSTEM32\WINHTTP.dll
0x00007ffdebd80000 - 0x00007ffdebde7000 	C:\Windows\system32\mswsock.dll
0x00007ffdcf1e0000 - 0x00007ffdcf1f6000 	C:\Users\DELL\.vscode\extensions\redhat.java-1.54.0-win32-x64\jre\21.0.10-win32-x86_64\bin\nio.dll
0x00007ffdd6d90000 - 0x00007ffdd6da0000 	c:\Users\DELL\.vscode\extensions\redhat.java-1.54.0-win32-x64\jre\21.0.10-win32-x86_64\bin\verify.dll
0x00007ffdbb8d0000 - 0x00007ffdbb915000 	C:\Users\DELL\AppData\Roaming\Code\User\globalStorage\redhat.java\1.54.0\config_win\org.eclipse.equinox.launcher\org.eclipse.equinox.launcher.win32.win32.x86_64_1.3.0.v20260203-2149\eclipse_11919.dll
0x00007ffdee8d0000 - 0x00007ffdeea6a000 	C:\Windows\System32\ole32.dll
0x00007ffdebfc0000 - 0x00007ffdebfd8000 	C:\Windows\SYSTEM32\CRYPTSP.dll
0x00007ffdeb830000 - 0x00007ffdeb865000 	C:\Windows\system32\rsaenh.dll
0x00007ffdebe70000 - 0x00007ffdebe9c000 	C:\Windows\SYSTEM32\USERENV.dll
0x00007ffdec140000 - 0x00007ffdec167000 	C:\Windows\SYSTEM32\bcrypt.dll
0x00007ffdebfe0000 - 0x00007ffdebfec000 	C:\Windows\SYSTEM32\CRYPTBASE.dll
0x00007ffdeb300000 - 0x00007ffdeb32d000 	C:\Windows\SYSTEM32\IPHLPAPI.DLL
0x00007ffdedcb0000 - 0x00007ffdedcb9000 	C:\Windows\System32\NSI.dll
0x00007ffdb5db0000 - 0x00007ffdb5df9000 	C:\Users\DELL\AppData\Local\Temp\jna-2094529\jna12482294210886334542.dll
0x00007ffdeed80000 - 0x00007ffdeed88000 	C:\Windows\System32\PSAPI.DLL
0x00007ffde7410000 - 0x00007ffde7429000 	C:\Windows\SYSTEM32\dhcpcsvc6.DLL
0x00007ffde7dd0000 - 0x00007ffde7dee000 	C:\Windows\SYSTEM32\dhcpcsvc.DLL

JVMTI agents:
c:\Users\DELL\.vscode\extensions\redhat.java-1.54.0-win32-x64\lombok\lombok-1.18.39-4050.jar path:c:\Users\DELL\.vscode\extensions\redhat.java-1.54.0-win32-x64\jre\21.0.10-win32-x86_64\bin\instrument.dll, loaded, initialized, instrumentlib options:none

dbghelp: loaded successfully - version: 4.0.5 - missing functions: none
symbol engine: initialized successfully - sym options: 0x614 - pdb path: .;c:\Users\DELL\.vscode\extensions\redhat.java-1.54.0-win32-x64\jre\21.0.10-win32-x86_64\bin;C:\Windows\SYSTEM32;C:\Windows\WinSxS\amd64_microsoft.windows.common-controls_6595b64144ccf1df_6.0.22000.120_none_9d947278b86cc467;c:\Users\DELL\.vscode\extensions\redhat.java-1.54.0-win32-x64\jre\21.0.10-win32-x86_64\bin\server;C:\Users\DELL\AppData\Roaming\Code\User\globalStorage\redhat.java\1.54.0\config_win\org.eclipse.equinox.launcher\org.eclipse.equinox.launcher.win32.win32.x86_64_1.3.0.v20260203-2149;C:\Users\DELL\AppData\Local\Temp\jna-2094529

VM Arguments:
jvm_args: --add-modules=ALL-SYSTEM --add-opens=java.base/java.util=ALL-UNNAMED --add-opens=java.base/java.lang=ALL-UNNAMED --add-opens=java.base/sun.nio.fs=ALL-UNNAMED -Declipse.application=org.eclipse.jdt.ls.core.id1 -Dosgi.bundles.defaultStartLevel=4 -Declipse.product=org.eclipse.jdt.ls.core.product -Djava.import.generatesMetadataFilesAtProjectRoot=false -DDetectVMInstallationsJob.disabled=true -Dfile.encoding=utf8 -XX:+UseParallelGC -XX:GCTimeRatio=4 -XX:AdaptiveSizePolicyWeight=90 -Dsun.zip.disableMemoryMapping=true -Xmx2G -Xms100m -Xlog:disable -javaagent:c:\Users\DELL\.vscode\extensions\redhat.java-1.54.0-win32-x64\lombok\lombok-1.18.39-4050.jar -XX:+HeapDumpOnOutOfMemoryError -XX:HeapDumpPath=c:\Users\DELL\AppData\Roaming\Code\User\workspaceStorage\ef3b6c5f962f6b7ba8e6f6356c8f0770\redhat.java -Daether.dependencyCollector.impl=bf 
java_command: c:\Users\DELL\.vscode\extensions\redhat.java-1.54.0-win32-x64\server\plugins\org.eclipse.equinox.launcher_1.7.100.v20251111-0406.jar -configuration c:\Users\DELL\AppData\Roaming\Code\User\globalStorage\redhat.java\1.54.0\config_win -data c:\Users\DELL\AppData\Roaming\Code\User\workspaceStorage\ef3b6c5f962f6b7ba8e6f6356c8f0770\redhat.java\jdt_ws --pipe=\\.\pipe\lsp-c43e7cd3582655b4e0e183a49c8de831-sock
java_class_path (initial): c:\Users\DELL\.vscode\extensions\redhat.java-1.54.0-win32-x64\server\plugins\org.eclipse.equinox.launcher_1.7.100.v20251111-0406.jar
Launcher Type: SUN_STANDARD

[Global flags]
    uintx AdaptiveSizePolicyWeight                 = 90                                        {product} {command line}
     intx CICompilerCount                          = 4                                         {product} {ergonomic}
    uintx GCTimeRatio                              = 4                                         {product} {command line}
     bool HeapDumpOnOutOfMemoryError               = true                                   {manageable} {command line}
    ccstr HeapDumpPath                             = c:\Users\DELL\AppData\Roaming\Code\User\workspaceStorage\ef3b6c5f962f6b7ba8e6f6356c8f0770\redhat.java         {manageable} {command line}
   size_t InitialHeapSize                          = 104857600                                 {product} {command line}
   size_t MaxHeapSize                              = 2147483648                                {product} {command line}
   size_t MaxNewSize                               = 715653120                                 {product} {ergonomic}
   size_t MinHeapDeltaBytes                        = 524288                                    {product} {ergonomic}
   size_t MinHeapSize                              = 104857600                                 {product} {command line}
   size_t NewSize                                  = 34603008                                  {product} {ergonomic}
    uintx NonNMethodCodeHeapSize                   = 5839372                                {pd product} {ergonomic}
    uintx NonProfiledCodeHeapSize                  = 122909434                              {pd product} {ergonomic}
   size_t OldSize                                  = 70254592                                  {product} {ergonomic}
    uintx ProfiledCodeHeapSize                     = 122909434                              {pd product} {ergonomic}
    uintx ReservedCodeCacheSize                    = 251658240                              {pd product} {ergonomic}
     bool SegmentedCodeCache                       = true                                      {product} {ergonomic}
   size_t SoftMaxHeapSize                          = 2147483648                             {manageable} {ergonomic}
     bool UseCompressedOops                        = true                           {product lp64_product} {ergonomic}
     bool UseLargePagesIndividualAllocation        = false                                  {pd product} {ergonomic}
     bool UseParallelGC                            = true                                      {product} {command line}

Logging:
Log output configuration:
 #0: stdout all=off uptime,level,tags foldmultilines=false
 #1: stderr all=off uptime,level,tags foldmultilines=false

Release file:
JAVA_VERSION="21.0.10" 
MODULES="java.base java.compiler java.datatransfer java.xml java.prefs java.desktop java.instrument java.logging java.management java.security.sasl java.naming java.rmi java.management.rmi java.net.http java.scripting java.security.jgss java.transaction.xa java.sql java.sql.rowset java.xml.crypto java.se java.smartcardio jdk.accessibility jdk.internal.jvmstat jdk.attach jdk.charsets jdk.internal.opt jdk.zipfs jdk.compiler jdk.crypto.ec jdk.crypto.cryptoki jdk.crypto.mscapi jdk.dynalink jdk.internal.ed jdk.editpad jdk.hotspot.agent jdk.httpserver jdk.internal.le jdk.internal.vm.ci jdk.internal.vm.compiler jdk.internal.vm.compiler.management jdk.jartool jdk.javadoc jdk.jcmd jdk.management jdk.management.agent jdk.jconsole jdk.jdeps jdk.jdwp.agent jdk.jdi jdk.jfr jdk.jshell jdk.jsobject jdk.jstatd jdk.localedata jdk.management.jfr jdk.naming.dns jdk.naming.rmi jdk.net jdk.nio.mapmode jdk.random jdk.sctp jdk.security.auth jdk.security.jgss jdk.unsupported jdk.unsupported.desktop jdk.xml.dom" 

Environment Variables:
PATH=C:\Users\DELL\AppData\Local\Programs\Microsoft VS Code;C:\Program Files\Common Files\Oracle\Java\javapath;C:\Windows\system32;C:\Windows;C:\Windows\System32\Wbem;C:\Windows\System32\WindowsPowerShell\v1.0\;C:\Windows\System32\OpenSSH\;C:\Program Files\NVIDIA Corporation\NVIDIA NvDLISR;C:\Program Files\dotnet\;C:\Program Files\MySQL\MySQL Server 8.0\bin;C:\Program Files (x86)\Microsoft SQL Server\170\Tools\Binn\;C:\Program Files\Microsoft SQL Server\170\Tools\Binn\;C:\Program Files\Microsoft SQL Server\Client SDK\ODBC\180\Tools\Binn\;C:\Program Files\Microsoft SQL Server\170\DTS\Binn\;D:\Dont Delete This File\Git\cmd;D:\node.js\;C:\Program Files\MySQL\MySQL Shell 8.0\bin\;C:\Users\DELL\AppData\Local\Microsoft\WindowsApps;;C:\Users\DELL\AppData\Local\Programs\Microsoft VS Code\bin;C:\Program Files\Azure Data Studio\bin;C:\Users\DELL\AppData\Roaming\npm;E:\anti_projects\Antigravity\bin
USERNAME=DELL
OS=Windows_NT
PROCESSOR_IDENTIFIER=Intel64 Family 6 Model 140 Stepping 2, GenuineIntel
TMP=C:\Users\DELL\AppData\Local\Temp
TEMP=C:\Users\DELL\AppData\Local\Temp




Periodic native trim disabled

---------------  S Y S T E M  ---------------

OS:
 Windows 11 , 64 bit Build 22000 (10.0.22000.2538)
OS uptime: 28 days 11:36 hours
Hyper-V role detected

CPU: total 8 (initial active 8) (4 cores per cpu, 2 threads per core) family 6 model 140 stepping 2 microcode 0x16, cx8, cmov, fxsr, ht, mmx, 3dnowpref, sse, sse2, sse3, ssse3, sse4.1, sse4.2, popcnt, lzcnt, tsc, tscinvbit, avx, avx2, aes, erms, clmul, bmi1, bmi2, adx, avx512f, avx512dq, avx512cd, avx512bw, avx512vl, sha, fma, vzeroupper, avx512_vpopcntdq, avx512_vpclmulqdq, avx512_vaes, avx512_vnni, clflush, clflushopt, clwb, avx512_vbmi2, avx512_vbmi, hv, rdtscp, rdpid, fsrm, gfni, avx512_bitalg, f16c, cet_ibt, cet_ss, avx512_ifma
Processor Information for processor 0
  Max Mhz: 2496, Current Mhz: 2496, Mhz Limit: 2496
Processor Information for processor 1
  Max Mhz: 2496, Current Mhz: 1198, Mhz Limit: 2496
Processor Information for processor 2
  Max Mhz: 2496, Current Mhz: 2496, Mhz Limit: 2496
Processor Information for processor 3
  Max Mhz: 2496, Current Mhz: 2496, Mhz Limit: 2496
Processor Information for processor 4
  Max Mhz: 2496, Current Mhz: 1198, Mhz Limit: 2496
Processor Information for processor 5
  Max Mhz: 2496, Current Mhz: 1198, Mhz Limit: 2496
Processor Information for processor 6
  Max Mhz: 2496, Current Mhz: 1198, Mhz Limit: 2496
Processor Information for processor 7
  Max Mhz: 2496, Current Mhz: 1198, Mhz Limit: 2496

Memory: 4k page, system-wide physical 16122M (1326M free)
TotalPageFile size 35231M (AvailPageFile size 4M)
current process WorkingSet (physical memory assigned to process): 301M, peak: 352M
current process commit charge ("private bytes"): 471M, peak: 473M

vm_info: OpenJDK 64-Bit Server VM (21.0.10+7-LTS) for windows-amd64 JRE (21.0.10+7-LTS), built on 2026-01-20T00:00:00Z by "admin" with MS VC++ 17.12 (VS2022)

END.
