#
# There is insufficient memory for the Java Runtime Environment to continue.
# Native memory allocation (malloc) failed to allocate 1146576 bytes. Error detail: Chunk::new
# Possible reasons:
#   The system is out of physical RAM or swap space
#   This process is running with CompressedOops enabled, and the Java Heap may be blocking the growth of the native heap
# Possible solutions:
#   Reduce memory load on the system
#   Increase physical memory or swap space
#   Check if swap backing store is full
#   Decrease Java heap size (-Xmx/-Xms)
#   Decrease number of Java threads
#   Decrease Java thread stack sizes (-Xss)
#   Set larger code cache with -XX:ReservedCodeCacheSize=
#   JVM is running with Unscaled Compressed Oops mode in which the Java heap is
#     placed in the first 4GB address space. The Java Heap base address is the
#     maximum limit for the native heap growth. Please use -XX:HeapBaseMinAddress
#     to set the Java Heap base and to place the Java Heap above 4GB virtual address.
# This output file may be truncated or incomplete.
#
#  Out of Memory Error (arena.cpp:168), pid=32412, tid=11400
#
# JRE version: OpenJDK Runtime Environment Temurin-21.0.10+7 (21.0.10+7) (build 21.0.10+7-LTS)
# Java VM: OpenJDK 64-Bit Server VM Temurin-21.0.10+7 (21.0.10+7-LTS, mixed mode, sharing, tiered, compressed oops, compressed class ptrs, parallel gc, windows-amd64)
# No core dump will be written. Minidumps are not enabled by default on client versions of Windows
#

---------------  S U M M A R Y ------------

Command Line: --add-modules=ALL-SYSTEM --add-opens=java.base/java.util=ALL-UNNAMED --add-opens=java.base/java.lang=ALL-UNNAMED --add-opens=java.base/sun.nio.fs=ALL-UNNAMED -Declipse.application=org.eclipse.jdt.ls.core.id1 -Dosgi.bundles.defaultStartLevel=4 -Declipse.product=org.eclipse.jdt.ls.core.product -Djava.import.generatesMetadataFilesAtProjectRoot=false -DDetectVMInstallationsJob.disabled=true -Dfile.encoding=utf8 -XX:+UseParallelGC -XX:GCTimeRatio=4 -XX:AdaptiveSizePolicyWeight=90 -Dsun.zip.disableMemoryMapping=true -Xmx2G -Xms100m -Xlog:disable -javaagent:c:\Users\DELL\.antigravity\extensions\redhat.java-1.54.0-win32-x64\lombok\lombok-1.18.39-4050.jar c:\Users\DELL\.antigravity\extensions\redhat.java-1.54.0-win32-x64\server\plugins\org.eclipse.equinox.launcher_1.7.100.v20251111-0406.jar -configuration c:\Users\DELL\AppData\Roaming\Antigravity\User\globalStorage\redhat.java\1.54.0\config_ss_win -data c:\Users\DELL\AppData\Roaming\Antigravity\User\workspaceStorage\ef3b6c5f962f6b7ba8e6f6356c8f0770\redhat.java\ss_ws --pipe=\\.\pipe\lsp-79d427700ba2978b64ecf2c3ba5d41d1-sock

Host: 11th Gen Intel(R) Core(TM) i5-11320H @ 3.20GHz, 8 cores, 15G,  Windows 11 , 64 bit Build 22000 (10.0.22000.2538)
Time: Mon May  4 20:24:36 2026 India Standard Time elapsed time: 31.858287 seconds (0d 0h 0m 31s)

---------------  T H R E A D  ---------------

Current thread (0x00000216c299f5a0):  JavaThread "C2 CompilerThread0" daemon [_thread_in_native, id=11400, stack(0x000000db2de00000,0x000000db2df00000) (1024K)]


Current CompileTask:
C2:31858 2691       4       org.lombokweb.asm.ClassReader::readMethod (1070 bytes)

Stack: [0x000000db2de00000,0x000000db2df00000]
Native frames: (J=compiled Java code, j=interpreted, Vv=VM code, C=native code)
V  [jvm.dll+0x6d7a39]
V  [jvm.dll+0x8b4b26]
V  [jvm.dll+0x8b70de]
V  [jvm.dll+0x8b77c3]
V  [jvm.dll+0x284346]
V  [jvm.dll+0xc66ed]
V  [jvm.dll+0xc6c31]
V  [jvm.dll+0x3bec01]
V  [jvm.dll+0x38b162]
V  [jvm.dll+0x38a5aa]
V  [jvm.dll+0x24c560]
V  [jvm.dll+0x24bb40]
V  [jvm.dll+0x1cb34e]
V  [jvm.dll+0x25b85d]
V  [jvm.dll+0x259dea]
V  [jvm.dll+0x3f857e]
V  [jvm.dll+0x85f59d]
V  [jvm.dll+0x6d626d]
C  [ucrtbase.dll+0x26c0c]
C  [KERNEL32.DLL+0x153e0]
C  [ntdll.dll+0x485b]


---------------  P R O C E S S  ---------------

Threads class SMR info:
_java_thread_list=0x000002170a9d3830, length=21, elements={
0x00000216abf19540, 0x00000216c298d3e0, 0x00000216c29912f0, 0x00000216c2994f80,
0x00000216c2995ca0, 0x00000216c29982f0, 0x00000216c299dce0, 0x00000216c299f5a0,
0x00000216c29ddf60, 0x00000217054e25d0, 0x0000021705627530, 0x0000021705df46b0,
0x000002170a1cf270, 0x000002170a1bf640, 0x0000021705bd0f50, 0x00000217057cf0c0,
0x0000021705eedf80, 0x0000021705eec540, 0x0000021705eecbd0, 0x0000021705d7d160,
0x0000021705dabe70
}

Java Threads: ( => current thread )
  0x00000216abf19540 JavaThread "main"                              [_thread_blocked, id=26888, stack(0x000000db2d400000,0x000000db2d500000) (1024K)]
  0x00000216c298d3e0 JavaThread "Reference Handler"          daemon [_thread_blocked, id=24196, stack(0x000000db2d800000,0x000000db2d900000) (1024K)]
  0x00000216c29912f0 JavaThread "Finalizer"                  daemon [_thread_blocked, id=29464, stack(0x000000db2d900000,0x000000db2da00000) (1024K)]
  0x00000216c2994f80 JavaThread "Signal Dispatcher"          daemon [_thread_blocked, id=3508, stack(0x000000db2da00000,0x000000db2db00000) (1024K)]
  0x00000216c2995ca0 JavaThread "Attach Listener"            daemon [_thread_blocked, id=18172, stack(0x000000db2db00000,0x000000db2dc00000) (1024K)]
  0x00000216c29982f0 JavaThread "Service Thread"             daemon [_thread_blocked, id=27048, stack(0x000000db2dc00000,0x000000db2dd00000) (1024K)]
  0x00000216c299dce0 JavaThread "Monitor Deflation Thread"   daemon [_thread_blocked, id=18228, stack(0x000000db2dd00000,0x000000db2de00000) (1024K)]
=>0x00000216c299f5a0 JavaThread "C2 CompilerThread0"         daemon [_thread_in_native, id=11400, stack(0x000000db2de00000,0x000000db2df00000) (1024K)]
  0x00000216c29ddf60 JavaThread "C1 CompilerThread0"         daemon [_thread_blocked, id=16368, stack(0x000000db2df00000,0x000000db2e000000) (1024K)]
  0x00000217054e25d0 JavaThread "Common-Cleaner"             daemon [_thread_blocked, id=16372, stack(0x000000db2e000000,0x000000db2e100000) (1024K)]
  0x0000021705627530 JavaThread "Notification Thread"        daemon [_thread_blocked, id=15944, stack(0x000000db2e200000,0x000000db2e300000) (1024K)]
  0x0000021705df46b0 JavaThread "Active Thread: Equinox Container: 7476faaa-e4c9-4530-8612-b91688f16cdf"        [_thread_blocked, id=8944, stack(0x000000db2ea00000,0x000000db2eb00000) (1024K)]
  0x000002170a1cf270 JavaThread "Framework Event Dispatcher: Equinox Container: 7476faaa-e4c9-4530-8612-b91688f16cdf" daemon [_thread_blocked, id=18916, stack(0x000000db2e100000,0x000000db2e200000) (1024K)]
  0x000002170a1bf640 JavaThread "Start Level: Equinox Container: 7476faaa-e4c9-4530-8612-b91688f16cdf" daemon [_thread_in_vm, id=29260, stack(0x000000db2e900000,0x000000db2ea00000) (1024K)]
  0x0000021705bd0f50 JavaThread "SCR Component Actor"        daemon [_thread_blocked, id=28820, stack(0x000000db2ec00000,0x000000db2ed00000) (1024K)]
  0x00000217057cf0c0 JavaThread "Worker-JM"                         [_thread_blocked, id=28088, stack(0x000000db2ed00000,0x000000db2ee00000) (1024K)]
  0x0000021705eedf80 JavaThread "JNA Cleaner"                daemon [_thread_blocked, id=13484, stack(0x000000db2ee00000,0x000000db2ef00000) (1024K)]
  0x0000021705eec540 JavaThread "Worker-0"                          [_thread_blocked, id=23304, stack(0x000000db2ef00000,0x000000db2f000000) (1024K)]
  0x0000021705eecbd0 JavaThread "Worker-1"                          [_thread_blocked, id=8988, stack(0x000000db2f000000,0x000000db2f100000) (1024K)]
  0x0000021705d7d160 JavaThread "C2 CompilerThread1"         daemon [_thread_in_native, id=4124, stack(0x000000db2f100000,0x000000db2f200000) (1024K)]
  0x0000021705dabe70 JavaThread "C2 CompilerThread2"         daemon [_thread_in_native, id=18608, stack(0x000000db2f200000,0x000000db2f300000) (1024K)]
Total: 21

Other Threads:
  0x00000216c2972040 VMThread "VM Thread"                           [id=13676, stack(0x000000db2d700000,0x000000db2d800000) (1024K)]
  0x00000216abfe0510 WatcherThread "VM Periodic Task Thread"        [id=19096, stack(0x000000db2d600000,0x000000db2d700000) (1024K)]
  0x00000216abf37a40 WorkerThread "GC Thread#0"                     [id=11612, stack(0x000000db2d500000,0x000000db2d600000) (1024K)]
  0x0000021705a6dee0 WorkerThread "GC Thread#1"                     [id=23600, stack(0x000000db2e300000,0x000000db2e400000) (1024K)]
  0x0000021705a6e290 WorkerThread "GC Thread#2"                     [id=24620, stack(0x000000db2e400000,0x000000db2e500000) (1024K)]
  0x0000021705a6e640 WorkerThread "GC Thread#3"                     [id=8044, stack(0x000000db2e500000,0x000000db2e600000) (1024K)]
  0x00000217058e83f0 WorkerThread "GC Thread#4"                     [id=5724, stack(0x000000db2e600000,0x000000db2e700000) (1024K)]
  0x00000217058e87a0 WorkerThread "GC Thread#5"                     [id=23360, stack(0x000000db2e700000,0x000000db2e800000) (1024K)]
  0x00000217058e8b50 WorkerThread "GC Thread#6"                     [id=28216, stack(0x000000db2e800000,0x000000db2e900000) (1024K)]
  0x0000021705d88370 WorkerThread "GC Thread#7"                     [id=14768, stack(0x000000db2eb00000,0x000000db2ec00000) (1024K)]
Total: 10

Threads with active compile tasks:
C2 CompilerThread0  31922 2691       4       org.lombokweb.asm.ClassReader::readMethod (1070 bytes)
C2 CompilerThread1  31922 2748       4       lombok.patcher.PatchScript$MethodPatcher::visitMethod (158 bytes)
C2 CompilerThread2  31922 2762       4       jdk.internal.module.SystemModuleFinders$SystemModuleReader::find (59 bytes)
Total: 3

VM state: not at safepoint (normal execution)

VM Mutex/Monitor currently owned by a thread: None

Heap address: 0x0000000080000000, size: 2048 MB, Compressed Oops mode: 32-bit

CDS archive(s) mapped at: [0x00000216c3000000-0x00000216c3ba0000-0x00000216c3ba0000), size 12189696, SharedBaseAddress: 0x00000216c3000000, ArchiveRelocationMode: 1.
Compressed class space mapped at: 0x00000216c4000000-0x0000021704000000, reserved size: 1073741824
Narrow klass base: 0x00000216c3000000, Narrow klass shift: 0, Narrow klass range: 0x100000000

GC Precious Log:
 CardTable entry size: 512
 CPUs: 8 total, 8 available
 Memory: 16122M
 Large Page Support: Disabled
 NUMA Support: Disabled
 Compressed Oops: Enabled (32-bit)
 Alignments: Space 512K, Generation 512K, Heap 2M
 Heap Min Capacity: 100M
 Heap Initial Capacity: 100M
 Heap Max Capacity: 2G
 Pre-touch: Disabled
 Parallel Workers: 8

Heap:
 PSYoungGen      total 30208K, used 19887K [0x00000000d5580000, 0x00000000d7800000, 0x0000000100000000)
  eden space 25088K, 79% used [0x00000000d5580000,0x00000000d68ebca0,0x00000000d6e00000)
  from space 5120K, 0% used [0x00000000d7300000,0x00000000d7300000,0x00000000d7800000)
  to   space 5120K, 0% used [0x00000000d6e00000,0x00000000d6e00000,0x00000000d7300000)
 ParOldGen       total 68608K, used 8983K [0x0000000080000000, 0x0000000084300000, 0x00000000d5580000)
  object space 68608K, 13% used [0x0000000080000000,0x00000000808c5fa0,0x0000000084300000)
 Metaspace       used 22229K, committed 22912K, reserved 1114112K
  class space    used 2156K, committed 2432K, reserved 1048576K

Card table byte_map: [0x00000216ab900000,0x00000216abd10000] _byte_map_base: 0x00000216ab500000

Marking Bits: (ParMarkBitMap*) 0x00007ffd7cac3450
 Begin Bits: [0x00000216be3e0000, 0x00000216c03e0000)
 End Bits:   [0x00000216c03e0000, 0x00000216c23e0000)

Polling page: 0x00000216ab6f0000

Metaspace:

Usage:
  Non-class:     19.60 MB used.
      Class:      2.11 MB used.
       Both:     21.71 MB used.

Virtual space:
  Non-class space:       64.00 MB reserved,      20.00 MB ( 31%) committed,  1 nodes.
      Class space:        1.00 GB reserved,       2.38 MB ( <1%) committed,  1 nodes.
             Both:        1.06 GB reserved,      22.38 MB (  2%) committed. 

Chunk freelists:
   Non-Class:  11.59 MB
       Class:  13.46 MB
        Both:  25.05 MB

MaxMetaspaceSize: unlimited
CompressedClassSpaceSize: 1.00 GB
Initial GC threshold: 21.00 MB
Current GC threshold: 35.00 MB
CDS: on
 - commit_granule_bytes: 65536.
 - commit_granule_words: 8192.
 - virtual_space_node_default_size: 8388608.
 - enlarge_chunks_in_place: 1.
 - use_allocation_guard: 0.


Internal statistics:

num_allocs_failed_limit: 3.
num_arena_births: 504.
num_arena_deaths: 14.
num_vsnodes_births: 2.
num_vsnodes_deaths: 0.
num_space_committed: 358.
num_space_uncommitted: 0.
num_chunks_returned_to_freelist: 17.
num_chunks_taken_from_freelist: 1371.
num_chunk_merges: 9.
num_chunk_splits: 888.
num_chunks_enlarged: 565.
num_inconsistent_stats: 0.

CodeHeap 'non-profiled nmethods': size=120000Kb used=1265Kb max_used=1265Kb free=118734Kb
 bounds [0x00000216b6c00000, 0x00000216b6e70000, 0x00000216be130000]
CodeHeap 'profiled nmethods': size=120000Kb used=5312Kb max_used=5312Kb free=114687Kb
 bounds [0x00000216af130000, 0x00000216af670000, 0x00000216b6660000]
CodeHeap 'non-nmethods': size=5760Kb used=1325Kb max_used=1342Kb free=4434Kb
 bounds [0x00000216b6660000, 0x00000216b68d0000, 0x00000216b6c00000]
CodeCache: size=245760Kb, used=7902Kb, max_used=7919Kb, free=237855Kb
 total_blobs=3360, nmethods=2758, adapters=508, full_count=0
Compilation: enabled, stopped_count=0, restarted_count=0

Compilation events (20 events):
Event: 31.709 Thread 0x0000021705d7d160 nmethod 2701 0x00000216b6d37d10 code [0x00000216b6d37ea0, 0x00000216b6d37f70]
Event: 31.709 Thread 0x0000021705d7d160 2739       4       lombok.launch.ClassFileMetaData::readValue (27 bytes)
Event: 31.711 Thread 0x0000021705d7d160 nmethod 2739 0x00000216b6d38010 code [0x00000216b6d381a0, 0x00000216b6d382a8]
Event: 31.711 Thread 0x0000021705d7d160 2740       4       lombok.launch.PackageShader::readValue (21 bytes)
Event: 31.713 Thread 0x0000021705d7d160 nmethod 2740 0x00000216b6d38390 code [0x00000216b6d38520, 0x00000216b6d38600]
Event: 31.720 Thread 0x0000021705dabe70 nmethod 2693 0x00000216b6d38710 code [0x00000216b6d388c0, 0x00000216b6d38c18]
Event: 31.724 Thread 0x0000021705d7d160 2742       4       java.util.concurrent.ConcurrentHashMap$ValueIterator::next (34 bytes)
Event: 31.730 Thread 0x00000216c29ddf60 2743       3       java.net.URI::toString (16 bytes)
Event: 31.731 Thread 0x00000216c29ddf60 nmethod 2743 0x00000216af653a10 code [0x00000216af653bc0, 0x00000216af653d38]
Event: 31.733 Thread 0x0000021705d7d160 nmethod 2742 0x00000216b6d38f10 code [0x00000216b6d390a0, 0x00000216b6d392f0]
Event: 31.737 Thread 0x00000216c29ddf60 2744       1       lombok.patcher.scripts.WrapReturnValuesScript::access$1 (5 bytes)
Event: 31.737 Thread 0x00000216c29ddf60 nmethod 2744 0x00000216b6d39510 code [0x00000216b6d396a0, 0x00000216b6d39750]
Event: 31.738 Thread 0x00000216c29ddf60 2745       3       org.lombokweb.asm.MethodVisitor::visitFrame (22 bytes)
Event: 31.738 Thread 0x00000216c29ddf60 nmethod 2745 0x00000216af653e10 code [0x00000216af653fc0, 0x00000216af6541c8]
Event: 31.739 Thread 0x00000216c29ddf60 2746       3       lombok.patcher.scripts.WrapReturnValuesScript$WrapReturnValues::visitInsn (283 bytes)
Event: 31.743 Thread 0x00000216c29ddf60 nmethod 2746 0x00000216af654290 code [0x00000216af6546a0, 0x00000216af6562c0]
Event: 31.743 Thread 0x00000216c29ddf60 2747       3       org.lombokweb.asm.ClassReader::readLong (29 bytes)
Event: 31.743 Thread 0x00000216c29ddf60 nmethod 2747 0x00000216af656c90 code [0x00000216af656e40, 0x00000216af657008]
Event: 31.747 Thread 0x0000021705d7d160 2748       4       lombok.patcher.PatchScript$MethodPatcher::visitMethod (158 bytes)
Event: 31.764 Thread 0x0000021705dabe70 2749       4       java.util.regex.Matcher::search (154 bytes)

GC Heap History (14 events):
Event: 2.348 GC heap before
{Heap before GC invocations=1 (full 0):
 PSYoungGen      total 29696K, used 25600K [0x00000000d5580000, 0x00000000d7680000, 0x0000000100000000)
  eden space 25600K, 100% used [0x00000000d5580000,0x00000000d6e80000,0x00000000d6e80000)
  from space 4096K, 0% used [0x00000000d7280000,0x00000000d7280000,0x00000000d7680000)
  to   space 4096K, 0% used [0x00000000d6e80000,0x00000000d6e80000,0x00000000d7280000)
 ParOldGen       total 68608K, used 0K [0x0000000080000000, 0x0000000084300000, 0x00000000d5580000)
  object space 68608K, 0% used [0x0000000080000000,0x0000000080000000,0x0000000084300000)
 Metaspace       used 4363K, committed 4608K, reserved 1114112K
  class space    used 474K, committed 576K, reserved 1048576K
}
Event: 2.473 GC heap after
{Heap after GC invocations=1 (full 0):
 PSYoungGen      total 29696K, used 3280K [0x00000000d5580000, 0x00000000d7680000, 0x0000000100000000)
  eden space 25600K, 0% used [0x00000000d5580000,0x00000000d5580000,0x00000000d6e80000)
  from space 4096K, 80% used [0x00000000d6e80000,0x00000000d71b4148,0x00000000d7280000)
  to   space 4096K, 0% used [0x00000000d7280000,0x00000000d7280000,0x00000000d7680000)
 ParOldGen       total 68608K, used 0K [0x0000000080000000, 0x0000000084300000, 0x00000000d5580000)
  object space 68608K, 0% used [0x0000000080000000,0x0000000080000000,0x0000000084300000)
 Metaspace       used 4363K, committed 4608K, reserved 1114112K
  class space    used 474K, committed 576K, reserved 1048576K
}
Event: 26.698 GC heap before
{Heap before GC invocations=2 (full 0):
 PSYoungGen      total 29696K, used 28880K [0x00000000d5580000, 0x00000000d7680000, 0x0000000100000000)
  eden space 25600K, 100% used [0x00000000d5580000,0x00000000d6e80000,0x00000000d6e80000)
  from space 4096K, 80% used [0x00000000d6e80000,0x00000000d71b4148,0x00000000d7280000)
  to   space 4096K, 0% used [0x00000000d7280000,0x00000000d7280000,0x00000000d7680000)
 ParOldGen       total 68608K, used 0K [0x0000000080000000, 0x0000000084300000, 0x00000000d5580000)
  object space 68608K, 0% used [0x0000000080000000,0x0000000080000000,0x0000000084300000)
 Metaspace       used 8166K, committed 8448K, reserved 1114112K
  class space    used 868K, committed 1024K, reserved 1048576K
}
Event: 26.712 GC heap after
{Heap after GC invocations=2 (full 0):
 PSYoungGen      total 29696K, used 4086K [0x00000000d5580000, 0x00000000d7680000, 0x0000000100000000)
  eden space 25600K, 0% used [0x00000000d5580000,0x00000000d5580000,0x00000000d6e80000)
  from space 4096K, 99% used [0x00000000d7280000,0x00000000d767d810,0x00000000d7680000)
  to   space 4096K, 0% used [0x00000000d6e80000,0x00000000d6e80000,0x00000000d7280000)
 ParOldGen       total 68608K, used 1145K [0x0000000080000000, 0x0000000084300000, 0x00000000d5580000)
  object space 68608K, 1% used [0x0000000080000000,0x000000008011e6c8,0x0000000084300000)
 Metaspace       used 8166K, committed 8448K, reserved 1114112K
  class space    used 868K, committed 1024K, reserved 1048576K
}
Event: 28.489 GC heap before
{Heap before GC invocations=3 (full 0):
 PSYoungGen      total 29696K, used 29686K [0x00000000d5580000, 0x00000000d7680000, 0x0000000100000000)
  eden space 25600K, 100% used [0x00000000d5580000,0x00000000d6e80000,0x00000000d6e80000)
  from space 4096K, 99% used [0x00000000d7280000,0x00000000d767d810,0x00000000d7680000)
  to   space 4096K, 0% used [0x00000000d6e80000,0x00000000d6e80000,0x00000000d7280000)
 ParOldGen       total 68608K, used 1145K [0x0000000080000000, 0x0000000084300000, 0x00000000d5580000)
  object space 68608K, 1% used [0x0000000080000000,0x000000008011e6c8,0x0000000084300000)
 Metaspace       used 13073K, committed 13632K, reserved 1114112K
  class space    used 1379K, committed 1600K, reserved 1048576K
}
Event: 28.497 GC heap after
{Heap after GC invocations=3 (full 0):
 PSYoungGen      total 29696K, used 4076K [0x00000000d5580000, 0x00000000d7680000, 0x0000000100000000)
  eden space 25600K, 0% used [0x00000000d5580000,0x00000000d5580000,0x00000000d6e80000)
  from space 4096K, 99% used [0x00000000d6e80000,0x00000000d727b088,0x00000000d7280000)
  to   space 4096K, 0% used [0x00000000d7280000,0x00000000d7280000,0x00000000d7680000)
 ParOldGen       total 68608K, used 2850K [0x0000000080000000, 0x0000000084300000, 0x00000000d5580000)
  object space 68608K, 4% used [0x0000000080000000,0x00000000802c8bf0,0x0000000084300000)
 Metaspace       used 13073K, committed 13632K, reserved 1114112K
  class space    used 1379K, committed 1600K, reserved 1048576K
}
Event: 30.253 GC heap before
{Heap before GC invocations=4 (full 0):
 PSYoungGen      total 29696K, used 29676K [0x00000000d5580000, 0x00000000d7680000, 0x0000000100000000)
  eden space 25600K, 100% used [0x00000000d5580000,0x00000000d6e80000,0x00000000d6e80000)
  from space 4096K, 99% used [0x00000000d6e80000,0x00000000d727b088,0x00000000d7280000)
  to   space 4096K, 0% used [0x00000000d7280000,0x00000000d7280000,0x00000000d7680000)
 ParOldGen       total 68608K, used 2850K [0x0000000080000000, 0x0000000084300000, 0x00000000d5580000)
  object space 68608K, 4% used [0x0000000080000000,0x00000000802c8bf0,0x0000000084300000)
 Metaspace       used 17192K, committed 17920K, reserved 1114112K
  class space    used 1811K, committed 2112K, reserved 1048576K
}
Event: 30.261 GC heap after
{Heap after GC invocations=4 (full 0):
 PSYoungGen      total 29696K, used 4082K [0x00000000d5580000, 0x00000000d7680000, 0x0000000100000000)
  eden space 25600K, 0% used [0x00000000d5580000,0x00000000d5580000,0x00000000d6e80000)
  from space 4096K, 99% used [0x00000000d7280000,0x00000000d767cb30,0x00000000d7680000)
  to   space 4096K, 0% used [0x00000000d6e80000,0x00000000d6e80000,0x00000000d7280000)
 ParOldGen       total 68608K, used 4622K [0x0000000080000000, 0x0000000084300000, 0x00000000d5580000)
  object space 68608K, 6% used [0x0000000080000000,0x0000000080483a40,0x0000000084300000)
 Metaspace       used 17192K, committed 17920K, reserved 1114112K
  class space    used 1811K, committed 2112K, reserved 1048576K
}
Event: 31.053 GC heap before
{Heap before GC invocations=5 (full 0):
 PSYoungGen      total 29696K, used 29682K [0x00000000d5580000, 0x00000000d7680000, 0x0000000100000000)
  eden space 25600K, 100% used [0x00000000d5580000,0x00000000d6e80000,0x00000000d6e80000)
  from space 4096K, 99% used [0x00000000d7280000,0x00000000d767cb30,0x00000000d7680000)
  to   space 4096K, 0% used [0x00000000d6e80000,0x00000000d6e80000,0x00000000d7280000)
 ParOldGen       total 68608K, used 4622K [0x0000000080000000, 0x0000000084300000, 0x00000000d5580000)
  object space 68608K, 6% used [0x0000000080000000,0x0000000080483a40,0x0000000084300000)
 Metaspace       used 20442K, committed 21120K, reserved 1114112K
  class space    used 2031K, committed 2304K, reserved 1048576K
}
Event: 31.062 GC heap after
{Heap after GC invocations=5 (full 0):
 PSYoungGen      total 29184K, used 4082K [0x00000000d5580000, 0x00000000d7800000, 0x0000000100000000)
  eden space 25088K, 0% used [0x00000000d5580000,0x00000000d5580000,0x00000000d6e00000)
  from space 4096K, 99% used [0x00000000d6e80000,0x00000000d727c840,0x00000000d7280000)
  to   space 5120K, 0% used [0x00000000d7300000,0x00000000d7300000,0x00000000d7800000)
 ParOldGen       total 68608K, used 5074K [0x0000000080000000, 0x0000000084300000, 0x00000000d5580000)
  object space 68608K, 7% used [0x0000000080000000,0x00000000804f4ab0,0x0000000084300000)
 Metaspace       used 20442K, committed 21120K, reserved 1114112K
  class space    used 2031K, committed 2304K, reserved 1048576K
}
Event: 31.154 GC heap before
{Heap before GC invocations=6 (full 0):
 PSYoungGen      total 29184K, used 10225K [0x00000000d5580000, 0x00000000d7800000, 0x0000000100000000)
  eden space 25088K, 24% used [0x00000000d5580000,0x00000000d5b7fd00,0x00000000d6e00000)
  from space 4096K, 99% used [0x00000000d6e80000,0x00000000d727c840,0x00000000d7280000)
  to   space 5120K, 0% used [0x00000000d7300000,0x00000000d7300000,0x00000000d7800000)
 ParOldGen       total 68608K, used 5074K [0x0000000080000000, 0x0000000084300000, 0x00000000d5580000)
  object space 68608K, 7% used [0x0000000080000000,0x00000000804f4ab0,0x0000000084300000)
 Metaspace       used 20813K, committed 21504K, reserved 1114112K
  class space    used 2073K, committed 2368K, reserved 1048576K
}
Event: 31.162 GC heap after
{Heap after GC invocations=6 (full 0):
 PSYoungGen      total 30208K, used 4854K [0x00000000d5580000, 0x00000000d7800000, 0x0000000100000000)
  eden space 25088K, 0% used [0x00000000d5580000,0x00000000d5580000,0x00000000d6e00000)
  from space 5120K, 94% used [0x00000000d7300000,0x00000000d77bda30,0x00000000d7800000)
  to   space 5120K, 0% used [0x00000000d6e00000,0x00000000d6e00000,0x00000000d7300000)
 ParOldGen       total 68608K, used 5082K [0x0000000080000000, 0x0000000084300000, 0x00000000d5580000)
  object space 68608K, 7% used [0x0000000080000000,0x00000000804f6ab0,0x0000000084300000)
 Metaspace       used 20813K, committed 21504K, reserved 1114112K
  class space    used 2073K, committed 2368K, reserved 1048576K
}
Event: 31.162 GC heap before
{Heap before GC invocations=7 (full 1):
 PSYoungGen      total 30208K, used 4854K [0x00000000d5580000, 0x00000000d7800000, 0x0000000100000000)
  eden space 25088K, 0% used [0x00000000d5580000,0x00000000d5580000,0x00000000d6e00000)
  from space 5120K, 94% used [0x00000000d7300000,0x00000000d77bda30,0x00000000d7800000)
  to   space 5120K, 0% used [0x00000000d6e00000,0x00000000d6e00000,0x00000000d7300000)
 ParOldGen       total 68608K, used 5082K [0x0000000080000000, 0x0000000084300000, 0x00000000d5580000)
  object space 68608K, 7% used [0x0000000080000000,0x00000000804f6ab0,0x0000000084300000)
 Metaspace       used 20813K, committed 21504K, reserved 1114112K
  class space    used 2073K, committed 2368K, reserved 1048576K
}
Event: 31.209 GC heap after
{Heap after GC invocations=7 (full 1):
 PSYoungGen      total 30208K, used 0K [0x00000000d5580000, 0x00000000d7800000, 0x0000000100000000)
  eden space 25088K, 0% used [0x00000000d5580000,0x00000000d5580000,0x00000000d6e00000)
  from space 5120K, 0% used [0x00000000d7300000,0x00000000d7300000,0x00000000d7800000)
  to   space 5120K, 0% used [0x00000000d6e00000,0x00000000d6e00000,0x00000000d7300000)
 ParOldGen       total 68608K, used 8983K [0x0000000080000000, 0x0000000084300000, 0x00000000d5580000)
  object space 68608K, 13% used [0x0000000080000000,0x00000000808c5fa0,0x0000000084300000)
 Metaspace       used 20800K, committed 21504K, reserved 1114112K
  class space    used 2069K, committed 2368K, reserved 1048576K
}

Dll operation events (10 events):
Event: 0.276 Loaded shared library c:\Users\DELL\.antigravity\extensions\redhat.java-1.54.0-win32-x64\jre\21.0.10-win32-x86_64\bin\java.dll
Event: 0.745 Loaded shared library c:\Users\DELL\.antigravity\extensions\redhat.java-1.54.0-win32-x64\jre\21.0.10-win32-x86_64\bin\zip.dll
Event: 0.775 Loaded shared library C:\Users\DELL\.antigravity\extensions\redhat.java-1.54.0-win32-x64\jre\21.0.10-win32-x86_64\bin\instrument.dll
Event: 0.783 Loaded shared library C:\Users\DELL\.antigravity\extensions\redhat.java-1.54.0-win32-x64\jre\21.0.10-win32-x86_64\bin\net.dll
Event: 0.787 Loaded shared library C:\Users\DELL\.antigravity\extensions\redhat.java-1.54.0-win32-x64\jre\21.0.10-win32-x86_64\bin\nio.dll
Event: 0.792 Loaded shared library C:\Users\DELL\.antigravity\extensions\redhat.java-1.54.0-win32-x64\jre\21.0.10-win32-x86_64\bin\zip.dll
Event: 0.820 Loaded shared library C:\Users\DELL\.antigravity\extensions\redhat.java-1.54.0-win32-x64\jre\21.0.10-win32-x86_64\bin\jimage.dll
Event: 0.932 Loaded shared library c:\Users\DELL\.antigravity\extensions\redhat.java-1.54.0-win32-x64\jre\21.0.10-win32-x86_64\bin\verify.dll
Event: 26.619 Loaded shared library C:\Users\DELL\AppData\Roaming\Antigravity\User\globalStorage\redhat.java\1.54.0\config_ss_win\org.eclipse.equinox.launcher\org.eclipse.equinox.launcher.win32.win32.x86_64_1.3.0.v20260203-2149\eclipse_11919.dll
Event: 29.804 Loaded shared library C:\Users\DELL\AppData\Local\Temp\jna-2094529\jna390686164735658730.dll

Deoptimization events (20 events):
Event: 31.074 Thread 0x000002170a1bf640 Uncommon trap: trap_request=0xffffff45 fr.pc=0x00000216b6d346a4 relative=0x0000000000000184
Event: 31.074 Thread 0x000002170a1bf640 Uncommon trap: reason=unstable_if action=reinterpret pc=0x00000216b6d346a4 method=org.lombokweb.asm.ByteVector.putByteArray([BII)Lorg/lombokweb/asm/ByteVector; @ 20 c2
Event: 31.074 Thread 0x000002170a1bf640 DEOPT PACKING pc=0x00000216b6d346a4 sp=0x000000db2e9eed90
Event: 31.075 Thread 0x000002170a1bf640 DEOPT UNPACKING pc=0x00000216b66b6da2 sp=0x000000db2e9eed60 mode 2
Event: 31.076 Thread 0x000002170a1bf640 Uncommon trap: trap_request=0xffffff45 fr.pc=0x00000216b6d313a4 relative=0x0000000000000364
Event: 31.076 Thread 0x000002170a1bf640 Uncommon trap: reason=unstable_if action=reinterpret pc=0x00000216b6d313a4 method=org.lombokweb.asm.Label.resolve([BLorg/lombokweb/asm/ByteVector;I)Z @ 81 c2
Event: 31.076 Thread 0x000002170a1bf640 DEOPT PACKING pc=0x00000216b6d313a4 sp=0x000000db2e9eee20
Event: 31.076 Thread 0x000002170a1bf640 DEOPT UNPACKING pc=0x00000216b66b6da2 sp=0x000000db2e9eed28 mode 2
Event: 31.221 Thread 0x00000216c298d3e0 Uncommon trap: trap_request=0xffffff45 fr.pc=0x00000216b6d14964 relative=0x0000000000000044
Event: 31.221 Thread 0x00000216c298d3e0 Uncommon trap: reason=unstable_if action=reinterpret pc=0x00000216b6d14964 method=java.util.concurrent.locks.AbstractQueuedSynchronizer.signalNext(Ljava/util/concurrent/locks/AbstractQueuedSynchronizer$Node;)V @ 10 c2
Event: 31.221 Thread 0x00000216c298d3e0 DEOPT PACKING pc=0x00000216b6d14964 sp=0x000000db2d8feef0
Event: 31.221 Thread 0x00000216c298d3e0 DEOPT UNPACKING pc=0x00000216b66b6da2 sp=0x000000db2d8fee70 mode 2
Event: 31.564 Thread 0x000002170a1bf640 Uncommon trap: trap_request=0xffffffde fr.pc=0x00000216b6d155f8 relative=0x00000000000003b8
Event: 31.564 Thread 0x000002170a1bf640 Uncommon trap: reason=class_check action=maybe_recompile pc=0x00000216b6d155f8 method=java.lang.String.<init>(Ljava/lang/AbstractStringBuilder;Ljava/lang/Void;)V @ 10 c2
Event: 31.564 Thread 0x000002170a1bf640 DEOPT PACKING pc=0x00000216b6d155f8 sp=0x000000db2e9f96a0
Event: 31.564 Thread 0x000002170a1bf640 DEOPT UNPACKING pc=0x00000216b66b6da2 sp=0x000000db2e9f9670 mode 2
Event: 31.564 Thread 0x000002170a1bf640 Uncommon trap: trap_request=0xffffffde fr.pc=0x00000216b6d155f8 relative=0x00000000000003b8
Event: 31.564 Thread 0x000002170a1bf640 Uncommon trap: reason=class_check action=maybe_recompile pc=0x00000216b6d155f8 method=java.lang.String.<init>(Ljava/lang/AbstractStringBuilder;Ljava/lang/Void;)V @ 10 c2
Event: 31.564 Thread 0x000002170a1bf640 DEOPT PACKING pc=0x00000216b6d155f8 sp=0x000000db2e9f9840
Event: 31.564 Thread 0x000002170a1bf640 DEOPT UNPACKING pc=0x00000216b66b6da2 sp=0x000000db2e9f9810 mode 2

Classes loaded (20 events):
Event: 30.198 Loading class java/util/zip/GZIPInputStream
Event: 30.198 Loading class java/util/zip/GZIPInputStream done
Event: 30.208 Loading class java/net/SocketTimeoutException
Event: 30.209 Loading class java/io/InterruptedIOException
Event: 30.209 Loading class java/io/InterruptedIOException done
Event: 30.209 Loading class java/net/SocketTimeoutException done
Event: 30.209 Loading class java/net/SocketException
Event: 30.209 Loading class java/net/SocketException done
Event: 30.209 Loading class java/net/UnknownHostException
Event: 30.209 Loading class java/net/UnknownHostException done
Event: 30.209 Loading class java/net/ProtocolException
Event: 30.209 Loading class java/net/ProtocolException done
Event: 30.253 Loading class java/lang/ThreadLocal$SuppliedThreadLocal
Event: 30.253 Loading class java/lang/ThreadLocal$SuppliedThreadLocal done
Event: 30.286 Loading class java/io/FileWriter
Event: 30.287 Loading class java/io/FileWriter done
Event: 30.486 Loading class java/lang/NegativeArraySizeException
Event: 30.486 Loading class java/lang/NegativeArraySizeException done
Event: 31.615 Loading class org/w3c/dom/DOMException
Event: 31.616 Loading class org/w3c/dom/DOMException done

Classes unloaded (7 events):
Event: 31.170 Thread 0x00000216c2972040 Unloading class 0x00000216c418cc00 'java/lang/invoke/LambdaForm$MH+0x00000216c418cc00'
Event: 31.170 Thread 0x00000216c2972040 Unloading class 0x00000216c418c800 'java/lang/invoke/LambdaForm$MH+0x00000216c418c800'
Event: 31.170 Thread 0x00000216c2972040 Unloading class 0x00000216c418c400 'java/lang/invoke/LambdaForm$MH+0x00000216c418c400'
Event: 31.170 Thread 0x00000216c2972040 Unloading class 0x00000216c418c000 'java/lang/invoke/LambdaForm$MH+0x00000216c418c000'
Event: 31.170 Thread 0x00000216c2972040 Unloading class 0x00000216c418bc00 'java/lang/invoke/LambdaForm$BMH+0x00000216c418bc00'
Event: 31.170 Thread 0x00000216c2972040 Unloading class 0x00000216c418b800 'java/lang/invoke/LambdaForm$DMH+0x00000216c418b800'
Event: 31.170 Thread 0x00000216c2972040 Unloading class 0x00000216c418a400 'java/lang/invoke/LambdaForm$DMH+0x00000216c418a400'

Classes redefined (0 events):
No events

Internal exceptions (20 events):
Event: 29.896 Thread 0x000002170a1bf640 Exception <a 'java/lang/NoSuchMethodError'{0x00000000d6495668}: 'void java.lang.invoke.Invokers$Holder.invokeExact_MT(java.lang.Object, java.lang.Object, int, java.lang.Object)'> (0x00000000d6495668) 
thrown [s\src\hotspot\share\interpreter\linkResolver.cpp, line 773]
Event: 29.938 Thread 0x000002170a1bf640 Exception <a 'java/lang/NoSuchMethodError'{0x00000000d65825c0}: 'java.lang.Object java.lang.invoke.DirectMethodHandle$Holder.invokeSpecial(java.lang.Object, java.lang.Object, java.lang.Object, long, java.lang.Object)'> (0x00000000d65825c0) 
thrown [s\src\hotspot\share\interpreter\linkResolver.cpp, line 773]
Event: 29.939 Thread 0x000002170a1bf640 Exception <a 'java/lang/NoSuchMethodError'{0x00000000d6589e08}: 'java.lang.Object java.lang.invoke.DirectMethodHandle$Holder.newInvokeSpecial(java.lang.Object, java.lang.Object, java.lang.Object, long)'> (0x00000000d6589e08) 
thrown [s\src\hotspot\share\interpreter\linkResolver.cpp, line 773]
Event: 29.940 Thread 0x000002170a1bf640 Exception <a 'java/lang/NoSuchMethodError'{0x00000000d658e1b8}: 'java.lang.Object java.lang.invoke.DirectMethodHandle$Holder.invokeSpecial(java.lang.Object, java.lang.Object, java.lang.Object, java.lang.Object, long)'> (0x00000000d658e1b8) 
thrown [s\src\hotspot\share\interpreter\linkResolver.cpp, line 773]
Event: 29.940 Thread 0x000002170a1bf640 Exception <a 'java/lang/NoSuchMethodError'{0x00000000d6591dd8}: 'java.lang.Object java.lang.invoke.Invokers$Holder.linkToTargetMethod(java.lang.Object, java.lang.Object, long, java.lang.Object)'> (0x00000000d6591dd8) 
thrown [s\src\hotspot\share\interpreter\linkResolver.cpp, line 773]
Event: 29.962 Thread 0x000002170a1bf640 Exception <a 'java/lang/NoSuchMethodError'{0x00000000d65eae50}: 'int java.lang.invoke.DirectMethodHandle$Holder.invokeStaticInit(java.lang.Object, java.lang.Object, java.lang.Object)'> (0x00000000d65eae50) 
thrown [s\src\hotspot\share\interpreter\linkResolver.cpp, line 773]
Event: 29.988 Thread 0x000002170a1bf640 Exception <a 'java/lang/IncompatibleClassChangeError'{0x00000000d6693e28}: Found class java.lang.Object, but interface was expected> (0x00000000d6693e28) 
thrown [s\src\hotspot\share\interpreter\linkResolver.cpp, line 840]
Event: 30.000 Thread 0x000002170a1bf640 Exception <a 'java/lang/NoSuchMethodError'{0x00000000d66aa0b0}: 'java.lang.Object java.lang.invoke.DirectMethodHandle$Holder.invokeSpecial(java.lang.Object, java.lang.Object, java.lang.Object, int, java.lang.Object, java.lang.Object)'> (0x00000000d66aa0b0) 
thrown [s\src\hotspot\share\interpreter\linkResolver.cpp, line 773]
Event: 30.001 Thread 0x000002170a1bf640 Exception <a 'java/lang/NoSuchMethodError'{0x00000000d66b1b88}: 'java.lang.Object java.lang.invoke.DirectMethodHandle$Holder.newInvokeSpecial(java.lang.Object, java.lang.Object, java.lang.Object, int, java.lang.Object)'> (0x00000000d66b1b88) 
thrown [s\src\hotspot\share\interpreter\linkResolver.cpp, line 773]
Event: 30.002 Thread 0x000002170a1bf640 Exception <a 'java/lang/NoSuchMethodError'{0x00000000d66b5b08}: 'java.lang.Object java.lang.invoke.DirectMethodHandle$Holder.invokeSpecial(java.lang.Object, java.lang.Object, java.lang.Object, java.lang.Object, int, java.lang.Object)'> (0x00000000d66b5b08) 
thrown [s\src\hotspot\share\interpreter\linkResolver.cpp, line 773]
Event: 30.003 Thread 0x000002170a1bf640 Exception <a 'java/lang/NoSuchMethodError'{0x00000000d66b9648}: 'java.lang.Object java.lang.invoke.Invokers$Holder.linkToTargetMethod(java.lang.Object, java.lang.Object, int, java.lang.Object, java.lang.Object)'> (0x00000000d66b9648) 
thrown [s\src\hotspot\share\interpreter\linkResolver.cpp, line 773]
Event: 30.005 Thread 0x0000021705eec540 Exception <a 'java/lang/NoSuchMethodError'{0x00000000d661a580}: 'java.lang.Object java.lang.invoke.DirectMethodHandle$Holder.invokeSpecial(java.lang.Object, java.lang.Object, int, java.lang.Object, java.lang.Object)'> (0x00000000d661a580) 
thrown [s\src\hotspot\share\interpreter\linkResolver.cpp, line 773]
Event: 30.006 Thread 0x0000021705eec540 Exception <a 'java/lang/NoSuchMethodError'{0x00000000d66212b8}: 'java.lang.Object java.lang.invoke.DirectMethodHandle$Holder.newInvokeSpecial(java.lang.Object, java.lang.Object, int, java.lang.Object)'> (0x00000000d66212b8) 
thrown [s\src\hotspot\share\interpreter\linkResolver.cpp, line 773]
Event: 30.007 Thread 0x0000021705eec540 Exception <a 'java/lang/NoSuchMethodError'{0x00000000d6624b98}: 'java.lang.Object java.lang.invoke.DirectMethodHandle$Holder.invokeSpecial(java.lang.Object, java.lang.Object, java.lang.Object, int, java.lang.Object)'> (0x00000000d6624b98) 
thrown [s\src\hotspot\share\interpreter\linkResolver.cpp, line 773]
Event: 30.044 Thread 0x000002170a1bf640 Exception <a 'java/lang/NoSuchMethodError'{0x00000000d67d7cb0}: 'void java.lang.invoke.DirectMethodHandle$Holder.invokeSpecial(java.lang.Object, java.lang.Object, java.lang.Object, java.lang.Object, java.lang.Object)'> (0x00000000d67d7cb0) 
thrown [s\src\hotspot\share\interpreter\linkResolver.cpp, line 773]
Event: 30.130 Thread 0x000002170a1bf640 Exception <a 'java/lang/NoSuchMethodError'{0x00000000d6aa8820}: 'double java.lang.invoke.DirectMethodHandle$Holder.invokeStatic(java.lang.Object, java.lang.Object)'> (0x00000000d6aa8820) 
thrown [s\src\hotspot\share\interpreter\linkResolver.cpp, line 773]
Event: 30.131 Thread 0x000002170a1bf640 Exception <a 'java/lang/NoSuchMethodError'{0x00000000d6aabee0}: 'double java.lang.invoke.DirectMethodHandle$Holder.invokeStaticInit(java.lang.Object, java.lang.Object)'> (0x00000000d6aabee0) 
thrown [s\src\hotspot\share\interpreter\linkResolver.cpp, line 773]
Event: 31.074 Thread 0x000002170a1bf640 Implicit null exception at 0x00000216b6d34575 to 0x00000216b6d34688
Event: 31.565 Thread 0x000002170a1bf640 Exception <a 'java/io/FileNotFoundException'{0x00000000d63e2018}> (0x00000000d63e2018) 
thrown [s\src\hotspot\share\prims\jni.cpp, line 520]
Event: 31.585 Thread 0x000002170a1bf640 Exception <a 'java/io/FileNotFoundException'{0x00000000d63e3030}> (0x00000000d63e3030) 
thrown [s\src\hotspot\share\prims\jni.cpp, line 520]

ZGC Phase Switch (0 events):
No events

VM Operations (20 events):
Event: 27.984 Executing safepoint VM operation: Cleanup
Event: 27.984 Executing safepoint VM operation: Cleanup done
Event: 28.489 Executing safepoint VM operation: ParallelGCFailedAllocation (Allocation Failure)
Event: 28.497 Executing safepoint VM operation: ParallelGCFailedAllocation (Allocation Failure) done
Event: 28.647 Executing non-safepoint VM operation: HandshakeAllThreads (Deoptimize)
Event: 28.647 Executing non-safepoint VM operation: HandshakeAllThreads (Deoptimize) done
Event: 28.667 Executing non-safepoint VM operation: HandshakeAllThreads (Deoptimize)
Event: 28.667 Executing non-safepoint VM operation: HandshakeAllThreads (Deoptimize) done
Event: 28.739 Executing non-safepoint VM operation: HandshakeAllThreads (Deoptimize)
Event: 28.739 Executing non-safepoint VM operation: HandshakeAllThreads (Deoptimize) done
Event: 29.745 Executing safepoint VM operation: Cleanup
Event: 29.745 Executing safepoint VM operation: Cleanup done
Event: 29.822 Executing non-safepoint VM operation: HandshakeAllThreads (Deoptimize)
Event: 29.822 Executing non-safepoint VM operation: HandshakeAllThreads (Deoptimize) done
Event: 30.253 Executing safepoint VM operation: ParallelGCFailedAllocation (Allocation Failure)
Event: 30.261 Executing safepoint VM operation: ParallelGCFailedAllocation (Allocation Failure) done
Event: 31.053 Executing safepoint VM operation: ParallelGCFailedAllocation (Allocation Failure)
Event: 31.062 Executing safepoint VM operation: ParallelGCFailedAllocation (Allocation Failure) done
Event: 31.154 Executing safepoint VM operation: CollectForMetadataAllocation (Metadata GC Threshold)
Event: 31.209 Executing safepoint VM operation: CollectForMetadataAllocation (Metadata GC Threshold) done

Memory protections (0 events):
No events

Nmethod flushes (0 events):
No events

Events (20 events):
Event: 3.754 Thread 0x00000216abf19540 Thread added: 0x0000021705df46b0
Event: 4.185 Thread 0x0000021705e29460 Thread exited: 0x0000021705e29460
Event: 4.185 Thread 0x0000021705de54c0 Thread exited: 0x0000021705de54c0
Event: 26.595 Thread 0x00000216abf19540 Thread added: 0x000002170a1cf270
Event: 26.606 Thread 0x00000216abf19540 Thread added: 0x000002170a1bf640
Event: 27.030 Thread 0x000002170a1bf640 Thread added: 0x0000021705bd0f50
Event: 27.414 Thread 0x00000216c29ddf60 Thread added: 0x00000217057cf0c0
Event: 27.414 Thread 0x00000216c29ddf60 Thread added: 0x00000217057cf770
Event: 27.662 Thread 0x00000217057cf770 Thread exited: 0x00000217057cf770
Event: 27.949 Thread 0x00000217057cf0c0 Thread exited: 0x00000217057cf0c0
Event: 28.106 Thread 0x000002170a1bf640 Thread added: 0x00000217057cf0c0
Event: 28.805 Thread 0x00000216c29ddf60 Thread added: 0x000002170570ba20
Event: 28.932 Thread 0x000002170570ba20 Thread exited: 0x000002170570ba20
Event: 29.868 Thread 0x000002170a1bf640 Thread added: 0x0000021705eedf80
Event: 29.948 Thread 0x000002170a1bf640 Thread added: 0x0000021705eec540
Event: 30.013 Thread 0x000002170a1bf640 Thread added: 0x0000021705eecbd0
Event: 30.172 Thread 0x00000216c29ddf60 Thread added: 0x000002170a4cc390
Event: 30.693 Thread 0x000002170a4cc390 Thread exited: 0x000002170a4cc390
Event: 31.676 Thread 0x00000216c29ddf60 Thread added: 0x0000021705d7d160
Event: 31.678 Thread 0x00000216c29ddf60 Thread added: 0x0000021705dabe70


Dynamic libraries:
0x00007ff69dc50000 - 0x00007ff69dc5e000 	c:\Users\DELL\.antigravity\extensions\redhat.java-1.54.0-win32-x64\jre\21.0.10-win32-x86_64\bin\java.exe
0x00007ffdef2e0000 - 0x00007ffdef4e9000 	C:\Windows\SYSTEM32\ntdll.dll
0x00007ffdedcc0000 - 0x00007ffdedd7d000 	C:\Windows\System32\KERNEL32.DLL
0x00007ffdec7e0000 - 0x00007ffdecb64000 	C:\Windows\System32\KERNELBASE.dll
0x00007ffdecbf0000 - 0x00007ffdecd01000 	C:\Windows\System32\ucrtbase.dll
0x00007ffde8060000 - 0x00007ffde8078000 	c:\Users\DELL\.antigravity\extensions\redhat.java-1.54.0-win32-x64\jre\21.0.10-win32-x86_64\bin\jli.dll
0x00007ffdeeab0000 - 0x00007ffdeec5d000 	C:\Windows\System32\USER32.dll
0x00007ffdecdb0000 - 0x00007ffdecdd6000 	C:\Windows\System32\win32u.dll
0x00007ffded1b0000 - 0x00007ffded1da000 	C:\Windows\System32\GDI32.dll
0x00007ffdecde0000 - 0x00007ffdecefe000 	C:\Windows\System32\gdi32full.dll
0x00007ffdecd10000 - 0x00007ffdecdad000 	C:\Windows\System32\msvcp_win.dll
0x00007ffde3a60000 - 0x00007ffde3a7e000 	c:\Users\DELL\.antigravity\extensions\redhat.java-1.54.0-win32-x64\jre\21.0.10-win32-x86_64\bin\VCRUNTIME140.dll
0x00007ffdcc3e0000 - 0x00007ffdcc685000 	C:\Windows\WinSxS\amd64_microsoft.windows.common-controls_6595b64144ccf1df_6.0.22000.120_none_9d947278b86cc467\COMCTL32.dll
0x00007ffdeed90000 - 0x00007ffdeee33000 	C:\Windows\System32\msvcrt.dll
0x00007ffdeea70000 - 0x00007ffdeeaa1000 	C:\Windows\System32\IMM32.DLL
0x00007ffde6150000 - 0x00007ffde615c000 	c:\Users\DELL\.antigravity\extensions\redhat.java-1.54.0-win32-x64\jre\21.0.10-win32-x86_64\bin\vcruntime140_1.dll
0x00007ffdd1800000 - 0x00007ffdd188d000 	c:\Users\DELL\.antigravity\extensions\redhat.java-1.54.0-win32-x64\jre\21.0.10-win32-x86_64\bin\msvcp140.dll
0x00007ffd7be00000 - 0x00007ffd7cba1000 	c:\Users\DELL\.antigravity\extensions\redhat.java-1.54.0-win32-x64\jre\21.0.10-win32-x86_64\bin\server\jvm.dll
0x00007ffdeee40000 - 0x00007ffdeeeee000 	C:\Windows\System32\ADVAPI32.dll
0x00007ffdedc10000 - 0x00007ffdedcae000 	C:\Windows\System32\sechost.dll
0x00007ffdedae0000 - 0x00007ffdedc01000 	C:\Windows\System32\RPCRT4.dll
0x00007ffded130000 - 0x00007ffded19f000 	C:\Windows\System32\WS2_32.dll
0x00007ffdeb060000 - 0x00007ffdeb0ad000 	C:\Windows\SYSTEM32\POWRPROF.dll
0x00007ffdea420000 - 0x00007ffdea453000 	C:\Windows\SYSTEM32\WINMM.dll
0x00007ffde68d0000 - 0x00007ffde68da000 	C:\Windows\SYSTEM32\VERSION.dll
0x00007ffdeb190000 - 0x00007ffdeb1a3000 	C:\Windows\SYSTEM32\UMPDC.dll
0x00007ffdeb8d0000 - 0x00007ffdeb8e8000 	C:\Windows\SYSTEM32\kernel.appcore.dll
0x00007ffde5f30000 - 0x00007ffde5f3a000 	c:\Users\DELL\.antigravity\extensions\redhat.java-1.54.0-win32-x64\jre\21.0.10-win32-x86_64\bin\jimage.dll
0x00007ffdea160000 - 0x00007ffdea381000 	C:\Windows\SYSTEM32\DBGHELP.DLL
0x00007ffdea3e0000 - 0x00007ffdea411000 	C:\Windows\SYSTEM32\dbgcore.DLL
0x00007ffdecb70000 - 0x00007ffdecbef000 	C:\Windows\System32\bcryptPrimitives.dll
0x00007ffde39b0000 - 0x00007ffde39bf000 	c:\Users\DELL\.antigravity\extensions\redhat.java-1.54.0-win32-x64\jre\21.0.10-win32-x86_64\bin\instrument.dll
0x00007ffdd9900000 - 0x00007ffdd9920000 	c:\Users\DELL\.antigravity\extensions\redhat.java-1.54.0-win32-x64\jre\21.0.10-win32-x86_64\bin\java.dll
0x00007ffdedd80000 - 0x00007ffdee545000 	C:\Windows\System32\SHELL32.dll
0x00007ffdea7e0000 - 0x00007ffdeb042000 	C:\Windows\SYSTEM32\windows.storage.dll
0x00007ffded2e0000 - 0x00007ffded656000 	C:\Windows\System32\combase.dll
0x00007ffdea670000 - 0x00007ffdea7d7000 	C:\Windows\SYSTEM32\wintypes.dll
0x00007ffdee660000 - 0x00007ffdee74a000 	C:\Windows\System32\SHCORE.dll
0x00007ffdef240000 - 0x00007ffdef29d000 	C:\Windows\System32\shlwapi.dll
0x00007ffdec6a0000 - 0x00007ffdec6c5000 	C:\Windows\SYSTEM32\profapi.dll
0x00007ffdd46c0000 - 0x00007ffdd46d8000 	c:\Users\DELL\.antigravity\extensions\redhat.java-1.54.0-win32-x64\jre\21.0.10-win32-x86_64\bin\zip.dll
0x00007ffde28a0000 - 0x00007ffde28b0000 	C:\Users\DELL\.antigravity\extensions\redhat.java-1.54.0-win32-x64\jre\21.0.10-win32-x86_64\bin\net.dll
0x00007ffde7460000 - 0x00007ffde7574000 	C:\Windows\SYSTEM32\WINHTTP.dll
0x00007ffdebd80000 - 0x00007ffdebde7000 	C:\Windows\system32\mswsock.dll
0x00007ffdd1a60000 - 0x00007ffdd1a76000 	C:\Users\DELL\.antigravity\extensions\redhat.java-1.54.0-win32-x64\jre\21.0.10-win32-x86_64\bin\nio.dll
0x00007ffdd8f30000 - 0x00007ffdd8f40000 	c:\Users\DELL\.antigravity\extensions\redhat.java-1.54.0-win32-x64\jre\21.0.10-win32-x86_64\bin\verify.dll
0x00007ffdd13a0000 - 0x00007ffdd13e5000 	C:\Users\DELL\AppData\Roaming\Antigravity\User\globalStorage\redhat.java\1.54.0\config_ss_win\org.eclipse.equinox.launcher\org.eclipse.equinox.launcher.win32.win32.x86_64_1.3.0.v20260203-2149\eclipse_11919.dll
0x00007ffdee8d0000 - 0x00007ffdeea6a000 	C:\Windows\System32\ole32.dll
0x00007ffdebfc0000 - 0x00007ffdebfd8000 	C:\Windows\SYSTEM32\CRYPTSP.dll
0x00007ffdeb830000 - 0x00007ffdeb865000 	C:\Windows\system32\rsaenh.dll
0x00007ffdebe70000 - 0x00007ffdebe9c000 	C:\Windows\SYSTEM32\USERENV.dll
0x00007ffdec140000 - 0x00007ffdec167000 	C:\Windows\SYSTEM32\bcrypt.dll
0x00007ffdebfe0000 - 0x00007ffdebfec000 	C:\Windows\SYSTEM32\CRYPTBASE.dll
0x00007ffdeb300000 - 0x00007ffdeb32d000 	C:\Windows\SYSTEM32\IPHLPAPI.DLL
0x00007ffdedcb0000 - 0x00007ffdedcb9000 	C:\Windows\System32\NSI.dll
0x00007ffdc6d40000 - 0x00007ffdc6d89000 	C:\Users\DELL\AppData\Local\Temp\jna-2094529\jna390686164735658730.dll
0x00007ffdeed80000 - 0x00007ffdeed88000 	C:\Windows\System32\PSAPI.DLL

JVMTI agents:
c:\Users\DELL\.antigravity\extensions\redhat.java-1.54.0-win32-x64\lombok\lombok-1.18.39-4050.jar path:c:\Users\DELL\.antigravity\extensions\redhat.java-1.54.0-win32-x64\jre\21.0.10-win32-x86_64\bin\instrument.dll, loaded, initialized, instrumentlib options:none

dbghelp: loaded successfully - version: 4.0.5 - missing functions: none
symbol engine: initialized successfully - sym options: 0x614 - pdb path: .;c:\Users\DELL\.antigravity\extensions\redhat.java-1.54.0-win32-x64\jre\21.0.10-win32-x86_64\bin;C:\Windows\SYSTEM32;C:\Windows\WinSxS\amd64_microsoft.windows.common-controls_6595b64144ccf1df_6.0.22000.120_none_9d947278b86cc467;c:\Users\DELL\.antigravity\extensions\redhat.java-1.54.0-win32-x64\jre\21.0.10-win32-x86_64\bin\server;C:\Users\DELL\AppData\Roaming\Antigravity\User\globalStorage\redhat.java\1.54.0\config_ss_win\org.eclipse.equinox.launcher\org.eclipse.equinox.launcher.win32.win32.x86_64_1.3.0.v20260203-2149;C:\Users\DELL\AppData\Local\Temp\jna-2094529

VM Arguments:
jvm_args: --add-modules=ALL-SYSTEM --add-opens=java.base/java.util=ALL-UNNAMED --add-opens=java.base/java.lang=ALL-UNNAMED --add-opens=java.base/sun.nio.fs=ALL-UNNAMED -Declipse.application=org.eclipse.jdt.ls.core.id1 -Dosgi.bundles.defaultStartLevel=4 -Declipse.product=org.eclipse.jdt.ls.core.product -Djava.import.generatesMetadataFilesAtProjectRoot=false -DDetectVMInstallationsJob.disabled=true -Dfile.encoding=utf8 -XX:+UseParallelGC -XX:GCTimeRatio=4 -XX:AdaptiveSizePolicyWeight=90 -Dsun.zip.disableMemoryMapping=true -Xmx2G -Xms100m -Xlog:disable -javaagent:c:\Users\DELL\.antigravity\extensions\redhat.java-1.54.0-win32-x64\lombok\lombok-1.18.39-4050.jar 
java_command: c:\Users\DELL\.antigravity\extensions\redhat.java-1.54.0-win32-x64\server\plugins\org.eclipse.equinox.launcher_1.7.100.v20251111-0406.jar -configuration c:\Users\DELL\AppData\Roaming\Antigravity\User\globalStorage\redhat.java\1.54.0\config_ss_win -data c:\Users\DELL\AppData\Roaming\Antigravity\User\workspaceStorage\ef3b6c5f962f6b7ba8e6f6356c8f0770\redhat.java\ss_ws --pipe=\\.\pipe\lsp-79d427700ba2978b64ecf2c3ba5d41d1-sock
java_class_path (initial): c:\Users\DELL\.antigravity\extensions\redhat.java-1.54.0-win32-x64\server\plugins\org.eclipse.equinox.launcher_1.7.100.v20251111-0406.jar
Launcher Type: SUN_STANDARD

[Global flags]
    uintx AdaptiveSizePolicyWeight                 = 90                                        {product} {command line}
     intx CICompilerCount                          = 4                                         {product} {ergonomic}
    uintx GCTimeRatio                              = 4                                         {product} {command line}
   size_t InitialHeapSize                          = 104857600                                 {product} {command line}
   size_t MaxHeapSize                              = 2147483648                                {product} {command line}
   size_t MaxNewSize                               = 715653120                                 {product} {ergonomic}
   size_t MinHeapDeltaBytes                        = 524288                                    {product} {ergonomic}
   size_t MinHeapSize                              = 104857600                                 {product} {command line}
   size_t NewSize                                  = 34603008                                  {product} {ergonomic}
    uintx NonNMethodCodeHeapSize                   = 5839372                                {pd product} {ergonomic}
    uintx NonProfiledCodeHeapSize                  = 122909434                              {pd product} {ergonomic}
   size_t OldSize                                  = 70254592                                  {product} {ergonomic}
    uintx ProfiledCodeHeapSize                     = 122909434                              {pd product} {ergonomic}
    uintx ReservedCodeCacheSize                    = 251658240                              {pd product} {ergonomic}
     bool SegmentedCodeCache                       = true                                      {product} {ergonomic}
   size_t SoftMaxHeapSize                          = 2147483648                             {manageable} {ergonomic}
     bool UseCompressedOops                        = true                           {product lp64_product} {ergonomic}
     bool UseLargePagesIndividualAllocation        = false                                  {pd product} {ergonomic}
     bool UseParallelGC                            = true                                      {product} {command line}

Logging:
Log output configuration:
 #0: stdout all=off uptime,level,tags foldmultilines=false
 #1: stderr all=off uptime,level,tags foldmultilines=false

Release file:
JAVA_VERSION="21.0.10" 
MODULES="java.base java.compiler java.datatransfer java.xml java.prefs java.desktop java.instrument java.logging java.management java.security.sasl java.naming java.rmi java.management.rmi java.net.http java.scripting java.security.jgss java.transaction.xa java.sql java.sql.rowset java.xml.crypto java.se java.smartcardio jdk.accessibility jdk.internal.jvmstat jdk.attach jdk.charsets jdk.internal.opt jdk.zipfs jdk.compiler jdk.crypto.ec jdk.crypto.cryptoki jdk.crypto.mscapi jdk.dynalink jdk.internal.ed jdk.editpad jdk.hotspot.agent jdk.httpserver jdk.internal.le jdk.internal.vm.ci jdk.internal.vm.compiler jdk.internal.vm.compiler.management jdk.jartool jdk.javadoc jdk.jcmd jdk.management jdk.management.agent jdk.jconsole jdk.jdeps jdk.jdwp.agent jdk.jdi jdk.jfr jdk.jshell jdk.jsobject jdk.jstatd jdk.localedata jdk.management.jfr jdk.naming.dns jdk.naming.rmi jdk.net jdk.nio.mapmode jdk.random jdk.sctp jdk.security.auth jdk.security.jgss jdk.unsupported jdk.unsupported.desktop jdk.xml.dom" 

Environment Variables:
PATH=C:\Program Files\Common Files\Oracle\Java\javapath;C:\Windows\system32;C:\Windows;C:\Windows\System32\Wbem;C:\Windows\System32\WindowsPowerShell\v1.0\;C:\Windows\System32\OpenSSH\;C:\Program Files\NVIDIA Corporation\NVIDIA NvDLISR;C:\Program Files\dotnet\;C:\Program Files\MySQL\MySQL Server 8.0\bin;C:\Program Files (x86)\Microsoft SQL Server\170\Tools\Binn\;C:\Program Files\Microsoft SQL Server\170\Tools\Binn\;C:\Program Files\Microsoft SQL Server\Client SDK\ODBC\180\Tools\Binn\;C:\Program Files\Microsoft SQL Server\170\DTS\Binn\;D:\Dont Delete This File\Git\cmd;D:\node.js\;C:\Program Files\MySQL\MySQL Shell 8.0\bin\;C:\Users\DELL\AppData\Local\Microsoft\WindowsApps;;C:\Users\DELL\AppData\Local\Programs\Microsoft VS Code\bin;C:\Program Files\Azure Data Studio\bin;C:\Users\DELL\AppData\Roaming\npm;E:\anti_projects\Antigravity\bin
USERNAME=DELL
OS=Windows_NT
PROCESSOR_IDENTIFIER=Intel64 Family 6 Model 140 Stepping 2, GenuineIntel
TMP=C:\Users\DELL\AppData\Local\Temp
TEMP=C:\Users\DELL\AppData\Local\Temp




Periodic native trim disabled

---------------  S Y S T E M  ---------------

OS:
 Windows 11 , 64 bit Build 22000 (10.0.22000.2538)
OS uptime: 35 days 10:49 hours
Hyper-V role detected

CPU: total 8 (initial active 8) (4 cores per cpu, 2 threads per core) family 6 model 140 stepping 2 microcode 0x16, cx8, cmov, fxsr, ht, mmx, 3dnowpref, sse, sse2, sse3, ssse3, sse4.1, sse4.2, popcnt, lzcnt, tsc, tscinvbit, avx, avx2, aes, erms, clmul, bmi1, bmi2, adx, avx512f, avx512dq, avx512cd, avx512bw, avx512vl, sha, fma, vzeroupper, avx512_vpopcntdq, avx512_vpclmulqdq, avx512_vaes, avx512_vnni, clflush, clflushopt, clwb, avx512_vbmi2, avx512_vbmi, hv, rdtscp, rdpid, fsrm, gfni, avx512_bitalg, f16c, cet_ibt, cet_ss, avx512_ifma
Processor Information for the first 8 processors :
  Max Mhz: 2496, Current Mhz: 1198, Mhz Limit: 2496

Memory: 4k page, system-wide physical 16122M (2399M free)
TotalPageFile size 33272M (AvailPageFile size 6M)
current process WorkingSet (physical memory assigned to process): 148M, peak: 148M
current process commit charge ("private bytes"): 285M, peak: 285M

vm_info: OpenJDK 64-Bit Server VM (21.0.10+7-LTS) for windows-amd64 JRE (21.0.10+7-LTS), built on 2026-01-20T00:00:00Z by "admin" with MS VC++ 17.12 (VS2022)

END.
