#
# There is insufficient memory for the Java Runtime Environment to continue.
# Native memory allocation (malloc) failed to allocate 1121312 bytes. Error detail: Chunk::new
# Possible reasons:
#   The system is out of physical RAM or swap space
#   This process is running with CompressedOops enabled, and the Java Heap may be blocking the growth of the native heap
# Possible solutions:
#   Reduce memory load on the system
#   Increase physical memory or swap space
#   Check if swap backing store is full
#   Decrease Java heap size (-Xmx/-Xms)
#   Decrease number of Java threads
#   Decrease Java thread stack sizes (-Xss)
#   Set larger code cache with -XX:ReservedCodeCacheSize=
#   JVM is running with Unscaled Compressed Oops mode in which the Java heap is
#     placed in the first 4GB address space. The Java Heap base address is the
#     maximum limit for the native heap growth. Please use -XX:HeapBaseMinAddress
#     to set the Java Heap base and to place the Java Heap above 4GB virtual address.
# This output file may be truncated or incomplete.
#
#  Out of Memory Error (arena.cpp:168), pid=3408, tid=27976
#
# JRE version: OpenJDK Runtime Environment Temurin-21.0.10+7 (21.0.10+7) (build 21.0.10+7-LTS)
# Java VM: OpenJDK 64-Bit Server VM Temurin-21.0.10+7 (21.0.10+7-LTS, mixed mode, sharing, tiered, compressed oops, compressed class ptrs, parallel gc, windows-amd64)
# No core dump will be written. Minidumps are not enabled by default on client versions of Windows
#

---------------  S U M M A R Y ------------

Command Line: --add-modules=ALL-SYSTEM --add-opens=java.base/java.util=ALL-UNNAMED --add-opens=java.base/java.lang=ALL-UNNAMED --add-opens=java.base/sun.nio.fs=ALL-UNNAMED -Declipse.application=org.eclipse.jdt.ls.core.id1 -Dosgi.bundles.defaultStartLevel=4 -Declipse.product=org.eclipse.jdt.ls.core.product -Djava.import.generatesMetadataFilesAtProjectRoot=false -DDetectVMInstallationsJob.disabled=true -Dfile.encoding=utf8 -XX:+UseParallelGC -XX:GCTimeRatio=4 -XX:AdaptiveSizePolicyWeight=90 -Dsun.zip.disableMemoryMapping=true -Xmx2G -Xms100m -Xlog:disable -javaagent:c:\Users\DELL\.antigravity\extensions\redhat.java-1.54.0-win32-x64\lombok\lombok-1.18.39-4050.jar c:\Users\DELL\.antigravity\extensions\redhat.java-1.54.0-win32-x64\server\plugins\org.eclipse.equinox.launcher_1.7.100.v20251111-0406.jar -configuration c:\Users\DELL\AppData\Roaming\Antigravity\User\globalStorage\redhat.java\1.54.0\config_ss_win -data c:\Users\DELL\AppData\Roaming\Antigravity\User\workspaceStorage\ef3b6c5f962f6b7ba8e6f6356c8f0770\redhat.java\ss_ws --pipe=\\.\pipe\lsp-5597947d2210a1272984d94e7a522c76-sock

Host: 11th Gen Intel(R) Core(TM) i5-11320H @ 3.20GHz, 8 cores, 15G,  Windows 11 , 64 bit Build 22000 (10.0.22000.2538)
Time: Mon May  4 17:38:32 2026 India Standard Time elapsed time: 5.588961 seconds (0d 0h 0m 5s)

---------------  T H R E A D  ---------------

Current thread (0x0000018733459f60):  JavaThread "C2 CompilerThread0" daemon [_thread_in_native, id=27976, stack(0x0000005e7df00000,0x0000005e7e000000) (1024K)]


Current CompileTask:
C2:5589 2555       4       java.lang.invoke.MethodType::makeImpl (109 bytes)

Stack: [0x0000005e7df00000,0x0000005e7e000000]
Native frames: (J=compiled Java code, j=interpreted, Vv=VM code, C=native code)
V  [jvm.dll+0x6d7a39]
V  [jvm.dll+0x8b4b26]
V  [jvm.dll+0x8b70de]
V  [jvm.dll+0x8b77c3]
V  [jvm.dll+0x284346]
V  [jvm.dll+0xc66ed]
V  [jvm.dll+0xc6c31]
V  [jvm.dll+0x3bec3b]
V  [jvm.dll+0x1e3d62]
V  [jvm.dll+0x24c6b3]
V  [jvm.dll+0x24bb40]
V  [jvm.dll+0x1cb34e]
V  [jvm.dll+0x25b85d]
V  [jvm.dll+0x259dea]
V  [jvm.dll+0x3f857e]
V  [jvm.dll+0x85f59d]
V  [jvm.dll+0x6d626d]
C  [ucrtbase.dll+0x26c0c]
C  [KERNEL32.DLL+0x153e0]
C  [ntdll.dll+0x485b]


---------------  P R O C E S S  ---------------

Threads class SMR info:
_java_thread_list=0x000001877ab67070, length=20, elements={
0x000001871c9d8560, 0x000001873344ccb0, 0x00000187334507b0, 0x00000187334544f0,
0x0000018733455210, 0x0000018733456de0, 0x0000018733458850, 0x0000018733459f60,
0x000001877a020040, 0x000001877a11a930, 0x000001877a2eb4d0, 0x000001877a9c4580,
0x000001877ab66650, 0x000001877ab670d0, 0x000001877af086c0, 0x000001877ad51960,
0x000001877affbba0, 0x000001877b025c40, 0x000001877b05c730, 0x000001877afa6a90
}

Java Threads: ( => current thread )
  0x000001871c9d8560 JavaThread "main"                              [_thread_blocked, id=15640, stack(0x0000005e7d500000,0x0000005e7d600000) (1024K)]
  0x000001873344ccb0 JavaThread "Reference Handler"          daemon [_thread_blocked, id=21176, stack(0x0000005e7d900000,0x0000005e7da00000) (1024K)]
  0x00000187334507b0 JavaThread "Finalizer"                  daemon [_thread_blocked, id=13400, stack(0x0000005e7da00000,0x0000005e7db00000) (1024K)]
  0x00000187334544f0 JavaThread "Signal Dispatcher"          daemon [_thread_blocked, id=2752, stack(0x0000005e7db00000,0x0000005e7dc00000) (1024K)]
  0x0000018733455210 JavaThread "Attach Listener"            daemon [_thread_blocked, id=21528, stack(0x0000005e7dc00000,0x0000005e7dd00000) (1024K)]
  0x0000018733456de0 JavaThread "Service Thread"             daemon [_thread_blocked, id=14016, stack(0x0000005e7dd00000,0x0000005e7de00000) (1024K)]
  0x0000018733458850 JavaThread "Monitor Deflation Thread"   daemon [_thread_blocked, id=25548, stack(0x0000005e7de00000,0x0000005e7df00000) (1024K)]
=>0x0000018733459f60 JavaThread "C2 CompilerThread0"         daemon [_thread_in_native, id=27976, stack(0x0000005e7df00000,0x0000005e7e000000) (1024K)]
  0x000001877a020040 JavaThread "C1 CompilerThread0"         daemon [_thread_blocked, id=11440, stack(0x0000005e7e000000,0x0000005e7e100000) (1024K)]
  0x000001877a11a930 JavaThread "Common-Cleaner"             daemon [_thread_blocked, id=12396, stack(0x0000005e7e200000,0x0000005e7e300000) (1024K)]
  0x000001877a2eb4d0 JavaThread "Notification Thread"        daemon [_thread_blocked, id=7956, stack(0x0000005e7e300000,0x0000005e7e400000) (1024K)]
  0x000001877a9c4580 JavaThread "Active Thread: Equinox Container: f7ff8a84-6a25-4d7f-8ba2-32f176f8deca"        [_thread_blocked, id=18984, stack(0x0000005e7eb00000,0x0000005e7ec00000) (1024K)]
  0x000001877ab66650 JavaThread "Framework Event Dispatcher: Equinox Container: f7ff8a84-6a25-4d7f-8ba2-32f176f8deca" daemon [_thread_blocked, id=16708, stack(0x0000005e7e400000,0x0000005e7e500000) (1024K)]
  0x000001877ab670d0 JavaThread "Start Level: Equinox Container: f7ff8a84-6a25-4d7f-8ba2-32f176f8deca" daemon [_thread_in_vm, id=32388, stack(0x0000005e7ec00000,0x0000005e7ed00000) (1024K)]
  0x000001877af086c0 JavaThread "SCR Component Actor"        daemon [_thread_blocked, id=21268, stack(0x0000005e7e100000,0x0000005e7e200000) (1024K)]
  0x000001877ad51960 JavaThread "Worker-JM"                         [_thread_blocked, id=31216, stack(0x0000005e7ee00000,0x0000005e7ef00000) (1024K)]
  0x000001877affbba0 JavaThread "JNA Cleaner"                daemon [_thread_blocked, id=26704, stack(0x0000005e7ef00000,0x0000005e7f000000) (1024K)]
  0x000001877b025c40 JavaThread "Worker-0"                          [_thread_blocked, id=8772, stack(0x0000005e7f000000,0x0000005e7f100000) (1024K)]
  0x000001877b05c730 JavaThread "Worker-1"                          [_thread_blocked, id=4104, stack(0x0000005e7f100000,0x0000005e7f200000) (1024K)]
  0x000001877afa6a90 JavaThread "C2 CompilerThread1"         daemon [_thread_in_native, id=29948, stack(0x0000005e7f200000,0x0000005e7f300000) (1024K)]
Total: 20

Other Threads:
  0x0000018733431820 VMThread "VM Thread"                           [id=29200, stack(0x0000005e7d800000,0x0000005e7d900000) (1024K)]
  0x000001871caa1e30 WatcherThread "VM Periodic Task Thread"        [id=31624, stack(0x0000005e7d700000,0x0000005e7d800000) (1024K)]
  0x000001871c9f9360 WorkerThread "GC Thread#0"                     [id=28636, stack(0x0000005e7d600000,0x0000005e7d700000) (1024K)]
  0x000001877aa52c20 WorkerThread "GC Thread#1"                     [id=11152, stack(0x0000005e7e500000,0x0000005e7e600000) (1024K)]
  0x000001877aa52fd0 WorkerThread "GC Thread#2"                     [id=27940, stack(0x0000005e7e600000,0x0000005e7e700000) (1024K)]
  0x000001877aa53380 WorkerThread "GC Thread#3"                     [id=27496, stack(0x0000005e7e700000,0x0000005e7e800000) (1024K)]
  0x000001877a9fb620 WorkerThread "GC Thread#4"                     [id=30412, stack(0x0000005e7e800000,0x0000005e7e900000) (1024K)]
  0x000001877a9fbde0 WorkerThread "GC Thread#5"                     [id=14608, stack(0x0000005e7e900000,0x0000005e7ea00000) (1024K)]
  0x000001877aa1b490 WorkerThread "GC Thread#6"                     [id=21384, stack(0x0000005e7ea00000,0x0000005e7eb00000) (1024K)]
  0x000001877aba9800 WorkerThread "GC Thread#7"                     [id=3044, stack(0x0000005e7ed00000,0x0000005e7ee00000) (1024K)]
Total: 10

Threads with active compile tasks:
C2 CompilerThread0  5612 2555       4       java.lang.invoke.MethodType::makeImpl (109 bytes)
C2 CompilerThread1  5612 2653       4       java.util.regex.Matcher::search (154 bytes)
Total: 2

VM state: not at safepoint (normal execution)

VM Mutex/Monitor currently owned by a thread: None

Heap address: 0x0000000080000000, size: 2048 MB, Compressed Oops mode: 32-bit

CDS archive(s) mapped at: [0x0000018734000000-0x0000018734ba0000-0x0000018734ba0000), size 12189696, SharedBaseAddress: 0x0000018734000000, ArchiveRelocationMode: 1.
Compressed class space mapped at: 0x0000018735000000-0x0000018775000000, reserved size: 1073741824
Narrow klass base: 0x0000018734000000, Narrow klass shift: 0, Narrow klass range: 0x100000000

GC Precious Log:
 CardTable entry size: 512
 CPUs: 8 total, 8 available
 Memory: 16122M
 Large Page Support: Disabled
 NUMA Support: Disabled
 Compressed Oops: Enabled (32-bit)
 Alignments: Space 512K, Generation 512K, Heap 2M
 Heap Min Capacity: 100M
 Heap Initial Capacity: 100M
 Heap Max Capacity: 2G
 Pre-touch: Disabled
 Parallel Workers: 8

Heap:
 PSYoungGen      total 29696K, used 22504K [0x00000000d5580000, 0x00000000d7680000, 0x0000000100000000)
  eden space 25600K, 72% used [0x00000000d5580000,0x00000000d6780648,0x00000000d6e80000)
  from space 4096K, 99% used [0x00000000d7280000,0x00000000d7679a18,0x00000000d7680000)
  to   space 4096K, 0% used [0x00000000d6e80000,0x00000000d6e80000,0x00000000d7280000)
 ParOldGen       total 68608K, used 4629K [0x0000000080000000, 0x0000000084300000, 0x00000000d5580000)
  object space 68608K, 6% used [0x0000000080000000,0x0000000080485430,0x0000000084300000)
 Metaspace       used 19064K, committed 19712K, reserved 1114112K
  class space    used 1907K, committed 2176K, reserved 1048576K

Card table byte_map: [0x000001871c3c0000,0x000001871c7d0000] _byte_map_base: 0x000001871bfc0000

Marking Bits: (ParMarkBitMap*) 0x00007ffd5c2a3450
 Begin Bits: [0x000001872eea0000, 0x0000018730ea0000)
 End Bits:   [0x0000018730ea0000, 0x0000018732ea0000)

Polling page: 0x000001871c1b0000

Metaspace:

Usage:
  Non-class:     16.75 MB used.
      Class:      1.86 MB used.
       Both:     18.62 MB used.

Virtual space:
  Non-class space:       64.00 MB reserved,      17.12 MB ( 27%) committed,  1 nodes.
      Class space:        1.00 GB reserved,       2.12 MB ( <1%) committed,  1 nodes.
             Both:        1.06 GB reserved,      19.25 MB (  2%) committed. 

Chunk freelists:
   Non-Class:  14.47 MB
       Class:  13.70 MB
        Both:  28.17 MB

MaxMetaspaceSize: unlimited
CompressedClassSpaceSize: 1.00 GB
Initial GC threshold: 21.00 MB
Current GC threshold: 21.00 MB
CDS: on
 - commit_granule_bytes: 65536.
 - commit_granule_words: 8192.
 - virtual_space_node_default_size: 8388608.
 - enlarge_chunks_in_place: 1.
 - use_allocation_guard: 0.


Internal statistics:

num_allocs_failed_limit: 0.
num_arena_births: 502.
num_arena_deaths: 0.
num_vsnodes_births: 2.
num_vsnodes_deaths: 0.
num_space_committed: 308.
num_space_uncommitted: 0.
num_chunks_returned_to_freelist: 0.
num_chunks_taken_from_freelist: 1202.
num_chunk_merges: 0.
num_chunk_splits: 773.
num_chunks_enlarged: 503.
num_inconsistent_stats: 0.

CodeHeap 'non-profiled nmethods': size=120000Kb used=1164Kb max_used=1164Kb free=118835Kb
 bounds [0x00000187276c0000, 0x0000018727930000, 0x000001872ebf0000]
CodeHeap 'profiled nmethods': size=120000Kb used=5083Kb max_used=5083Kb free=114916Kb
 bounds [0x000001871fbf0000, 0x00000187200f0000, 0x0000018727120000]
CodeHeap 'non-nmethods': size=5760Kb used=1297Kb max_used=1297Kb free=4462Kb
 bounds [0x0000018727120000, 0x0000018727390000, 0x00000187276c0000]
CodeCache: size=245760Kb, used=7544Kb, max_used=7544Kb, free=238213Kb
 total_blobs=3213, nmethods=2663, adapters=455, full_count=0
Compilation: enabled, stopped_count=0, restarted_count=0

Compilation events (20 events):
Event: 5.529 Thread 0x000001877a020040 2643       3       jdk.internal.loader.ClassLoaders::bootLoader (4 bytes)
Event: 5.529 Thread 0x000001877a020040 nmethod 2643 0x00000187200d8590 code [0x00000187200d8720, 0x00000187200d8818]
Event: 5.537 Thread 0x000001877a020040 2644       1       java.lang.invoke.MethodHandleImpl$IntrinsicMethodHandle::getTarget (5 bytes)
Event: 5.537 Thread 0x000001877afa6a90 2645       4       java.util.ArrayList$SubList$1::hasNext (20 bytes)
Event: 5.537 Thread 0x000001877a020040 nmethod 2644 0x00000187277e2710 code [0x00000187277e28a0, 0x00000187277e2968]
Event: 5.538 Thread 0x000001877afa6a90 nmethod 2645 0x00000187277e2a10 code [0x00000187277e2ba0, 0x00000187277e2c50]
Event: 5.542 Thread 0x000001877a020040 2647       3       java.util.ArrayDeque::circularClear (43 bytes)
Event: 5.543 Thread 0x000001877a020040 nmethod 2647 0x00000187200d8890 code [0x00000187200d8a60, 0x00000187200d8e60]
Event: 5.543 Thread 0x000001877a020040 2646       3       java.util.ArrayDeque::clear (26 bytes)
Event: 5.543 Thread 0x000001877a020040 nmethod 2646 0x00000187200d9010 code [0x00000187200d91c0, 0x00000187200d9328]
Event: 5.559 Thread 0x000001877a020040 2648       3       org.lombokweb.asm.SymbolTable::addConstantIntegerOrFloat (21 bytes)
Event: 5.559 Thread 0x000001877a020040 nmethod 2648 0x00000187200d9410 code [0x00000187200d95e0, 0x00000187200d9848]
Event: 5.560 Thread 0x000001877a020040 2649       3       org.lombokweb.asm.SymbolTable::addConstant (317 bytes)
Event: 5.562 Thread 0x000001877a020040 nmethod 2649 0x00000187200d9990 code [0x00000187200d9f40, 0x00000187200dd090]
Event: 5.562 Thread 0x000001877a020040 2650       1       lombok.patcher.scripts.AddFieldScript::access$0 (5 bytes)
Event: 5.562 Thread 0x000001877a020040 nmethod 2650 0x00000187277e2d10 code [0x00000187277e2ea0, 0x00000187277e2f50]
Event: 5.562 Thread 0x000001877a020040 2651       3       org.lombokweb.asm.SymbolTable::addConstantInteger (7 bytes)
Event: 5.562 Thread 0x000001877a020040 nmethod 2651 0x00000187200ddb10 code [0x00000187200ddcc0, 0x00000187200dde08]
Event: 5.563 Thread 0x000001877afa6a90 2652       4       java.util.concurrent.locks.ReentrantLock$NonfairSync::initialTryLock (58 bytes)
Event: 5.564 Thread 0x000001877afa6a90 nmethod 2652 0x00000187277e3010 code [0x00000187277e31a0, 0x00000187277e32a8]

GC Heap History (8 events):
Event: 1.327 GC heap before
{Heap before GC invocations=1 (full 0):
 PSYoungGen      total 29696K, used 25600K [0x00000000d5580000, 0x00000000d7680000, 0x0000000100000000)
  eden space 25600K, 100% used [0x00000000d5580000,0x00000000d6e80000,0x00000000d6e80000)
  from space 4096K, 0% used [0x00000000d7280000,0x00000000d7280000,0x00000000d7680000)
  to   space 4096K, 0% used [0x00000000d6e80000,0x00000000d6e80000,0x00000000d7280000)
 ParOldGen       total 68608K, used 0K [0x0000000080000000, 0x0000000084300000, 0x00000000d5580000)
  object space 68608K, 0% used [0x0000000080000000,0x0000000080000000,0x0000000084300000)
 Metaspace       used 4349K, committed 4608K, reserved 1114112K
  class space    used 474K, committed 576K, reserved 1048576K
}
Event: 1.364 GC heap after
{Heap after GC invocations=1 (full 0):
 PSYoungGen      total 29696K, used 3280K [0x00000000d5580000, 0x00000000d7680000, 0x0000000100000000)
  eden space 25600K, 0% used [0x00000000d5580000,0x00000000d5580000,0x00000000d6e80000)
  from space 4096K, 80% used [0x00000000d6e80000,0x00000000d71b4148,0x00000000d7280000)
  to   space 4096K, 0% used [0x00000000d7280000,0x00000000d7280000,0x00000000d7680000)
 ParOldGen       total 68608K, used 0K [0x0000000080000000, 0x0000000084300000, 0x00000000d5580000)
  object space 68608K, 0% used [0x0000000080000000,0x0000000080000000,0x0000000084300000)
 Metaspace       used 4349K, committed 4608K, reserved 1114112K
  class space    used 474K, committed 576K, reserved 1048576K
}
Event: 2.878 GC heap before
{Heap before GC invocations=2 (full 0):
 PSYoungGen      total 29696K, used 28880K [0x00000000d5580000, 0x00000000d7680000, 0x0000000100000000)
  eden space 25600K, 100% used [0x00000000d5580000,0x00000000d6e80000,0x00000000d6e80000)
  from space 4096K, 80% used [0x00000000d6e80000,0x00000000d71b4148,0x00000000d7280000)
  to   space 4096K, 0% used [0x00000000d7280000,0x00000000d7280000,0x00000000d7680000)
 ParOldGen       total 68608K, used 0K [0x0000000080000000, 0x0000000084300000, 0x00000000d5580000)
  object space 68608K, 0% used [0x0000000080000000,0x0000000080000000,0x0000000084300000)
 Metaspace       used 8168K, committed 8448K, reserved 1114112K
  class space    used 869K, committed 1024K, reserved 1048576K
}
Event: 2.926 GC heap after
{Heap after GC invocations=2 (full 0):
 PSYoungGen      total 29696K, used 4086K [0x00000000d5580000, 0x00000000d7680000, 0x0000000100000000)
  eden space 25600K, 0% used [0x00000000d5580000,0x00000000d5580000,0x00000000d6e80000)
  from space 4096K, 99% used [0x00000000d7280000,0x00000000d767d810,0x00000000d7680000)
  to   space 4096K, 0% used [0x00000000d6e80000,0x00000000d6e80000,0x00000000d7280000)
 ParOldGen       total 68608K, used 1137K [0x0000000080000000, 0x0000000084300000, 0x00000000d5580000)
  object space 68608K, 1% used [0x0000000080000000,0x000000008011c6a8,0x0000000084300000)
 Metaspace       used 8168K, committed 8448K, reserved 1114112K
  class space    used 869K, committed 1024K, reserved 1048576K
}
Event: 4.201 GC heap before
{Heap before GC invocations=3 (full 0):
 PSYoungGen      total 29696K, used 29686K [0x00000000d5580000, 0x00000000d7680000, 0x0000000100000000)
  eden space 25600K, 100% used [0x00000000d5580000,0x00000000d6e80000,0x00000000d6e80000)
  from space 4096K, 99% used [0x00000000d7280000,0x00000000d767d810,0x00000000d7680000)
  to   space 4096K, 0% used [0x00000000d6e80000,0x00000000d6e80000,0x00000000d7280000)
 ParOldGen       total 68608K, used 1137K [0x0000000080000000, 0x0000000084300000, 0x00000000d5580000)
  object space 68608K, 1% used [0x0000000080000000,0x000000008011c6a8,0x0000000084300000)
 Metaspace       used 13006K, committed 13504K, reserved 1114112K
  class space    used 1379K, committed 1600K, reserved 1048576K
}
Event: 4.209 GC heap after
{Heap after GC invocations=3 (full 0):
 PSYoungGen      total 29696K, used 4082K [0x00000000d5580000, 0x00000000d7680000, 0x0000000100000000)
  eden space 25600K, 0% used [0x00000000d5580000,0x00000000d5580000,0x00000000d6e80000)
  from space 4096K, 99% used [0x00000000d6e80000,0x00000000d727c880,0x00000000d7280000)
  to   space 4096K, 0% used [0x00000000d7280000,0x00000000d7280000,0x00000000d7680000)
 ParOldGen       total 68608K, used 2838K [0x0000000080000000, 0x0000000084300000, 0x00000000d5580000)
  object space 68608K, 4% used [0x0000000080000000,0x00000000802c59c8,0x0000000084300000)
 Metaspace       used 13006K, committed 13504K, reserved 1114112K
  class space    used 1379K, committed 1600K, reserved 1048576K
}
Event: 5.469 GC heap before
{Heap before GC invocations=4 (full 0):
 PSYoungGen      total 29696K, used 29682K [0x00000000d5580000, 0x00000000d7680000, 0x0000000100000000)
  eden space 25600K, 100% used [0x00000000d5580000,0x00000000d6e80000,0x00000000d6e80000)
  from space 4096K, 99% used [0x00000000d6e80000,0x00000000d727c880,0x00000000d7280000)
  to   space 4096K, 0% used [0x00000000d7280000,0x00000000d7280000,0x00000000d7680000)
 ParOldGen       total 68608K, used 2838K [0x0000000080000000, 0x0000000084300000, 0x00000000d5580000)
  object space 68608K, 4% used [0x0000000080000000,0x00000000802c59c8,0x0000000084300000)
 Metaspace       used 17229K, committed 17920K, reserved 1114112K
  class space    used 1808K, committed 2112K, reserved 1048576K
}
Event: 5.477 GC heap after
{Heap after GC invocations=4 (full 0):
 PSYoungGen      total 29696K, used 4070K [0x00000000d5580000, 0x00000000d7680000, 0x0000000100000000)
  eden space 25600K, 0% used [0x00000000d5580000,0x00000000d5580000,0x00000000d6e80000)
  from space 4096K, 99% used [0x00000000d7280000,0x00000000d7679a18,0x00000000d7680000)
  to   space 4096K, 0% used [0x00000000d6e80000,0x00000000d6e80000,0x00000000d7280000)
 ParOldGen       total 68608K, used 4629K [0x0000000080000000, 0x0000000084300000, 0x00000000d5580000)
  object space 68608K, 6% used [0x0000000080000000,0x0000000080485430,0x0000000084300000)
 Metaspace       used 17229K, committed 17920K, reserved 1114112K
  class space    used 1808K, committed 2112K, reserved 1048576K
}

Dll operation events (10 events):
Event: 0.056 Loaded shared library c:\Users\DELL\.antigravity\extensions\redhat.java-1.54.0-win32-x64\jre\21.0.10-win32-x86_64\bin\java.dll
Event: 0.418 Loaded shared library c:\Users\DELL\.antigravity\extensions\redhat.java-1.54.0-win32-x64\jre\21.0.10-win32-x86_64\bin\zip.dll
Event: 0.441 Loaded shared library C:\Users\DELL\.antigravity\extensions\redhat.java-1.54.0-win32-x64\jre\21.0.10-win32-x86_64\bin\instrument.dll
Event: 0.486 Loaded shared library C:\Users\DELL\.antigravity\extensions\redhat.java-1.54.0-win32-x64\jre\21.0.10-win32-x86_64\bin\net.dll
Event: 0.488 Loaded shared library C:\Users\DELL\.antigravity\extensions\redhat.java-1.54.0-win32-x64\jre\21.0.10-win32-x86_64\bin\nio.dll
Event: 0.492 Loaded shared library C:\Users\DELL\.antigravity\extensions\redhat.java-1.54.0-win32-x64\jre\21.0.10-win32-x86_64\bin\zip.dll
Event: 0.511 Loaded shared library C:\Users\DELL\.antigravity\extensions\redhat.java-1.54.0-win32-x64\jre\21.0.10-win32-x86_64\bin\jimage.dll
Event: 0.614 Loaded shared library c:\Users\DELL\.antigravity\extensions\redhat.java-1.54.0-win32-x64\jre\21.0.10-win32-x86_64\bin\verify.dll
Event: 2.805 Loaded shared library C:\Users\DELL\AppData\Roaming\Antigravity\User\globalStorage\redhat.java\1.54.0\config_ss_win\org.eclipse.equinox.launcher\org.eclipse.equinox.launcher.win32.win32.x86_64_1.3.0.v20260203-2149\eclipse_11919.dll
Event: 5.253 Loaded shared library C:\Users\DELL\AppData\Local\Temp\jna-2094529\jna15209767375596728632.dll

Deoptimization events (20 events):
Event: 5.424 Thread 0x000001877ab670d0 Uncommon trap: trap_request=0xffffffde fr.pc=0x00000187277bcc14 relative=0x00000000000003b4
Event: 5.424 Thread 0x000001877ab670d0 Uncommon trap: reason=class_check action=maybe_recompile pc=0x00000187277bcc14 method=java.util.regex.Pattern$BmpCharPropertyGreedy.match(Ljava/util/regex/Matcher;ILjava/lang/CharSequence;)Z @ 70 c2
Event: 5.424 Thread 0x000001877ab670d0 DEOPT PACKING pc=0x00000187277bcc14 sp=0x0000005e7ecf3270
Event: 5.424 Thread 0x000001877ab670d0 DEOPT UNPACKING pc=0x0000018727176da2 sp=0x0000005e7ecf3218 mode 2
Event: 5.424 Thread 0x000001877ab670d0 Uncommon trap: trap_request=0xffffffde fr.pc=0x00000187277bcc14 relative=0x00000000000003b4
Event: 5.424 Thread 0x000001877ab670d0 Uncommon trap: reason=class_check action=maybe_recompile pc=0x00000187277bcc14 method=java.util.regex.Pattern$BmpCharPropertyGreedy.match(Ljava/util/regex/Matcher;ILjava/lang/CharSequence;)Z @ 70 c2
Event: 5.424 Thread 0x000001877ab670d0 DEOPT PACKING pc=0x00000187277bcc14 sp=0x0000005e7ecf3430
Event: 5.424 Thread 0x000001877ab670d0 DEOPT UNPACKING pc=0x0000018727176da2 sp=0x0000005e7ecf33d8 mode 2
Event: 5.424 Thread 0x000001877ab670d0 Uncommon trap: trap_request=0xffffffde fr.pc=0x00000187277bcc14 relative=0x00000000000003b4
Event: 5.424 Thread 0x000001877ab670d0 Uncommon trap: reason=class_check action=maybe_recompile pc=0x00000187277bcc14 method=java.util.regex.Pattern$BmpCharPropertyGreedy.match(Ljava/util/regex/Matcher;ILjava/lang/CharSequence;)Z @ 70 c2
Event: 5.424 Thread 0x000001877ab670d0 DEOPT PACKING pc=0x00000187277bcc14 sp=0x0000005e7ecf3280
Event: 5.424 Thread 0x000001877ab670d0 DEOPT UNPACKING pc=0x0000018727176da2 sp=0x0000005e7ecf3228 mode 2
Event: 5.455 Thread 0x000001877ab670d0 Uncommon trap: trap_request=0xffffffde fr.pc=0x00000187277d8e78 relative=0x00000000000003b8
Event: 5.455 Thread 0x000001877ab670d0 Uncommon trap: reason=class_check action=maybe_recompile pc=0x00000187277d8e78 method=java.lang.String.<init>(Ljava/lang/AbstractStringBuilder;Ljava/lang/Void;)V @ 10 c2
Event: 5.455 Thread 0x000001877ab670d0 DEOPT PACKING pc=0x00000187277d8e78 sp=0x0000005e7ecf8640
Event: 5.455 Thread 0x000001877ab670d0 DEOPT UNPACKING pc=0x0000018727176da2 sp=0x0000005e7ecf8610 mode 2
Event: 5.455 Thread 0x000001877ab670d0 Uncommon trap: trap_request=0xffffffde fr.pc=0x00000187277d8e78 relative=0x00000000000003b8
Event: 5.455 Thread 0x000001877ab670d0 Uncommon trap: reason=class_check action=maybe_recompile pc=0x00000187277d8e78 method=java.lang.String.<init>(Ljava/lang/AbstractStringBuilder;Ljava/lang/Void;)V @ 10 c2
Event: 5.455 Thread 0x000001877ab670d0 DEOPT PACKING pc=0x00000187277d8e78 sp=0x0000005e7ecf87e0
Event: 5.455 Thread 0x000001877ab670d0 DEOPT UNPACKING pc=0x0000018727176da2 sp=0x0000005e7ecf87b0 mode 2

Classes loaded (20 events):
Event: 5.435 Loading class java/io/StringReader
Event: 5.435 Loading class java/io/StringReader done
Event: 5.441 Loading class java/util/zip/GZIPInputStream
Event: 5.441 Loading class java/util/zip/GZIPInputStream done
Event: 5.443 Loading class java/net/SocketTimeoutException
Event: 5.443 Loading class java/io/InterruptedIOException
Event: 5.443 Loading class java/io/InterruptedIOException done
Event: 5.443 Loading class java/net/SocketTimeoutException done
Event: 5.443 Loading class java/net/SocketException
Event: 5.444 Loading class java/net/SocketException done
Event: 5.444 Loading class java/net/UnknownHostException
Event: 5.444 Loading class java/net/UnknownHostException done
Event: 5.444 Loading class java/net/ProtocolException
Event: 5.444 Loading class java/net/ProtocolException done
Event: 5.460 Loading class java/lang/ThreadLocal$SuppliedThreadLocal
Event: 5.460 Loading class java/lang/ThreadLocal$SuppliedThreadLocal done
Event: 5.467 Loading class java/io/FileWriter
Event: 5.467 Loading class java/io/FileWriter done
Event: 5.533 Loading class java/lang/NegativeArraySizeException
Event: 5.533 Loading class java/lang/NegativeArraySizeException done

Classes unloaded (0 events):
No events

Classes redefined (0 events):
No events

Internal exceptions (20 events):
Event: 5.279 Thread 0x000001877ab670d0 Exception <a 'java/lang/NoSuchMethodError'{0x00000000d6377330}: 'void java.lang.invoke.DirectMethodHandle$Holder.invokeSpecial(java.lang.Object, java.lang.Object, java.lang.Object, int)'> (0x00000000d6377330) 
thrown [s\src\hotspot\share\interpreter\linkResolver.cpp, line 773]
Event: 5.279 Thread 0x000001877ab670d0 Exception <a 'java/lang/NoSuchMethodError'{0x00000000d637acc0}: 'void java.lang.invoke.DelegatingMethodHandle$Holder.reinvoke_L(java.lang.Object, java.lang.Object, int)'> (0x00000000d637acc0) 
thrown [s\src\hotspot\share\interpreter\linkResolver.cpp, line 773]
Event: 5.279 Thread 0x000001877ab670d0 Exception <a 'java/lang/NoSuchMethodError'{0x00000000d63819a8}: 'int java.lang.invoke.Invokers$Holder.invokeExact_MT(java.lang.Object, java.lang.Object, java.lang.Object)'> (0x00000000d63819a8) 
thrown [s\src\hotspot\share\interpreter\linkResolver.cpp, line 773]
Event: 5.308 Thread 0x000001877ab670d0 Exception <a 'java/lang/NoSuchMethodError'{0x00000000d64947a8}: 'void java.lang.invoke.Invokers$Holder.invokeExact_MT(java.lang.Object, java.lang.Object, int, java.lang.Object)'> (0x00000000d64947a8) 
thrown [s\src\hotspot\share\interpreter\linkResolver.cpp, line 773]
Event: 5.326 Thread 0x000001877ab670d0 Exception <a 'java/lang/NoSuchMethodError'{0x00000000d6581788}: 'java.lang.Object java.lang.invoke.DirectMethodHandle$Holder.invokeSpecial(java.lang.Object, java.lang.Object, java.lang.Object, long, java.lang.Object)'> (0x00000000d6581788) 
thrown [s\src\hotspot\share\interpreter\linkResolver.cpp, line 773]
Event: 5.326 Thread 0x000001877ab670d0 Exception <a 'java/lang/NoSuchMethodError'{0x00000000d6588fd0}: 'java.lang.Object java.lang.invoke.DirectMethodHandle$Holder.newInvokeSpecial(java.lang.Object, java.lang.Object, java.lang.Object, long)'> (0x00000000d6588fd0) 
thrown [s\src\hotspot\share\interpreter\linkResolver.cpp, line 773]
Event: 5.327 Thread 0x000001877ab670d0 Exception <a 'java/lang/NoSuchMethodError'{0x00000000d658d380}: 'java.lang.Object java.lang.invoke.DirectMethodHandle$Holder.invokeSpecial(java.lang.Object, java.lang.Object, java.lang.Object, java.lang.Object, long)'> (0x00000000d658d380) 
thrown [s\src\hotspot\share\interpreter\linkResolver.cpp, line 773]
Event: 5.327 Thread 0x000001877ab670d0 Exception <a 'java/lang/NoSuchMethodError'{0x00000000d6590fa0}: 'java.lang.Object java.lang.invoke.Invokers$Holder.linkToTargetMethod(java.lang.Object, java.lang.Object, long, java.lang.Object)'> (0x00000000d6590fa0) 
thrown [s\src\hotspot\share\interpreter\linkResolver.cpp, line 773]
Event: 5.349 Thread 0x000001877ab670d0 Exception <a 'java/lang/NoSuchMethodError'{0x00000000d65ea300}: 'int java.lang.invoke.DirectMethodHandle$Holder.invokeStaticInit(java.lang.Object, java.lang.Object, java.lang.Object)'> (0x00000000d65ea300) 
thrown [s\src\hotspot\share\interpreter\linkResolver.cpp, line 773]
Event: 5.358 Thread 0x000001877ab670d0 Exception <a 'java/lang/IncompatibleClassChangeError'{0x00000000d6693110}: Found class java.lang.Object, but interface was expected> (0x00000000d6693110) 
thrown [s\src\hotspot\share\interpreter\linkResolver.cpp, line 840]
Event: 5.364 Thread 0x000001877ab670d0 Exception <a 'java/lang/NoSuchMethodError'{0x00000000d66a9130}: 'java.lang.Object java.lang.invoke.DirectMethodHandle$Holder.invokeSpecial(java.lang.Object, java.lang.Object, java.lang.Object, int, java.lang.Object, java.lang.Object)'> (0x00000000d66a9130) 
thrown [s\src\hotspot\share\interpreter\linkResolver.cpp, line 773]
Event: 5.364 Thread 0x000001877ab670d0 Exception <a 'java/lang/NoSuchMethodError'{0x00000000d66b0e70}: 'java.lang.Object java.lang.invoke.DirectMethodHandle$Holder.newInvokeSpecial(java.lang.Object, java.lang.Object, java.lang.Object, int, java.lang.Object)'> (0x00000000d66b0e70) 
thrown [s\src\hotspot\share\interpreter\linkResolver.cpp, line 773]
Event: 5.365 Thread 0x000001877ab670d0 Exception <a 'java/lang/NoSuchMethodError'{0x00000000d66b4df0}: 'java.lang.Object java.lang.invoke.DirectMethodHandle$Holder.invokeSpecial(java.lang.Object, java.lang.Object, java.lang.Object, java.lang.Object, int, java.lang.Object)'> (0x00000000d66b4df0) 
thrown [s\src\hotspot\share\interpreter\linkResolver.cpp, line 773]
Event: 5.365 Thread 0x000001877ab670d0 Exception <a 'java/lang/NoSuchMethodError'{0x00000000d66b8930}: 'java.lang.Object java.lang.invoke.Invokers$Holder.linkToTargetMethod(java.lang.Object, java.lang.Object, int, java.lang.Object, java.lang.Object)'> (0x00000000d66b8930) 
thrown [s\src\hotspot\share\interpreter\linkResolver.cpp, line 773]
Event: 5.365 Thread 0x000001877b025c40 Exception <a 'java/lang/NoSuchMethodError'{0x00000000d661dd38}: 'java.lang.Object java.lang.invoke.DirectMethodHandle$Holder.invokeSpecial(java.lang.Object, java.lang.Object, int, java.lang.Object, java.lang.Object)'> (0x00000000d661dd38) 
thrown [s\src\hotspot\share\interpreter\linkResolver.cpp, line 773]
Event: 5.366 Thread 0x000001877b025c40 Exception <a 'java/lang/NoSuchMethodError'{0x00000000d6624a70}: 'java.lang.Object java.lang.invoke.DirectMethodHandle$Holder.newInvokeSpecial(java.lang.Object, java.lang.Object, int, java.lang.Object)'> (0x00000000d6624a70) 
thrown [s\src\hotspot\share\interpreter\linkResolver.cpp, line 773]
Event: 5.366 Thread 0x000001877b025c40 Exception <a 'java/lang/NoSuchMethodError'{0x00000000d6628350}: 'java.lang.Object java.lang.invoke.DirectMethodHandle$Holder.invokeSpecial(java.lang.Object, java.lang.Object, java.lang.Object, int, java.lang.Object)'> (0x00000000d6628350) 
thrown [s\src\hotspot\share\interpreter\linkResolver.cpp, line 773]
Event: 5.384 Thread 0x000001877ab670d0 Exception <a 'java/lang/NoSuchMethodError'{0x00000000d67d6918}: 'void java.lang.invoke.DirectMethodHandle$Holder.invokeSpecial(java.lang.Object, java.lang.Object, java.lang.Object, java.lang.Object, java.lang.Object)'> (0x00000000d67d6918) 
thrown [s\src\hotspot\share\interpreter\linkResolver.cpp, line 773]
Event: 5.411 Thread 0x000001877ab670d0 Exception <a 'java/lang/NoSuchMethodError'{0x00000000d69e48c0}: 'double java.lang.invoke.DirectMethodHandle$Holder.invokeStatic(java.lang.Object, java.lang.Object)'> (0x00000000d69e48c0) 
thrown [s\src\hotspot\share\interpreter\linkResolver.cpp, line 773]
Event: 5.412 Thread 0x000001877ab670d0 Exception <a 'java/lang/NoSuchMethodError'{0x00000000d69e7f80}: 'double java.lang.invoke.DirectMethodHandle$Holder.invokeStaticInit(java.lang.Object, java.lang.Object)'> (0x00000000d69e7f80) 
thrown [s\src\hotspot\share\interpreter\linkResolver.cpp, line 773]

ZGC Phase Switch (0 events):
No events

VM Operations (20 events):
Event: 2.878 Executing safepoint VM operation: ParallelGCFailedAllocation (Allocation Failure)
Event: 2.926 Executing safepoint VM operation: ParallelGCFailedAllocation (Allocation Failure) done
Event: 3.204 Executing non-safepoint VM operation: HandshakeAllThreads (Deoptimize)
Event: 3.204 Executing non-safepoint VM operation: HandshakeAllThreads (Deoptimize) done
Event: 3.874 Executing non-safepoint VM operation: HandshakeAllThreads (Deoptimize)
Event: 3.874 Executing non-safepoint VM operation: HandshakeAllThreads (Deoptimize) done
Event: 4.201 Executing safepoint VM operation: ParallelGCFailedAllocation (Allocation Failure)
Event: 4.209 Executing safepoint VM operation: ParallelGCFailedAllocation (Allocation Failure) done
Event: 4.358 Executing non-safepoint VM operation: HandshakeAllThreads (Deoptimize)
Event: 4.358 Executing non-safepoint VM operation: HandshakeAllThreads (Deoptimize) done
Event: 4.363 Executing non-safepoint VM operation: HandshakeAllThreads (Deoptimize)
Event: 4.363 Executing non-safepoint VM operation: HandshakeAllThreads (Deoptimize) done
Event: 4.458 Executing non-safepoint VM operation: HandshakeAllThreads (Deoptimize)
Event: 4.458 Executing non-safepoint VM operation: HandshakeAllThreads (Deoptimize) done
Event: 5.268 Executing non-safepoint VM operation: HandshakeAllThreads (Deoptimize)
Event: 5.268 Executing non-safepoint VM operation: HandshakeAllThreads (Deoptimize) done
Event: 5.268 Executing safepoint VM operation: Cleanup
Event: 5.268 Executing safepoint VM operation: Cleanup done
Event: 5.469 Executing safepoint VM operation: ParallelGCFailedAllocation (Allocation Failure)
Event: 5.477 Executing safepoint VM operation: ParallelGCFailedAllocation (Allocation Failure) done

Memory protections (0 events):
No events

Nmethod flushes (0 events):
No events

Events (20 events):
Event: 0.451 Thread 0x0000018733459f60 Thread added: 0x000001877a0bea30
Event: 0.750 Thread 0x000001871c9d8560 Thread added: 0x000001877a2eb4d0
Event: 1.020 Thread 0x0000018733459f60 Thread added: 0x000001877a440070
Event: 2.147 Thread 0x000001871c9d8560 Thread added: 0x000001877a9c4580
Event: 2.149 Thread 0x000001877a0bea30 Thread exited: 0x000001877a0bea30
Event: 2.149 Thread 0x000001877a440070 Thread exited: 0x000001877a440070
Event: 2.719 Thread 0x000001871c9d8560 Thread added: 0x000001877ab66650
Event: 2.719 Thread 0x000001877a020040 Thread added: 0x000001877ab65fa0
Event: 2.798 Thread 0x000001871c9d8560 Thread added: 0x000001877ab670d0
Event: 2.851 Thread 0x000001877ab65fa0 Thread exited: 0x000001877ab65fa0
Event: 3.163 Thread 0x000001877ab670d0 Thread added: 0x000001877af086c0
Event: 3.473 Thread 0x000001877a020040 Thread added: 0x000001877acd9a20
Event: 3.515 Thread 0x000001877a020040 Thread added: 0x000001877acbf9e0
Event: 3.742 Thread 0x000001877acbf9e0 Thread exited: 0x000001877acbf9e0
Event: 3.774 Thread 0x000001877acd9a20 Thread exited: 0x000001877acd9a20
Event: 4.006 Thread 0x000001877ab670d0 Thread added: 0x000001877ad51960
Event: 5.291 Thread 0x000001877ab670d0 Thread added: 0x000001877affbba0
Event: 5.338 Thread 0x000001877ab670d0 Thread added: 0x000001877b025c40
Event: 5.367 Thread 0x000001877ab670d0 Thread added: 0x000001877b05c730
Event: 5.456 Thread 0x000001877a020040 Thread added: 0x000001877afa6a90


Dynamic libraries:
0x00007ff679870000 - 0x00007ff67987e000 	c:\Users\DELL\.antigravity\extensions\redhat.java-1.54.0-win32-x64\jre\21.0.10-win32-x86_64\bin\java.exe
0x00007ffdef2e0000 - 0x00007ffdef4e9000 	C:\Windows\SYSTEM32\ntdll.dll
0x00007ffdedcc0000 - 0x00007ffdedd7d000 	C:\Windows\System32\KERNEL32.DLL
0x00007ffdec7e0000 - 0x00007ffdecb64000 	C:\Windows\System32\KERNELBASE.dll
0x00007ffdecbf0000 - 0x00007ffdecd01000 	C:\Windows\System32\ucrtbase.dll
0x00007ffde80f0000 - 0x00007ffde8108000 	c:\Users\DELL\.antigravity\extensions\redhat.java-1.54.0-win32-x64\jre\21.0.10-win32-x86_64\bin\jli.dll
0x00007ffdeeab0000 - 0x00007ffdeec5d000 	C:\Windows\System32\USER32.dll
0x00007ffdecdb0000 - 0x00007ffdecdd6000 	C:\Windows\System32\win32u.dll
0x00007ffded1b0000 - 0x00007ffded1da000 	C:\Windows\System32\GDI32.dll
0x00007ffdecde0000 - 0x00007ffdecefe000 	C:\Windows\System32\gdi32full.dll
0x00007ffdecd10000 - 0x00007ffdecdad000 	C:\Windows\System32\msvcp_win.dll
0x00007ffde5db0000 - 0x00007ffde5dce000 	c:\Users\DELL\.antigravity\extensions\redhat.java-1.54.0-win32-x64\jre\21.0.10-win32-x86_64\bin\VCRUNTIME140.dll
0x00007ffdcc3e0000 - 0x00007ffdcc685000 	C:\Windows\WinSxS\amd64_microsoft.windows.common-controls_6595b64144ccf1df_6.0.22000.120_none_9d947278b86cc467\COMCTL32.dll
0x00007ffdeed90000 - 0x00007ffdeee33000 	C:\Windows\System32\msvcrt.dll
0x00007ffdeea70000 - 0x00007ffdeeaa1000 	C:\Windows\System32\IMM32.DLL
0x00007ffde9030000 - 0x00007ffde903c000 	c:\Users\DELL\.antigravity\extensions\redhat.java-1.54.0-win32-x64\jre\21.0.10-win32-x86_64\bin\vcruntime140_1.dll
0x00007ffdd56a0000 - 0x00007ffdd572d000 	c:\Users\DELL\.antigravity\extensions\redhat.java-1.54.0-win32-x64\jre\21.0.10-win32-x86_64\bin\msvcp140.dll
0x00007ffd5b5e0000 - 0x00007ffd5c381000 	c:\Users\DELL\.antigravity\extensions\redhat.java-1.54.0-win32-x64\jre\21.0.10-win32-x86_64\bin\server\jvm.dll
0x00007ffdeee40000 - 0x00007ffdeeeee000 	C:\Windows\System32\ADVAPI32.dll
0x00007ffdedc10000 - 0x00007ffdedcae000 	C:\Windows\System32\sechost.dll
0x00007ffdedae0000 - 0x00007ffdedc01000 	C:\Windows\System32\RPCRT4.dll
0x00007ffded130000 - 0x00007ffded19f000 	C:\Windows\System32\WS2_32.dll
0x00007ffdeb060000 - 0x00007ffdeb0ad000 	C:\Windows\SYSTEM32\POWRPROF.dll
0x00007ffdea420000 - 0x00007ffdea453000 	C:\Windows\SYSTEM32\WINMM.dll
0x00007ffde68d0000 - 0x00007ffde68da000 	C:\Windows\SYSTEM32\VERSION.dll
0x00007ffdeb190000 - 0x00007ffdeb1a3000 	C:\Windows\SYSTEM32\UMPDC.dll
0x00007ffdeb8d0000 - 0x00007ffdeb8e8000 	C:\Windows\SYSTEM32\kernel.appcore.dll
0x00007ffde8070000 - 0x00007ffde807a000 	c:\Users\DELL\.antigravity\extensions\redhat.java-1.54.0-win32-x64\jre\21.0.10-win32-x86_64\bin\jimage.dll
0x00007ffdea160000 - 0x00007ffdea381000 	C:\Windows\SYSTEM32\DBGHELP.DLL
0x00007ffdea3e0000 - 0x00007ffdea411000 	C:\Windows\SYSTEM32\dbgcore.DLL
0x00007ffdecb70000 - 0x00007ffdecbef000 	C:\Windows\System32\bcryptPrimitives.dll
0x00007ffde70a0000 - 0x00007ffde70af000 	c:\Users\DELL\.antigravity\extensions\redhat.java-1.54.0-win32-x64\jre\21.0.10-win32-x86_64\bin\instrument.dll
0x00007ffde2900000 - 0x00007ffde2920000 	c:\Users\DELL\.antigravity\extensions\redhat.java-1.54.0-win32-x64\jre\21.0.10-win32-x86_64\bin\java.dll
0x00007ffdedd80000 - 0x00007ffdee545000 	C:\Windows\System32\SHELL32.dll
0x00007ffdea7e0000 - 0x00007ffdeb042000 	C:\Windows\SYSTEM32\windows.storage.dll
0x00007ffded2e0000 - 0x00007ffded656000 	C:\Windows\System32\combase.dll
0x00007ffdea670000 - 0x00007ffdea7d7000 	C:\Windows\SYSTEM32\wintypes.dll
0x00007ffdee660000 - 0x00007ffdee74a000 	C:\Windows\System32\SHCORE.dll
0x00007ffdef240000 - 0x00007ffdef29d000 	C:\Windows\System32\shlwapi.dll
0x00007ffdec6a0000 - 0x00007ffdec6c5000 	C:\Windows\SYSTEM32\profapi.dll
0x00007ffde2740000 - 0x00007ffde2758000 	c:\Users\DELL\.antigravity\extensions\redhat.java-1.54.0-win32-x64\jre\21.0.10-win32-x86_64\bin\zip.dll
0x00007ffde67d0000 - 0x00007ffde67e0000 	C:\Users\DELL\.antigravity\extensions\redhat.java-1.54.0-win32-x64\jre\21.0.10-win32-x86_64\bin\net.dll
0x00007ffde7460000 - 0x00007ffde7574000 	C:\Windows\SYSTEM32\WINHTTP.dll
0x00007ffdebd80000 - 0x00007ffdebde7000 	C:\Windows\system32\mswsock.dll
0x00007ffddf720000 - 0x00007ffddf736000 	C:\Users\DELL\.antigravity\extensions\redhat.java-1.54.0-win32-x64\jre\21.0.10-win32-x86_64\bin\nio.dll
0x00007ffde60c0000 - 0x00007ffde60d0000 	c:\Users\DELL\.antigravity\extensions\redhat.java-1.54.0-win32-x64\jre\21.0.10-win32-x86_64\bin\verify.dll
0x00007ffdd5650000 - 0x00007ffdd5695000 	C:\Users\DELL\AppData\Roaming\Antigravity\User\globalStorage\redhat.java\1.54.0\config_ss_win\org.eclipse.equinox.launcher\org.eclipse.equinox.launcher.win32.win32.x86_64_1.3.0.v20260203-2149\eclipse_11919.dll
0x00007ffdee8d0000 - 0x00007ffdeea6a000 	C:\Windows\System32\ole32.dll
0x00007ffdebfc0000 - 0x00007ffdebfd8000 	C:\Windows\SYSTEM32\CRYPTSP.dll
0x00007ffdeb830000 - 0x00007ffdeb865000 	C:\Windows\system32\rsaenh.dll
0x00007ffdebe70000 - 0x00007ffdebe9c000 	C:\Windows\SYSTEM32\USERENV.dll
0x00007ffdec140000 - 0x00007ffdec167000 	C:\Windows\SYSTEM32\bcrypt.dll
0x00007ffdebfe0000 - 0x00007ffdebfec000 	C:\Windows\SYSTEM32\CRYPTBASE.dll
0x00007ffdeb300000 - 0x00007ffdeb32d000 	C:\Windows\SYSTEM32\IPHLPAPI.DLL
0x00007ffdedcb0000 - 0x00007ffdedcb9000 	C:\Windows\System32\NSI.dll
0x00007ffdd53e0000 - 0x00007ffdd5429000 	C:\Users\DELL\AppData\Local\Temp\jna-2094529\jna15209767375596728632.dll
0x00007ffdeed80000 - 0x00007ffdeed88000 	C:\Windows\System32\PSAPI.DLL

JVMTI agents:
c:\Users\DELL\.antigravity\extensions\redhat.java-1.54.0-win32-x64\lombok\lombok-1.18.39-4050.jar path:c:\Users\DELL\.antigravity\extensions\redhat.java-1.54.0-win32-x64\jre\21.0.10-win32-x86_64\bin\instrument.dll, loaded, initialized, instrumentlib options:none

dbghelp: loaded successfully - version: 4.0.5 - missing functions: none
symbol engine: initialized successfully - sym options: 0x614 - pdb path: .;c:\Users\DELL\.antigravity\extensions\redhat.java-1.54.0-win32-x64\jre\21.0.10-win32-x86_64\bin;C:\Windows\SYSTEM32;C:\Windows\WinSxS\amd64_microsoft.windows.common-controls_6595b64144ccf1df_6.0.22000.120_none_9d947278b86cc467;c:\Users\DELL\.antigravity\extensions\redhat.java-1.54.0-win32-x64\jre\21.0.10-win32-x86_64\bin\server;C:\Users\DELL\AppData\Roaming\Antigravity\User\globalStorage\redhat.java\1.54.0\config_ss_win\org.eclipse.equinox.launcher\org.eclipse.equinox.launcher.win32.win32.x86_64_1.3.0.v20260203-2149;C:\Users\DELL\AppData\Local\Temp\jna-2094529

VM Arguments:
jvm_args: --add-modules=ALL-SYSTEM --add-opens=java.base/java.util=ALL-UNNAMED --add-opens=java.base/java.lang=ALL-UNNAMED --add-opens=java.base/sun.nio.fs=ALL-UNNAMED -Declipse.application=org.eclipse.jdt.ls.core.id1 -Dosgi.bundles.defaultStartLevel=4 -Declipse.product=org.eclipse.jdt.ls.core.product -Djava.import.generatesMetadataFilesAtProjectRoot=false -DDetectVMInstallationsJob.disabled=true -Dfile.encoding=utf8 -XX:+UseParallelGC -XX:GCTimeRatio=4 -XX:AdaptiveSizePolicyWeight=90 -Dsun.zip.disableMemoryMapping=true -Xmx2G -Xms100m -Xlog:disable -javaagent:c:\Users\DELL\.antigravity\extensions\redhat.java-1.54.0-win32-x64\lombok\lombok-1.18.39-4050.jar 
java_command: c:\Users\DELL\.antigravity\extensions\redhat.java-1.54.0-win32-x64\server\plugins\org.eclipse.equinox.launcher_1.7.100.v20251111-0406.jar -configuration c:\Users\DELL\AppData\Roaming\Antigravity\User\globalStorage\redhat.java\1.54.0\config_ss_win -data c:\Users\DELL\AppData\Roaming\Antigravity\User\workspaceStorage\ef3b6c5f962f6b7ba8e6f6356c8f0770\redhat.java\ss_ws --pipe=\\.\pipe\lsp-5597947d2210a1272984d94e7a522c76-sock
java_class_path (initial): c:\Users\DELL\.antigravity\extensions\redhat.java-1.54.0-win32-x64\server\plugins\org.eclipse.equinox.launcher_1.7.100.v20251111-0406.jar
Launcher Type: SUN_STANDARD

[Global flags]
    uintx AdaptiveSizePolicyWeight                 = 90                                        {product} {command line}
     intx CICompilerCount                          = 4                                         {product} {ergonomic}
    uintx GCTimeRatio                              = 4                                         {product} {command line}
   size_t InitialHeapSize                          = 104857600                                 {product} {command line}
   size_t MaxHeapSize                              = 2147483648                                {product} {command line}
   size_t MaxNewSize                               = 715653120                                 {product} {ergonomic}
   size_t MinHeapDeltaBytes                        = 524288                                    {product} {ergonomic}
   size_t MinHeapSize                              = 104857600                                 {product} {command line}
   size_t NewSize                                  = 34603008                                  {product} {ergonomic}
    uintx NonNMethodCodeHeapSize                   = 5839372                                {pd product} {ergonomic}
    uintx NonProfiledCodeHeapSize                  = 122909434                              {pd product} {ergonomic}
   size_t OldSize                                  = 70254592                                  {product} {ergonomic}
    uintx ProfiledCodeHeapSize                     = 122909434                              {pd product} {ergonomic}
    uintx ReservedCodeCacheSize                    = 251658240                              {pd product} {ergonomic}
     bool SegmentedCodeCache                       = true                                      {product} {ergonomic}
   size_t SoftMaxHeapSize                          = 2147483648                             {manageable} {ergonomic}
     bool UseCompressedOops                        = true                           {product lp64_product} {ergonomic}
     bool UseLargePagesIndividualAllocation        = false                                  {pd product} {ergonomic}
     bool UseParallelGC                            = true                                      {product} {command line}

Logging:
Log output configuration:
 #0: stdout all=off uptime,level,tags foldmultilines=false
 #1: stderr all=off uptime,level,tags foldmultilines=false

Release file:
JAVA_VERSION="21.0.10" 
MODULES="java.base java.compiler java.datatransfer java.xml java.prefs java.desktop java.instrument java.logging java.management java.security.sasl java.naming java.rmi java.management.rmi java.net.http java.scripting java.security.jgss java.transaction.xa java.sql java.sql.rowset java.xml.crypto java.se java.smartcardio jdk.accessibility jdk.internal.jvmstat jdk.attach jdk.charsets jdk.internal.opt jdk.zipfs jdk.compiler jdk.crypto.ec jdk.crypto.cryptoki jdk.crypto.mscapi jdk.dynalink jdk.internal.ed jdk.editpad jdk.hotspot.agent jdk.httpserver jdk.internal.le jdk.internal.vm.ci jdk.internal.vm.compiler jdk.internal.vm.compiler.management jdk.jartool jdk.javadoc jdk.jcmd jdk.management jdk.management.agent jdk.jconsole jdk.jdeps jdk.jdwp.agent jdk.jdi jdk.jfr jdk.jshell jdk.jsobject jdk.jstatd jdk.localedata jdk.management.jfr jdk.naming.dns jdk.naming.rmi jdk.net jdk.nio.mapmode jdk.random jdk.sctp jdk.security.auth jdk.security.jgss jdk.unsupported jdk.unsupported.desktop jdk.xml.dom" 

Environment Variables:
PATH=C:\Program Files\Common Files\Oracle\Java\javapath;C:\Windows\system32;C:\Windows;C:\Windows\System32\Wbem;C:\Windows\System32\WindowsPowerShell\v1.0\;C:\Windows\System32\OpenSSH\;C:\Program Files\NVIDIA Corporation\NVIDIA NvDLISR;C:\Program Files\dotnet\;C:\Program Files\MySQL\MySQL Server 8.0\bin;C:\Program Files (x86)\Microsoft SQL Server\170\Tools\Binn\;C:\Program Files\Microsoft SQL Server\170\Tools\Binn\;C:\Program Files\Microsoft SQL Server\Client SDK\ODBC\180\Tools\Binn\;C:\Program Files\Microsoft SQL Server\170\DTS\Binn\;D:\Dont Delete This File\Git\cmd;D:\node.js\;C:\Program Files\MySQL\MySQL Shell 8.0\bin\;C:\Users\DELL\AppData\Local\Microsoft\WindowsApps;;C:\Users\DELL\AppData\Local\Programs\Microsoft VS Code\bin;C:\Program Files\Azure Data Studio\bin;C:\Users\DELL\AppData\Roaming\npm;E:\anti_projects\Antigravity\bin
USERNAME=DELL
OS=Windows_NT
PROCESSOR_IDENTIFIER=Intel64 Family 6 Model 140 Stepping 2, GenuineIntel
TMP=C:\Users\DELL\AppData\Local\Temp
TEMP=C:\Users\DELL\AppData\Local\Temp




Periodic native trim disabled

---------------  S Y S T E M  ---------------

OS:
 Windows 11 , 64 bit Build 22000 (10.0.22000.2538)
OS uptime: 35 days 8:03 hours
Hyper-V role detected

CPU: total 8 (initial active 8) (4 cores per cpu, 2 threads per core) family 6 model 140 stepping 2 microcode 0x16, cx8, cmov, fxsr, ht, mmx, 3dnowpref, sse, sse2, sse3, ssse3, sse4.1, sse4.2, popcnt, lzcnt, tsc, tscinvbit, avx, avx2, aes, erms, clmul, bmi1, bmi2, adx, avx512f, avx512dq, avx512cd, avx512bw, avx512vl, sha, fma, vzeroupper, avx512_vpopcntdq, avx512_vpclmulqdq, avx512_vaes, avx512_vnni, clflush, clflushopt, clwb, avx512_vbmi2, avx512_vbmi, hv, rdtscp, rdpid, fsrm, gfni, avx512_bitalg, f16c, cet_ibt, cet_ss, avx512_ifma
Processor Information for the first 8 processors :
  Max Mhz: 2496, Current Mhz: 2496, Mhz Limit: 2496

Memory: 4k page, system-wide physical 16122M (2851M free)
TotalPageFile size 32953M (AvailPageFile size 7M)
current process WorkingSet (physical memory assigned to process): 130M, peak: 130M
current process commit charge ("private bytes"): 271M, peak: 271M

vm_info: OpenJDK 64-Bit Server VM (21.0.10+7-LTS) for windows-amd64 JRE (21.0.10+7-LTS), built on 2026-01-20T00:00:00Z by "admin" with MS VC++ 17.12 (VS2022)

END.
