#
# There is insufficient memory for the Java Runtime Environment to continue.
# Native memory allocation (malloc) failed to allocate 402880 bytes. Error detail: Chunk::new
# Possible reasons:
#   The system is out of physical RAM or swap space
#   This process is running with CompressedOops enabled, and the Java Heap may be blocking the growth of the native heap
# Possible solutions:
#   Reduce memory load on the system
#   Increase physical memory or swap space
#   Check if swap backing store is full
#   Decrease Java heap size (-Xmx/-Xms)
#   Decrease number of Java threads
#   Decrease Java thread stack sizes (-Xss)
#   Set larger code cache with -XX:ReservedCodeCacheSize=
#   JVM is running with Unscaled Compressed Oops mode in which the Java heap is
#     placed in the first 4GB address space. The Java Heap base address is the
#     maximum limit for the native heap growth. Please use -XX:HeapBaseMinAddress
#     to set the Java Heap base and to place the Java Heap above 4GB virtual address.
# This output file may be truncated or incomplete.
#
#  Out of Memory Error (arena.cpp:168), pid=30116, tid=13420
#
# JRE version: OpenJDK Runtime Environment Temurin-21.0.10+7 (21.0.10+7) (build 21.0.10+7-LTS)
# Java VM: OpenJDK 64-Bit Server VM Temurin-21.0.10+7 (21.0.10+7-LTS, mixed mode, sharing, tiered, compressed oops, compressed class ptrs, parallel gc, windows-amd64)
# No core dump will be written. Minidumps are not enabled by default on client versions of Windows
#

---------------  S U M M A R Y ------------

Command Line: --add-modules=ALL-SYSTEM --add-opens=java.base/java.util=ALL-UNNAMED --add-opens=java.base/java.lang=ALL-UNNAMED --add-opens=java.base/sun.nio.fs=ALL-UNNAMED -Declipse.application=org.eclipse.jdt.ls.core.id1 -Dosgi.bundles.defaultStartLevel=4 -Declipse.product=org.eclipse.jdt.ls.core.product -Djava.import.generatesMetadataFilesAtProjectRoot=false -DDetectVMInstallationsJob.disabled=true -Dfile.encoding=utf8 -XX:+UseParallelGC -XX:GCTimeRatio=4 -XX:AdaptiveSizePolicyWeight=90 -Dsun.zip.disableMemoryMapping=true -Xmx2G -Xms100m -Xlog:disable -javaagent:c:\Users\DELL\.antigravity\extensions\redhat.java-1.54.0-win32-x64\lombok\lombok-1.18.39-4050.jar -XX:+HeapDumpOnOutOfMemoryError -XX:HeapDumpPath=c:\Users\DELL\AppData\Roaming\Antigravity\User\workspaceStorage\ef3b6c5f962f6b7ba8e6f6356c8f0770\redhat.java -Daether.dependencyCollector.impl=bf c:\Users\DELL\.antigravity\extensions\redhat.java-1.54.0-win32-x64\server\plugins\org.eclipse.equinox.launcher_1.7.100.v20251111-0406.jar -configuration c:\Users\DELL\AppData\Roaming\Antigravity\User\globalStorage\redhat.java\1.54.0\config_win -data c:\Users\DELL\AppData\Roaming\Antigravity\User\workspaceStorage\ef3b6c5f962f6b7ba8e6f6356c8f0770\redhat.java\jdt_ws --pipe=\\.\pipe\lsp-f6958ff3bbe929b6eae8d103b3874be4-sock

Host: 11th Gen Intel(R) Core(TM) i5-11320H @ 3.20GHz, 8 cores, 15G,  Windows 11 , 64 bit Build 22000 (10.0.22000.2538)
Time: Mon Apr 27 20:40:08 2026 India Standard Time elapsed time: 4.314235 seconds (0d 0h 0m 4s)

---------------  T H R E A D  ---------------

Current thread (0x0000019ae14cd320):  JavaThread "C2 CompilerThread1" daemon [_thread_in_native, id=13420, stack(0x00000097e7300000,0x00000097e7400000) (1024K)]


Current CompileTask:
C2:4314 2122 %     4       org.eclipse.osgi.util.ManifestElement::readLine @ 0 (122 bytes)

Stack: [0x00000097e7300000,0x00000097e7400000]
Native frames: (J=compiled Java code, j=interpreted, Vv=VM code, C=native code)
V  [jvm.dll+0x6d7a39]
V  [jvm.dll+0x8b4b26]
V  [jvm.dll+0x8b70de]
V  [jvm.dll+0x8b77c3]
V  [jvm.dll+0x284346]
V  [jvm.dll+0xc66ed]
V  [jvm.dll+0xc6c31]
V  [jvm.dll+0x3bec3b]
V  [jvm.dll+0x1e3f69]
V  [jvm.dll+0x24c6b3]
V  [jvm.dll+0x24bb40]
V  [jvm.dll+0x1cb34e]
V  [jvm.dll+0x25b85d]
V  [jvm.dll+0x259dea]
V  [jvm.dll+0x3f857e]
V  [jvm.dll+0x85f59d]
V  [jvm.dll+0x6d626d]
C  [ucrtbase.dll+0x26c0c]
C  [KERNEL32.DLL+0x153e0]
C  [ntdll.dll+0x485b]


---------------  P R O C E S S  ---------------

Threads class SMR info:
_java_thread_list=0x0000019ae1710ba0, length=16, elements={
0x0000019ac47e1370, 0x0000019adb24b450, 0x0000019adb24eb80, 0x0000019adb250b10,
0x0000019adb253bc0, 0x0000019adb257620, 0x0000019adb25c000, 0x0000019adb25d8c0,
0x0000019adb29e460, 0x0000019adcd21cf0, 0x0000019adce43e70, 0x0000019ae18580f0,
0x0000019ae14bc860, 0x0000019ae14b9300, 0x0000019ae15263a0, 0x0000019ae14cd320
}

Java Threads: ( => current thread )
  0x0000019ac47e1370 JavaThread "main"                              [_thread_blocked, id=30996, stack(0x00000097e6500000,0x00000097e6600000) (1024K)]
  0x0000019adb24b450 JavaThread "Reference Handler"          daemon [_thread_blocked, id=20632, stack(0x00000097e6a00000,0x00000097e6b00000) (1024K)]
  0x0000019adb24eb80 JavaThread "Finalizer"                  daemon [_thread_blocked, id=29496, stack(0x00000097e6b00000,0x00000097e6c00000) (1024K)]
  0x0000019adb250b10 JavaThread "Signal Dispatcher"          daemon [_thread_blocked, id=4612, stack(0x00000097e6c00000,0x00000097e6d00000) (1024K)]
  0x0000019adb253bc0 JavaThread "Attach Listener"            daemon [_thread_blocked, id=9848, stack(0x00000097e6d00000,0x00000097e6e00000) (1024K)]
  0x0000019adb257620 JavaThread "Service Thread"             daemon [_thread_blocked, id=16536, stack(0x00000097e6e00000,0x00000097e6f00000) (1024K)]
  0x0000019adb25c000 JavaThread "Monitor Deflation Thread"   daemon [_thread_blocked, id=30900, stack(0x00000097e6f00000,0x00000097e7000000) (1024K)]
  0x0000019adb25d8c0 JavaThread "C2 CompilerThread0"         daemon [_thread_in_native, id=26604, stack(0x00000097e7000000,0x00000097e7100000) (1024K)]
  0x0000019adb29e460 JavaThread "C1 CompilerThread0"         daemon [_thread_blocked, id=10816, stack(0x00000097e7100000,0x00000097e7200000) (1024K)]
  0x0000019adcd21cf0 JavaThread "Common-Cleaner"             daemon [_thread_blocked, id=31972, stack(0x00000097e7200000,0x00000097e7300000) (1024K)]
  0x0000019adce43e70 JavaThread "Notification Thread"        daemon [_thread_blocked, id=13124, stack(0x00000097e7400000,0x00000097e7500000) (1024K)]
  0x0000019ae18580f0 JavaThread "Active Thread: Equinox Container: 53853227-2f32-4679-bdff-8f00c296559e"        [_thread_blocked, id=30312, stack(0x00000097e7b00000,0x00000097e7c00000) (1024K)]
  0x0000019ae14bc860 JavaThread "Refresh Thread: Equinox Container: 53853227-2f32-4679-bdff-8f00c296559e" daemon [_thread_blocked, id=28100, stack(0x00000097e7d00000,0x00000097e7e00000) (1024K)]
  0x0000019ae14b9300 JavaThread "Framework Event Dispatcher: Equinox Container: 53853227-2f32-4679-bdff-8f00c296559e" daemon [_thread_blocked, id=26100, stack(0x00000097e7e00000,0x00000097e7f00000) (1024K)]
  0x0000019ae15263a0 JavaThread "Start Level: Equinox Container: 53853227-2f32-4679-bdff-8f00c296559e" daemon [_thread_in_native, id=22776, stack(0x00000097e7f00000,0x00000097e8000000) (1024K)]
=>0x0000019ae14cd320 JavaThread "C2 CompilerThread1"         daemon [_thread_in_native, id=13420, stack(0x00000097e7300000,0x00000097e7400000) (1024K)]
Total: 16

Other Threads:
  0x0000019adb242be0 VMThread "VM Thread"                           [id=14568, stack(0x00000097e6900000,0x00000097e6a00000) (1024K)]
  0x0000019ac484d5c0 WatcherThread "VM Periodic Task Thread"        [id=12720, stack(0x00000097e6800000,0x00000097e6900000) (1024K)]
  0x0000019ac47ffa50 WorkerThread "GC Thread#0"                     [id=27344, stack(0x00000097e6700000,0x00000097e6800000) (1024K)]
  0x0000019ae1007780 WorkerThread "GC Thread#1"                     [id=27996, stack(0x00000097e7500000,0x00000097e7600000) (1024K)]
  0x0000019ae1007b30 WorkerThread "GC Thread#2"                     [id=24416, stack(0x00000097e7600000,0x00000097e7700000) (1024K)]
  0x0000019ae12cf580 WorkerThread "GC Thread#3"                     [id=1600, stack(0x00000097e7700000,0x00000097e7800000) (1024K)]
  0x0000019ae12cf930 WorkerThread "GC Thread#4"                     [id=12148, stack(0x00000097e7800000,0x00000097e7900000) (1024K)]
  0x0000019ae12cfce0 WorkerThread "GC Thread#5"                     [id=21496, stack(0x00000097e7900000,0x00000097e7a00000) (1024K)]
  0x0000019ae101e0a0 WorkerThread "GC Thread#6"                     [id=26820, stack(0x00000097e7a00000,0x00000097e7b00000) (1024K)]
  0x0000019ae14bbf60 WorkerThread "GC Thread#7"                     [id=15468, stack(0x00000097e7c00000,0x00000097e7d00000) (1024K)]
Total: 10

Threads with active compile tasks:
C2 CompilerThread0  4339 2164 %     4       java.util.Properties$LineReader::readLine @ 53 (584 bytes)
C2 CompilerThread1  4339 2122 %     4       org.eclipse.osgi.util.ManifestElement::readLine @ 0 (122 bytes)
Total: 2

VM state: not at safepoint (normal execution)

VM Mutex/Monitor currently owned by a thread: None

Heap address: 0x0000000080000000, size: 2048 MB, Compressed Oops mode: 32-bit

CDS archive(s) mapped at: [0x0000019a80000000-0x0000019a80ba0000-0x0000019a80ba0000), size 12189696, SharedBaseAddress: 0x0000019a80000000, ArchiveRelocationMode: 1.
Compressed class space mapped at: 0x0000019a81000000-0x0000019ac1000000, reserved size: 1073741824
Narrow klass base: 0x0000019a80000000, Narrow klass shift: 0, Narrow klass range: 0x100000000

GC Precious Log:
 CardTable entry size: 512
 CPUs: 8 total, 8 available
 Memory: 16122M
 Large Page Support: Disabled
 NUMA Support: Disabled
 Compressed Oops: Enabled (32-bit)
 Alignments: Space 512K, Generation 512K, Heap 2M
 Heap Min Capacity: 100M
 Heap Initial Capacity: 100M
 Heap Max Capacity: 2G
 Pre-touch: Disabled
 Parallel Workers: 8

Heap:
 PSYoungGen      total 29696K, used 29200K [0x00000000d5580000, 0x00000000d7680000, 0x0000000100000000)
  eden space 25600K, 98% used [0x00000000d5580000,0x00000000d6e0a9c0,0x00000000d6e80000)
  from space 4096K, 99% used [0x00000000d7280000,0x00000000d7679800,0x00000000d7680000)
  to   space 4096K, 0% used [0x00000000d6e80000,0x00000000d6e80000,0x00000000d7280000)
 ParOldGen       total 68608K, used 2047K [0x0000000080000000, 0x0000000084300000, 0x00000000d5580000)
  object space 68608K, 2% used [0x0000000080000000,0x00000000801ffeb8,0x0000000084300000)
 Metaspace       used 9467K, committed 9792K, reserved 1114112K
  class space    used 1007K, committed 1152K, reserved 1048576K

Card table byte_map: [0x0000019ac41a0000,0x0000019ac45b0000] _byte_map_base: 0x0000019ac3da0000

Marking Bits: (ParMarkBitMap*) 0x00007ffd262f3450
 Begin Bits: [0x0000019ad6ca0000, 0x0000019ad8ca0000)
 End Bits:   [0x0000019ad8ca0000, 0x0000019adaca0000)

Polling page: 0x0000019ac27e0000

Metaspace:

Usage:
  Non-class:      8.26 MB used.
      Class:   1007.71 KB used.
       Both:      9.25 MB used.

Virtual space:
  Non-class space:       64.00 MB reserved,       8.44 MB ( 13%) committed,  1 nodes.
      Class space:        1.00 GB reserved,       1.12 MB ( <1%) committed,  1 nodes.
             Both:        1.06 GB reserved,       9.56 MB ( <1%) committed. 

Chunk freelists:
   Non-Class:  6.78 MB
       Class:  14.79 MB
        Both:  21.57 MB

MaxMetaspaceSize: unlimited
CompressedClassSpaceSize: 1.00 GB
Initial GC threshold: 21.00 MB
Current GC threshold: 21.00 MB
CDS: on
 - commit_granule_bytes: 65536.
 - commit_granule_words: 8192.
 - virtual_space_node_default_size: 8388608.
 - enlarge_chunks_in_place: 1.
 - use_allocation_guard: 0.


Internal statistics:

num_allocs_failed_limit: 0.
num_arena_births: 256.
num_arena_deaths: 0.
num_vsnodes_births: 2.
num_vsnodes_deaths: 0.
num_space_committed: 153.
num_space_uncommitted: 0.
num_chunks_returned_to_freelist: 0.
num_chunks_taken_from_freelist: 513.
num_chunk_merges: 0.
num_chunk_splits: 320.
num_chunks_enlarged: 211.
num_inconsistent_stats: 0.

CodeHeap 'non-profiled nmethods': size=120000Kb used=943Kb max_used=943Kb free=119056Kb
 bounds [0x0000019acf4c0000, 0x0000019acf730000, 0x0000019ad69f0000]
CodeHeap 'profiled nmethods': size=120000Kb used=3997Kb max_used=3997Kb free=116002Kb
 bounds [0x0000019ac79f0000, 0x0000019ac7de0000, 0x0000019acef20000]
CodeHeap 'non-nmethods': size=5760Kb used=1238Kb max_used=1257Kb free=4522Kb
 bounds [0x0000019acef20000, 0x0000019acf190000, 0x0000019acf4c0000]
CodeCache: size=245760Kb, used=6178Kb, max_used=6197Kb, free=239580Kb
 total_blobs=2672, nmethods=2180, adapters=398, full_count=0
Compilation: enabled, stopped_count=0, restarted_count=0

Compilation events (20 events):
Event: 4.256 Thread 0x0000019adb25d8c0 nmethod 2143 0x0000019acf5a7590 code [0x0000019acf5a7720, 0x0000019acf5a7990]
Event: 4.256 Thread 0x0000019adb25d8c0 2144       4       java.util.concurrent.locks.ReentrantLock$Sync::tryRelease (51 bytes)
Event: 4.257 Thread 0x0000019adb25d8c0 nmethod 2144 0x0000019acf5a7b10 code [0x0000019acf5a7ca0, 0x0000019acf5a7d78]
Event: 4.258 Thread 0x0000019adb29e460 2147       3       java.nio.Buffer::hasRemaining (17 bytes)
Event: 4.258 Thread 0x0000019adb29e460 nmethod 2147 0x0000019ac7dc6c90 code [0x0000019ac7dc6e20, 0x0000019ac7dc6f88]
Event: 4.258 Thread 0x0000019adb29e460 2148       3       java.util.concurrent.ConcurrentHashMap$BaseIterator::<init> (21 bytes)
Event: 4.259 Thread 0x0000019adb29e460 nmethod 2148 0x0000019ac7dc7010 code [0x0000019ac7dc71c0, 0x0000019ac7dc7360]
Event: 4.259 Thread 0x0000019adb29e460 2149       3       java.util.concurrent.ConcurrentHashMap$Traverser::<init> (36 bytes)
Event: 4.259 Thread 0x0000019adb29e460 nmethod 2149 0x0000019ac7dc7410 code [0x0000019ac7dc75c0, 0x0000019ac7dc7768]
Event: 4.262 Thread 0x0000019adb29e460 2150       3       org.eclipse.osgi.container.ModuleRevision::getWiring (12 bytes)
Event: 4.263 Thread 0x0000019adb29e460 nmethod 2150 0x0000019ac7dc7810 code [0x0000019ac7dc7a80, 0x0000019ac7dc8510]
Event: 4.263 Thread 0x0000019adb29e460 2151       3       org.eclipse.osgi.container.ModuleContainer::getWiring (9 bytes)
Event: 4.264 Thread 0x0000019adb29e460 nmethod 2151 0x0000019ac7dc8a90 code [0x0000019ac7dc8d00, 0x0000019ac7dc96e0]
Event: 4.264 Thread 0x0000019adb29e460 2152       3       org.eclipse.osgi.internal.framework.EquinoxBundle::getBundleId (11 bytes)
Event: 4.264 Thread 0x0000019adb29e460 nmethod 2152 0x0000019ac7dc9b90 code [0x0000019ac7dc9d40, 0x0000019ac7dc9e90]
Event: 4.267 Thread 0x0000019adb29e460 2153       3       java.util.ArrayList$SubList::size (9 bytes)
Event: 4.267 Thread 0x0000019adb29e460 nmethod 2153 0x0000019ac7dc9f90 code [0x0000019ac7dca160, 0x0000019ac7dca3e8]
Event: 4.267 Thread 0x0000019adb29e460 2154       3       java.util.Collection::stream (11 bytes)
Event: 4.267 Thread 0x0000019adb29e460 nmethod 2154 0x0000019ac7dca510 code [0x0000019ac7dca6c0, 0x0000019ac7dca8c0]
Event: 4.267 Thread 0x0000019adb25d8c0 2155 %     4       java.util.Properties$LineReader::readLine @ 293 (584 bytes)

GC Heap History (4 events):
Event: 1.513 GC heap before
{Heap before GC invocations=1 (full 0):
 PSYoungGen      total 29696K, used 25600K [0x00000000d5580000, 0x00000000d7680000, 0x0000000100000000)
  eden space 25600K, 100% used [0x00000000d5580000,0x00000000d6e80000,0x00000000d6e80000)
  from space 4096K, 0% used [0x00000000d7280000,0x00000000d7280000,0x00000000d7680000)
  to   space 4096K, 0% used [0x00000000d6e80000,0x00000000d6e80000,0x00000000d7280000)
 ParOldGen       total 68608K, used 0K [0x0000000080000000, 0x0000000084300000, 0x00000000d5580000)
  object space 68608K, 0% used [0x0000000080000000,0x0000000080000000,0x0000000084300000)
 Metaspace       used 4346K, committed 4608K, reserved 1114112K
  class space    used 473K, committed 576K, reserved 1048576K
}
Event: 1.549 GC heap after
{Heap after GC invocations=1 (full 0):
 PSYoungGen      total 29696K, used 3303K [0x00000000d5580000, 0x00000000d7680000, 0x0000000100000000)
  eden space 25600K, 0% used [0x00000000d5580000,0x00000000d5580000,0x00000000d6e80000)
  from space 4096K, 80% used [0x00000000d6e80000,0x00000000d71b9e98,0x00000000d7280000)
  to   space 4096K, 0% used [0x00000000d7280000,0x00000000d7280000,0x00000000d7680000)
 ParOldGen       total 68608K, used 0K [0x0000000080000000, 0x0000000084300000, 0x00000000d5580000)
  object space 68608K, 0% used [0x0000000080000000,0x0000000080000000,0x0000000084300000)
 Metaspace       used 4346K, committed 4608K, reserved 1114112K
  class space    used 473K, committed 576K, reserved 1048576K
}
Event: 3.391 GC heap before
{Heap before GC invocations=2 (full 0):
 PSYoungGen      total 29696K, used 28903K [0x00000000d5580000, 0x00000000d7680000, 0x0000000100000000)
  eden space 25600K, 100% used [0x00000000d5580000,0x00000000d6e80000,0x00000000d6e80000)
  from space 4096K, 80% used [0x00000000d6e80000,0x00000000d71b9e98,0x00000000d7280000)
  to   space 4096K, 0% used [0x00000000d7280000,0x00000000d7280000,0x00000000d7680000)
 ParOldGen       total 68608K, used 0K [0x0000000080000000, 0x0000000084300000, 0x00000000d5580000)
  object space 68608K, 0% used [0x0000000080000000,0x0000000080000000,0x0000000084300000)
 Metaspace       used 8010K, committed 8320K, reserved 1114112K
  class space    used 828K, committed 960K, reserved 1048576K
}
Event: 3.402 GC heap after
{Heap after GC invocations=2 (full 0):
 PSYoungGen      total 29696K, used 4070K [0x00000000d5580000, 0x00000000d7680000, 0x0000000100000000)
  eden space 25600K, 0% used [0x00000000d5580000,0x00000000d5580000,0x00000000d6e80000)
  from space 4096K, 99% used [0x00000000d7280000,0x00000000d7679800,0x00000000d7680000)
  to   space 4096K, 0% used [0x00000000d6e80000,0x00000000d6e80000,0x00000000d7280000)
 ParOldGen       total 68608K, used 2047K [0x0000000080000000, 0x0000000084300000, 0x00000000d5580000)
  object space 68608K, 2% used [0x0000000080000000,0x00000000801ffeb8,0x0000000084300000)
 Metaspace       used 8010K, committed 8320K, reserved 1114112K
  class space    used 828K, committed 960K, reserved 1048576K
}

Dll operation events (9 events):
Event: 0.036 Loaded shared library c:\Users\DELL\.antigravity\extensions\redhat.java-1.54.0-win32-x64\jre\21.0.10-win32-x86_64\bin\java.dll
Event: 0.384 Loaded shared library c:\Users\DELL\.antigravity\extensions\redhat.java-1.54.0-win32-x64\jre\21.0.10-win32-x86_64\bin\zip.dll
Event: 0.429 Loaded shared library C:\Users\DELL\.antigravity\extensions\redhat.java-1.54.0-win32-x64\jre\21.0.10-win32-x86_64\bin\instrument.dll
Event: 0.464 Loaded shared library C:\Users\DELL\.antigravity\extensions\redhat.java-1.54.0-win32-x64\jre\21.0.10-win32-x86_64\bin\net.dll
Event: 0.467 Loaded shared library C:\Users\DELL\.antigravity\extensions\redhat.java-1.54.0-win32-x64\jre\21.0.10-win32-x86_64\bin\nio.dll
Event: 0.472 Loaded shared library C:\Users\DELL\.antigravity\extensions\redhat.java-1.54.0-win32-x64\jre\21.0.10-win32-x86_64\bin\zip.dll
Event: 0.497 Loaded shared library C:\Users\DELL\.antigravity\extensions\redhat.java-1.54.0-win32-x64\jre\21.0.10-win32-x86_64\bin\jimage.dll
Event: 0.595 Loaded shared library c:\Users\DELL\.antigravity\extensions\redhat.java-1.54.0-win32-x64\jre\21.0.10-win32-x86_64\bin\verify.dll
Event: 3.442 Loaded shared library C:\Users\DELL\AppData\Roaming\Antigravity\User\globalStorage\redhat.java\1.54.0\config_win\org.eclipse.equinox.launcher\org.eclipse.equinox.launcher.win32.win32.x86_64_1.3.0.v20260203-2149\eclipse_11919.dll

Deoptimization events (20 events):
Event: 4.231 Thread 0x0000019ae15263a0 Uncommon trap: trap_request=0xffffff45 fr.pc=0x0000019acf594da0 relative=0x0000000000000660
Event: 4.231 Thread 0x0000019ae15263a0 Uncommon trap: reason=unstable_if action=reinterpret pc=0x0000019acf594da0 method=java.util.regex.Matcher.search(I)Z @ 30 c2
Event: 4.231 Thread 0x0000019ae15263a0 DEOPT PACKING pc=0x0000019acf594da0 sp=0x00000097e7ffdac0
Event: 4.231 Thread 0x0000019ae15263a0 DEOPT UNPACKING pc=0x0000019acef76da2 sp=0x00000097e7ffdab0 mode 2
Event: 4.232 Thread 0x0000019ae15263a0 Uncommon trap: trap_request=0xffffffde fr.pc=0x0000019acf593f64 relative=0x0000000000000304
Event: 4.232 Thread 0x0000019ae15263a0 Uncommon trap: reason=class_check action=maybe_recompile pc=0x0000019acf593f64 method=java.util.regex.Pattern$BmpCharPropertyGreedy.match(Ljava/util/regex/Matcher;ILjava/lang/CharSequence;)Z @ 26 c2
Event: 4.232 Thread 0x0000019ae15263a0 DEOPT PACKING pc=0x0000019acf593f64 sp=0x00000097e7ffd7b0
Event: 4.232 Thread 0x0000019ae15263a0 DEOPT UNPACKING pc=0x0000019acef76da2 sp=0x00000097e7ffd768 mode 2
Event: 4.232 Thread 0x0000019ae15263a0 Uncommon trap: trap_request=0xffffffde fr.pc=0x0000019acf593f64 relative=0x0000000000000304
Event: 4.232 Thread 0x0000019ae15263a0 Uncommon trap: reason=class_check action=maybe_recompile pc=0x0000019acf593f64 method=java.util.regex.Pattern$BmpCharPropertyGreedy.match(Ljava/util/regex/Matcher;ILjava/lang/CharSequence;)Z @ 26 c2
Event: 4.232 Thread 0x0000019ae15263a0 DEOPT PACKING pc=0x0000019acf593f64 sp=0x00000097e7ffd6b0
Event: 4.232 Thread 0x0000019ae15263a0 DEOPT UNPACKING pc=0x0000019acef76da2 sp=0x00000097e7ffd648 mode 2
Event: 4.232 Thread 0x0000019ae15263a0 Uncommon trap: trap_request=0xffffffde fr.pc=0x0000019acf593f64 relative=0x0000000000000304
Event: 4.232 Thread 0x0000019ae15263a0 Uncommon trap: reason=class_check action=maybe_recompile pc=0x0000019acf593f64 method=java.util.regex.Pattern$BmpCharPropertyGreedy.match(Ljava/util/regex/Matcher;ILjava/lang/CharSequence;)Z @ 26 c2
Event: 4.232 Thread 0x0000019ae15263a0 DEOPT PACKING pc=0x0000019acf593f64 sp=0x00000097e7ffd7b0
Event: 4.232 Thread 0x0000019ae15263a0 DEOPT UNPACKING pc=0x0000019acef76da2 sp=0x00000097e7ffd768 mode 2
Event: 4.232 Thread 0x0000019ae15263a0 Uncommon trap: trap_request=0xffffffde fr.pc=0x0000019acf593f64 relative=0x0000000000000304
Event: 4.232 Thread 0x0000019ae15263a0 Uncommon trap: reason=class_check action=maybe_recompile pc=0x0000019acf593f64 method=java.util.regex.Pattern$BmpCharPropertyGreedy.match(Ljava/util/regex/Matcher;ILjava/lang/CharSequence;)Z @ 26 c2
Event: 4.232 Thread 0x0000019ae15263a0 DEOPT PACKING pc=0x0000019acf593f64 sp=0x00000097e7ffd6b0
Event: 4.232 Thread 0x0000019ae15263a0 DEOPT UNPACKING pc=0x0000019acef76da2 sp=0x00000097e7ffd648 mode 2

Classes loaded (20 events):
Event: 3.813 Loading class sun/util/logging/resources/logging_en_IN
Event: 3.813 Loading class sun/util/logging/resources/logging_en_IN done
Event: 3.816 Loading class java/util/Formatter$DateTime
Event: 3.816 Loading class java/util/Formatter$DateTime done
Event: 3.816 Loading class java/util/Formatter$FixedString
Event: 3.816 Loading class java/util/Formatter$FixedString done
Event: 3.817 Loading class java/time/ZonedDateTime$1
Event: 3.817 Loading class java/time/ZonedDateTime$1 done
Event: 3.823 Loading class jdk/internal/module/ModulePatcher$PatchedModuleReader
Event: 3.823 Loading class jdk/internal/module/ModulePatcher$PatchedModuleReader done
Event: 3.853 Loading class sun/util/resources/LocaleData$CommonResourceBundleProvider
Event: 3.854 Loading class sun/util/resources/LocaleData$LocaleDataResourceBundleProvider
Event: 3.854 Loading class java/util/spi/ResourceBundleProvider
Event: 3.854 Loading class java/util/spi/ResourceBundleProvider done
Event: 3.854 Loading class sun/util/resources/LocaleData$LocaleDataResourceBundleProvider done
Event: 3.854 Loading class sun/util/resources/LocaleData$CommonResourceBundleProvider done
Event: 3.856 Loading class sun/text/resources/cldr/FormatData_en
Event: 3.857 Loading class sun/text/resources/cldr/FormatData_en done
Event: 3.857 Loading class sun/util/resources/Bundles$2
Event: 3.857 Loading class sun/util/resources/Bundles$2 done

Classes unloaded (0 events):
No events

Classes redefined (0 events):
No events

Internal exceptions (20 events):
Event: 1.635 Thread 0x0000019ac47e1370 Implicit null exception at 0x0000019acf522166 to 0x0000019acf52220a
Event: 1.636 Thread 0x0000019ac47e1370 Implicit null exception at 0x0000019acf530d1a to 0x0000019acf530f20
Event: 1.636 Thread 0x0000019ac47e1370 Exception <a 'java/lang/NoSuchMethodError'{0x00000000d573fc78}: 'void java.lang.invoke.DirectMethodHandle$Holder.invokeStatic(java.lang.Object, java.lang.Object, java.lang.Object, java.lang.Object)'> (0x00000000d573fc78) 
thrown [s\src\hotspot\share\interpreter\linkResolver.cpp, line 773]
Event: 1.639 Thread 0x0000019ac47e1370 Implicit null exception at 0x0000019acf529a9a to 0x0000019acf529ca4
Event: 1.639 Thread 0x0000019ac47e1370 Implicit null exception at 0x0000019acf520d3d to 0x0000019acf520dc1
Event: 2.356 Thread 0x0000019ac47e1370 Exception <a 'java/lang/NoSuchMethodError'{0x00000000d59ea7b8}: 'void java.lang.invoke.DirectMethodHandle$Holder.invokeSpecial(java.lang.Object, java.lang.Object, java.lang.Object)'> (0x00000000d59ea7b8) 
thrown [s\src\hotspot\share\interpreter\linkResolver.cpp, line 773]
Event: 2.832 Thread 0x0000019ac47e1370 Exception <a 'java/lang/NoSuchMethodError'{0x00000000d645b620}: 'int java.lang.invoke.DirectMethodHandle$Holder.invokeVirtual(java.lang.Object, java.lang.Object)'> (0x00000000d645b620) 
thrown [s\src\hotspot\share\interpreter\linkResolver.cpp, line 773]
Event: 2.933 Thread 0x0000019ac47e1370 Exception <a 'java/lang/NoSuchMethodError'{0x00000000d65d1c18}: 'int java.lang.invoke.DirectMethodHandle$Holder.invokeStaticInit(java.lang.Object, java.lang.Object, java.lang.Object, java.lang.Object)'> (0x00000000d65d1c18) 
thrown [s\src\hotspot\share\interpreter\linkResolver.cpp, line 773]
Event: 2.934 Thread 0x0000019ac47e1370 Exception <a 'java/lang/IncompatibleClassChangeError'{0x00000000d65da020}: Found class java.lang.Object, but interface was expected> (0x00000000d65da020) 
thrown [s\src\hotspot\share\interpreter\linkResolver.cpp, line 840]
Event: 2.935 Thread 0x0000019ac47e1370 Exception <a 'java/lang/NoSuchMethodError'{0x00000000d65e0810}: 'void java.lang.invoke.DirectMethodHandle$Holder.invokeStaticInit(java.lang.Object, java.lang.Object)'> (0x00000000d65e0810) 
thrown [s\src\hotspot\share\interpreter\linkResolver.cpp, line 773]
Event: 2.936 Thread 0x0000019ac47e1370 Exception <a 'java/lang/NoSuchMethodError'{0x00000000d65e99c8}: 'int java.lang.invoke.DirectMethodHandle$Holder.invokeStaticInit(java.lang.Object, java.lang.Object)'> (0x00000000d65e99c8) 
thrown [s\src\hotspot\share\interpreter\linkResolver.cpp, line 773]
Event: 3.100 Thread 0x0000019ac47e1370 Exception <a 'java/lang/NoSuchMethodError'{0x00000000d682fd50}: 'java.lang.Object java.lang.invoke.DirectMethodHandle$Holder.newInvokeSpecial(java.lang.Object, int, java.lang.Object)'> (0x00000000d682fd50) 
thrown [s\src\hotspot\share\interpreter\linkResolver.cpp, line 773]
Event: 3.158 Thread 0x0000019ac47e1370 Exception <a 'java/lang/ClassNotFoundException'{0x00000000d6a48530}: sun/net/www/protocol/plurl/Handler> (0x00000000d6a48530) 
thrown [s\src\hotspot\share\classfile\systemDictionary.cpp, line 312]
Event: 3.158 Thread 0x0000019ac47e1370 Exception <a 'java/lang/ClassNotFoundException'{0x00000000d6a493b0}: sun/net/www/protocol/plurl/Handler> (0x00000000d6a493b0) 
thrown [s\src\hotspot\share\classfile\systemDictionary.cpp, line 312]
Event: 3.436 Thread 0x0000019ac47e1370 Exception <a 'java/lang/UnsatisfiedLinkError'{0x00000000d55ef268}: 'void org.eclipse.equinox.launcher.JNIBridge._update_splash()'> (0x00000000d55ef268) 
thrown [s\src\hotspot\share\prims\nativeLookup.cpp, line 415]
Event: 3.516 Thread 0x0000019ae14bc860 Exception <a 'java/lang/NoSuchMethodError'{0x00000000d586b330}: 'void java.lang.invoke.DirectMethodHandle$Holder.invokeInterface(java.lang.Object, java.lang.Object, java.lang.Object)'> (0x00000000d586b330) 
thrown [s\src\hotspot\share\interpreter\linkResolver.cpp, line 773]
Event: 3.689 Thread 0x0000019ae15263a0 Exception <a 'java/lang/NoSuchMethodError'{0x00000000d5cce7d8}: 'java.lang.Object java.lang.invoke.DirectMethodHandle$Holder.newInvokeSpecial(java.lang.Object, java.lang.Object, int, java.lang.Object)'> (0x00000000d5cce7d8) 
thrown [s\src\hotspot\share\interpreter\linkResolver.cpp, line 773]
Event: 3.690 Thread 0x0000019ae15263a0 Exception <a 'java/lang/NoSuchMethodError'{0x00000000d5cd2608}: 'java.lang.Object java.lang.invoke.DirectMethodHandle$Holder.invokeSpecial(java.lang.Object, java.lang.Object, java.lang.Object, int, java.lang.Object)'> (0x00000000d5cd2608) 
thrown [s\src\hotspot\share\interpreter\linkResolver.cpp, line 773]
Event: 3.723 Thread 0x0000019ae15263a0 Exception <a 'java/lang/NoClassDefFoundError'{0x00000000d5d79608}: jakarta/servlet/ServletContainerInitializer> (0x00000000d5d79608) 
thrown [s\src\hotspot\share\classfile\systemDictionary.cpp, line 301]
Event: 3.810 Thread 0x0000019ae15263a0 Exception <a 'java/lang/ClassNotFoundException'{0x00000000d5ece1d0}: sun/util/logging/resources/spi/loggingProvider> (0x00000000d5ece1d0) 
thrown [s\src\hotspot\share\classfile\systemDictionary.cpp, line 312]

ZGC Phase Switch (0 events):
No events

VM Operations (20 events):
Event: 2.553 Executing safepoint VM operation: Cleanup
Event: 2.553 Executing safepoint VM operation: Cleanup done
Event: 3.055 Executing non-safepoint VM operation: HandshakeAllThreads (Deoptimize)
Event: 3.055 Executing non-safepoint VM operation: HandshakeAllThreads (Deoptimize) done
Event: 3.067 Executing non-safepoint VM operation: HandshakeAllThreads (Deoptimize)
Event: 3.067 Executing non-safepoint VM operation: HandshakeAllThreads (Deoptimize) done
Event: 3.143 Executing non-safepoint VM operation: HandshakeAllThreads (Deoptimize)
Event: 3.143 Executing non-safepoint VM operation: HandshakeAllThreads (Deoptimize) done
Event: 3.155 Executing non-safepoint VM operation: HandshakeAllThreads (Deoptimize)
Event: 3.155 Executing non-safepoint VM operation: HandshakeAllThreads (Deoptimize) done
Event: 3.391 Executing safepoint VM operation: ParallelGCFailedAllocation (Allocation Failure)
Event: 3.402 Executing safepoint VM operation: ParallelGCFailedAllocation (Allocation Failure) done
Event: 3.796 Executing non-safepoint VM operation: HandshakeAllThreads (Deoptimize)
Event: 3.796 Executing non-safepoint VM operation: HandshakeAllThreads (Deoptimize) done
Event: 3.824 Executing non-safepoint VM operation: HandshakeAllThreads (Deoptimize)
Event: 3.824 Executing non-safepoint VM operation: HandshakeAllThreads (Deoptimize) done
Event: 3.869 Executing non-safepoint VM operation: HandshakeAllThreads (Deoptimize)
Event: 3.869 Executing non-safepoint VM operation: HandshakeAllThreads (Deoptimize) done
Event: 3.879 Executing non-safepoint VM operation: HandshakeAllThreads (Deoptimize)
Event: 3.879 Executing non-safepoint VM operation: HandshakeAllThreads (Deoptimize) done

Memory protections (0 events):
No events

Nmethod flushes (0 events):
No events

Events (20 events):
Event: 0.091 Thread 0x0000019ac47e1370 Thread added: 0x0000019ac47e1370
Event: 0.148 Thread 0x0000019ac47e1370 Thread added: 0x0000019adb24b450
Event: 0.162 Thread 0x0000019ac47e1370 Thread added: 0x0000019adb24eb80
Event: 0.189 Thread 0x0000019ac47e1370 Thread added: 0x0000019adb250b10
Event: 0.199 Thread 0x0000019ac47e1370 Thread added: 0x0000019adb253bc0
Event: 0.224 Thread 0x0000019ac47e1370 Thread added: 0x0000019adb257620
Event: 0.237 Thread 0x0000019ac47e1370 Thread added: 0x0000019adb25c000
Event: 0.261 Thread 0x0000019ac47e1370 Thread added: 0x0000019adb25d8c0
Event: 0.312 Thread 0x0000019ac47e1370 Thread added: 0x0000019adb29e460
Event: 0.460 Thread 0x0000019ac47e1370 Thread added: 0x0000019adcd21cf0
Event: 0.629 Thread 0x0000019adb29e460 Thread added: 0x0000019adcd73f00
Event: 0.828 Thread 0x0000019ac47e1370 Thread added: 0x0000019adce43e70
Event: 1.965 Thread 0x0000019adcd73f00 Thread exited: 0x0000019adcd73f00
Event: 2.392 Thread 0x0000019adb29e460 Thread added: 0x0000019ae15263a0
Event: 3.022 Thread 0x0000019ac47e1370 Thread added: 0x0000019ae18580f0
Event: 3.433 Thread 0x0000019ac47e1370 Thread added: 0x0000019ae14bc860
Event: 3.520 Thread 0x0000019ae14bc860 Thread added: 0x0000019ae14b9300
Event: 3.538 Thread 0x0000019ae15263a0 Thread exited: 0x0000019ae15263a0
Event: 3.542 Thread 0x0000019ac47e1370 Thread added: 0x0000019ae15263a0
Event: 3.986 Thread 0x0000019adb29e460 Thread added: 0x0000019ae14cd320


Dynamic libraries:
0x00007ff658a20000 - 0x00007ff658a2e000 	c:\Users\DELL\.antigravity\extensions\redhat.java-1.54.0-win32-x64\jre\21.0.10-win32-x86_64\bin\java.exe
0x00007ffdef2e0000 - 0x00007ffdef4e9000 	C:\Windows\SYSTEM32\ntdll.dll
0x00007ffdedcc0000 - 0x00007ffdedd7d000 	C:\Windows\System32\KERNEL32.DLL
0x00007ffdec7e0000 - 0x00007ffdecb64000 	C:\Windows\System32\KERNELBASE.dll
0x00007ffdecbf0000 - 0x00007ffdecd01000 	C:\Windows\System32\ucrtbase.dll
0x00007ffdd1ee0000 - 0x00007ffdd1ef8000 	c:\Users\DELL\.antigravity\extensions\redhat.java-1.54.0-win32-x64\jre\21.0.10-win32-x86_64\bin\jli.dll
0x00007ffdeeab0000 - 0x00007ffdeec5d000 	C:\Windows\System32\USER32.dll
0x00007ffdecdb0000 - 0x00007ffdecdd6000 	C:\Windows\System32\win32u.dll
0x00007ffded1b0000 - 0x00007ffded1da000 	C:\Windows\System32\GDI32.dll
0x00007ffdecde0000 - 0x00007ffdecefe000 	C:\Windows\System32\gdi32full.dll
0x00007ffdecd10000 - 0x00007ffdecdad000 	C:\Windows\System32\msvcp_win.dll
0x00007ffdd1950000 - 0x00007ffdd196e000 	c:\Users\DELL\.antigravity\extensions\redhat.java-1.54.0-win32-x64\jre\21.0.10-win32-x86_64\bin\VCRUNTIME140.dll
0x00007ffdcc3e0000 - 0x00007ffdcc685000 	C:\Windows\WinSxS\amd64_microsoft.windows.common-controls_6595b64144ccf1df_6.0.22000.120_none_9d947278b86cc467\COMCTL32.dll
0x00007ffdeed90000 - 0x00007ffdeee33000 	C:\Windows\System32\msvcrt.dll
0x00007ffdeea70000 - 0x00007ffdeeaa1000 	C:\Windows\System32\IMM32.DLL
0x00007ffde75d0000 - 0x00007ffde75dc000 	c:\Users\DELL\.antigravity\extensions\redhat.java-1.54.0-win32-x64\jre\21.0.10-win32-x86_64\bin\vcruntime140_1.dll
0x00007ffda9f00000 - 0x00007ffda9f8d000 	c:\Users\DELL\.antigravity\extensions\redhat.java-1.54.0-win32-x64\jre\21.0.10-win32-x86_64\bin\msvcp140.dll
0x00007ffd25630000 - 0x00007ffd263d1000 	c:\Users\DELL\.antigravity\extensions\redhat.java-1.54.0-win32-x64\jre\21.0.10-win32-x86_64\bin\server\jvm.dll
0x00007ffdeee40000 - 0x00007ffdeeeee000 	C:\Windows\System32\ADVAPI32.dll
0x00007ffdedc10000 - 0x00007ffdedcae000 	C:\Windows\System32\sechost.dll
0x00007ffdedae0000 - 0x00007ffdedc01000 	C:\Windows\System32\RPCRT4.dll
0x00007ffded130000 - 0x00007ffded19f000 	C:\Windows\System32\WS2_32.dll
0x00007ffdeb060000 - 0x00007ffdeb0ad000 	C:\Windows\SYSTEM32\POWRPROF.dll
0x00007ffdea420000 - 0x00007ffdea453000 	C:\Windows\SYSTEM32\WINMM.dll
0x00007ffde68d0000 - 0x00007ffde68da000 	C:\Windows\SYSTEM32\VERSION.dll
0x00007ffdeb190000 - 0x00007ffdeb1a3000 	C:\Windows\SYSTEM32\UMPDC.dll
0x00007ffdeb8d0000 - 0x00007ffdeb8e8000 	C:\Windows\SYSTEM32\kernel.appcore.dll
0x00007ffddacf0000 - 0x00007ffddacfa000 	c:\Users\DELL\.antigravity\extensions\redhat.java-1.54.0-win32-x64\jre\21.0.10-win32-x86_64\bin\jimage.dll
0x00007ffdea160000 - 0x00007ffdea381000 	C:\Windows\SYSTEM32\DBGHELP.DLL
0x00007ffdea3e0000 - 0x00007ffdea411000 	C:\Windows\SYSTEM32\dbgcore.DLL
0x00007ffdecb70000 - 0x00007ffdecbef000 	C:\Windows\System32\bcryptPrimitives.dll
0x00007ffdd8d70000 - 0x00007ffdd8d7f000 	c:\Users\DELL\.antigravity\extensions\redhat.java-1.54.0-win32-x64\jre\21.0.10-win32-x86_64\bin\instrument.dll
0x00007ffdd1600000 - 0x00007ffdd1620000 	c:\Users\DELL\.antigravity\extensions\redhat.java-1.54.0-win32-x64\jre\21.0.10-win32-x86_64\bin\java.dll
0x00007ffdedd80000 - 0x00007ffdee545000 	C:\Windows\System32\SHELL32.dll
0x00007ffdea7e0000 - 0x00007ffdeb042000 	C:\Windows\SYSTEM32\windows.storage.dll
0x00007ffded2e0000 - 0x00007ffded656000 	C:\Windows\System32\combase.dll
0x00007ffdea670000 - 0x00007ffdea7d7000 	C:\Windows\SYSTEM32\wintypes.dll
0x00007ffdee660000 - 0x00007ffdee74a000 	C:\Windows\System32\SHCORE.dll
0x00007ffdef240000 - 0x00007ffdef29d000 	C:\Windows\System32\shlwapi.dll
0x00007ffdec6a0000 - 0x00007ffdec6c5000 	C:\Windows\SYSTEM32\profapi.dll
0x00007ffdcd9a0000 - 0x00007ffdcd9b8000 	c:\Users\DELL\.antigravity\extensions\redhat.java-1.54.0-win32-x64\jre\21.0.10-win32-x86_64\bin\zip.dll
0x00007ffdd82d0000 - 0x00007ffdd82e0000 	C:\Users\DELL\.antigravity\extensions\redhat.java-1.54.0-win32-x64\jre\21.0.10-win32-x86_64\bin\net.dll
0x00007ffde7460000 - 0x00007ffde7574000 	C:\Windows\SYSTEM32\WINHTTP.dll
0x00007ffdebd80000 - 0x00007ffdebde7000 	C:\Windows\system32\mswsock.dll
0x00007ffdc2c80000 - 0x00007ffdc2c96000 	C:\Users\DELL\.antigravity\extensions\redhat.java-1.54.0-win32-x64\jre\21.0.10-win32-x86_64\bin\nio.dll
0x00007ffdd6d60000 - 0x00007ffdd6d70000 	c:\Users\DELL\.antigravity\extensions\redhat.java-1.54.0-win32-x64\jre\21.0.10-win32-x86_64\bin\verify.dll
0x00007ffdb0340000 - 0x00007ffdb0385000 	C:\Users\DELL\AppData\Roaming\Antigravity\User\globalStorage\redhat.java\1.54.0\config_win\org.eclipse.equinox.launcher\org.eclipse.equinox.launcher.win32.win32.x86_64_1.3.0.v20260203-2149\eclipse_11919.dll
0x00007ffdee8d0000 - 0x00007ffdeea6a000 	C:\Windows\System32\ole32.dll

JVMTI agents:
c:\Users\DELL\.antigravity\extensions\redhat.java-1.54.0-win32-x64\lombok\lombok-1.18.39-4050.jar path:c:\Users\DELL\.antigravity\extensions\redhat.java-1.54.0-win32-x64\jre\21.0.10-win32-x86_64\bin\instrument.dll, loaded, initialized, instrumentlib options:none

dbghelp: loaded successfully - version: 4.0.5 - missing functions: none
symbol engine: initialized successfully - sym options: 0x614 - pdb path: .;c:\Users\DELL\.antigravity\extensions\redhat.java-1.54.0-win32-x64\jre\21.0.10-win32-x86_64\bin;C:\Windows\SYSTEM32;C:\Windows\WinSxS\amd64_microsoft.windows.common-controls_6595b64144ccf1df_6.0.22000.120_none_9d947278b86cc467;c:\Users\DELL\.antigravity\extensions\redhat.java-1.54.0-win32-x64\jre\21.0.10-win32-x86_64\bin\server;C:\Users\DELL\AppData\Roaming\Antigravity\User\globalStorage\redhat.java\1.54.0\config_win\org.eclipse.equinox.launcher\org.eclipse.equinox.launcher.win32.win32.x86_64_1.3.0.v20260203-2149

VM Arguments:
jvm_args: --add-modules=ALL-SYSTEM --add-opens=java.base/java.util=ALL-UNNAMED --add-opens=java.base/java.lang=ALL-UNNAMED --add-opens=java.base/sun.nio.fs=ALL-UNNAMED -Declipse.application=org.eclipse.jdt.ls.core.id1 -Dosgi.bundles.defaultStartLevel=4 -Declipse.product=org.eclipse.jdt.ls.core.product -Djava.import.generatesMetadataFilesAtProjectRoot=false -DDetectVMInstallationsJob.disabled=true -Dfile.encoding=utf8 -XX:+UseParallelGC -XX:GCTimeRatio=4 -XX:AdaptiveSizePolicyWeight=90 -Dsun.zip.disableMemoryMapping=true -Xmx2G -Xms100m -Xlog:disable -javaagent:c:\Users\DELL\.antigravity\extensions\redhat.java-1.54.0-win32-x64\lombok\lombok-1.18.39-4050.jar -XX:+HeapDumpOnOutOfMemoryError -XX:HeapDumpPath=c:\Users\DELL\AppData\Roaming\Antigravity\User\workspaceStorage\ef3b6c5f962f6b7ba8e6f6356c8f0770\redhat.java -Daether.dependencyCollector.impl=bf 
java_command: c:\Users\DELL\.antigravity\extensions\redhat.java-1.54.0-win32-x64\server\plugins\org.eclipse.equinox.launcher_1.7.100.v20251111-0406.jar -configuration c:\Users\DELL\AppData\Roaming\Antigravity\User\globalStorage\redhat.java\1.54.0\config_win -data c:\Users\DELL\AppData\Roaming\Antigravity\User\workspaceStorage\ef3b6c5f962f6b7ba8e6f6356c8f0770\redhat.java\jdt_ws --pipe=\\.\pipe\lsp-f6958ff3bbe929b6eae8d103b3874be4-sock
java_class_path (initial): c:\Users\DELL\.antigravity\extensions\redhat.java-1.54.0-win32-x64\server\plugins\org.eclipse.equinox.launcher_1.7.100.v20251111-0406.jar
Launcher Type: SUN_STANDARD

[Global flags]
    uintx AdaptiveSizePolicyWeight                 = 90                                        {product} {command line}
     intx CICompilerCount                          = 4                                         {product} {ergonomic}
    uintx GCTimeRatio                              = 4                                         {product} {command line}
     bool HeapDumpOnOutOfMemoryError               = true                                   {manageable} {command line}
    ccstr HeapDumpPath                             = c:\Users\DELL\AppData\Roaming\Antigravity\User\workspaceStorage\ef3b6c5f962f6b7ba8e6f6356c8f0770\redhat.java         {manageable} {command line}
   size_t InitialHeapSize                          = 104857600                                 {product} {command line}
   size_t MaxHeapSize                              = 2147483648                                {product} {command line}
   size_t MaxNewSize                               = 715653120                                 {product} {ergonomic}
   size_t MinHeapDeltaBytes                        = 524288                                    {product} {ergonomic}
   size_t MinHeapSize                              = 104857600                                 {product} {command line}
   size_t NewSize                                  = 34603008                                  {product} {ergonomic}
    uintx NonNMethodCodeHeapSize                   = 5839372                                {pd product} {ergonomic}
    uintx NonProfiledCodeHeapSize                  = 122909434                              {pd product} {ergonomic}
   size_t OldSize                                  = 70254592                                  {product} {ergonomic}
    uintx ProfiledCodeHeapSize                     = 122909434                              {pd product} {ergonomic}
    uintx ReservedCodeCacheSize                    = 251658240                              {pd product} {ergonomic}
     bool SegmentedCodeCache                       = true                                      {product} {ergonomic}
   size_t SoftMaxHeapSize                          = 2147483648                             {manageable} {ergonomic}
     bool UseCompressedOops                        = true                           {product lp64_product} {ergonomic}
     bool UseLargePagesIndividualAllocation        = false                                  {pd product} {ergonomic}
     bool UseParallelGC                            = true                                      {product} {command line}

Logging:
Log output configuration:
 #0: stdout all=off uptime,level,tags foldmultilines=false
 #1: stderr all=off uptime,level,tags foldmultilines=false

Release file:
JAVA_VERSION="21.0.10" 
MODULES="java.base java.compiler java.datatransfer java.xml java.prefs java.desktop java.instrument java.logging java.management java.security.sasl java.naming java.rmi java.management.rmi java.net.http java.scripting java.security.jgss java.transaction.xa java.sql java.sql.rowset java.xml.crypto java.se java.smartcardio jdk.accessibility jdk.internal.jvmstat jdk.attach jdk.charsets jdk.internal.opt jdk.zipfs jdk.compiler jdk.crypto.ec jdk.crypto.cryptoki jdk.crypto.mscapi jdk.dynalink jdk.internal.ed jdk.editpad jdk.hotspot.agent jdk.httpserver jdk.internal.le jdk.internal.vm.ci jdk.internal.vm.compiler jdk.internal.vm.compiler.management jdk.jartool jdk.javadoc jdk.jcmd jdk.management jdk.management.agent jdk.jconsole jdk.jdeps jdk.jdwp.agent jdk.jdi jdk.jfr jdk.jshell jdk.jsobject jdk.jstatd jdk.localedata jdk.management.jfr jdk.naming.dns jdk.naming.rmi jdk.net jdk.nio.mapmode jdk.random jdk.sctp jdk.security.auth jdk.security.jgss jdk.unsupported jdk.unsupported.desktop jdk.xml.dom" 

Environment Variables:
PATH=C:\Program Files\Common Files\Oracle\Java\javapath;C:\Windows\system32;C:\Windows;C:\Windows\System32\Wbem;C:\Windows\System32\WindowsPowerShell\v1.0\;C:\Windows\System32\OpenSSH\;C:\Program Files\NVIDIA Corporation\NVIDIA NvDLISR;C:\Program Files\dotnet\;C:\Program Files\MySQL\MySQL Server 8.0\bin;C:\Program Files (x86)\Microsoft SQL Server\170\Tools\Binn\;C:\Program Files\Microsoft SQL Server\170\Tools\Binn\;C:\Program Files\Microsoft SQL Server\Client SDK\ODBC\180\Tools\Binn\;C:\Program Files\Microsoft SQL Server\170\DTS\Binn\;D:\Dont Delete This File\Git\cmd;D:\node.js\;C:\Program Files\MySQL\MySQL Shell 8.0\bin\;C:\Users\DELL\AppData\Local\Microsoft\WindowsApps;;C:\Users\DELL\AppData\Local\Programs\Microsoft VS Code\bin;C:\Program Files\Azure Data Studio\bin;C:\Users\DELL\AppData\Roaming\npm;E:\anti_projects\Antigravity\bin
USERNAME=DELL
OS=Windows_NT
PROCESSOR_IDENTIFIER=Intel64 Family 6 Model 140 Stepping 2, GenuineIntel
TMP=C:\Users\DELL\AppData\Local\Temp
TEMP=C:\Users\DELL\AppData\Local\Temp




Periodic native trim disabled

---------------  S Y S T E M  ---------------

OS:
 Windows 11 , 64 bit Build 22000 (10.0.22000.2538)
OS uptime: 28 days 11:05 hours
Hyper-V role detected

CPU: total 8 (initial active 8) (4 cores per cpu, 2 threads per core) family 6 model 140 stepping 2 microcode 0x16, cx8, cmov, fxsr, ht, mmx, 3dnowpref, sse, sse2, sse3, ssse3, sse4.1, sse4.2, popcnt, lzcnt, tsc, tscinvbit, avx, avx2, aes, erms, clmul, bmi1, bmi2, adx, avx512f, avx512dq, avx512cd, avx512bw, avx512vl, sha, fma, vzeroupper, avx512_vpopcntdq, avx512_vpclmulqdq, avx512_vaes, avx512_vnni, clflush, clflushopt, clwb, avx512_vbmi2, avx512_vbmi, hv, rdtscp, rdpid, fsrm, gfni, avx512_bitalg, f16c, cet_ibt, cet_ss, avx512_ifma
Processor Information for processor 0
  Max Mhz: 2496, Current Mhz: 2496, Mhz Limit: 2496
Processor Information for processor 1
  Max Mhz: 2496, Current Mhz: 2496, Mhz Limit: 2496
Processor Information for processor 2
  Max Mhz: 2496, Current Mhz: 2496, Mhz Limit: 2496
Processor Information for processor 3
  Max Mhz: 2496, Current Mhz: 1198, Mhz Limit: 2496
Processor Information for processor 4
  Max Mhz: 2496, Current Mhz: 2496, Mhz Limit: 2496
Processor Information for processor 5
  Max Mhz: 2496, Current Mhz: 2496, Mhz Limit: 2496
Processor Information for processor 6
  Max Mhz: 2496, Current Mhz: 2496, Mhz Limit: 2496
Processor Information for processor 7
  Max Mhz: 2496, Current Mhz: 2496, Mhz Limit: 2496

Memory: 4k page, system-wide physical 16122M (382M free)
TotalPageFile size 35231M (AvailPageFile size 1M)
current process WorkingSet (physical memory assigned to process): 104M, peak: 104M
current process commit charge ("private bytes"): 250M, peak: 250M

vm_info: OpenJDK 64-Bit Server VM (21.0.10+7-LTS) for windows-amd64 JRE (21.0.10+7-LTS), built on 2026-01-20T00:00:00Z by "admin" with MS VC++ 17.12 (VS2022)

END.
